[2025-12-31T21:12:03.072+0000] {processor.py:186} INFO - Started process (PID=76) to work on /home/airflow/.local/lib/python3.12/site-packages/airflow/example_dags/example_task_group_decorator.py
[2025-12-31T21:12:03.074+0000] {processor.py:914} INFO - Processing file /home/airflow/.local/lib/python3.12/site-packages/airflow/example_dags/example_task_group_decorator.py for tasks to queue
[2025-12-31T21:12:03.078+0000] {logging_mixin.py:190} INFO - [2025-12-31T21:12:03.078+0000] {dagbag.py:588} INFO - Filling up the DagBag from /home/airflow/.local/lib/python3.12/site-packages/airflow/example_dags/example_task_group_decorator.py
[2025-12-31T21:12:03.104+0000] {processor.py:925} INFO - DAG(s) 'example_task_group_decorator' retrieved from /home/airflow/.local/lib/python3.12/site-packages/airflow/example_dags/example_task_group_decorator.py
[2025-12-31T21:12:03.277+0000] {logging_mixin.py:190} INFO - [2025-12-31T21:12:03.276+0000] {override.py:1912} INFO - Created Permission View: can read on DAG:example_task_group_decorator
[2025-12-31T21:12:03.291+0000] {logging_mixin.py:190} INFO - [2025-12-31T21:12:03.291+0000] {override.py:1912} INFO - Created Permission View: can delete on DAG:example_task_group_decorator
[2025-12-31T21:12:03.301+0000] {logging_mixin.py:190} INFO - [2025-12-31T21:12:03.301+0000] {override.py:1912} INFO - Created Permission View: can edit on DAG:example_task_group_decorator
[2025-12-31T21:12:03.313+0000] {logging_mixin.py:190} INFO - [2025-12-31T21:12:03.312+0000] {override.py:1912} INFO - Created Permission View: can read on DAG Run:example_task_group_decorator
[2025-12-31T21:12:03.324+0000] {logging_mixin.py:190} INFO - [2025-12-31T21:12:03.323+0000] {override.py:1912} INFO - Created Permission View: can create on DAG Run:example_task_group_decorator
[2025-12-31T21:12:03.335+0000] {logging_mixin.py:190} INFO - [2025-12-31T21:12:03.334+0000] {override.py:1912} INFO - Created Permission View: can delete on DAG Run:example_task_group_decorator
[2025-12-31T21:12:03.345+0000] {logging_mixin.py:190} INFO - [2025-12-31T21:12:03.344+0000] {override.py:1912} INFO - Created Permission View: menu access on DAG Run:example_task_group_decorator
[2025-12-31T21:12:03.346+0000] {logging_mixin.py:190} INFO - [2025-12-31T21:12:03.345+0000] {dag.py:3239} INFO - Sync 1 DAGs
[2025-12-31T21:12:03.363+0000] {logging_mixin.py:190} INFO - [2025-12-31T21:12:03.362+0000] {dag.py:3262} INFO - Creating ORM DAG for example_task_group_decorator
[2025-12-31T21:12:03.364+0000] {logging_mixin.py:190} INFO - [2025-12-31T21:12:03.364+0000] {dag.py:4180} INFO - Setting next_dagrun for example_task_group_decorator to None, run_after=None
[2025-12-31T21:12:03.388+0000] {processor.py:208} INFO - Processing /home/airflow/.local/lib/python3.12/site-packages/airflow/example_dags/example_task_group_decorator.py took 0.325 seconds
[2025-12-31T21:12:33.504+0000] {processor.py:186} INFO - Started process (PID=139) to work on /home/airflow/.local/lib/python3.12/site-packages/airflow/example_dags/example_task_group_decorator.py
[2025-12-31T21:12:33.505+0000] {processor.py:914} INFO - Processing file /home/airflow/.local/lib/python3.12/site-packages/airflow/example_dags/example_task_group_decorator.py for tasks to queue
[2025-12-31T21:12:33.509+0000] {logging_mixin.py:190} INFO - [2025-12-31T21:12:33.508+0000] {dagbag.py:588} INFO - Filling up the DagBag from /home/airflow/.local/lib/python3.12/site-packages/airflow/example_dags/example_task_group_decorator.py
[2025-12-31T21:12:33.530+0000] {processor.py:925} INFO - DAG(s) 'example_task_group_decorator' retrieved from /home/airflow/.local/lib/python3.12/site-packages/airflow/example_dags/example_task_group_decorator.py
[2025-12-31T21:12:33.561+0000] {logging_mixin.py:190} INFO - [2025-12-31T21:12:33.561+0000] {dag.py:3239} INFO - Sync 1 DAGs
[2025-12-31T21:12:33.580+0000] {logging_mixin.py:190} INFO - [2025-12-31T21:12:33.580+0000] {dag.py:4180} INFO - Setting next_dagrun for example_task_group_decorator to None, run_after=None
[2025-12-31T21:12:33.605+0000] {processor.py:208} INFO - Processing /home/airflow/.local/lib/python3.12/site-packages/airflow/example_dags/example_task_group_decorator.py took 0.108 seconds
[2025-12-31T21:13:03.667+0000] {processor.py:186} INFO - Started process (PID=202) to work on /home/airflow/.local/lib/python3.12/site-packages/airflow/example_dags/example_task_group_decorator.py
[2025-12-31T21:13:03.668+0000] {processor.py:914} INFO - Processing file /home/airflow/.local/lib/python3.12/site-packages/airflow/example_dags/example_task_group_decorator.py for tasks to queue
[2025-12-31T21:13:03.671+0000] {logging_mixin.py:190} INFO - [2025-12-31T21:13:03.670+0000] {dagbag.py:588} INFO - Filling up the DagBag from /home/airflow/.local/lib/python3.12/site-packages/airflow/example_dags/example_task_group_decorator.py
[2025-12-31T21:13:03.689+0000] {processor.py:925} INFO - DAG(s) 'example_task_group_decorator' retrieved from /home/airflow/.local/lib/python3.12/site-packages/airflow/example_dags/example_task_group_decorator.py
[2025-12-31T21:13:03.716+0000] {logging_mixin.py:190} INFO - [2025-12-31T21:13:03.716+0000] {dag.py:3239} INFO - Sync 1 DAGs
[2025-12-31T21:13:03.732+0000] {logging_mixin.py:190} INFO - [2025-12-31T21:13:03.732+0000] {dag.py:4180} INFO - Setting next_dagrun for example_task_group_decorator to None, run_after=None
[2025-12-31T21:13:03.757+0000] {processor.py:208} INFO - Processing /home/airflow/.local/lib/python3.12/site-packages/airflow/example_dags/example_task_group_decorator.py took 0.097 seconds
[2025-12-31T21:13:33.859+0000] {processor.py:186} INFO - Started process (PID=265) to work on /home/airflow/.local/lib/python3.12/site-packages/airflow/example_dags/example_task_group_decorator.py
[2025-12-31T21:13:33.863+0000] {processor.py:914} INFO - Processing file /home/airflow/.local/lib/python3.12/site-packages/airflow/example_dags/example_task_group_decorator.py for tasks to queue
[2025-12-31T21:13:33.872+0000] {logging_mixin.py:190} INFO - [2025-12-31T21:13:33.871+0000] {dagbag.py:588} INFO - Filling up the DagBag from /home/airflow/.local/lib/python3.12/site-packages/airflow/example_dags/example_task_group_decorator.py
[2025-12-31T21:13:33.920+0000] {processor.py:925} INFO - DAG(s) 'example_task_group_decorator' retrieved from /home/airflow/.local/lib/python3.12/site-packages/airflow/example_dags/example_task_group_decorator.py
[2025-12-31T21:13:33.996+0000] {logging_mixin.py:190} INFO - [2025-12-31T21:13:33.996+0000] {dag.py:3239} INFO - Sync 1 DAGs
[2025-12-31T21:13:34.037+0000] {logging_mixin.py:190} INFO - [2025-12-31T21:13:34.036+0000] {dag.py:4180} INFO - Setting next_dagrun for example_task_group_decorator to None, run_after=None
[2025-12-31T21:13:34.086+0000] {processor.py:208} INFO - Processing /home/airflow/.local/lib/python3.12/site-packages/airflow/example_dags/example_task_group_decorator.py took 0.239 seconds
[2025-12-31T21:14:04.513+0000] {processor.py:186} INFO - Started process (PID=328) to work on /home/airflow/.local/lib/python3.12/site-packages/airflow/example_dags/example_task_group_decorator.py
[2025-12-31T21:14:04.514+0000] {processor.py:914} INFO - Processing file /home/airflow/.local/lib/python3.12/site-packages/airflow/example_dags/example_task_group_decorator.py for tasks to queue
[2025-12-31T21:14:04.521+0000] {logging_mixin.py:190} INFO - [2025-12-31T21:14:04.521+0000] {dagbag.py:588} INFO - Filling up the DagBag from /home/airflow/.local/lib/python3.12/site-packages/airflow/example_dags/example_task_group_decorator.py
[2025-12-31T21:14:04.548+0000] {processor.py:925} INFO - DAG(s) 'example_task_group_decorator' retrieved from /home/airflow/.local/lib/python3.12/site-packages/airflow/example_dags/example_task_group_decorator.py
[2025-12-31T21:14:04.579+0000] {logging_mixin.py:190} INFO - [2025-12-31T21:14:04.578+0000] {dag.py:3239} INFO - Sync 1 DAGs
[2025-12-31T21:14:04.597+0000] {logging_mixin.py:190} INFO - [2025-12-31T21:14:04.597+0000] {dag.py:4180} INFO - Setting next_dagrun for example_task_group_decorator to None, run_after=None
[2025-12-31T21:14:04.625+0000] {processor.py:208} INFO - Processing /home/airflow/.local/lib/python3.12/site-packages/airflow/example_dags/example_task_group_decorator.py took 0.122 seconds
[2025-12-31T21:14:34.686+0000] {processor.py:186} INFO - Started process (PID=391) to work on /home/airflow/.local/lib/python3.12/site-packages/airflow/example_dags/example_task_group_decorator.py
[2025-12-31T21:14:34.687+0000] {processor.py:914} INFO - Processing file /home/airflow/.local/lib/python3.12/site-packages/airflow/example_dags/example_task_group_decorator.py for tasks to queue
[2025-12-31T21:14:34.691+0000] {logging_mixin.py:190} INFO - [2025-12-31T21:14:34.690+0000] {dagbag.py:588} INFO - Filling up the DagBag from /home/airflow/.local/lib/python3.12/site-packages/airflow/example_dags/example_task_group_decorator.py
[2025-12-31T21:14:34.713+0000] {processor.py:925} INFO - DAG(s) 'example_task_group_decorator' retrieved from /home/airflow/.local/lib/python3.12/site-packages/airflow/example_dags/example_task_group_decorator.py
[2025-12-31T21:14:34.746+0000] {logging_mixin.py:190} INFO - [2025-12-31T21:14:34.745+0000] {dag.py:3239} INFO - Sync 1 DAGs
[2025-12-31T21:14:34.767+0000] {logging_mixin.py:190} INFO - [2025-12-31T21:14:34.766+0000] {dag.py:4180} INFO - Setting next_dagrun for example_task_group_decorator to None, run_after=None
[2025-12-31T21:14:34.792+0000] {processor.py:208} INFO - Processing /home/airflow/.local/lib/python3.12/site-packages/airflow/example_dags/example_task_group_decorator.py took 0.113 seconds
[2025-12-31T21:15:05.434+0000] {processor.py:186} INFO - Started process (PID=454) to work on /home/airflow/.local/lib/python3.12/site-packages/airflow/example_dags/example_task_group_decorator.py
[2025-12-31T21:15:05.435+0000] {processor.py:914} INFO - Processing file /home/airflow/.local/lib/python3.12/site-packages/airflow/example_dags/example_task_group_decorator.py for tasks to queue
[2025-12-31T21:15:05.439+0000] {logging_mixin.py:190} INFO - [2025-12-31T21:15:05.438+0000] {dagbag.py:588} INFO - Filling up the DagBag from /home/airflow/.local/lib/python3.12/site-packages/airflow/example_dags/example_task_group_decorator.py
[2025-12-31T21:15:05.462+0000] {processor.py:925} INFO - DAG(s) 'example_task_group_decorator' retrieved from /home/airflow/.local/lib/python3.12/site-packages/airflow/example_dags/example_task_group_decorator.py
[2025-12-31T21:15:05.490+0000] {logging_mixin.py:190} INFO - [2025-12-31T21:15:05.490+0000] {dag.py:3239} INFO - Sync 1 DAGs
[2025-12-31T21:15:05.506+0000] {logging_mixin.py:190} INFO - [2025-12-31T21:15:05.506+0000] {dag.py:4180} INFO - Setting next_dagrun for example_task_group_decorator to None, run_after=None
[2025-12-31T21:15:05.532+0000] {processor.py:208} INFO - Processing /home/airflow/.local/lib/python3.12/site-packages/airflow/example_dags/example_task_group_decorator.py took 0.105 seconds
[2025-12-31T21:15:36.481+0000] {processor.py:186} INFO - Started process (PID=517) to work on /home/airflow/.local/lib/python3.12/site-packages/airflow/example_dags/example_task_group_decorator.py
[2025-12-31T21:15:36.483+0000] {processor.py:914} INFO - Processing file /home/airflow/.local/lib/python3.12/site-packages/airflow/example_dags/example_task_group_decorator.py for tasks to queue
[2025-12-31T21:15:36.487+0000] {logging_mixin.py:190} INFO - [2025-12-31T21:15:36.486+0000] {dagbag.py:588} INFO - Filling up the DagBag from /home/airflow/.local/lib/python3.12/site-packages/airflow/example_dags/example_task_group_decorator.py
[2025-12-31T21:15:36.509+0000] {processor.py:925} INFO - DAG(s) 'example_task_group_decorator' retrieved from /home/airflow/.local/lib/python3.12/site-packages/airflow/example_dags/example_task_group_decorator.py
[2025-12-31T21:15:36.538+0000] {logging_mixin.py:190} INFO - [2025-12-31T21:15:36.538+0000] {dag.py:3239} INFO - Sync 1 DAGs
[2025-12-31T21:15:36.558+0000] {logging_mixin.py:190} INFO - [2025-12-31T21:15:36.558+0000] {dag.py:4180} INFO - Setting next_dagrun for example_task_group_decorator to None, run_after=None
[2025-12-31T21:15:36.580+0000] {processor.py:208} INFO - Processing /home/airflow/.local/lib/python3.12/site-packages/airflow/example_dags/example_task_group_decorator.py took 0.107 seconds
[2025-12-31T21:16:07.319+0000] {processor.py:186} INFO - Started process (PID=581) to work on /home/airflow/.local/lib/python3.12/site-packages/airflow/example_dags/example_task_group_decorator.py
[2025-12-31T21:16:07.320+0000] {processor.py:914} INFO - Processing file /home/airflow/.local/lib/python3.12/site-packages/airflow/example_dags/example_task_group_decorator.py for tasks to queue
[2025-12-31T21:16:07.324+0000] {logging_mixin.py:190} INFO - [2025-12-31T21:16:07.324+0000] {dagbag.py:588} INFO - Filling up the DagBag from /home/airflow/.local/lib/python3.12/site-packages/airflow/example_dags/example_task_group_decorator.py
[2025-12-31T21:16:07.345+0000] {processor.py:925} INFO - DAG(s) 'example_task_group_decorator' retrieved from /home/airflow/.local/lib/python3.12/site-packages/airflow/example_dags/example_task_group_decorator.py
[2025-12-31T21:16:07.382+0000] {logging_mixin.py:190} INFO - [2025-12-31T21:16:07.382+0000] {dag.py:3239} INFO - Sync 1 DAGs
[2025-12-31T21:16:07.400+0000] {logging_mixin.py:190} INFO - [2025-12-31T21:16:07.399+0000] {dag.py:4180} INFO - Setting next_dagrun for example_task_group_decorator to None, run_after=None
[2025-12-31T21:16:07.423+0000] {processor.py:208} INFO - Processing /home/airflow/.local/lib/python3.12/site-packages/airflow/example_dags/example_task_group_decorator.py took 0.112 seconds
[2025-12-31T21:16:37.470+0000] {processor.py:186} INFO - Started process (PID=644) to work on /home/airflow/.local/lib/python3.12/site-packages/airflow/example_dags/example_task_group_decorator.py
[2025-12-31T21:16:37.471+0000] {processor.py:914} INFO - Processing file /home/airflow/.local/lib/python3.12/site-packages/airflow/example_dags/example_task_group_decorator.py for tasks to queue
[2025-12-31T21:16:37.474+0000] {logging_mixin.py:190} INFO - [2025-12-31T21:16:37.474+0000] {dagbag.py:588} INFO - Filling up the DagBag from /home/airflow/.local/lib/python3.12/site-packages/airflow/example_dags/example_task_group_decorator.py
[2025-12-31T21:16:37.494+0000] {processor.py:925} INFO - DAG(s) 'example_task_group_decorator' retrieved from /home/airflow/.local/lib/python3.12/site-packages/airflow/example_dags/example_task_group_decorator.py
[2025-12-31T21:16:37.523+0000] {logging_mixin.py:190} INFO - [2025-12-31T21:16:37.523+0000] {dag.py:3239} INFO - Sync 1 DAGs
[2025-12-31T21:16:37.539+0000] {logging_mixin.py:190} INFO - [2025-12-31T21:16:37.539+0000] {dag.py:4180} INFO - Setting next_dagrun for example_task_group_decorator to None, run_after=None
[2025-12-31T21:16:37.563+0000] {processor.py:208} INFO - Processing /home/airflow/.local/lib/python3.12/site-packages/airflow/example_dags/example_task_group_decorator.py took 0.100 seconds
[2025-12-31T21:17:07.979+0000] {processor.py:186} INFO - Started process (PID=707) to work on /home/airflow/.local/lib/python3.12/site-packages/airflow/example_dags/example_task_group_decorator.py
[2025-12-31T21:17:07.980+0000] {processor.py:914} INFO - Processing file /home/airflow/.local/lib/python3.12/site-packages/airflow/example_dags/example_task_group_decorator.py for tasks to queue
[2025-12-31T21:17:07.985+0000] {logging_mixin.py:190} INFO - [2025-12-31T21:17:07.984+0000] {dagbag.py:588} INFO - Filling up the DagBag from /home/airflow/.local/lib/python3.12/site-packages/airflow/example_dags/example_task_group_decorator.py
[2025-12-31T21:17:08.007+0000] {processor.py:925} INFO - DAG(s) 'example_task_group_decorator' retrieved from /home/airflow/.local/lib/python3.12/site-packages/airflow/example_dags/example_task_group_decorator.py
[2025-12-31T21:17:08.046+0000] {logging_mixin.py:190} INFO - [2025-12-31T21:17:08.045+0000] {dag.py:3239} INFO - Sync 1 DAGs
[2025-12-31T21:17:08.075+0000] {logging_mixin.py:190} INFO - [2025-12-31T21:17:08.075+0000] {dag.py:4180} INFO - Setting next_dagrun for example_task_group_decorator to None, run_after=None
[2025-12-31T21:17:08.114+0000] {processor.py:208} INFO - Processing /home/airflow/.local/lib/python3.12/site-packages/airflow/example_dags/example_task_group_decorator.py took 0.143 seconds
[2025-12-31T21:17:38.678+0000] {processor.py:186} INFO - Started process (PID=770) to work on /home/airflow/.local/lib/python3.12/site-packages/airflow/example_dags/example_task_group_decorator.py
[2025-12-31T21:17:38.679+0000] {processor.py:914} INFO - Processing file /home/airflow/.local/lib/python3.12/site-packages/airflow/example_dags/example_task_group_decorator.py for tasks to queue
[2025-12-31T21:17:38.683+0000] {logging_mixin.py:190} INFO - [2025-12-31T21:17:38.682+0000] {dagbag.py:588} INFO - Filling up the DagBag from /home/airflow/.local/lib/python3.12/site-packages/airflow/example_dags/example_task_group_decorator.py
[2025-12-31T21:17:38.705+0000] {processor.py:925} INFO - DAG(s) 'example_task_group_decorator' retrieved from /home/airflow/.local/lib/python3.12/site-packages/airflow/example_dags/example_task_group_decorator.py
[2025-12-31T21:17:38.733+0000] {logging_mixin.py:190} INFO - [2025-12-31T21:17:38.733+0000] {dag.py:3239} INFO - Sync 1 DAGs
[2025-12-31T21:17:38.752+0000] {logging_mixin.py:190} INFO - [2025-12-31T21:17:38.752+0000] {dag.py:4180} INFO - Setting next_dagrun for example_task_group_decorator to None, run_after=None
[2025-12-31T21:17:38.778+0000] {processor.py:208} INFO - Processing /home/airflow/.local/lib/python3.12/site-packages/airflow/example_dags/example_task_group_decorator.py took 0.108 seconds
[2025-12-31T21:18:09.012+0000] {processor.py:186} INFO - Started process (PID=834) to work on /home/airflow/.local/lib/python3.12/site-packages/airflow/example_dags/example_task_group_decorator.py
[2025-12-31T21:18:09.013+0000] {processor.py:914} INFO - Processing file /home/airflow/.local/lib/python3.12/site-packages/airflow/example_dags/example_task_group_decorator.py for tasks to queue
[2025-12-31T21:18:09.017+0000] {logging_mixin.py:190} INFO - [2025-12-31T21:18:09.017+0000] {dagbag.py:588} INFO - Filling up the DagBag from /home/airflow/.local/lib/python3.12/site-packages/airflow/example_dags/example_task_group_decorator.py
[2025-12-31T21:18:09.038+0000] {processor.py:925} INFO - DAG(s) 'example_task_group_decorator' retrieved from /home/airflow/.local/lib/python3.12/site-packages/airflow/example_dags/example_task_group_decorator.py
[2025-12-31T21:18:09.067+0000] {logging_mixin.py:190} INFO - [2025-12-31T21:18:09.067+0000] {dag.py:3239} INFO - Sync 1 DAGs
[2025-12-31T21:18:09.084+0000] {logging_mixin.py:190} INFO - [2025-12-31T21:18:09.084+0000] {dag.py:4180} INFO - Setting next_dagrun for example_task_group_decorator to None, run_after=None
[2025-12-31T21:18:09.110+0000] {processor.py:208} INFO - Processing /home/airflow/.local/lib/python3.12/site-packages/airflow/example_dags/example_task_group_decorator.py took 0.108 seconds
[2025-12-31T21:18:39.250+0000] {processor.py:186} INFO - Started process (PID=897) to work on /home/airflow/.local/lib/python3.12/site-packages/airflow/example_dags/example_task_group_decorator.py
[2025-12-31T21:18:39.252+0000] {processor.py:914} INFO - Processing file /home/airflow/.local/lib/python3.12/site-packages/airflow/example_dags/example_task_group_decorator.py for tasks to queue
[2025-12-31T21:18:39.256+0000] {logging_mixin.py:190} INFO - [2025-12-31T21:18:39.256+0000] {dagbag.py:588} INFO - Filling up the DagBag from /home/airflow/.local/lib/python3.12/site-packages/airflow/example_dags/example_task_group_decorator.py
[2025-12-31T21:18:39.279+0000] {processor.py:925} INFO - DAG(s) 'example_task_group_decorator' retrieved from /home/airflow/.local/lib/python3.12/site-packages/airflow/example_dags/example_task_group_decorator.py
[2025-12-31T21:18:39.311+0000] {logging_mixin.py:190} INFO - [2025-12-31T21:18:39.311+0000] {dag.py:3239} INFO - Sync 1 DAGs
[2025-12-31T21:18:39.334+0000] {logging_mixin.py:190} INFO - [2025-12-31T21:18:39.334+0000] {dag.py:4180} INFO - Setting next_dagrun for example_task_group_decorator to None, run_after=None
[2025-12-31T21:18:39.370+0000] {processor.py:208} INFO - Processing /home/airflow/.local/lib/python3.12/site-packages/airflow/example_dags/example_task_group_decorator.py took 0.130 seconds
[2025-12-31T21:19:09.540+0000] {processor.py:186} INFO - Started process (PID=960) to work on /home/airflow/.local/lib/python3.12/site-packages/airflow/example_dags/example_task_group_decorator.py
[2025-12-31T21:19:09.542+0000] {processor.py:914} INFO - Processing file /home/airflow/.local/lib/python3.12/site-packages/airflow/example_dags/example_task_group_decorator.py for tasks to queue
[2025-12-31T21:19:09.545+0000] {logging_mixin.py:190} INFO - [2025-12-31T21:19:09.544+0000] {dagbag.py:588} INFO - Filling up the DagBag from /home/airflow/.local/lib/python3.12/site-packages/airflow/example_dags/example_task_group_decorator.py
[2025-12-31T21:19:09.563+0000] {processor.py:925} INFO - DAG(s) 'example_task_group_decorator' retrieved from /home/airflow/.local/lib/python3.12/site-packages/airflow/example_dags/example_task_group_decorator.py
[2025-12-31T21:19:09.589+0000] {logging_mixin.py:190} INFO - [2025-12-31T21:19:09.589+0000] {dag.py:3239} INFO - Sync 1 DAGs
[2025-12-31T21:19:09.606+0000] {logging_mixin.py:190} INFO - [2025-12-31T21:19:09.606+0000] {dag.py:4180} INFO - Setting next_dagrun for example_task_group_decorator to None, run_after=None
[2025-12-31T21:19:09.628+0000] {processor.py:208} INFO - Processing /home/airflow/.local/lib/python3.12/site-packages/airflow/example_dags/example_task_group_decorator.py took 0.095 seconds
[2025-12-31T21:19:40.012+0000] {processor.py:186} INFO - Started process (PID=1023) to work on /home/airflow/.local/lib/python3.12/site-packages/airflow/example_dags/example_task_group_decorator.py
[2025-12-31T21:19:40.013+0000] {processor.py:914} INFO - Processing file /home/airflow/.local/lib/python3.12/site-packages/airflow/example_dags/example_task_group_decorator.py for tasks to queue
[2025-12-31T21:19:40.016+0000] {logging_mixin.py:190} INFO - [2025-12-31T21:19:40.016+0000] {dagbag.py:588} INFO - Filling up the DagBag from /home/airflow/.local/lib/python3.12/site-packages/airflow/example_dags/example_task_group_decorator.py
[2025-12-31T21:19:40.037+0000] {processor.py:925} INFO - DAG(s) 'example_task_group_decorator' retrieved from /home/airflow/.local/lib/python3.12/site-packages/airflow/example_dags/example_task_group_decorator.py
[2025-12-31T21:19:40.064+0000] {logging_mixin.py:190} INFO - [2025-12-31T21:19:40.064+0000] {dag.py:3239} INFO - Sync 1 DAGs
[2025-12-31T21:19:40.081+0000] {logging_mixin.py:190} INFO - [2025-12-31T21:19:40.081+0000] {dag.py:4180} INFO - Setting next_dagrun for example_task_group_decorator to None, run_after=None
[2025-12-31T21:19:40.106+0000] {processor.py:208} INFO - Processing /home/airflow/.local/lib/python3.12/site-packages/airflow/example_dags/example_task_group_decorator.py took 0.102 seconds
[2025-12-31T21:20:10.220+0000] {processor.py:186} INFO - Started process (PID=1086) to work on /home/airflow/.local/lib/python3.12/site-packages/airflow/example_dags/example_task_group_decorator.py
[2025-12-31T21:20:10.222+0000] {processor.py:914} INFO - Processing file /home/airflow/.local/lib/python3.12/site-packages/airflow/example_dags/example_task_group_decorator.py for tasks to queue
[2025-12-31T21:20:10.226+0000] {logging_mixin.py:190} INFO - [2025-12-31T21:20:10.225+0000] {dagbag.py:588} INFO - Filling up the DagBag from /home/airflow/.local/lib/python3.12/site-packages/airflow/example_dags/example_task_group_decorator.py
[2025-12-31T21:20:10.258+0000] {processor.py:925} INFO - DAG(s) 'example_task_group_decorator' retrieved from /home/airflow/.local/lib/python3.12/site-packages/airflow/example_dags/example_task_group_decorator.py
[2025-12-31T21:20:10.291+0000] {logging_mixin.py:190} INFO - [2025-12-31T21:20:10.291+0000] {dag.py:3239} INFO - Sync 1 DAGs
[2025-12-31T21:20:10.311+0000] {logging_mixin.py:190} INFO - [2025-12-31T21:20:10.310+0000] {dag.py:4180} INFO - Setting next_dagrun for example_task_group_decorator to None, run_after=None
[2025-12-31T21:20:10.339+0000] {processor.py:208} INFO - Processing /home/airflow/.local/lib/python3.12/site-packages/airflow/example_dags/example_task_group_decorator.py took 0.129 seconds
[2025-12-31T21:20:40.484+0000] {processor.py:186} INFO - Started process (PID=1149) to work on /home/airflow/.local/lib/python3.12/site-packages/airflow/example_dags/example_task_group_decorator.py
[2025-12-31T21:20:40.486+0000] {processor.py:914} INFO - Processing file /home/airflow/.local/lib/python3.12/site-packages/airflow/example_dags/example_task_group_decorator.py for tasks to queue
[2025-12-31T21:20:40.489+0000] {logging_mixin.py:190} INFO - [2025-12-31T21:20:40.489+0000] {dagbag.py:588} INFO - Filling up the DagBag from /home/airflow/.local/lib/python3.12/site-packages/airflow/example_dags/example_task_group_decorator.py
[2025-12-31T21:20:40.513+0000] {processor.py:925} INFO - DAG(s) 'example_task_group_decorator' retrieved from /home/airflow/.local/lib/python3.12/site-packages/airflow/example_dags/example_task_group_decorator.py
[2025-12-31T21:20:40.540+0000] {logging_mixin.py:190} INFO - [2025-12-31T21:20:40.540+0000] {dag.py:3239} INFO - Sync 1 DAGs
[2025-12-31T21:20:40.559+0000] {logging_mixin.py:190} INFO - [2025-12-31T21:20:40.559+0000] {dag.py:4180} INFO - Setting next_dagrun for example_task_group_decorator to None, run_after=None
[2025-12-31T21:20:40.587+0000] {processor.py:208} INFO - Processing /home/airflow/.local/lib/python3.12/site-packages/airflow/example_dags/example_task_group_decorator.py took 0.112 seconds
[2025-12-31T21:21:10.923+0000] {processor.py:186} INFO - Started process (PID=1212) to work on /home/airflow/.local/lib/python3.12/site-packages/airflow/example_dags/example_task_group_decorator.py
[2025-12-31T21:21:10.924+0000] {processor.py:914} INFO - Processing file /home/airflow/.local/lib/python3.12/site-packages/airflow/example_dags/example_task_group_decorator.py for tasks to queue
[2025-12-31T21:21:10.928+0000] {logging_mixin.py:190} INFO - [2025-12-31T21:21:10.927+0000] {dagbag.py:588} INFO - Filling up the DagBag from /home/airflow/.local/lib/python3.12/site-packages/airflow/example_dags/example_task_group_decorator.py
[2025-12-31T21:21:10.948+0000] {processor.py:925} INFO - DAG(s) 'example_task_group_decorator' retrieved from /home/airflow/.local/lib/python3.12/site-packages/airflow/example_dags/example_task_group_decorator.py
[2025-12-31T21:21:10.977+0000] {logging_mixin.py:190} INFO - [2025-12-31T21:21:10.977+0000] {dag.py:3239} INFO - Sync 1 DAGs
[2025-12-31T21:21:10.994+0000] {logging_mixin.py:190} INFO - [2025-12-31T21:21:10.994+0000] {dag.py:4180} INFO - Setting next_dagrun for example_task_group_decorator to None, run_after=None
[2025-12-31T21:21:11.024+0000] {processor.py:208} INFO - Processing /home/airflow/.local/lib/python3.12/site-packages/airflow/example_dags/example_task_group_decorator.py took 0.109 seconds
