[2025-12-31T21:12:07.239+0000] {processor.py:186} INFO - Started process (PID=96) to work on /home/airflow/.local/lib/python3.12/site-packages/airflow/example_dags/example_outlet_event_extra.py
[2025-12-31T21:12:07.241+0000] {processor.py:914} INFO - Processing file /home/airflow/.local/lib/python3.12/site-packages/airflow/example_dags/example_outlet_event_extra.py for tasks to queue
[2025-12-31T21:12:07.245+0000] {logging_mixin.py:190} INFO - [2025-12-31T21:12:07.245+0000] {dagbag.py:588} INFO - Filling up the DagBag from /home/airflow/.local/lib/python3.12/site-packages/airflow/example_dags/example_outlet_event_extra.py
[2025-12-31T21:12:10.004+0000] {processor.py:925} INFO - DAG(s) 'dataset_with_extra_by_yield', 'dataset_with_extra_from_classic_operator', 'dataset_with_extra_by_context' retrieved from /home/airflow/.local/lib/python3.12/site-packages/airflow/example_dags/example_outlet_event_extra.py
[2025-12-31T21:12:10.161+0000] {logging_mixin.py:190} INFO - [2025-12-31T21:12:10.161+0000] {override.py:1912} INFO - Created Permission View: can read on DAG:dataset_with_extra_by_yield
[2025-12-31T21:12:10.178+0000] {logging_mixin.py:190} INFO - [2025-12-31T21:12:10.178+0000] {override.py:1912} INFO - Created Permission View: can delete on DAG:dataset_with_extra_by_yield
[2025-12-31T21:12:10.191+0000] {logging_mixin.py:190} INFO - [2025-12-31T21:12:10.190+0000] {override.py:1912} INFO - Created Permission View: can edit on DAG:dataset_with_extra_by_yield
[2025-12-31T21:12:10.203+0000] {logging_mixin.py:190} INFO - [2025-12-31T21:12:10.203+0000] {override.py:1912} INFO - Created Permission View: can read on DAG Run:dataset_with_extra_by_yield
[2025-12-31T21:12:10.216+0000] {logging_mixin.py:190} INFO - [2025-12-31T21:12:10.216+0000] {override.py:1912} INFO - Created Permission View: can create on DAG Run:dataset_with_extra_by_yield
[2025-12-31T21:12:10.228+0000] {logging_mixin.py:190} INFO - [2025-12-31T21:12:10.228+0000] {override.py:1912} INFO - Created Permission View: can delete on DAG Run:dataset_with_extra_by_yield
[2025-12-31T21:12:10.242+0000] {logging_mixin.py:190} INFO - [2025-12-31T21:12:10.241+0000] {override.py:1912} INFO - Created Permission View: menu access on DAG Run:dataset_with_extra_by_yield
[2025-12-31T21:12:10.265+0000] {logging_mixin.py:190} INFO - [2025-12-31T21:12:10.265+0000] {override.py:1912} INFO - Created Permission View: can read on DAG:dataset_with_extra_from_classic_operator
[2025-12-31T21:12:10.279+0000] {logging_mixin.py:190} INFO - [2025-12-31T21:12:10.278+0000] {override.py:1912} INFO - Created Permission View: can delete on DAG:dataset_with_extra_from_classic_operator
[2025-12-31T21:12:10.292+0000] {logging_mixin.py:190} INFO - [2025-12-31T21:12:10.291+0000] {override.py:1912} INFO - Created Permission View: can edit on DAG:dataset_with_extra_from_classic_operator
[2025-12-31T21:12:10.307+0000] {logging_mixin.py:190} INFO - [2025-12-31T21:12:10.306+0000] {override.py:1912} INFO - Created Permission View: can read on DAG Run:dataset_with_extra_from_classic_operator
[2025-12-31T21:12:10.320+0000] {logging_mixin.py:190} INFO - [2025-12-31T21:12:10.320+0000] {override.py:1912} INFO - Created Permission View: can create on DAG Run:dataset_with_extra_from_classic_operator
[2025-12-31T21:12:10.334+0000] {logging_mixin.py:190} INFO - [2025-12-31T21:12:10.334+0000] {override.py:1912} INFO - Created Permission View: can delete on DAG Run:dataset_with_extra_from_classic_operator
[2025-12-31T21:12:10.347+0000] {logging_mixin.py:190} INFO - [2025-12-31T21:12:10.346+0000] {override.py:1912} INFO - Created Permission View: menu access on DAG Run:dataset_with_extra_from_classic_operator
[2025-12-31T21:12:10.371+0000] {logging_mixin.py:190} INFO - [2025-12-31T21:12:10.370+0000] {override.py:1912} INFO - Created Permission View: can read on DAG:dataset_with_extra_by_context
[2025-12-31T21:12:10.385+0000] {logging_mixin.py:190} INFO - [2025-12-31T21:12:10.385+0000] {override.py:1912} INFO - Created Permission View: can delete on DAG:dataset_with_extra_by_context
[2025-12-31T21:12:10.400+0000] {logging_mixin.py:190} INFO - [2025-12-31T21:12:10.400+0000] {override.py:1912} INFO - Created Permission View: can edit on DAG:dataset_with_extra_by_context
[2025-12-31T21:12:10.418+0000] {logging_mixin.py:190} INFO - [2025-12-31T21:12:10.417+0000] {override.py:1912} INFO - Created Permission View: can read on DAG Run:dataset_with_extra_by_context
[2025-12-31T21:12:10.434+0000] {logging_mixin.py:190} INFO - [2025-12-31T21:12:10.433+0000] {override.py:1912} INFO - Created Permission View: can create on DAG Run:dataset_with_extra_by_context
[2025-12-31T21:12:10.449+0000] {logging_mixin.py:190} INFO - [2025-12-31T21:12:10.449+0000] {override.py:1912} INFO - Created Permission View: can delete on DAG Run:dataset_with_extra_by_context
[2025-12-31T21:12:10.464+0000] {logging_mixin.py:190} INFO - [2025-12-31T21:12:10.464+0000] {override.py:1912} INFO - Created Permission View: menu access on DAG Run:dataset_with_extra_by_context
[2025-12-31T21:12:10.465+0000] {logging_mixin.py:190} INFO - [2025-12-31T21:12:10.465+0000] {dag.py:3239} INFO - Sync 3 DAGs
[2025-12-31T21:12:10.489+0000] {logging_mixin.py:190} INFO - [2025-12-31T21:12:10.488+0000] {dag.py:3262} INFO - Creating ORM DAG for dataset_with_extra_from_classic_operator
[2025-12-31T21:12:10.490+0000] {logging_mixin.py:190} INFO - [2025-12-31T21:12:10.490+0000] {dag.py:3262} INFO - Creating ORM DAG for dataset_with_extra_by_context
[2025-12-31T21:12:10.491+0000] {logging_mixin.py:190} INFO - [2025-12-31T21:12:10.491+0000] {dag.py:3262} INFO - Creating ORM DAG for dataset_with_extra_by_yield
[2025-12-31T21:12:10.505+0000] {logging_mixin.py:190} INFO - [2025-12-31T21:12:10.505+0000] {dag.py:4180} INFO - Setting next_dagrun for dataset_with_extra_by_context to 2025-12-30 00:00:00+00:00, run_after=2025-12-31 00:00:00+00:00
[2025-12-31T21:12:10.508+0000] {logging_mixin.py:190} INFO - [2025-12-31T21:12:10.508+0000] {dag.py:4180} INFO - Setting next_dagrun for dataset_with_extra_by_yield to 2025-12-30 00:00:00+00:00, run_after=2025-12-31 00:00:00+00:00
[2025-12-31T21:12:10.512+0000] {logging_mixin.py:190} INFO - [2025-12-31T21:12:10.512+0000] {dag.py:4180} INFO - Setting next_dagrun for dataset_with_extra_from_classic_operator to 2025-12-30 00:00:00+00:00, run_after=2025-12-31 00:00:00+00:00
[2025-12-31T21:12:10.546+0000] {processor.py:208} INFO - Processing /home/airflow/.local/lib/python3.12/site-packages/airflow/example_dags/example_outlet_event_extra.py took 3.322 seconds
[2025-12-31T21:12:40.827+0000] {processor.py:186} INFO - Started process (PID=164) to work on /home/airflow/.local/lib/python3.12/site-packages/airflow/example_dags/example_outlet_event_extra.py
[2025-12-31T21:12:40.828+0000] {processor.py:914} INFO - Processing file /home/airflow/.local/lib/python3.12/site-packages/airflow/example_dags/example_outlet_event_extra.py for tasks to queue
[2025-12-31T21:12:40.831+0000] {logging_mixin.py:190} INFO - [2025-12-31T21:12:40.831+0000] {dagbag.py:588} INFO - Filling up the DagBag from /home/airflow/.local/lib/python3.12/site-packages/airflow/example_dags/example_outlet_event_extra.py
[2025-12-31T21:12:41.444+0000] {processor.py:925} INFO - DAG(s) 'dataset_with_extra_from_classic_operator', 'dataset_with_extra_by_yield', 'dataset_with_extra_by_context' retrieved from /home/airflow/.local/lib/python3.12/site-packages/airflow/example_dags/example_outlet_event_extra.py
[2025-12-31T21:12:41.475+0000] {logging_mixin.py:190} INFO - [2025-12-31T21:12:41.475+0000] {dag.py:3239} INFO - Sync 3 DAGs
[2025-12-31T21:12:41.502+0000] {logging_mixin.py:190} INFO - [2025-12-31T21:12:41.502+0000] {dag.py:4180} INFO - Setting next_dagrun for dataset_with_extra_by_context to 2025-12-30 00:00:00+00:00, run_after=2025-12-31 00:00:00+00:00
[2025-12-31T21:12:41.508+0000] {logging_mixin.py:190} INFO - [2025-12-31T21:12:41.508+0000] {dag.py:4180} INFO - Setting next_dagrun for dataset_with_extra_by_yield to 2025-12-30 00:00:00+00:00, run_after=2025-12-31 00:00:00+00:00
[2025-12-31T21:12:41.512+0000] {logging_mixin.py:190} INFO - [2025-12-31T21:12:41.511+0000] {dag.py:4180} INFO - Setting next_dagrun for dataset_with_extra_from_classic_operator to 2025-12-30 00:00:00+00:00, run_after=2025-12-31 00:00:00+00:00
[2025-12-31T21:12:41.539+0000] {processor.py:208} INFO - Processing /home/airflow/.local/lib/python3.12/site-packages/airflow/example_dags/example_outlet_event_extra.py took 0.719 seconds
[2025-12-31T21:13:11.741+0000] {processor.py:186} INFO - Started process (PID=227) to work on /home/airflow/.local/lib/python3.12/site-packages/airflow/example_dags/example_outlet_event_extra.py
[2025-12-31T21:13:11.743+0000] {processor.py:914} INFO - Processing file /home/airflow/.local/lib/python3.12/site-packages/airflow/example_dags/example_outlet_event_extra.py for tasks to queue
[2025-12-31T21:13:11.745+0000] {logging_mixin.py:190} INFO - [2025-12-31T21:13:11.745+0000] {dagbag.py:588} INFO - Filling up the DagBag from /home/airflow/.local/lib/python3.12/site-packages/airflow/example_dags/example_outlet_event_extra.py
[2025-12-31T21:13:12.398+0000] {processor.py:925} INFO - DAG(s) 'dataset_with_extra_by_yield', 'dataset_with_extra_by_context', 'dataset_with_extra_from_classic_operator' retrieved from /home/airflow/.local/lib/python3.12/site-packages/airflow/example_dags/example_outlet_event_extra.py
[2025-12-31T21:13:12.428+0000] {logging_mixin.py:190} INFO - [2025-12-31T21:13:12.428+0000] {dag.py:3239} INFO - Sync 3 DAGs
[2025-12-31T21:13:12.456+0000] {logging_mixin.py:190} INFO - [2025-12-31T21:13:12.456+0000] {dag.py:4180} INFO - Setting next_dagrun for dataset_with_extra_by_context to 2025-12-30 00:00:00+00:00, run_after=2025-12-31 00:00:00+00:00
[2025-12-31T21:13:12.462+0000] {logging_mixin.py:190} INFO - [2025-12-31T21:13:12.462+0000] {dag.py:4180} INFO - Setting next_dagrun for dataset_with_extra_by_yield to 2025-12-30 00:00:00+00:00, run_after=2025-12-31 00:00:00+00:00
[2025-12-31T21:13:12.466+0000] {logging_mixin.py:190} INFO - [2025-12-31T21:13:12.466+0000] {dag.py:4180} INFO - Setting next_dagrun for dataset_with_extra_from_classic_operator to 2025-12-30 00:00:00+00:00, run_after=2025-12-31 00:00:00+00:00
[2025-12-31T21:13:12.491+0000] {processor.py:208} INFO - Processing /home/airflow/.local/lib/python3.12/site-packages/airflow/example_dags/example_outlet_event_extra.py took 0.755 seconds
[2025-12-31T21:13:43.376+0000] {processor.py:186} INFO - Started process (PID=292) to work on /home/airflow/.local/lib/python3.12/site-packages/airflow/example_dags/example_outlet_event_extra.py
[2025-12-31T21:13:43.377+0000] {processor.py:914} INFO - Processing file /home/airflow/.local/lib/python3.12/site-packages/airflow/example_dags/example_outlet_event_extra.py for tasks to queue
[2025-12-31T21:13:43.380+0000] {logging_mixin.py:190} INFO - [2025-12-31T21:13:43.380+0000] {dagbag.py:588} INFO - Filling up the DagBag from /home/airflow/.local/lib/python3.12/site-packages/airflow/example_dags/example_outlet_event_extra.py
[2025-12-31T21:13:44.312+0000] {processor.py:925} INFO - DAG(s) 'dataset_with_extra_by_context', 'dataset_with_extra_from_classic_operator', 'dataset_with_extra_by_yield' retrieved from /home/airflow/.local/lib/python3.12/site-packages/airflow/example_dags/example_outlet_event_extra.py
[2025-12-31T21:13:44.339+0000] {logging_mixin.py:190} INFO - [2025-12-31T21:13:44.339+0000] {dag.py:3239} INFO - Sync 3 DAGs
[2025-12-31T21:13:44.371+0000] {logging_mixin.py:190} INFO - [2025-12-31T21:13:44.371+0000] {dag.py:4180} INFO - Setting next_dagrun for dataset_with_extra_by_context to 2025-12-30 00:00:00+00:00, run_after=2025-12-31 00:00:00+00:00
[2025-12-31T21:13:44.378+0000] {logging_mixin.py:190} INFO - [2025-12-31T21:13:44.377+0000] {dag.py:4180} INFO - Setting next_dagrun for dataset_with_extra_by_yield to 2025-12-30 00:00:00+00:00, run_after=2025-12-31 00:00:00+00:00
[2025-12-31T21:13:44.381+0000] {logging_mixin.py:190} INFO - [2025-12-31T21:13:44.381+0000] {dag.py:4180} INFO - Setting next_dagrun for dataset_with_extra_from_classic_operator to 2025-12-30 00:00:00+00:00, run_after=2025-12-31 00:00:00+00:00
[2025-12-31T21:13:44.412+0000] {processor.py:208} INFO - Processing /home/airflow/.local/lib/python3.12/site-packages/airflow/example_dags/example_outlet_event_extra.py took 1.043 seconds
[2025-12-31T21:14:14.795+0000] {processor.py:186} INFO - Started process (PID=357) to work on /home/airflow/.local/lib/python3.12/site-packages/airflow/example_dags/example_outlet_event_extra.py
[2025-12-31T21:14:14.797+0000] {processor.py:914} INFO - Processing file /home/airflow/.local/lib/python3.12/site-packages/airflow/example_dags/example_outlet_event_extra.py for tasks to queue
[2025-12-31T21:14:14.800+0000] {logging_mixin.py:190} INFO - [2025-12-31T21:14:14.800+0000] {dagbag.py:588} INFO - Filling up the DagBag from /home/airflow/.local/lib/python3.12/site-packages/airflow/example_dags/example_outlet_event_extra.py
[2025-12-31T21:14:15.536+0000] {processor.py:925} INFO - DAG(s) 'dataset_with_extra_by_yield', 'dataset_with_extra_by_context', 'dataset_with_extra_from_classic_operator' retrieved from /home/airflow/.local/lib/python3.12/site-packages/airflow/example_dags/example_outlet_event_extra.py
[2025-12-31T21:14:15.567+0000] {logging_mixin.py:190} INFO - [2025-12-31T21:14:15.566+0000] {dag.py:3239} INFO - Sync 3 DAGs
[2025-12-31T21:14:15.595+0000] {logging_mixin.py:190} INFO - [2025-12-31T21:14:15.595+0000] {dag.py:4180} INFO - Setting next_dagrun for dataset_with_extra_by_context to 2025-12-30 00:00:00+00:00, run_after=2025-12-31 00:00:00+00:00
[2025-12-31T21:14:15.604+0000] {logging_mixin.py:190} INFO - [2025-12-31T21:14:15.604+0000] {dag.py:4180} INFO - Setting next_dagrun for dataset_with_extra_by_yield to 2025-12-30 00:00:00+00:00, run_after=2025-12-31 00:00:00+00:00
[2025-12-31T21:14:15.608+0000] {logging_mixin.py:190} INFO - [2025-12-31T21:14:15.608+0000] {dag.py:4180} INFO - Setting next_dagrun for dataset_with_extra_from_classic_operator to 2025-12-30 00:00:00+00:00, run_after=2025-12-31 00:00:00+00:00
[2025-12-31T21:14:15.640+0000] {processor.py:208} INFO - Processing /home/airflow/.local/lib/python3.12/site-packages/airflow/example_dags/example_outlet_event_extra.py took 0.854 seconds
[2025-12-31T21:14:45.778+0000] {processor.py:186} INFO - Started process (PID=426) to work on /home/airflow/.local/lib/python3.12/site-packages/airflow/example_dags/example_outlet_event_extra.py
[2025-12-31T21:14:45.780+0000] {processor.py:914} INFO - Processing file /home/airflow/.local/lib/python3.12/site-packages/airflow/example_dags/example_outlet_event_extra.py for tasks to queue
[2025-12-31T21:14:45.784+0000] {logging_mixin.py:190} INFO - [2025-12-31T21:14:45.783+0000] {dagbag.py:588} INFO - Filling up the DagBag from /home/airflow/.local/lib/python3.12/site-packages/airflow/example_dags/example_outlet_event_extra.py
[2025-12-31T21:14:46.953+0000] {processor.py:925} INFO - DAG(s) 'dataset_with_extra_by_yield', 'dataset_with_extra_by_context', 'dataset_with_extra_from_classic_operator' retrieved from /home/airflow/.local/lib/python3.12/site-packages/airflow/example_dags/example_outlet_event_extra.py
[2025-12-31T21:14:47.014+0000] {logging_mixin.py:190} INFO - [2025-12-31T21:14:47.013+0000] {dag.py:3239} INFO - Sync 3 DAGs
[2025-12-31T21:14:47.076+0000] {logging_mixin.py:190} INFO - [2025-12-31T21:14:47.075+0000] {dag.py:4180} INFO - Setting next_dagrun for dataset_with_extra_by_context to 2025-12-30 00:00:00+00:00, run_after=2025-12-31 00:00:00+00:00
[2025-12-31T21:14:47.087+0000] {logging_mixin.py:190} INFO - [2025-12-31T21:14:47.086+0000] {dag.py:4180} INFO - Setting next_dagrun for dataset_with_extra_by_yield to 2025-12-30 00:00:00+00:00, run_after=2025-12-31 00:00:00+00:00
[2025-12-31T21:14:47.098+0000] {logging_mixin.py:190} INFO - [2025-12-31T21:14:47.097+0000] {dag.py:4180} INFO - Setting next_dagrun for dataset_with_extra_from_classic_operator to 2025-12-30 00:00:00+00:00, run_after=2025-12-31 00:00:00+00:00
[2025-12-31T21:14:47.145+0000] {processor.py:208} INFO - Processing /home/airflow/.local/lib/python3.12/site-packages/airflow/example_dags/example_outlet_event_extra.py took 1.377 seconds
[2025-12-31T21:15:17.248+0000] {processor.py:186} INFO - Started process (PID=491) to work on /home/airflow/.local/lib/python3.12/site-packages/airflow/example_dags/example_outlet_event_extra.py
[2025-12-31T21:15:17.249+0000] {processor.py:914} INFO - Processing file /home/airflow/.local/lib/python3.12/site-packages/airflow/example_dags/example_outlet_event_extra.py for tasks to queue
[2025-12-31T21:15:17.252+0000] {logging_mixin.py:190} INFO - [2025-12-31T21:15:17.251+0000] {dagbag.py:588} INFO - Filling up the DagBag from /home/airflow/.local/lib/python3.12/site-packages/airflow/example_dags/example_outlet_event_extra.py
[2025-12-31T21:15:17.958+0000] {processor.py:925} INFO - DAG(s) 'dataset_with_extra_by_context', 'dataset_with_extra_from_classic_operator', 'dataset_with_extra_by_yield' retrieved from /home/airflow/.local/lib/python3.12/site-packages/airflow/example_dags/example_outlet_event_extra.py
[2025-12-31T21:15:17.990+0000] {logging_mixin.py:190} INFO - [2025-12-31T21:15:17.989+0000] {dag.py:3239} INFO - Sync 3 DAGs
[2025-12-31T21:15:18.020+0000] {logging_mixin.py:190} INFO - [2025-12-31T21:15:18.020+0000] {dag.py:4180} INFO - Setting next_dagrun for dataset_with_extra_by_context to 2025-12-30 00:00:00+00:00, run_after=2025-12-31 00:00:00+00:00
[2025-12-31T21:15:18.026+0000] {logging_mixin.py:190} INFO - [2025-12-31T21:15:18.026+0000] {dag.py:4180} INFO - Setting next_dagrun for dataset_with_extra_by_yield to 2025-12-30 00:00:00+00:00, run_after=2025-12-31 00:00:00+00:00
[2025-12-31T21:15:18.029+0000] {logging_mixin.py:190} INFO - [2025-12-31T21:15:18.029+0000] {dag.py:4180} INFO - Setting next_dagrun for dataset_with_extra_from_classic_operator to 2025-12-30 00:00:00+00:00, run_after=2025-12-31 00:00:00+00:00
[2025-12-31T21:15:18.059+0000] {processor.py:208} INFO - Processing /home/airflow/.local/lib/python3.12/site-packages/airflow/example_dags/example_outlet_event_extra.py took 0.817 seconds
[2025-12-31T21:15:48.641+0000] {processor.py:186} INFO - Started process (PID=561) to work on /home/airflow/.local/lib/python3.12/site-packages/airflow/example_dags/example_outlet_event_extra.py
[2025-12-31T21:15:48.643+0000] {processor.py:914} INFO - Processing file /home/airflow/.local/lib/python3.12/site-packages/airflow/example_dags/example_outlet_event_extra.py for tasks to queue
[2025-12-31T21:15:48.647+0000] {logging_mixin.py:190} INFO - [2025-12-31T21:15:48.647+0000] {dagbag.py:588} INFO - Filling up the DagBag from /home/airflow/.local/lib/python3.12/site-packages/airflow/example_dags/example_outlet_event_extra.py
[2025-12-31T21:15:49.443+0000] {processor.py:925} INFO - DAG(s) 'dataset_with_extra_by_context', 'dataset_with_extra_by_yield', 'dataset_with_extra_from_classic_operator' retrieved from /home/airflow/.local/lib/python3.12/site-packages/airflow/example_dags/example_outlet_event_extra.py
[2025-12-31T21:15:49.479+0000] {logging_mixin.py:190} INFO - [2025-12-31T21:15:49.478+0000] {dag.py:3239} INFO - Sync 3 DAGs
[2025-12-31T21:15:49.587+0000] {logging_mixin.py:190} INFO - [2025-12-31T21:15:49.587+0000] {dag.py:4180} INFO - Setting next_dagrun for dataset_with_extra_by_context to 2025-12-30 00:00:00+00:00, run_after=2025-12-31 00:00:00+00:00
[2025-12-31T21:15:49.608+0000] {logging_mixin.py:190} INFO - [2025-12-31T21:15:49.607+0000] {dag.py:4180} INFO - Setting next_dagrun for dataset_with_extra_by_yield to 2025-12-30 00:00:00+00:00, run_after=2025-12-31 00:00:00+00:00
[2025-12-31T21:15:49.614+0000] {logging_mixin.py:190} INFO - [2025-12-31T21:15:49.614+0000] {dag.py:4180} INFO - Setting next_dagrun for dataset_with_extra_from_classic_operator to 2025-12-30 00:00:00+00:00, run_after=2025-12-31 00:00:00+00:00
[2025-12-31T21:15:49.695+0000] {processor.py:208} INFO - Processing /home/airflow/.local/lib/python3.12/site-packages/airflow/example_dags/example_outlet_event_extra.py took 1.065 seconds
[2025-12-31T21:16:20.093+0000] {processor.py:186} INFO - Started process (PID=626) to work on /home/airflow/.local/lib/python3.12/site-packages/airflow/example_dags/example_outlet_event_extra.py
[2025-12-31T21:16:20.094+0000] {processor.py:914} INFO - Processing file /home/airflow/.local/lib/python3.12/site-packages/airflow/example_dags/example_outlet_event_extra.py for tasks to queue
[2025-12-31T21:16:20.098+0000] {logging_mixin.py:190} INFO - [2025-12-31T21:16:20.097+0000] {dagbag.py:588} INFO - Filling up the DagBag from /home/airflow/.local/lib/python3.12/site-packages/airflow/example_dags/example_outlet_event_extra.py
[2025-12-31T21:16:20.734+0000] {processor.py:925} INFO - DAG(s) 'dataset_with_extra_by_context', 'dataset_with_extra_by_yield', 'dataset_with_extra_from_classic_operator' retrieved from /home/airflow/.local/lib/python3.12/site-packages/airflow/example_dags/example_outlet_event_extra.py
[2025-12-31T21:16:20.774+0000] {logging_mixin.py:190} INFO - [2025-12-31T21:16:20.774+0000] {dag.py:3239} INFO - Sync 3 DAGs
[2025-12-31T21:16:20.803+0000] {logging_mixin.py:190} INFO - [2025-12-31T21:16:20.803+0000] {dag.py:4180} INFO - Setting next_dagrun for dataset_with_extra_by_context to 2025-12-30 00:00:00+00:00, run_after=2025-12-31 00:00:00+00:00
[2025-12-31T21:16:20.809+0000] {logging_mixin.py:190} INFO - [2025-12-31T21:16:20.808+0000] {dag.py:4180} INFO - Setting next_dagrun for dataset_with_extra_by_yield to 2025-12-30 00:00:00+00:00, run_after=2025-12-31 00:00:00+00:00
[2025-12-31T21:16:20.813+0000] {logging_mixin.py:190} INFO - [2025-12-31T21:16:20.813+0000] {dag.py:4180} INFO - Setting next_dagrun for dataset_with_extra_from_classic_operator to 2025-12-30 00:00:00+00:00, run_after=2025-12-31 00:00:00+00:00
[2025-12-31T21:16:20.837+0000] {processor.py:208} INFO - Processing /home/airflow/.local/lib/python3.12/site-packages/airflow/example_dags/example_outlet_event_extra.py took 0.754 seconds
[2025-12-31T21:16:51.234+0000] {processor.py:186} INFO - Started process (PID=694) to work on /home/airflow/.local/lib/python3.12/site-packages/airflow/example_dags/example_outlet_event_extra.py
[2025-12-31T21:16:51.236+0000] {processor.py:914} INFO - Processing file /home/airflow/.local/lib/python3.12/site-packages/airflow/example_dags/example_outlet_event_extra.py for tasks to queue
[2025-12-31T21:16:51.239+0000] {logging_mixin.py:190} INFO - [2025-12-31T21:16:51.238+0000] {dagbag.py:588} INFO - Filling up the DagBag from /home/airflow/.local/lib/python3.12/site-packages/airflow/example_dags/example_outlet_event_extra.py
[2025-12-31T21:16:51.872+0000] {processor.py:925} INFO - DAG(s) 'dataset_with_extra_by_yield', 'dataset_with_extra_by_context', 'dataset_with_extra_from_classic_operator' retrieved from /home/airflow/.local/lib/python3.12/site-packages/airflow/example_dags/example_outlet_event_extra.py
[2025-12-31T21:16:51.902+0000] {logging_mixin.py:190} INFO - [2025-12-31T21:16:51.901+0000] {dag.py:3239} INFO - Sync 3 DAGs
[2025-12-31T21:16:51.931+0000] {logging_mixin.py:190} INFO - [2025-12-31T21:16:51.931+0000] {dag.py:4180} INFO - Setting next_dagrun for dataset_with_extra_by_context to 2025-12-30 00:00:00+00:00, run_after=2025-12-31 00:00:00+00:00
[2025-12-31T21:16:51.938+0000] {logging_mixin.py:190} INFO - [2025-12-31T21:16:51.938+0000] {dag.py:4180} INFO - Setting next_dagrun for dataset_with_extra_by_yield to 2025-12-30 00:00:00+00:00, run_after=2025-12-31 00:00:00+00:00
[2025-12-31T21:16:51.941+0000] {logging_mixin.py:190} INFO - [2025-12-31T21:16:51.941+0000] {dag.py:4180} INFO - Setting next_dagrun for dataset_with_extra_from_classic_operator to 2025-12-30 00:00:00+00:00, run_after=2025-12-31 00:00:00+00:00
[2025-12-31T21:16:51.966+0000] {processor.py:208} INFO - Processing /home/airflow/.local/lib/python3.12/site-packages/airflow/example_dags/example_outlet_event_extra.py took 0.739 seconds
[2025-12-31T21:17:22.628+0000] {processor.py:186} INFO - Started process (PID=757) to work on /home/airflow/.local/lib/python3.12/site-packages/airflow/example_dags/example_outlet_event_extra.py
[2025-12-31T21:17:22.629+0000] {processor.py:914} INFO - Processing file /home/airflow/.local/lib/python3.12/site-packages/airflow/example_dags/example_outlet_event_extra.py for tasks to queue
[2025-12-31T21:17:22.633+0000] {logging_mixin.py:190} INFO - [2025-12-31T21:17:22.632+0000] {dagbag.py:588} INFO - Filling up the DagBag from /home/airflow/.local/lib/python3.12/site-packages/airflow/example_dags/example_outlet_event_extra.py
[2025-12-31T21:17:23.593+0000] {processor.py:925} INFO - DAG(s) 'dataset_with_extra_by_context', 'dataset_with_extra_from_classic_operator', 'dataset_with_extra_by_yield' retrieved from /home/airflow/.local/lib/python3.12/site-packages/airflow/example_dags/example_outlet_event_extra.py
[2025-12-31T21:17:23.622+0000] {logging_mixin.py:190} INFO - [2025-12-31T21:17:23.622+0000] {dag.py:3239} INFO - Sync 3 DAGs
[2025-12-31T21:17:23.649+0000] {logging_mixin.py:190} INFO - [2025-12-31T21:17:23.649+0000] {dag.py:4180} INFO - Setting next_dagrun for dataset_with_extra_by_context to 2025-12-30 00:00:00+00:00, run_after=2025-12-31 00:00:00+00:00
[2025-12-31T21:17:23.656+0000] {logging_mixin.py:190} INFO - [2025-12-31T21:17:23.656+0000] {dag.py:4180} INFO - Setting next_dagrun for dataset_with_extra_by_yield to 2025-12-30 00:00:00+00:00, run_after=2025-12-31 00:00:00+00:00
[2025-12-31T21:17:23.660+0000] {logging_mixin.py:190} INFO - [2025-12-31T21:17:23.659+0000] {dag.py:4180} INFO - Setting next_dagrun for dataset_with_extra_from_classic_operator to 2025-12-30 00:00:00+00:00, run_after=2025-12-31 00:00:00+00:00
[2025-12-31T21:17:23.690+0000] {processor.py:208} INFO - Processing /home/airflow/.local/lib/python3.12/site-packages/airflow/example_dags/example_outlet_event_extra.py took 1.070 seconds
[2025-12-31T21:17:53.874+0000] {processor.py:186} INFO - Started process (PID=821) to work on /home/airflow/.local/lib/python3.12/site-packages/airflow/example_dags/example_outlet_event_extra.py
[2025-12-31T21:17:53.876+0000] {processor.py:914} INFO - Processing file /home/airflow/.local/lib/python3.12/site-packages/airflow/example_dags/example_outlet_event_extra.py for tasks to queue
[2025-12-31T21:17:53.878+0000] {logging_mixin.py:190} INFO - [2025-12-31T21:17:53.878+0000] {dagbag.py:588} INFO - Filling up the DagBag from /home/airflow/.local/lib/python3.12/site-packages/airflow/example_dags/example_outlet_event_extra.py
[2025-12-31T21:17:54.534+0000] {processor.py:925} INFO - DAG(s) 'dataset_with_extra_by_yield', 'dataset_with_extra_by_context', 'dataset_with_extra_from_classic_operator' retrieved from /home/airflow/.local/lib/python3.12/site-packages/airflow/example_dags/example_outlet_event_extra.py
[2025-12-31T21:17:54.561+0000] {logging_mixin.py:190} INFO - [2025-12-31T21:17:54.561+0000] {dag.py:3239} INFO - Sync 3 DAGs
[2025-12-31T21:17:54.591+0000] {logging_mixin.py:190} INFO - [2025-12-31T21:17:54.591+0000] {dag.py:4180} INFO - Setting next_dagrun for dataset_with_extra_by_context to 2025-12-30 00:00:00+00:00, run_after=2025-12-31 00:00:00+00:00
[2025-12-31T21:17:54.596+0000] {logging_mixin.py:190} INFO - [2025-12-31T21:17:54.596+0000] {dag.py:4180} INFO - Setting next_dagrun for dataset_with_extra_by_yield to 2025-12-30 00:00:00+00:00, run_after=2025-12-31 00:00:00+00:00
[2025-12-31T21:17:54.600+0000] {logging_mixin.py:190} INFO - [2025-12-31T21:17:54.599+0000] {dag.py:4180} INFO - Setting next_dagrun for dataset_with_extra_from_classic_operator to 2025-12-30 00:00:00+00:00, run_after=2025-12-31 00:00:00+00:00
[2025-12-31T21:17:54.623+0000] {processor.py:208} INFO - Processing /home/airflow/.local/lib/python3.12/site-packages/airflow/example_dags/example_outlet_event_extra.py took 0.756 seconds
[2025-12-31T21:18:25.443+0000] {processor.py:186} INFO - Started process (PID=884) to work on /home/airflow/.local/lib/python3.12/site-packages/airflow/example_dags/example_outlet_event_extra.py
[2025-12-31T21:18:25.444+0000] {processor.py:914} INFO - Processing file /home/airflow/.local/lib/python3.12/site-packages/airflow/example_dags/example_outlet_event_extra.py for tasks to queue
[2025-12-31T21:18:25.449+0000] {logging_mixin.py:190} INFO - [2025-12-31T21:18:25.449+0000] {dagbag.py:588} INFO - Filling up the DagBag from /home/airflow/.local/lib/python3.12/site-packages/airflow/example_dags/example_outlet_event_extra.py
[2025-12-31T21:18:26.201+0000] {processor.py:925} INFO - DAG(s) 'dataset_with_extra_from_classic_operator', 'dataset_with_extra_by_yield', 'dataset_with_extra_by_context' retrieved from /home/airflow/.local/lib/python3.12/site-packages/airflow/example_dags/example_outlet_event_extra.py
[2025-12-31T21:18:26.227+0000] {logging_mixin.py:190} INFO - [2025-12-31T21:18:26.227+0000] {dag.py:3239} INFO - Sync 3 DAGs
[2025-12-31T21:18:26.256+0000] {logging_mixin.py:190} INFO - [2025-12-31T21:18:26.256+0000] {dag.py:4180} INFO - Setting next_dagrun for dataset_with_extra_by_context to 2025-12-30 00:00:00+00:00, run_after=2025-12-31 00:00:00+00:00
[2025-12-31T21:18:26.263+0000] {logging_mixin.py:190} INFO - [2025-12-31T21:18:26.262+0000] {dag.py:4180} INFO - Setting next_dagrun for dataset_with_extra_by_yield to 2025-12-30 00:00:00+00:00, run_after=2025-12-31 00:00:00+00:00
[2025-12-31T21:18:26.266+0000] {logging_mixin.py:190} INFO - [2025-12-31T21:18:26.266+0000] {dag.py:4180} INFO - Setting next_dagrun for dataset_with_extra_from_classic_operator to 2025-12-30 00:00:00+00:00, run_after=2025-12-31 00:00:00+00:00
[2025-12-31T21:18:26.295+0000] {processor.py:208} INFO - Processing /home/airflow/.local/lib/python3.12/site-packages/airflow/example_dags/example_outlet_event_extra.py took 0.864 seconds
[2025-12-31T21:18:56.626+0000] {processor.py:186} INFO - Started process (PID=947) to work on /home/airflow/.local/lib/python3.12/site-packages/airflow/example_dags/example_outlet_event_extra.py
[2025-12-31T21:18:56.627+0000] {processor.py:914} INFO - Processing file /home/airflow/.local/lib/python3.12/site-packages/airflow/example_dags/example_outlet_event_extra.py for tasks to queue
[2025-12-31T21:18:56.630+0000] {logging_mixin.py:190} INFO - [2025-12-31T21:18:56.630+0000] {dagbag.py:588} INFO - Filling up the DagBag from /home/airflow/.local/lib/python3.12/site-packages/airflow/example_dags/example_outlet_event_extra.py
[2025-12-31T21:18:57.305+0000] {processor.py:925} INFO - DAG(s) 'dataset_with_extra_by_yield', 'dataset_with_extra_by_context', 'dataset_with_extra_from_classic_operator' retrieved from /home/airflow/.local/lib/python3.12/site-packages/airflow/example_dags/example_outlet_event_extra.py
[2025-12-31T21:18:57.332+0000] {logging_mixin.py:190} INFO - [2025-12-31T21:18:57.332+0000] {dag.py:3239} INFO - Sync 3 DAGs
[2025-12-31T21:18:57.363+0000] {logging_mixin.py:190} INFO - [2025-12-31T21:18:57.362+0000] {dag.py:4180} INFO - Setting next_dagrun for dataset_with_extra_by_context to 2025-12-30 00:00:00+00:00, run_after=2025-12-31 00:00:00+00:00
[2025-12-31T21:18:57.371+0000] {logging_mixin.py:190} INFO - [2025-12-31T21:18:57.370+0000] {dag.py:4180} INFO - Setting next_dagrun for dataset_with_extra_by_yield to 2025-12-30 00:00:00+00:00, run_after=2025-12-31 00:00:00+00:00
[2025-12-31T21:18:57.374+0000] {logging_mixin.py:190} INFO - [2025-12-31T21:18:57.374+0000] {dag.py:4180} INFO - Setting next_dagrun for dataset_with_extra_from_classic_operator to 2025-12-30 00:00:00+00:00, run_after=2025-12-31 00:00:00+00:00
[2025-12-31T21:18:57.406+0000] {processor.py:208} INFO - Processing /home/airflow/.local/lib/python3.12/site-packages/airflow/example_dags/example_outlet_event_extra.py took 0.791 seconds
[2025-12-31T21:19:27.813+0000] {processor.py:186} INFO - Started process (PID=1010) to work on /home/airflow/.local/lib/python3.12/site-packages/airflow/example_dags/example_outlet_event_extra.py
[2025-12-31T21:19:27.814+0000] {processor.py:914} INFO - Processing file /home/airflow/.local/lib/python3.12/site-packages/airflow/example_dags/example_outlet_event_extra.py for tasks to queue
[2025-12-31T21:19:27.817+0000] {logging_mixin.py:190} INFO - [2025-12-31T21:19:27.817+0000] {dagbag.py:588} INFO - Filling up the DagBag from /home/airflow/.local/lib/python3.12/site-packages/airflow/example_dags/example_outlet_event_extra.py
[2025-12-31T21:19:28.434+0000] {processor.py:925} INFO - DAG(s) 'dataset_with_extra_by_yield', 'dataset_with_extra_by_context', 'dataset_with_extra_from_classic_operator' retrieved from /home/airflow/.local/lib/python3.12/site-packages/airflow/example_dags/example_outlet_event_extra.py
[2025-12-31T21:19:28.462+0000] {logging_mixin.py:190} INFO - [2025-12-31T21:19:28.462+0000] {dag.py:3239} INFO - Sync 3 DAGs
[2025-12-31T21:19:28.490+0000] {logging_mixin.py:190} INFO - [2025-12-31T21:19:28.489+0000] {dag.py:4180} INFO - Setting next_dagrun for dataset_with_extra_by_context to 2025-12-30 00:00:00+00:00, run_after=2025-12-31 00:00:00+00:00
[2025-12-31T21:19:28.496+0000] {logging_mixin.py:190} INFO - [2025-12-31T21:19:28.496+0000] {dag.py:4180} INFO - Setting next_dagrun for dataset_with_extra_by_yield to 2025-12-30 00:00:00+00:00, run_after=2025-12-31 00:00:00+00:00
[2025-12-31T21:19:28.500+0000] {logging_mixin.py:190} INFO - [2025-12-31T21:19:28.499+0000] {dag.py:4180} INFO - Setting next_dagrun for dataset_with_extra_from_classic_operator to 2025-12-30 00:00:00+00:00, run_after=2025-12-31 00:00:00+00:00
[2025-12-31T21:19:28.529+0000] {processor.py:208} INFO - Processing /home/airflow/.local/lib/python3.12/site-packages/airflow/example_dags/example_outlet_event_extra.py took 0.724 seconds
[2025-12-31T21:19:59.333+0000] {processor.py:186} INFO - Started process (PID=1073) to work on /home/airflow/.local/lib/python3.12/site-packages/airflow/example_dags/example_outlet_event_extra.py
[2025-12-31T21:19:59.334+0000] {processor.py:914} INFO - Processing file /home/airflow/.local/lib/python3.12/site-packages/airflow/example_dags/example_outlet_event_extra.py for tasks to queue
[2025-12-31T21:19:59.337+0000] {logging_mixin.py:190} INFO - [2025-12-31T21:19:59.337+0000] {dagbag.py:588} INFO - Filling up the DagBag from /home/airflow/.local/lib/python3.12/site-packages/airflow/example_dags/example_outlet_event_extra.py
[2025-12-31T21:19:59.949+0000] {processor.py:925} INFO - DAG(s) 'dataset_with_extra_from_classic_operator', 'dataset_with_extra_by_context', 'dataset_with_extra_by_yield' retrieved from /home/airflow/.local/lib/python3.12/site-packages/airflow/example_dags/example_outlet_event_extra.py
[2025-12-31T21:19:59.977+0000] {logging_mixin.py:190} INFO - [2025-12-31T21:19:59.977+0000] {dag.py:3239} INFO - Sync 3 DAGs
[2025-12-31T21:20:00.005+0000] {logging_mixin.py:190} INFO - [2025-12-31T21:20:00.005+0000] {dag.py:4180} INFO - Setting next_dagrun for dataset_with_extra_by_context to 2025-12-30 00:00:00+00:00, run_after=2025-12-31 00:00:00+00:00
[2025-12-31T21:20:00.014+0000] {logging_mixin.py:190} INFO - [2025-12-31T21:20:00.013+0000] {dag.py:4180} INFO - Setting next_dagrun for dataset_with_extra_by_yield to 2025-12-30 00:00:00+00:00, run_after=2025-12-31 00:00:00+00:00
[2025-12-31T21:20:00.018+0000] {logging_mixin.py:190} INFO - [2025-12-31T21:20:00.017+0000] {dag.py:4180} INFO - Setting next_dagrun for dataset_with_extra_from_classic_operator to 2025-12-30 00:00:00+00:00, run_after=2025-12-31 00:00:00+00:00
[2025-12-31T21:20:00.046+0000] {processor.py:208} INFO - Processing /home/airflow/.local/lib/python3.12/site-packages/airflow/example_dags/example_outlet_event_extra.py took 0.721 seconds
[2025-12-31T21:20:31.063+0000] {processor.py:186} INFO - Started process (PID=1136) to work on /home/airflow/.local/lib/python3.12/site-packages/airflow/example_dags/example_outlet_event_extra.py
[2025-12-31T21:20:31.065+0000] {processor.py:914} INFO - Processing file /home/airflow/.local/lib/python3.12/site-packages/airflow/example_dags/example_outlet_event_extra.py for tasks to queue
[2025-12-31T21:20:31.069+0000] {logging_mixin.py:190} INFO - [2025-12-31T21:20:31.069+0000] {dagbag.py:588} INFO - Filling up the DagBag from /home/airflow/.local/lib/python3.12/site-packages/airflow/example_dags/example_outlet_event_extra.py
[2025-12-31T21:20:31.809+0000] {processor.py:925} INFO - DAG(s) 'dataset_with_extra_from_classic_operator', 'dataset_with_extra_by_yield', 'dataset_with_extra_by_context' retrieved from /home/airflow/.local/lib/python3.12/site-packages/airflow/example_dags/example_outlet_event_extra.py
[2025-12-31T21:20:31.846+0000] {logging_mixin.py:190} INFO - [2025-12-31T21:20:31.845+0000] {dag.py:3239} INFO - Sync 3 DAGs
[2025-12-31T21:20:31.907+0000] {logging_mixin.py:190} INFO - [2025-12-31T21:20:31.906+0000] {dag.py:4180} INFO - Setting next_dagrun for dataset_with_extra_by_context to 2025-12-30 00:00:00+00:00, run_after=2025-12-31 00:00:00+00:00
[2025-12-31T21:20:31.920+0000] {logging_mixin.py:190} INFO - [2025-12-31T21:20:31.919+0000] {dag.py:4180} INFO - Setting next_dagrun for dataset_with_extra_by_yield to 2025-12-30 00:00:00+00:00, run_after=2025-12-31 00:00:00+00:00
[2025-12-31T21:20:31.924+0000] {logging_mixin.py:190} INFO - [2025-12-31T21:20:31.924+0000] {dag.py:4180} INFO - Setting next_dagrun for dataset_with_extra_from_classic_operator to 2025-12-30 00:00:00+00:00, run_after=2025-12-31 00:00:00+00:00
[2025-12-31T21:20:31.959+0000] {processor.py:208} INFO - Processing /home/airflow/.local/lib/python3.12/site-packages/airflow/example_dags/example_outlet_event_extra.py took 0.905 seconds
[2025-12-31T21:21:02.855+0000] {processor.py:186} INFO - Started process (PID=1203) to work on /home/airflow/.local/lib/python3.12/site-packages/airflow/example_dags/example_outlet_event_extra.py
[2025-12-31T21:21:02.857+0000] {processor.py:914} INFO - Processing file /home/airflow/.local/lib/python3.12/site-packages/airflow/example_dags/example_outlet_event_extra.py for tasks to queue
[2025-12-31T21:21:02.860+0000] {logging_mixin.py:190} INFO - [2025-12-31T21:21:02.859+0000] {dagbag.py:588} INFO - Filling up the DagBag from /home/airflow/.local/lib/python3.12/site-packages/airflow/example_dags/example_outlet_event_extra.py
[2025-12-31T21:21:03.484+0000] {processor.py:925} INFO - DAG(s) 'dataset_with_extra_from_classic_operator', 'dataset_with_extra_by_yield', 'dataset_with_extra_by_context' retrieved from /home/airflow/.local/lib/python3.12/site-packages/airflow/example_dags/example_outlet_event_extra.py
[2025-12-31T21:21:03.526+0000] {logging_mixin.py:190} INFO - [2025-12-31T21:21:03.526+0000] {dag.py:3239} INFO - Sync 3 DAGs
[2025-12-31T21:21:03.560+0000] {logging_mixin.py:190} INFO - [2025-12-31T21:21:03.560+0000] {dag.py:4180} INFO - Setting next_dagrun for dataset_with_extra_by_context to 2025-12-30 00:00:00+00:00, run_after=2025-12-31 00:00:00+00:00
[2025-12-31T21:21:03.570+0000] {logging_mixin.py:190} INFO - [2025-12-31T21:21:03.570+0000] {dag.py:4180} INFO - Setting next_dagrun for dataset_with_extra_by_yield to 2025-12-30 00:00:00+00:00, run_after=2025-12-31 00:00:00+00:00
[2025-12-31T21:21:03.577+0000] {logging_mixin.py:190} INFO - [2025-12-31T21:21:03.577+0000] {dag.py:4180} INFO - Setting next_dagrun for dataset_with_extra_from_classic_operator to 2025-12-30 00:00:00+00:00, run_after=2025-12-31 00:00:00+00:00
[2025-12-31T21:21:03.612+0000] {processor.py:208} INFO - Processing /home/airflow/.local/lib/python3.12/site-packages/airflow/example_dags/example_outlet_event_extra.py took 0.763 seconds
