[2025-12-31T21:12:04.346+0000] {processor.py:186} INFO - Started process (PID=82) to work on /home/airflow/.local/lib/python3.12/site-packages/airflow/example_dags/example_complex.py
[2025-12-31T21:12:04.348+0000] {processor.py:914} INFO - Processing file /home/airflow/.local/lib/python3.12/site-packages/airflow/example_dags/example_complex.py for tasks to queue
[2025-12-31T21:12:04.352+0000] {logging_mixin.py:190} INFO - [2025-12-31T21:12:04.351+0000] {dagbag.py:588} INFO - Filling up the DagBag from /home/airflow/.local/lib/python3.12/site-packages/airflow/example_dags/example_complex.py
[2025-12-31T21:12:04.373+0000] {processor.py:925} INFO - DAG(s) 'example_complex' retrieved from /home/airflow/.local/lib/python3.12/site-packages/airflow/example_dags/example_complex.py
[2025-12-31T21:12:04.563+0000] {logging_mixin.py:190} INFO - [2025-12-31T21:12:04.562+0000] {override.py:1912} INFO - Created Permission View: can read on DAG:example_complex
[2025-12-31T21:12:04.577+0000] {logging_mixin.py:190} INFO - [2025-12-31T21:12:04.576+0000] {override.py:1912} INFO - Created Permission View: can delete on DAG:example_complex
[2025-12-31T21:12:04.587+0000] {logging_mixin.py:190} INFO - [2025-12-31T21:12:04.587+0000] {override.py:1912} INFO - Created Permission View: can edit on DAG:example_complex
[2025-12-31T21:12:04.599+0000] {logging_mixin.py:190} INFO - [2025-12-31T21:12:04.598+0000] {override.py:1912} INFO - Created Permission View: can read on DAG Run:example_complex
[2025-12-31T21:12:04.608+0000] {logging_mixin.py:190} INFO - [2025-12-31T21:12:04.608+0000] {override.py:1912} INFO - Created Permission View: can create on DAG Run:example_complex
[2025-12-31T21:12:04.619+0000] {logging_mixin.py:190} INFO - [2025-12-31T21:12:04.619+0000] {override.py:1912} INFO - Created Permission View: can delete on DAG Run:example_complex
[2025-12-31T21:12:04.630+0000] {logging_mixin.py:190} INFO - [2025-12-31T21:12:04.630+0000] {override.py:1912} INFO - Created Permission View: menu access on DAG Run:example_complex
[2025-12-31T21:12:04.631+0000] {logging_mixin.py:190} INFO - [2025-12-31T21:12:04.631+0000] {dag.py:3239} INFO - Sync 1 DAGs
[2025-12-31T21:12:04.653+0000] {logging_mixin.py:190} INFO - [2025-12-31T21:12:04.652+0000] {dag.py:3262} INFO - Creating ORM DAG for example_complex
[2025-12-31T21:12:04.654+0000] {logging_mixin.py:190} INFO - [2025-12-31T21:12:04.654+0000] {dag.py:4180} INFO - Setting next_dagrun for example_complex to None, run_after=None
[2025-12-31T21:12:04.681+0000] {processor.py:208} INFO - Processing /home/airflow/.local/lib/python3.12/site-packages/airflow/example_dags/example_complex.py took 0.344 seconds
[2025-12-31T21:12:35.148+0000] {processor.py:186} INFO - Started process (PID=145) to work on /home/airflow/.local/lib/python3.12/site-packages/airflow/example_dags/example_complex.py
[2025-12-31T21:12:35.149+0000] {processor.py:914} INFO - Processing file /home/airflow/.local/lib/python3.12/site-packages/airflow/example_dags/example_complex.py for tasks to queue
[2025-12-31T21:12:35.152+0000] {logging_mixin.py:190} INFO - [2025-12-31T21:12:35.152+0000] {dagbag.py:588} INFO - Filling up the DagBag from /home/airflow/.local/lib/python3.12/site-packages/airflow/example_dags/example_complex.py
[2025-12-31T21:12:35.166+0000] {processor.py:925} INFO - DAG(s) 'example_complex' retrieved from /home/airflow/.local/lib/python3.12/site-packages/airflow/example_dags/example_complex.py
[2025-12-31T21:12:35.199+0000] {logging_mixin.py:190} INFO - [2025-12-31T21:12:35.198+0000] {dag.py:3239} INFO - Sync 1 DAGs
[2025-12-31T21:12:35.215+0000] {logging_mixin.py:190} INFO - [2025-12-31T21:12:35.215+0000] {dag.py:4180} INFO - Setting next_dagrun for example_complex to None, run_after=None
[2025-12-31T21:12:35.238+0000] {processor.py:208} INFO - Processing /home/airflow/.local/lib/python3.12/site-packages/airflow/example_dags/example_complex.py took 0.098 seconds
[2025-12-31T21:13:05.422+0000] {processor.py:186} INFO - Started process (PID=209) to work on /home/airflow/.local/lib/python3.12/site-packages/airflow/example_dags/example_complex.py
[2025-12-31T21:13:05.423+0000] {processor.py:914} INFO - Processing file /home/airflow/.local/lib/python3.12/site-packages/airflow/example_dags/example_complex.py for tasks to queue
[2025-12-31T21:13:05.426+0000] {logging_mixin.py:190} INFO - [2025-12-31T21:13:05.425+0000] {dagbag.py:588} INFO - Filling up the DagBag from /home/airflow/.local/lib/python3.12/site-packages/airflow/example_dags/example_complex.py
[2025-12-31T21:13:05.440+0000] {processor.py:925} INFO - DAG(s) 'example_complex' retrieved from /home/airflow/.local/lib/python3.12/site-packages/airflow/example_dags/example_complex.py
[2025-12-31T21:13:05.476+0000] {logging_mixin.py:190} INFO - [2025-12-31T21:13:05.475+0000] {dag.py:3239} INFO - Sync 1 DAGs
[2025-12-31T21:13:05.492+0000] {logging_mixin.py:190} INFO - [2025-12-31T21:13:05.492+0000] {dag.py:4180} INFO - Setting next_dagrun for example_complex to None, run_after=None
[2025-12-31T21:13:05.516+0000] {processor.py:208} INFO - Processing /home/airflow/.local/lib/python3.12/site-packages/airflow/example_dags/example_complex.py took 0.102 seconds
[2025-12-31T21:13:35.887+0000] {processor.py:186} INFO - Started process (PID=273) to work on /home/airflow/.local/lib/python3.12/site-packages/airflow/example_dags/example_complex.py
[2025-12-31T21:13:35.888+0000] {processor.py:914} INFO - Processing file /home/airflow/.local/lib/python3.12/site-packages/airflow/example_dags/example_complex.py for tasks to queue
[2025-12-31T21:13:35.891+0000] {logging_mixin.py:190} INFO - [2025-12-31T21:13:35.890+0000] {dagbag.py:588} INFO - Filling up the DagBag from /home/airflow/.local/lib/python3.12/site-packages/airflow/example_dags/example_complex.py
[2025-12-31T21:13:35.906+0000] {processor.py:925} INFO - DAG(s) 'example_complex' retrieved from /home/airflow/.local/lib/python3.12/site-packages/airflow/example_dags/example_complex.py
[2025-12-31T21:13:35.942+0000] {logging_mixin.py:190} INFO - [2025-12-31T21:13:35.941+0000] {dag.py:3239} INFO - Sync 1 DAGs
[2025-12-31T21:13:35.959+0000] {logging_mixin.py:190} INFO - [2025-12-31T21:13:35.958+0000] {dag.py:4180} INFO - Setting next_dagrun for example_complex to None, run_after=None
[2025-12-31T21:13:35.984+0000] {processor.py:208} INFO - Processing /home/airflow/.local/lib/python3.12/site-packages/airflow/example_dags/example_complex.py took 0.106 seconds
[2025-12-31T21:14:06.237+0000] {processor.py:186} INFO - Started process (PID=336) to work on /home/airflow/.local/lib/python3.12/site-packages/airflow/example_dags/example_complex.py
[2025-12-31T21:14:06.239+0000] {processor.py:914} INFO - Processing file /home/airflow/.local/lib/python3.12/site-packages/airflow/example_dags/example_complex.py for tasks to queue
[2025-12-31T21:14:06.243+0000] {logging_mixin.py:190} INFO - [2025-12-31T21:14:06.242+0000] {dagbag.py:588} INFO - Filling up the DagBag from /home/airflow/.local/lib/python3.12/site-packages/airflow/example_dags/example_complex.py
[2025-12-31T21:14:06.259+0000] {processor.py:925} INFO - DAG(s) 'example_complex' retrieved from /home/airflow/.local/lib/python3.12/site-packages/airflow/example_dags/example_complex.py
[2025-12-31T21:14:06.296+0000] {logging_mixin.py:190} INFO - [2025-12-31T21:14:06.295+0000] {dag.py:3239} INFO - Sync 1 DAGs
[2025-12-31T21:14:06.315+0000] {logging_mixin.py:190} INFO - [2025-12-31T21:14:06.314+0000] {dag.py:4180} INFO - Setting next_dagrun for example_complex to None, run_after=None
[2025-12-31T21:14:06.342+0000] {processor.py:208} INFO - Processing /home/airflow/.local/lib/python3.12/site-packages/airflow/example_dags/example_complex.py took 0.114 seconds
[2025-12-31T21:14:36.526+0000] {processor.py:186} INFO - Started process (PID=399) to work on /home/airflow/.local/lib/python3.12/site-packages/airflow/example_dags/example_complex.py
[2025-12-31T21:14:36.527+0000] {processor.py:914} INFO - Processing file /home/airflow/.local/lib/python3.12/site-packages/airflow/example_dags/example_complex.py for tasks to queue
[2025-12-31T21:14:36.531+0000] {logging_mixin.py:190} INFO - [2025-12-31T21:14:36.530+0000] {dagbag.py:588} INFO - Filling up the DagBag from /home/airflow/.local/lib/python3.12/site-packages/airflow/example_dags/example_complex.py
[2025-12-31T21:14:36.547+0000] {processor.py:925} INFO - DAG(s) 'example_complex' retrieved from /home/airflow/.local/lib/python3.12/site-packages/airflow/example_dags/example_complex.py
[2025-12-31T21:14:36.585+0000] {logging_mixin.py:190} INFO - [2025-12-31T21:14:36.585+0000] {dag.py:3239} INFO - Sync 1 DAGs
[2025-12-31T21:14:36.602+0000] {logging_mixin.py:190} INFO - [2025-12-31T21:14:36.601+0000] {dag.py:4180} INFO - Setting next_dagrun for example_complex to None, run_after=None
[2025-12-31T21:14:36.623+0000] {processor.py:208} INFO - Processing /home/airflow/.local/lib/python3.12/site-packages/airflow/example_dags/example_complex.py took 0.105 seconds
[2025-12-31T21:15:07.062+0000] {processor.py:186} INFO - Started process (PID=462) to work on /home/airflow/.local/lib/python3.12/site-packages/airflow/example_dags/example_complex.py
[2025-12-31T21:15:07.063+0000] {processor.py:914} INFO - Processing file /home/airflow/.local/lib/python3.12/site-packages/airflow/example_dags/example_complex.py for tasks to queue
[2025-12-31T21:15:07.066+0000] {logging_mixin.py:190} INFO - [2025-12-31T21:15:07.065+0000] {dagbag.py:588} INFO - Filling up the DagBag from /home/airflow/.local/lib/python3.12/site-packages/airflow/example_dags/example_complex.py
[2025-12-31T21:15:07.079+0000] {processor.py:925} INFO - DAG(s) 'example_complex' retrieved from /home/airflow/.local/lib/python3.12/site-packages/airflow/example_dags/example_complex.py
[2025-12-31T21:15:07.123+0000] {logging_mixin.py:190} INFO - [2025-12-31T21:15:07.123+0000] {dag.py:3239} INFO - Sync 1 DAGs
[2025-12-31T21:15:07.139+0000] {logging_mixin.py:190} INFO - [2025-12-31T21:15:07.139+0000] {dag.py:4180} INFO - Setting next_dagrun for example_complex to None, run_after=None
[2025-12-31T21:15:07.164+0000] {processor.py:208} INFO - Processing /home/airflow/.local/lib/python3.12/site-packages/airflow/example_dags/example_complex.py took 0.109 seconds
[2025-12-31T21:15:38.096+0000] {processor.py:186} INFO - Started process (PID=524) to work on /home/airflow/.local/lib/python3.12/site-packages/airflow/example_dags/example_complex.py
[2025-12-31T21:15:38.097+0000] {processor.py:914} INFO - Processing file /home/airflow/.local/lib/python3.12/site-packages/airflow/example_dags/example_complex.py for tasks to queue
[2025-12-31T21:15:38.100+0000] {logging_mixin.py:190} INFO - [2025-12-31T21:15:38.100+0000] {dagbag.py:588} INFO - Filling up the DagBag from /home/airflow/.local/lib/python3.12/site-packages/airflow/example_dags/example_complex.py
[2025-12-31T21:15:38.116+0000] {processor.py:925} INFO - DAG(s) 'example_complex' retrieved from /home/airflow/.local/lib/python3.12/site-packages/airflow/example_dags/example_complex.py
[2025-12-31T21:15:38.149+0000] {logging_mixin.py:190} INFO - [2025-12-31T21:15:38.149+0000] {dag.py:3239} INFO - Sync 1 DAGs
[2025-12-31T21:15:38.172+0000] {logging_mixin.py:190} INFO - [2025-12-31T21:15:38.171+0000] {dag.py:4180} INFO - Setting next_dagrun for example_complex to None, run_after=None
[2025-12-31T21:15:38.199+0000] {processor.py:208} INFO - Processing /home/airflow/.local/lib/python3.12/site-packages/airflow/example_dags/example_complex.py took 0.111 seconds
[2025-12-31T21:16:08.895+0000] {processor.py:186} INFO - Started process (PID=588) to work on /home/airflow/.local/lib/python3.12/site-packages/airflow/example_dags/example_complex.py
[2025-12-31T21:16:08.897+0000] {processor.py:914} INFO - Processing file /home/airflow/.local/lib/python3.12/site-packages/airflow/example_dags/example_complex.py for tasks to queue
[2025-12-31T21:16:08.900+0000] {logging_mixin.py:190} INFO - [2025-12-31T21:16:08.899+0000] {dagbag.py:588} INFO - Filling up the DagBag from /home/airflow/.local/lib/python3.12/site-packages/airflow/example_dags/example_complex.py
[2025-12-31T21:16:08.920+0000] {processor.py:925} INFO - DAG(s) 'example_complex' retrieved from /home/airflow/.local/lib/python3.12/site-packages/airflow/example_dags/example_complex.py
[2025-12-31T21:16:08.956+0000] {logging_mixin.py:190} INFO - [2025-12-31T21:16:08.956+0000] {dag.py:3239} INFO - Sync 1 DAGs
[2025-12-31T21:16:08.977+0000] {logging_mixin.py:190} INFO - [2025-12-31T21:16:08.976+0000] {dag.py:4180} INFO - Setting next_dagrun for example_complex to None, run_after=None
[2025-12-31T21:16:09.000+0000] {processor.py:208} INFO - Processing /home/airflow/.local/lib/python3.12/site-packages/airflow/example_dags/example_complex.py took 0.112 seconds
[2025-12-31T21:16:39.382+0000] {processor.py:186} INFO - Started process (PID=651) to work on /home/airflow/.local/lib/python3.12/site-packages/airflow/example_dags/example_complex.py
[2025-12-31T21:16:39.383+0000] {processor.py:914} INFO - Processing file /home/airflow/.local/lib/python3.12/site-packages/airflow/example_dags/example_complex.py for tasks to queue
[2025-12-31T21:16:39.386+0000] {logging_mixin.py:190} INFO - [2025-12-31T21:16:39.386+0000] {dagbag.py:588} INFO - Filling up the DagBag from /home/airflow/.local/lib/python3.12/site-packages/airflow/example_dags/example_complex.py
[2025-12-31T21:16:39.401+0000] {processor.py:925} INFO - DAG(s) 'example_complex' retrieved from /home/airflow/.local/lib/python3.12/site-packages/airflow/example_dags/example_complex.py
[2025-12-31T21:16:39.437+0000] {logging_mixin.py:190} INFO - [2025-12-31T21:16:39.437+0000] {dag.py:3239} INFO - Sync 1 DAGs
[2025-12-31T21:16:39.454+0000] {logging_mixin.py:190} INFO - [2025-12-31T21:16:39.454+0000] {dag.py:4180} INFO - Setting next_dagrun for example_complex to None, run_after=None
[2025-12-31T21:16:39.478+0000] {processor.py:208} INFO - Processing /home/airflow/.local/lib/python3.12/site-packages/airflow/example_dags/example_complex.py took 0.103 seconds
[2025-12-31T21:17:09.821+0000] {processor.py:186} INFO - Started process (PID=714) to work on /home/airflow/.local/lib/python3.12/site-packages/airflow/example_dags/example_complex.py
[2025-12-31T21:17:09.823+0000] {processor.py:914} INFO - Processing file /home/airflow/.local/lib/python3.12/site-packages/airflow/example_dags/example_complex.py for tasks to queue
[2025-12-31T21:17:09.826+0000] {logging_mixin.py:190} INFO - [2025-12-31T21:17:09.825+0000] {dagbag.py:588} INFO - Filling up the DagBag from /home/airflow/.local/lib/python3.12/site-packages/airflow/example_dags/example_complex.py
[2025-12-31T21:17:09.840+0000] {processor.py:925} INFO - DAG(s) 'example_complex' retrieved from /home/airflow/.local/lib/python3.12/site-packages/airflow/example_dags/example_complex.py
[2025-12-31T21:17:09.876+0000] {logging_mixin.py:190} INFO - [2025-12-31T21:17:09.875+0000] {dag.py:3239} INFO - Sync 1 DAGs
[2025-12-31T21:17:09.894+0000] {logging_mixin.py:190} INFO - [2025-12-31T21:17:09.893+0000] {dag.py:4180} INFO - Setting next_dagrun for example_complex to None, run_after=None
[2025-12-31T21:17:09.919+0000] {processor.py:208} INFO - Processing /home/airflow/.local/lib/python3.12/site-packages/airflow/example_dags/example_complex.py took 0.105 seconds
[2025-12-31T21:17:40.212+0000] {processor.py:186} INFO - Started process (PID=777) to work on /home/airflow/.local/lib/python3.12/site-packages/airflow/example_dags/example_complex.py
[2025-12-31T21:17:40.214+0000] {processor.py:914} INFO - Processing file /home/airflow/.local/lib/python3.12/site-packages/airflow/example_dags/example_complex.py for tasks to queue
[2025-12-31T21:17:40.217+0000] {logging_mixin.py:190} INFO - [2025-12-31T21:17:40.217+0000] {dagbag.py:588} INFO - Filling up the DagBag from /home/airflow/.local/lib/python3.12/site-packages/airflow/example_dags/example_complex.py
[2025-12-31T21:17:40.232+0000] {processor.py:925} INFO - DAG(s) 'example_complex' retrieved from /home/airflow/.local/lib/python3.12/site-packages/airflow/example_dags/example_complex.py
[2025-12-31T21:17:40.267+0000] {logging_mixin.py:190} INFO - [2025-12-31T21:17:40.267+0000] {dag.py:3239} INFO - Sync 1 DAGs
[2025-12-31T21:17:40.286+0000] {logging_mixin.py:190} INFO - [2025-12-31T21:17:40.286+0000] {dag.py:4180} INFO - Setting next_dagrun for example_complex to None, run_after=None
[2025-12-31T21:17:40.319+0000] {processor.py:208} INFO - Processing /home/airflow/.local/lib/python3.12/site-packages/airflow/example_dags/example_complex.py took 0.116 seconds
[2025-12-31T21:18:10.791+0000] {processor.py:186} INFO - Started process (PID=841) to work on /home/airflow/.local/lib/python3.12/site-packages/airflow/example_dags/example_complex.py
[2025-12-31T21:18:10.792+0000] {processor.py:914} INFO - Processing file /home/airflow/.local/lib/python3.12/site-packages/airflow/example_dags/example_complex.py for tasks to queue
[2025-12-31T21:18:10.795+0000] {logging_mixin.py:190} INFO - [2025-12-31T21:18:10.795+0000] {dagbag.py:588} INFO - Filling up the DagBag from /home/airflow/.local/lib/python3.12/site-packages/airflow/example_dags/example_complex.py
[2025-12-31T21:18:10.817+0000] {processor.py:925} INFO - DAG(s) 'example_complex' retrieved from /home/airflow/.local/lib/python3.12/site-packages/airflow/example_dags/example_complex.py
[2025-12-31T21:18:10.861+0000] {logging_mixin.py:190} INFO - [2025-12-31T21:18:10.860+0000] {dag.py:3239} INFO - Sync 1 DAGs
[2025-12-31T21:18:10.884+0000] {logging_mixin.py:190} INFO - [2025-12-31T21:18:10.884+0000] {dag.py:4180} INFO - Setting next_dagrun for example_complex to None, run_after=None
[2025-12-31T21:18:10.925+0000] {processor.py:208} INFO - Processing /home/airflow/.local/lib/python3.12/site-packages/airflow/example_dags/example_complex.py took 0.142 seconds
[2025-12-31T21:18:41.892+0000] {processor.py:186} INFO - Started process (PID=904) to work on /home/airflow/.local/lib/python3.12/site-packages/airflow/example_dags/example_complex.py
[2025-12-31T21:18:41.894+0000] {processor.py:914} INFO - Processing file /home/airflow/.local/lib/python3.12/site-packages/airflow/example_dags/example_complex.py for tasks to queue
[2025-12-31T21:18:41.896+0000] {logging_mixin.py:190} INFO - [2025-12-31T21:18:41.896+0000] {dagbag.py:588} INFO - Filling up the DagBag from /home/airflow/.local/lib/python3.12/site-packages/airflow/example_dags/example_complex.py
[2025-12-31T21:18:41.912+0000] {processor.py:925} INFO - DAG(s) 'example_complex' retrieved from /home/airflow/.local/lib/python3.12/site-packages/airflow/example_dags/example_complex.py
[2025-12-31T21:18:41.947+0000] {logging_mixin.py:190} INFO - [2025-12-31T21:18:41.947+0000] {dag.py:3239} INFO - Sync 1 DAGs
[2025-12-31T21:18:41.966+0000] {logging_mixin.py:190} INFO - [2025-12-31T21:18:41.965+0000] {dag.py:4180} INFO - Setting next_dagrun for example_complex to None, run_after=None
[2025-12-31T21:18:41.991+0000] {processor.py:208} INFO - Processing /home/airflow/.local/lib/python3.12/site-packages/airflow/example_dags/example_complex.py took 0.106 seconds
[2025-12-31T21:19:12.078+0000] {processor.py:186} INFO - Started process (PID=967) to work on /home/airflow/.local/lib/python3.12/site-packages/airflow/example_dags/example_complex.py
[2025-12-31T21:19:12.079+0000] {processor.py:914} INFO - Processing file /home/airflow/.local/lib/python3.12/site-packages/airflow/example_dags/example_complex.py for tasks to queue
[2025-12-31T21:19:12.083+0000] {logging_mixin.py:190} INFO - [2025-12-31T21:19:12.082+0000] {dagbag.py:588} INFO - Filling up the DagBag from /home/airflow/.local/lib/python3.12/site-packages/airflow/example_dags/example_complex.py
[2025-12-31T21:19:12.100+0000] {processor.py:925} INFO - DAG(s) 'example_complex' retrieved from /home/airflow/.local/lib/python3.12/site-packages/airflow/example_dags/example_complex.py
[2025-12-31T21:19:12.133+0000] {logging_mixin.py:190} INFO - [2025-12-31T21:19:12.132+0000] {dag.py:3239} INFO - Sync 1 DAGs
[2025-12-31T21:19:12.148+0000] {logging_mixin.py:190} INFO - [2025-12-31T21:19:12.148+0000] {dag.py:4180} INFO - Setting next_dagrun for example_complex to None, run_after=None
[2025-12-31T21:19:12.175+0000] {processor.py:208} INFO - Processing /home/airflow/.local/lib/python3.12/site-packages/airflow/example_dags/example_complex.py took 0.104 seconds
[2025-12-31T21:19:42.437+0000] {processor.py:186} INFO - Started process (PID=1029) to work on /home/airflow/.local/lib/python3.12/site-packages/airflow/example_dags/example_complex.py
[2025-12-31T21:19:42.439+0000] {processor.py:914} INFO - Processing file /home/airflow/.local/lib/python3.12/site-packages/airflow/example_dags/example_complex.py for tasks to queue
[2025-12-31T21:19:42.442+0000] {logging_mixin.py:190} INFO - [2025-12-31T21:19:42.441+0000] {dagbag.py:588} INFO - Filling up the DagBag from /home/airflow/.local/lib/python3.12/site-packages/airflow/example_dags/example_complex.py
[2025-12-31T21:19:42.457+0000] {processor.py:925} INFO - DAG(s) 'example_complex' retrieved from /home/airflow/.local/lib/python3.12/site-packages/airflow/example_dags/example_complex.py
[2025-12-31T21:19:42.503+0000] {logging_mixin.py:190} INFO - [2025-12-31T21:19:42.503+0000] {dag.py:3239} INFO - Sync 1 DAGs
[2025-12-31T21:19:42.520+0000] {logging_mixin.py:190} INFO - [2025-12-31T21:19:42.519+0000] {dag.py:4180} INFO - Setting next_dagrun for example_complex to None, run_after=None
[2025-12-31T21:19:42.541+0000] {processor.py:208} INFO - Processing /home/airflow/.local/lib/python3.12/site-packages/airflow/example_dags/example_complex.py took 0.112 seconds
[2025-12-31T21:20:12.693+0000] {processor.py:186} INFO - Started process (PID=1092) to work on /home/airflow/.local/lib/python3.12/site-packages/airflow/example_dags/example_complex.py
[2025-12-31T21:20:12.694+0000] {processor.py:914} INFO - Processing file /home/airflow/.local/lib/python3.12/site-packages/airflow/example_dags/example_complex.py for tasks to queue
[2025-12-31T21:20:12.697+0000] {logging_mixin.py:190} INFO - [2025-12-31T21:20:12.696+0000] {dagbag.py:588} INFO - Filling up the DagBag from /home/airflow/.local/lib/python3.12/site-packages/airflow/example_dags/example_complex.py
[2025-12-31T21:20:12.713+0000] {processor.py:925} INFO - DAG(s) 'example_complex' retrieved from /home/airflow/.local/lib/python3.12/site-packages/airflow/example_dags/example_complex.py
[2025-12-31T21:20:12.749+0000] {logging_mixin.py:190} INFO - [2025-12-31T21:20:12.749+0000] {dag.py:3239} INFO - Sync 1 DAGs
[2025-12-31T21:20:12.768+0000] {logging_mixin.py:190} INFO - [2025-12-31T21:20:12.768+0000] {dag.py:4180} INFO - Setting next_dagrun for example_complex to None, run_after=None
[2025-12-31T21:20:12.799+0000] {processor.py:208} INFO - Processing /home/airflow/.local/lib/python3.12/site-packages/airflow/example_dags/example_complex.py took 0.114 seconds
[2025-12-31T21:20:42.952+0000] {processor.py:186} INFO - Started process (PID=1155) to work on /home/airflow/.local/lib/python3.12/site-packages/airflow/example_dags/example_complex.py
[2025-12-31T21:20:42.953+0000] {processor.py:914} INFO - Processing file /home/airflow/.local/lib/python3.12/site-packages/airflow/example_dags/example_complex.py for tasks to queue
[2025-12-31T21:20:42.956+0000] {logging_mixin.py:190} INFO - [2025-12-31T21:20:42.955+0000] {dagbag.py:588} INFO - Filling up the DagBag from /home/airflow/.local/lib/python3.12/site-packages/airflow/example_dags/example_complex.py
[2025-12-31T21:20:42.972+0000] {processor.py:925} INFO - DAG(s) 'example_complex' retrieved from /home/airflow/.local/lib/python3.12/site-packages/airflow/example_dags/example_complex.py
[2025-12-31T21:20:43.007+0000] {logging_mixin.py:190} INFO - [2025-12-31T21:20:43.006+0000] {dag.py:3239} INFO - Sync 1 DAGs
[2025-12-31T21:20:43.023+0000] {logging_mixin.py:190} INFO - [2025-12-31T21:20:43.023+0000] {dag.py:4180} INFO - Setting next_dagrun for example_complex to None, run_after=None
[2025-12-31T21:20:43.052+0000] {processor.py:208} INFO - Processing /home/airflow/.local/lib/python3.12/site-packages/airflow/example_dags/example_complex.py took 0.107 seconds
[2025-12-31T21:21:13.401+0000] {processor.py:186} INFO - Started process (PID=1218) to work on /home/airflow/.local/lib/python3.12/site-packages/airflow/example_dags/example_complex.py
[2025-12-31T21:21:13.402+0000] {processor.py:914} INFO - Processing file /home/airflow/.local/lib/python3.12/site-packages/airflow/example_dags/example_complex.py for tasks to queue
[2025-12-31T21:21:13.405+0000] {logging_mixin.py:190} INFO - [2025-12-31T21:21:13.405+0000] {dagbag.py:588} INFO - Filling up the DagBag from /home/airflow/.local/lib/python3.12/site-packages/airflow/example_dags/example_complex.py
[2025-12-31T21:21:13.421+0000] {processor.py:925} INFO - DAG(s) 'example_complex' retrieved from /home/airflow/.local/lib/python3.12/site-packages/airflow/example_dags/example_complex.py
[2025-12-31T21:21:13.458+0000] {logging_mixin.py:190} INFO - [2025-12-31T21:21:13.457+0000] {dag.py:3239} INFO - Sync 1 DAGs
[2025-12-31T21:21:13.475+0000] {logging_mixin.py:190} INFO - [2025-12-31T21:21:13.475+0000] {dag.py:4180} INFO - Setting next_dagrun for example_complex to None, run_after=None
[2025-12-31T21:21:13.500+0000] {processor.py:208} INFO - Processing /home/airflow/.local/lib/python3.12/site-packages/airflow/example_dags/example_complex.py took 0.107 seconds
