[2025-12-31T21:12:02.831+0000] {processor.py:186} INFO - Started process (PID=75) to work on /home/airflow/.local/lib/python3.12/site-packages/airflow/example_dags/example_task_group.py
[2025-12-31T21:12:02.832+0000] {processor.py:914} INFO - Processing file /home/airflow/.local/lib/python3.12/site-packages/airflow/example_dags/example_task_group.py for tasks to queue
[2025-12-31T21:12:02.836+0000] {logging_mixin.py:190} INFO - [2025-12-31T21:12:02.835+0000] {dagbag.py:588} INFO - Filling up the DagBag from /home/airflow/.local/lib/python3.12/site-packages/airflow/example_dags/example_task_group.py
[2025-12-31T21:12:02.851+0000] {processor.py:925} INFO - DAG(s) 'example_task_group' retrieved from /home/airflow/.local/lib/python3.12/site-packages/airflow/example_dags/example_task_group.py
[2025-12-31T21:12:03.023+0000] {logging_mixin.py:190} INFO - [2025-12-31T21:12:03.022+0000] {override.py:1912} INFO - Created Permission View: can read on DAG:example_task_group
[2025-12-31T21:12:03.038+0000] {logging_mixin.py:190} INFO - [2025-12-31T21:12:03.038+0000] {override.py:1912} INFO - Created Permission View: can delete on DAG:example_task_group
[2025-12-31T21:12:03.050+0000] {logging_mixin.py:190} INFO - [2025-12-31T21:12:03.050+0000] {override.py:1912} INFO - Created Permission View: can edit on DAG:example_task_group
[2025-12-31T21:12:03.064+0000] {logging_mixin.py:190} INFO - [2025-12-31T21:12:03.064+0000] {override.py:1912} INFO - Created Permission View: can read on DAG Run:example_task_group
[2025-12-31T21:12:03.074+0000] {logging_mixin.py:190} INFO - [2025-12-31T21:12:03.074+0000] {override.py:1912} INFO - Created Permission View: can create on DAG Run:example_task_group
[2025-12-31T21:12:03.085+0000] {logging_mixin.py:190} INFO - [2025-12-31T21:12:03.085+0000] {override.py:1912} INFO - Created Permission View: can delete on DAG Run:example_task_group
[2025-12-31T21:12:03.096+0000] {logging_mixin.py:190} INFO - [2025-12-31T21:12:03.095+0000] {override.py:1912} INFO - Created Permission View: menu access on DAG Run:example_task_group
[2025-12-31T21:12:03.097+0000] {logging_mixin.py:190} INFO - [2025-12-31T21:12:03.097+0000] {dag.py:3239} INFO - Sync 1 DAGs
[2025-12-31T21:12:03.114+0000] {logging_mixin.py:190} INFO - [2025-12-31T21:12:03.114+0000] {dag.py:3262} INFO - Creating ORM DAG for example_task_group
[2025-12-31T21:12:03.115+0000] {logging_mixin.py:190} INFO - [2025-12-31T21:12:03.115+0000] {dag.py:4180} INFO - Setting next_dagrun for example_task_group to None, run_after=None
[2025-12-31T21:12:03.138+0000] {processor.py:208} INFO - Processing /home/airflow/.local/lib/python3.12/site-packages/airflow/example_dags/example_task_group.py took 0.316 seconds
[2025-12-31T21:12:33.386+0000] {processor.py:186} INFO - Started process (PID=138) to work on /home/airflow/.local/lib/python3.12/site-packages/airflow/example_dags/example_task_group.py
[2025-12-31T21:12:33.387+0000] {processor.py:914} INFO - Processing file /home/airflow/.local/lib/python3.12/site-packages/airflow/example_dags/example_task_group.py for tasks to queue
[2025-12-31T21:12:33.391+0000] {logging_mixin.py:190} INFO - [2025-12-31T21:12:33.390+0000] {dagbag.py:588} INFO - Filling up the DagBag from /home/airflow/.local/lib/python3.12/site-packages/airflow/example_dags/example_task_group.py
[2025-12-31T21:12:33.401+0000] {processor.py:925} INFO - DAG(s) 'example_task_group' retrieved from /home/airflow/.local/lib/python3.12/site-packages/airflow/example_dags/example_task_group.py
[2025-12-31T21:12:33.426+0000] {logging_mixin.py:190} INFO - [2025-12-31T21:12:33.425+0000] {dag.py:3239} INFO - Sync 1 DAGs
[2025-12-31T21:12:33.442+0000] {logging_mixin.py:190} INFO - [2025-12-31T21:12:33.442+0000] {dag.py:4180} INFO - Setting next_dagrun for example_task_group to None, run_after=None
[2025-12-31T21:12:33.468+0000] {processor.py:208} INFO - Processing /home/airflow/.local/lib/python3.12/site-packages/airflow/example_dags/example_task_group.py took 0.089 seconds
[2025-12-31T21:13:03.533+0000] {processor.py:186} INFO - Started process (PID=200) to work on /home/airflow/.local/lib/python3.12/site-packages/airflow/example_dags/example_task_group.py
[2025-12-31T21:13:03.534+0000] {processor.py:914} INFO - Processing file /home/airflow/.local/lib/python3.12/site-packages/airflow/example_dags/example_task_group.py for tasks to queue
[2025-12-31T21:13:03.537+0000] {logging_mixin.py:190} INFO - [2025-12-31T21:13:03.537+0000] {dagbag.py:588} INFO - Filling up the DagBag from /home/airflow/.local/lib/python3.12/site-packages/airflow/example_dags/example_task_group.py
[2025-12-31T21:13:03.549+0000] {processor.py:925} INFO - DAG(s) 'example_task_group' retrieved from /home/airflow/.local/lib/python3.12/site-packages/airflow/example_dags/example_task_group.py
[2025-12-31T21:13:03.574+0000] {logging_mixin.py:190} INFO - [2025-12-31T21:13:03.573+0000] {dag.py:3239} INFO - Sync 1 DAGs
[2025-12-31T21:13:03.592+0000] {logging_mixin.py:190} INFO - [2025-12-31T21:13:03.591+0000] {dag.py:4180} INFO - Setting next_dagrun for example_task_group to None, run_after=None
[2025-12-31T21:13:03.620+0000] {processor.py:208} INFO - Processing /home/airflow/.local/lib/python3.12/site-packages/airflow/example_dags/example_task_group.py took 0.094 seconds
[2025-12-31T21:13:33.714+0000] {processor.py:186} INFO - Started process (PID=264) to work on /home/airflow/.local/lib/python3.12/site-packages/airflow/example_dags/example_task_group.py
[2025-12-31T21:13:33.715+0000] {processor.py:914} INFO - Processing file /home/airflow/.local/lib/python3.12/site-packages/airflow/example_dags/example_task_group.py for tasks to queue
[2025-12-31T21:13:33.720+0000] {logging_mixin.py:190} INFO - [2025-12-31T21:13:33.719+0000] {dagbag.py:588} INFO - Filling up the DagBag from /home/airflow/.local/lib/python3.12/site-packages/airflow/example_dags/example_task_group.py
[2025-12-31T21:13:33.732+0000] {processor.py:925} INFO - DAG(s) 'example_task_group' retrieved from /home/airflow/.local/lib/python3.12/site-packages/airflow/example_dags/example_task_group.py
[2025-12-31T21:13:33.770+0000] {logging_mixin.py:190} INFO - [2025-12-31T21:13:33.770+0000] {dag.py:3239} INFO - Sync 1 DAGs
[2025-12-31T21:13:33.796+0000] {logging_mixin.py:190} INFO - [2025-12-31T21:13:33.796+0000] {dag.py:4180} INFO - Setting next_dagrun for example_task_group to None, run_after=None
[2025-12-31T21:13:33.836+0000] {processor.py:208} INFO - Processing /home/airflow/.local/lib/python3.12/site-packages/airflow/example_dags/example_task_group.py took 0.130 seconds
[2025-12-31T21:14:04.296+0000] {processor.py:186} INFO - Started process (PID=327) to work on /home/airflow/.local/lib/python3.12/site-packages/airflow/example_dags/example_task_group.py
[2025-12-31T21:14:04.298+0000] {processor.py:914} INFO - Processing file /home/airflow/.local/lib/python3.12/site-packages/airflow/example_dags/example_task_group.py for tasks to queue
[2025-12-31T21:14:04.303+0000] {logging_mixin.py:190} INFO - [2025-12-31T21:14:04.302+0000] {dagbag.py:588} INFO - Filling up the DagBag from /home/airflow/.local/lib/python3.12/site-packages/airflow/example_dags/example_task_group.py
[2025-12-31T21:14:04.329+0000] {processor.py:925} INFO - DAG(s) 'example_task_group' retrieved from /home/airflow/.local/lib/python3.12/site-packages/airflow/example_dags/example_task_group.py
[2025-12-31T21:14:04.375+0000] {logging_mixin.py:190} INFO - [2025-12-31T21:14:04.375+0000] {dag.py:3239} INFO - Sync 1 DAGs
[2025-12-31T21:14:04.403+0000] {logging_mixin.py:190} INFO - [2025-12-31T21:14:04.402+0000] {dag.py:4180} INFO - Setting next_dagrun for example_task_group to None, run_after=None
[2025-12-31T21:14:04.448+0000] {processor.py:208} INFO - Processing /home/airflow/.local/lib/python3.12/site-packages/airflow/example_dags/example_task_group.py took 0.160 seconds
[2025-12-31T21:14:34.574+0000] {processor.py:186} INFO - Started process (PID=390) to work on /home/airflow/.local/lib/python3.12/site-packages/airflow/example_dags/example_task_group.py
[2025-12-31T21:14:34.575+0000] {processor.py:914} INFO - Processing file /home/airflow/.local/lib/python3.12/site-packages/airflow/example_dags/example_task_group.py for tasks to queue
[2025-12-31T21:14:34.578+0000] {logging_mixin.py:190} INFO - [2025-12-31T21:14:34.578+0000] {dagbag.py:588} INFO - Filling up the DagBag from /home/airflow/.local/lib/python3.12/site-packages/airflow/example_dags/example_task_group.py
[2025-12-31T21:14:34.589+0000] {processor.py:925} INFO - DAG(s) 'example_task_group' retrieved from /home/airflow/.local/lib/python3.12/site-packages/airflow/example_dags/example_task_group.py
[2025-12-31T21:14:34.613+0000] {logging_mixin.py:190} INFO - [2025-12-31T21:14:34.613+0000] {dag.py:3239} INFO - Sync 1 DAGs
[2025-12-31T21:14:34.628+0000] {logging_mixin.py:190} INFO - [2025-12-31T21:14:34.628+0000] {dag.py:4180} INFO - Setting next_dagrun for example_task_group to None, run_after=None
[2025-12-31T21:14:34.649+0000] {processor.py:208} INFO - Processing /home/airflow/.local/lib/python3.12/site-packages/airflow/example_dags/example_task_group.py took 0.084 seconds
[2025-12-31T21:15:05.311+0000] {processor.py:186} INFO - Started process (PID=453) to work on /home/airflow/.local/lib/python3.12/site-packages/airflow/example_dags/example_task_group.py
[2025-12-31T21:15:05.312+0000] {processor.py:914} INFO - Processing file /home/airflow/.local/lib/python3.12/site-packages/airflow/example_dags/example_task_group.py for tasks to queue
[2025-12-31T21:15:05.315+0000] {logging_mixin.py:190} INFO - [2025-12-31T21:15:05.315+0000] {dagbag.py:588} INFO - Filling up the DagBag from /home/airflow/.local/lib/python3.12/site-packages/airflow/example_dags/example_task_group.py
[2025-12-31T21:15:05.326+0000] {processor.py:925} INFO - DAG(s) 'example_task_group' retrieved from /home/airflow/.local/lib/python3.12/site-packages/airflow/example_dags/example_task_group.py
[2025-12-31T21:15:05.351+0000] {logging_mixin.py:190} INFO - [2025-12-31T21:15:05.351+0000] {dag.py:3239} INFO - Sync 1 DAGs
[2025-12-31T21:15:05.368+0000] {logging_mixin.py:190} INFO - [2025-12-31T21:15:05.368+0000] {dag.py:4180} INFO - Setting next_dagrun for example_task_group to None, run_after=None
[2025-12-31T21:15:05.395+0000] {processor.py:208} INFO - Processing /home/airflow/.local/lib/python3.12/site-packages/airflow/example_dags/example_task_group.py took 0.089 seconds
[2025-12-31T21:15:36.352+0000] {processor.py:186} INFO - Started process (PID=516) to work on /home/airflow/.local/lib/python3.12/site-packages/airflow/example_dags/example_task_group.py
[2025-12-31T21:15:36.353+0000] {processor.py:914} INFO - Processing file /home/airflow/.local/lib/python3.12/site-packages/airflow/example_dags/example_task_group.py for tasks to queue
[2025-12-31T21:15:36.357+0000] {logging_mixin.py:190} INFO - [2025-12-31T21:15:36.356+0000] {dagbag.py:588} INFO - Filling up the DagBag from /home/airflow/.local/lib/python3.12/site-packages/airflow/example_dags/example_task_group.py
[2025-12-31T21:15:36.368+0000] {processor.py:925} INFO - DAG(s) 'example_task_group' retrieved from /home/airflow/.local/lib/python3.12/site-packages/airflow/example_dags/example_task_group.py
[2025-12-31T21:15:36.392+0000] {logging_mixin.py:190} INFO - [2025-12-31T21:15:36.392+0000] {dag.py:3239} INFO - Sync 1 DAGs
[2025-12-31T21:15:36.410+0000] {logging_mixin.py:190} INFO - [2025-12-31T21:15:36.410+0000] {dag.py:4180} INFO - Setting next_dagrun for example_task_group to None, run_after=None
[2025-12-31T21:15:36.436+0000] {processor.py:208} INFO - Processing /home/airflow/.local/lib/python3.12/site-packages/airflow/example_dags/example_task_group.py took 0.094 seconds
[2025-12-31T21:16:07.136+0000] {processor.py:186} INFO - Started process (PID=580) to work on /home/airflow/.local/lib/python3.12/site-packages/airflow/example_dags/example_task_group.py
[2025-12-31T21:16:07.138+0000] {processor.py:914} INFO - Processing file /home/airflow/.local/lib/python3.12/site-packages/airflow/example_dags/example_task_group.py for tasks to queue
[2025-12-31T21:16:07.142+0000] {logging_mixin.py:190} INFO - [2025-12-31T21:16:07.141+0000] {dagbag.py:588} INFO - Filling up the DagBag from /home/airflow/.local/lib/python3.12/site-packages/airflow/example_dags/example_task_group.py
[2025-12-31T21:16:07.153+0000] {processor.py:925} INFO - DAG(s) 'example_task_group' retrieved from /home/airflow/.local/lib/python3.12/site-packages/airflow/example_dags/example_task_group.py
[2025-12-31T21:16:07.188+0000] {logging_mixin.py:190} INFO - [2025-12-31T21:16:07.188+0000] {dag.py:3239} INFO - Sync 1 DAGs
[2025-12-31T21:16:07.226+0000] {logging_mixin.py:190} INFO - [2025-12-31T21:16:07.225+0000] {dag.py:4180} INFO - Setting next_dagrun for example_task_group to None, run_after=None
[2025-12-31T21:16:07.272+0000] {processor.py:208} INFO - Processing /home/airflow/.local/lib/python3.12/site-packages/airflow/example_dags/example_task_group.py took 0.147 seconds
[2025-12-31T21:16:37.344+0000] {processor.py:186} INFO - Started process (PID=643) to work on /home/airflow/.local/lib/python3.12/site-packages/airflow/example_dags/example_task_group.py
[2025-12-31T21:16:37.345+0000] {processor.py:914} INFO - Processing file /home/airflow/.local/lib/python3.12/site-packages/airflow/example_dags/example_task_group.py for tasks to queue
[2025-12-31T21:16:37.348+0000] {logging_mixin.py:190} INFO - [2025-12-31T21:16:37.348+0000] {dagbag.py:588} INFO - Filling up the DagBag from /home/airflow/.local/lib/python3.12/site-packages/airflow/example_dags/example_task_group.py
[2025-12-31T21:16:37.360+0000] {processor.py:925} INFO - DAG(s) 'example_task_group' retrieved from /home/airflow/.local/lib/python3.12/site-packages/airflow/example_dags/example_task_group.py
[2025-12-31T21:16:37.384+0000] {logging_mixin.py:190} INFO - [2025-12-31T21:16:37.384+0000] {dag.py:3239} INFO - Sync 1 DAGs
[2025-12-31T21:16:37.401+0000] {logging_mixin.py:190} INFO - [2025-12-31T21:16:37.400+0000] {dag.py:4180} INFO - Setting next_dagrun for example_task_group to None, run_after=None
[2025-12-31T21:16:37.426+0000] {processor.py:208} INFO - Processing /home/airflow/.local/lib/python3.12/site-packages/airflow/example_dags/example_task_group.py took 0.089 seconds
[2025-12-31T21:17:07.848+0000] {processor.py:186} INFO - Started process (PID=706) to work on /home/airflow/.local/lib/python3.12/site-packages/airflow/example_dags/example_task_group.py
[2025-12-31T21:17:07.849+0000] {processor.py:914} INFO - Processing file /home/airflow/.local/lib/python3.12/site-packages/airflow/example_dags/example_task_group.py for tasks to queue
[2025-12-31T21:17:07.852+0000] {logging_mixin.py:190} INFO - [2025-12-31T21:17:07.851+0000] {dagbag.py:588} INFO - Filling up the DagBag from /home/airflow/.local/lib/python3.12/site-packages/airflow/example_dags/example_task_group.py
[2025-12-31T21:17:07.863+0000] {processor.py:925} INFO - DAG(s) 'example_task_group' retrieved from /home/airflow/.local/lib/python3.12/site-packages/airflow/example_dags/example_task_group.py
[2025-12-31T21:17:07.891+0000] {logging_mixin.py:190} INFO - [2025-12-31T21:17:07.891+0000] {dag.py:3239} INFO - Sync 1 DAGs
[2025-12-31T21:17:07.912+0000] {logging_mixin.py:190} INFO - [2025-12-31T21:17:07.911+0000] {dag.py:4180} INFO - Setting next_dagrun for example_task_group to None, run_after=None
[2025-12-31T21:17:07.938+0000] {processor.py:208} INFO - Processing /home/airflow/.local/lib/python3.12/site-packages/airflow/example_dags/example_task_group.py took 0.097 seconds
[2025-12-31T21:17:38.559+0000] {processor.py:186} INFO - Started process (PID=769) to work on /home/airflow/.local/lib/python3.12/site-packages/airflow/example_dags/example_task_group.py
[2025-12-31T21:17:38.561+0000] {processor.py:914} INFO - Processing file /home/airflow/.local/lib/python3.12/site-packages/airflow/example_dags/example_task_group.py for tasks to queue
[2025-12-31T21:17:38.564+0000] {logging_mixin.py:190} INFO - [2025-12-31T21:17:38.563+0000] {dagbag.py:588} INFO - Filling up the DagBag from /home/airflow/.local/lib/python3.12/site-packages/airflow/example_dags/example_task_group.py
[2025-12-31T21:17:38.575+0000] {processor.py:925} INFO - DAG(s) 'example_task_group' retrieved from /home/airflow/.local/lib/python3.12/site-packages/airflow/example_dags/example_task_group.py
[2025-12-31T21:17:38.599+0000] {logging_mixin.py:190} INFO - [2025-12-31T21:17:38.599+0000] {dag.py:3239} INFO - Sync 1 DAGs
[2025-12-31T21:17:38.616+0000] {logging_mixin.py:190} INFO - [2025-12-31T21:17:38.616+0000] {dag.py:4180} INFO - Setting next_dagrun for example_task_group to None, run_after=None
[2025-12-31T21:17:38.642+0000] {processor.py:208} INFO - Processing /home/airflow/.local/lib/python3.12/site-packages/airflow/example_dags/example_task_group.py took 0.089 seconds
[2025-12-31T21:18:08.881+0000] {processor.py:186} INFO - Started process (PID=833) to work on /home/airflow/.local/lib/python3.12/site-packages/airflow/example_dags/example_task_group.py
[2025-12-31T21:18:08.882+0000] {processor.py:914} INFO - Processing file /home/airflow/.local/lib/python3.12/site-packages/airflow/example_dags/example_task_group.py for tasks to queue
[2025-12-31T21:18:08.885+0000] {logging_mixin.py:190} INFO - [2025-12-31T21:18:08.884+0000] {dagbag.py:588} INFO - Filling up the DagBag from /home/airflow/.local/lib/python3.12/site-packages/airflow/example_dags/example_task_group.py
[2025-12-31T21:18:08.896+0000] {processor.py:925} INFO - DAG(s) 'example_task_group' retrieved from /home/airflow/.local/lib/python3.12/site-packages/airflow/example_dags/example_task_group.py
[2025-12-31T21:18:08.922+0000] {logging_mixin.py:190} INFO - [2025-12-31T21:18:08.922+0000] {dag.py:3239} INFO - Sync 1 DAGs
[2025-12-31T21:18:08.940+0000] {logging_mixin.py:190} INFO - [2025-12-31T21:18:08.939+0000] {dag.py:4180} INFO - Setting next_dagrun for example_task_group to None, run_after=None
[2025-12-31T21:18:08.968+0000] {processor.py:208} INFO - Processing /home/airflow/.local/lib/python3.12/site-packages/airflow/example_dags/example_task_group.py took 0.094 seconds
[2025-12-31T21:18:39.084+0000] {processor.py:186} INFO - Started process (PID=895) to work on /home/airflow/.local/lib/python3.12/site-packages/airflow/example_dags/example_task_group.py
[2025-12-31T21:18:39.087+0000] {processor.py:914} INFO - Processing file /home/airflow/.local/lib/python3.12/site-packages/airflow/example_dags/example_task_group.py for tasks to queue
[2025-12-31T21:18:39.093+0000] {logging_mixin.py:190} INFO - [2025-12-31T21:18:39.093+0000] {dagbag.py:588} INFO - Filling up the DagBag from /home/airflow/.local/lib/python3.12/site-packages/airflow/example_dags/example_task_group.py
[2025-12-31T21:18:39.111+0000] {processor.py:925} INFO - DAG(s) 'example_task_group' retrieved from /home/airflow/.local/lib/python3.12/site-packages/airflow/example_dags/example_task_group.py
[2025-12-31T21:18:39.150+0000] {logging_mixin.py:190} INFO - [2025-12-31T21:18:39.149+0000] {dag.py:3239} INFO - Sync 1 DAGs
[2025-12-31T21:18:39.170+0000] {logging_mixin.py:190} INFO - [2025-12-31T21:18:39.170+0000] {dag.py:4180} INFO - Setting next_dagrun for example_task_group to None, run_after=None
[2025-12-31T21:18:39.199+0000] {processor.py:208} INFO - Processing /home/airflow/.local/lib/python3.12/site-packages/airflow/example_dags/example_task_group.py took 0.131 seconds
[2025-12-31T21:19:09.423+0000] {processor.py:186} INFO - Started process (PID=959) to work on /home/airflow/.local/lib/python3.12/site-packages/airflow/example_dags/example_task_group.py
[2025-12-31T21:19:09.424+0000] {processor.py:914} INFO - Processing file /home/airflow/.local/lib/python3.12/site-packages/airflow/example_dags/example_task_group.py for tasks to queue
[2025-12-31T21:19:09.427+0000] {logging_mixin.py:190} INFO - [2025-12-31T21:19:09.426+0000] {dagbag.py:588} INFO - Filling up the DagBag from /home/airflow/.local/lib/python3.12/site-packages/airflow/example_dags/example_task_group.py
[2025-12-31T21:19:09.437+0000] {processor.py:925} INFO - DAG(s) 'example_task_group' retrieved from /home/airflow/.local/lib/python3.12/site-packages/airflow/example_dags/example_task_group.py
[2025-12-31T21:19:09.462+0000] {logging_mixin.py:190} INFO - [2025-12-31T21:19:09.462+0000] {dag.py:3239} INFO - Sync 1 DAGs
[2025-12-31T21:19:09.478+0000] {logging_mixin.py:190} INFO - [2025-12-31T21:19:09.478+0000] {dag.py:4180} INFO - Setting next_dagrun for example_task_group to None, run_after=None
[2025-12-31T21:19:09.503+0000] {processor.py:208} INFO - Processing /home/airflow/.local/lib/python3.12/site-packages/airflow/example_dags/example_task_group.py took 0.087 seconds
[2025-12-31T21:19:39.896+0000] {processor.py:186} INFO - Started process (PID=1022) to work on /home/airflow/.local/lib/python3.12/site-packages/airflow/example_dags/example_task_group.py
[2025-12-31T21:19:39.897+0000] {processor.py:914} INFO - Processing file /home/airflow/.local/lib/python3.12/site-packages/airflow/example_dags/example_task_group.py for tasks to queue
[2025-12-31T21:19:39.900+0000] {logging_mixin.py:190} INFO - [2025-12-31T21:19:39.899+0000] {dagbag.py:588} INFO - Filling up the DagBag from /home/airflow/.local/lib/python3.12/site-packages/airflow/example_dags/example_task_group.py
[2025-12-31T21:19:39.910+0000] {processor.py:925} INFO - DAG(s) 'example_task_group' retrieved from /home/airflow/.local/lib/python3.12/site-packages/airflow/example_dags/example_task_group.py
[2025-12-31T21:19:39.934+0000] {logging_mixin.py:190} INFO - [2025-12-31T21:19:39.934+0000] {dag.py:3239} INFO - Sync 1 DAGs
[2025-12-31T21:19:39.951+0000] {logging_mixin.py:190} INFO - [2025-12-31T21:19:39.950+0000] {dag.py:4180} INFO - Setting next_dagrun for example_task_group to None, run_after=None
[2025-12-31T21:19:39.976+0000] {processor.py:208} INFO - Processing /home/airflow/.local/lib/python3.12/site-packages/airflow/example_dags/example_task_group.py took 0.086 seconds
[2025-12-31T21:20:10.082+0000] {processor.py:186} INFO - Started process (PID=1085) to work on /home/airflow/.local/lib/python3.12/site-packages/airflow/example_dags/example_task_group.py
[2025-12-31T21:20:10.083+0000] {processor.py:914} INFO - Processing file /home/airflow/.local/lib/python3.12/site-packages/airflow/example_dags/example_task_group.py for tasks to queue
[2025-12-31T21:20:10.086+0000] {logging_mixin.py:190} INFO - [2025-12-31T21:20:10.086+0000] {dagbag.py:588} INFO - Filling up the DagBag from /home/airflow/.local/lib/python3.12/site-packages/airflow/example_dags/example_task_group.py
[2025-12-31T21:20:10.096+0000] {processor.py:925} INFO - DAG(s) 'example_task_group' retrieved from /home/airflow/.local/lib/python3.12/site-packages/airflow/example_dags/example_task_group.py
[2025-12-31T21:20:10.124+0000] {logging_mixin.py:190} INFO - [2025-12-31T21:20:10.124+0000] {dag.py:3239} INFO - Sync 1 DAGs
[2025-12-31T21:20:10.143+0000] {logging_mixin.py:190} INFO - [2025-12-31T21:20:10.142+0000] {dag.py:4180} INFO - Setting next_dagrun for example_task_group to None, run_after=None
[2025-12-31T21:20:10.170+0000] {processor.py:208} INFO - Processing /home/airflow/.local/lib/python3.12/site-packages/airflow/example_dags/example_task_group.py took 0.095 seconds
[2025-12-31T21:20:40.363+0000] {processor.py:186} INFO - Started process (PID=1148) to work on /home/airflow/.local/lib/python3.12/site-packages/airflow/example_dags/example_task_group.py
[2025-12-31T21:20:40.364+0000] {processor.py:914} INFO - Processing file /home/airflow/.local/lib/python3.12/site-packages/airflow/example_dags/example_task_group.py for tasks to queue
[2025-12-31T21:20:40.366+0000] {logging_mixin.py:190} INFO - [2025-12-31T21:20:40.366+0000] {dagbag.py:588} INFO - Filling up the DagBag from /home/airflow/.local/lib/python3.12/site-packages/airflow/example_dags/example_task_group.py
[2025-12-31T21:20:40.377+0000] {processor.py:925} INFO - DAG(s) 'example_task_group' retrieved from /home/airflow/.local/lib/python3.12/site-packages/airflow/example_dags/example_task_group.py
[2025-12-31T21:20:40.402+0000] {logging_mixin.py:190} INFO - [2025-12-31T21:20:40.401+0000] {dag.py:3239} INFO - Sync 1 DAGs
[2025-12-31T21:20:40.419+0000] {logging_mixin.py:190} INFO - [2025-12-31T21:20:40.418+0000] {dag.py:4180} INFO - Setting next_dagrun for example_task_group to None, run_after=None
[2025-12-31T21:20:40.445+0000] {processor.py:208} INFO - Processing /home/airflow/.local/lib/python3.12/site-packages/airflow/example_dags/example_task_group.py took 0.089 seconds
[2025-12-31T21:21:10.792+0000] {processor.py:186} INFO - Started process (PID=1211) to work on /home/airflow/.local/lib/python3.12/site-packages/airflow/example_dags/example_task_group.py
[2025-12-31T21:21:10.793+0000] {processor.py:914} INFO - Processing file /home/airflow/.local/lib/python3.12/site-packages/airflow/example_dags/example_task_group.py for tasks to queue
[2025-12-31T21:21:10.796+0000] {logging_mixin.py:190} INFO - [2025-12-31T21:21:10.796+0000] {dagbag.py:588} INFO - Filling up the DagBag from /home/airflow/.local/lib/python3.12/site-packages/airflow/example_dags/example_task_group.py
[2025-12-31T21:21:10.809+0000] {processor.py:925} INFO - DAG(s) 'example_task_group' retrieved from /home/airflow/.local/lib/python3.12/site-packages/airflow/example_dags/example_task_group.py
[2025-12-31T21:21:10.834+0000] {logging_mixin.py:190} INFO - [2025-12-31T21:21:10.834+0000] {dag.py:3239} INFO - Sync 1 DAGs
[2025-12-31T21:21:10.853+0000] {logging_mixin.py:190} INFO - [2025-12-31T21:21:10.853+0000] {dag.py:4180} INFO - Setting next_dagrun for example_task_group to None, run_after=None
[2025-12-31T21:21:10.882+0000] {processor.py:208} INFO - Processing /home/airflow/.local/lib/python3.12/site-packages/airflow/example_dags/example_task_group.py took 0.097 seconds
