[2025-12-31T21:12:04.803+0000] {processor.py:186} INFO - Started process (PID=85) to work on /home/airflow/.local/lib/python3.12/site-packages/airflow/example_dags/example_branch_python_dop_operator_3.py
[2025-12-31T21:12:04.805+0000] {processor.py:914} INFO - Processing file /home/airflow/.local/lib/python3.12/site-packages/airflow/example_dags/example_branch_python_dop_operator_3.py for tasks to queue
[2025-12-31T21:12:04.808+0000] {logging_mixin.py:190} INFO - [2025-12-31T21:12:04.808+0000] {dagbag.py:588} INFO - Filling up the DagBag from /home/airflow/.local/lib/python3.12/site-packages/airflow/example_dags/example_branch_python_dop_operator_3.py
[2025-12-31T21:12:04.825+0000] {processor.py:925} INFO - DAG(s) 'example_branch_dop_operator_v3' retrieved from /home/airflow/.local/lib/python3.12/site-packages/airflow/example_dags/example_branch_python_dop_operator_3.py
[2025-12-31T21:12:05.013+0000] {logging_mixin.py:190} INFO - [2025-12-31T21:12:05.012+0000] {override.py:1912} INFO - Created Permission View: can read on DAG:example_branch_dop_operator_v3
[2025-12-31T21:12:05.027+0000] {logging_mixin.py:190} INFO - [2025-12-31T21:12:05.026+0000] {override.py:1912} INFO - Created Permission View: can delete on DAG:example_branch_dop_operator_v3
[2025-12-31T21:12:05.036+0000] {logging_mixin.py:190} INFO - [2025-12-31T21:12:05.036+0000] {override.py:1912} INFO - Created Permission View: can edit on DAG:example_branch_dop_operator_v3
[2025-12-31T21:12:05.049+0000] {logging_mixin.py:190} INFO - [2025-12-31T21:12:05.048+0000] {override.py:1912} INFO - Created Permission View: can read on DAG Run:example_branch_dop_operator_v3
[2025-12-31T21:12:05.064+0000] {logging_mixin.py:190} INFO - [2025-12-31T21:12:05.063+0000] {override.py:1912} INFO - Created Permission View: can create on DAG Run:example_branch_dop_operator_v3
[2025-12-31T21:12:05.076+0000] {logging_mixin.py:190} INFO - [2025-12-31T21:12:05.076+0000] {override.py:1912} INFO - Created Permission View: can delete on DAG Run:example_branch_dop_operator_v3
[2025-12-31T21:12:05.087+0000] {logging_mixin.py:190} INFO - [2025-12-31T21:12:05.087+0000] {override.py:1912} INFO - Created Permission View: menu access on DAG Run:example_branch_dop_operator_v3
[2025-12-31T21:12:05.088+0000] {logging_mixin.py:190} INFO - [2025-12-31T21:12:05.088+0000] {dag.py:3239} INFO - Sync 1 DAGs
[2025-12-31T21:12:05.105+0000] {logging_mixin.py:190} INFO - [2025-12-31T21:12:05.104+0000] {dag.py:3262} INFO - Creating ORM DAG for example_branch_dop_operator_v3
[2025-12-31T21:12:05.126+0000] {logging_mixin.py:190} INFO - [2025-12-31T21:12:05.126+0000] {dag.py:4180} INFO - Setting next_dagrun for example_branch_dop_operator_v3 to 2025-12-31 21:11:00+00:00, run_after=2025-12-31 21:12:00+00:00
[2025-12-31T21:12:05.149+0000] {processor.py:208} INFO - Processing /home/airflow/.local/lib/python3.12/site-packages/airflow/example_dags/example_branch_python_dop_operator_3.py took 0.354 seconds
[2025-12-31T21:12:35.419+0000] {processor.py:186} INFO - Started process (PID=148) to work on /home/airflow/.local/lib/python3.12/site-packages/airflow/example_dags/example_branch_python_dop_operator_3.py
[2025-12-31T21:12:35.421+0000] {processor.py:914} INFO - Processing file /home/airflow/.local/lib/python3.12/site-packages/airflow/example_dags/example_branch_python_dop_operator_3.py for tasks to queue
[2025-12-31T21:12:35.424+0000] {logging_mixin.py:190} INFO - [2025-12-31T21:12:35.424+0000] {dagbag.py:588} INFO - Filling up the DagBag from /home/airflow/.local/lib/python3.12/site-packages/airflow/example_dags/example_branch_python_dop_operator_3.py
[2025-12-31T21:12:35.438+0000] {processor.py:925} INFO - DAG(s) 'example_branch_dop_operator_v3' retrieved from /home/airflow/.local/lib/python3.12/site-packages/airflow/example_dags/example_branch_python_dop_operator_3.py
[2025-12-31T21:12:35.462+0000] {logging_mixin.py:190} INFO - [2025-12-31T21:12:35.462+0000] {dag.py:3239} INFO - Sync 1 DAGs
[2025-12-31T21:12:35.493+0000] {logging_mixin.py:190} INFO - [2025-12-31T21:12:35.493+0000] {dag.py:4180} INFO - Setting next_dagrun for example_branch_dop_operator_v3 to 2025-12-31 21:11:00+00:00, run_after=2025-12-31 21:12:00+00:00
[2025-12-31T21:12:35.520+0000] {processor.py:208} INFO - Processing /home/airflow/.local/lib/python3.12/site-packages/airflow/example_dags/example_branch_python_dop_operator_3.py took 0.108 seconds
[2025-12-31T21:13:06.591+0000] {processor.py:186} INFO - Started process (PID=211) to work on /home/airflow/.local/lib/python3.12/site-packages/airflow/example_dags/example_branch_python_dop_operator_3.py
[2025-12-31T21:13:06.592+0000] {processor.py:914} INFO - Processing file /home/airflow/.local/lib/python3.12/site-packages/airflow/example_dags/example_branch_python_dop_operator_3.py for tasks to queue
[2025-12-31T21:13:06.595+0000] {logging_mixin.py:190} INFO - [2025-12-31T21:13:06.594+0000] {dagbag.py:588} INFO - Filling up the DagBag from /home/airflow/.local/lib/python3.12/site-packages/airflow/example_dags/example_branch_python_dop_operator_3.py
[2025-12-31T21:13:06.608+0000] {processor.py:925} INFO - DAG(s) 'example_branch_dop_operator_v3' retrieved from /home/airflow/.local/lib/python3.12/site-packages/airflow/example_dags/example_branch_python_dop_operator_3.py
[2025-12-31T21:13:06.631+0000] {logging_mixin.py:190} INFO - [2025-12-31T21:13:06.630+0000] {dag.py:3239} INFO - Sync 1 DAGs
[2025-12-31T21:13:06.659+0000] {logging_mixin.py:190} INFO - [2025-12-31T21:13:06.659+0000] {dag.py:4180} INFO - Setting next_dagrun for example_branch_dop_operator_v3 to 2025-12-31 21:12:00+00:00, run_after=2025-12-31 21:13:00+00:00
[2025-12-31T21:13:06.686+0000] {processor.py:208} INFO - Processing /home/airflow/.local/lib/python3.12/site-packages/airflow/example_dags/example_branch_python_dop_operator_3.py took 0.103 seconds
[2025-12-31T21:13:37.039+0000] {processor.py:186} INFO - Started process (PID=275) to work on /home/airflow/.local/lib/python3.12/site-packages/airflow/example_dags/example_branch_python_dop_operator_3.py
[2025-12-31T21:13:37.040+0000] {processor.py:914} INFO - Processing file /home/airflow/.local/lib/python3.12/site-packages/airflow/example_dags/example_branch_python_dop_operator_3.py for tasks to queue
[2025-12-31T21:13:37.043+0000] {logging_mixin.py:190} INFO - [2025-12-31T21:13:37.043+0000] {dagbag.py:588} INFO - Filling up the DagBag from /home/airflow/.local/lib/python3.12/site-packages/airflow/example_dags/example_branch_python_dop_operator_3.py
[2025-12-31T21:13:37.057+0000] {processor.py:925} INFO - DAG(s) 'example_branch_dop_operator_v3' retrieved from /home/airflow/.local/lib/python3.12/site-packages/airflow/example_dags/example_branch_python_dop_operator_3.py
[2025-12-31T21:13:37.078+0000] {logging_mixin.py:190} INFO - [2025-12-31T21:13:37.078+0000] {dag.py:3239} INFO - Sync 1 DAGs
[2025-12-31T21:13:37.107+0000] {logging_mixin.py:190} INFO - [2025-12-31T21:13:37.107+0000] {dag.py:4180} INFO - Setting next_dagrun for example_branch_dop_operator_v3 to 2025-12-31 21:12:00+00:00, run_after=2025-12-31 21:13:00+00:00
[2025-12-31T21:13:37.135+0000] {processor.py:208} INFO - Processing /home/airflow/.local/lib/python3.12/site-packages/airflow/example_dags/example_branch_python_dop_operator_3.py took 0.104 seconds
[2025-12-31T21:14:07.393+0000] {processor.py:186} INFO - Started process (PID=338) to work on /home/airflow/.local/lib/python3.12/site-packages/airflow/example_dags/example_branch_python_dop_operator_3.py
[2025-12-31T21:14:07.394+0000] {processor.py:914} INFO - Processing file /home/airflow/.local/lib/python3.12/site-packages/airflow/example_dags/example_branch_python_dop_operator_3.py for tasks to queue
[2025-12-31T21:14:07.397+0000] {logging_mixin.py:190} INFO - [2025-12-31T21:14:07.397+0000] {dagbag.py:588} INFO - Filling up the DagBag from /home/airflow/.local/lib/python3.12/site-packages/airflow/example_dags/example_branch_python_dop_operator_3.py
[2025-12-31T21:14:07.408+0000] {processor.py:925} INFO - DAG(s) 'example_branch_dop_operator_v3' retrieved from /home/airflow/.local/lib/python3.12/site-packages/airflow/example_dags/example_branch_python_dop_operator_3.py
[2025-12-31T21:14:07.433+0000] {logging_mixin.py:190} INFO - [2025-12-31T21:14:07.432+0000] {dag.py:3239} INFO - Sync 1 DAGs
[2025-12-31T21:14:07.459+0000] {logging_mixin.py:190} INFO - [2025-12-31T21:14:07.459+0000] {dag.py:4180} INFO - Setting next_dagrun for example_branch_dop_operator_v3 to 2025-12-31 21:13:00+00:00, run_after=2025-12-31 21:14:00+00:00
[2025-12-31T21:14:07.485+0000] {processor.py:208} INFO - Processing /home/airflow/.local/lib/python3.12/site-packages/airflow/example_dags/example_branch_python_dop_operator_3.py took 0.099 seconds
[2025-12-31T21:14:37.709+0000] {processor.py:186} INFO - Started process (PID=401) to work on /home/airflow/.local/lib/python3.12/site-packages/airflow/example_dags/example_branch_python_dop_operator_3.py
[2025-12-31T21:14:37.710+0000] {processor.py:914} INFO - Processing file /home/airflow/.local/lib/python3.12/site-packages/airflow/example_dags/example_branch_python_dop_operator_3.py for tasks to queue
[2025-12-31T21:14:37.714+0000] {logging_mixin.py:190} INFO - [2025-12-31T21:14:37.713+0000] {dagbag.py:588} INFO - Filling up the DagBag from /home/airflow/.local/lib/python3.12/site-packages/airflow/example_dags/example_branch_python_dop_operator_3.py
[2025-12-31T21:14:37.726+0000] {processor.py:925} INFO - DAG(s) 'example_branch_dop_operator_v3' retrieved from /home/airflow/.local/lib/python3.12/site-packages/airflow/example_dags/example_branch_python_dop_operator_3.py
[2025-12-31T21:14:37.749+0000] {logging_mixin.py:190} INFO - [2025-12-31T21:14:37.749+0000] {dag.py:3239} INFO - Sync 1 DAGs
[2025-12-31T21:14:37.779+0000] {logging_mixin.py:190} INFO - [2025-12-31T21:14:37.779+0000] {dag.py:4180} INFO - Setting next_dagrun for example_branch_dop_operator_v3 to 2025-12-31 21:13:00+00:00, run_after=2025-12-31 21:14:00+00:00
[2025-12-31T21:14:37.800+0000] {processor.py:208} INFO - Processing /home/airflow/.local/lib/python3.12/site-packages/airflow/example_dags/example_branch_python_dop_operator_3.py took 0.097 seconds
[2025-12-31T21:15:08.214+0000] {processor.py:186} INFO - Started process (PID=464) to work on /home/airflow/.local/lib/python3.12/site-packages/airflow/example_dags/example_branch_python_dop_operator_3.py
[2025-12-31T21:15:08.215+0000] {processor.py:914} INFO - Processing file /home/airflow/.local/lib/python3.12/site-packages/airflow/example_dags/example_branch_python_dop_operator_3.py for tasks to queue
[2025-12-31T21:15:08.218+0000] {logging_mixin.py:190} INFO - [2025-12-31T21:15:08.217+0000] {dagbag.py:588} INFO - Filling up the DagBag from /home/airflow/.local/lib/python3.12/site-packages/airflow/example_dags/example_branch_python_dop_operator_3.py
[2025-12-31T21:15:08.231+0000] {processor.py:925} INFO - DAG(s) 'example_branch_dop_operator_v3' retrieved from /home/airflow/.local/lib/python3.12/site-packages/airflow/example_dags/example_branch_python_dop_operator_3.py
[2025-12-31T21:15:08.256+0000] {logging_mixin.py:190} INFO - [2025-12-31T21:15:08.255+0000] {dag.py:3239} INFO - Sync 1 DAGs
[2025-12-31T21:15:08.290+0000] {logging_mixin.py:190} INFO - [2025-12-31T21:15:08.290+0000] {dag.py:4180} INFO - Setting next_dagrun for example_branch_dop_operator_v3 to 2025-12-31 21:14:00+00:00, run_after=2025-12-31 21:15:00+00:00
[2025-12-31T21:15:08.314+0000] {processor.py:208} INFO - Processing /home/airflow/.local/lib/python3.12/site-packages/airflow/example_dags/example_branch_python_dop_operator_3.py took 0.108 seconds
[2025-12-31T21:15:38.367+0000] {processor.py:186} INFO - Started process (PID=527) to work on /home/airflow/.local/lib/python3.12/site-packages/airflow/example_dags/example_branch_python_dop_operator_3.py
[2025-12-31T21:15:38.368+0000] {processor.py:914} INFO - Processing file /home/airflow/.local/lib/python3.12/site-packages/airflow/example_dags/example_branch_python_dop_operator_3.py for tasks to queue
[2025-12-31T21:15:38.372+0000] {logging_mixin.py:190} INFO - [2025-12-31T21:15:38.371+0000] {dagbag.py:588} INFO - Filling up the DagBag from /home/airflow/.local/lib/python3.12/site-packages/airflow/example_dags/example_branch_python_dop_operator_3.py
[2025-12-31T21:15:38.388+0000] {processor.py:925} INFO - DAG(s) 'example_branch_dop_operator_v3' retrieved from /home/airflow/.local/lib/python3.12/site-packages/airflow/example_dags/example_branch_python_dop_operator_3.py
[2025-12-31T21:15:38.414+0000] {logging_mixin.py:190} INFO - [2025-12-31T21:15:38.414+0000] {dag.py:3239} INFO - Sync 1 DAGs
[2025-12-31T21:15:38.451+0000] {logging_mixin.py:190} INFO - [2025-12-31T21:15:38.450+0000] {dag.py:4180} INFO - Setting next_dagrun for example_branch_dop_operator_v3 to 2025-12-31 21:14:00+00:00, run_after=2025-12-31 21:15:00+00:00
[2025-12-31T21:15:38.480+0000] {processor.py:208} INFO - Processing /home/airflow/.local/lib/python3.12/site-packages/airflow/example_dags/example_branch_python_dop_operator_3.py took 0.122 seconds
[2025-12-31T21:16:09.123+0000] {processor.py:186} INFO - Started process (PID=591) to work on /home/airflow/.local/lib/python3.12/site-packages/airflow/example_dags/example_branch_python_dop_operator_3.py
[2025-12-31T21:16:09.124+0000] {processor.py:914} INFO - Processing file /home/airflow/.local/lib/python3.12/site-packages/airflow/example_dags/example_branch_python_dop_operator_3.py for tasks to queue
[2025-12-31T21:16:09.127+0000] {logging_mixin.py:190} INFO - [2025-12-31T21:16:09.127+0000] {dagbag.py:588} INFO - Filling up the DagBag from /home/airflow/.local/lib/python3.12/site-packages/airflow/example_dags/example_branch_python_dop_operator_3.py
[2025-12-31T21:16:09.142+0000] {processor.py:925} INFO - DAG(s) 'example_branch_dop_operator_v3' retrieved from /home/airflow/.local/lib/python3.12/site-packages/airflow/example_dags/example_branch_python_dop_operator_3.py
[2025-12-31T21:16:09.163+0000] {logging_mixin.py:190} INFO - [2025-12-31T21:16:09.163+0000] {dag.py:3239} INFO - Sync 1 DAGs
[2025-12-31T21:16:09.193+0000] {logging_mixin.py:190} INFO - [2025-12-31T21:16:09.193+0000] {dag.py:4180} INFO - Setting next_dagrun for example_branch_dop_operator_v3 to 2025-12-31 21:15:00+00:00, run_after=2025-12-31 21:16:00+00:00
[2025-12-31T21:16:09.218+0000] {processor.py:208} INFO - Processing /home/airflow/.local/lib/python3.12/site-packages/airflow/example_dags/example_branch_python_dop_operator_3.py took 0.102 seconds
[2025-12-31T21:16:39.654+0000] {processor.py:186} INFO - Started process (PID=654) to work on /home/airflow/.local/lib/python3.12/site-packages/airflow/example_dags/example_branch_python_dop_operator_3.py
[2025-12-31T21:16:39.655+0000] {processor.py:914} INFO - Processing file /home/airflow/.local/lib/python3.12/site-packages/airflow/example_dags/example_branch_python_dop_operator_3.py for tasks to queue
[2025-12-31T21:16:39.658+0000] {logging_mixin.py:190} INFO - [2025-12-31T21:16:39.658+0000] {dagbag.py:588} INFO - Filling up the DagBag from /home/airflow/.local/lib/python3.12/site-packages/airflow/example_dags/example_branch_python_dop_operator_3.py
[2025-12-31T21:16:39.671+0000] {processor.py:925} INFO - DAG(s) 'example_branch_dop_operator_v3' retrieved from /home/airflow/.local/lib/python3.12/site-packages/airflow/example_dags/example_branch_python_dop_operator_3.py
[2025-12-31T21:16:39.694+0000] {logging_mixin.py:190} INFO - [2025-12-31T21:16:39.694+0000] {dag.py:3239} INFO - Sync 1 DAGs
[2025-12-31T21:16:39.725+0000] {logging_mixin.py:190} INFO - [2025-12-31T21:16:39.725+0000] {dag.py:4180} INFO - Setting next_dagrun for example_branch_dop_operator_v3 to 2025-12-31 21:15:00+00:00, run_after=2025-12-31 21:16:00+00:00
[2025-12-31T21:16:39.752+0000] {processor.py:208} INFO - Processing /home/airflow/.local/lib/python3.12/site-packages/airflow/example_dags/example_branch_python_dop_operator_3.py took 0.105 seconds
[2025-12-31T21:17:10.102+0000] {processor.py:186} INFO - Started process (PID=717) to work on /home/airflow/.local/lib/python3.12/site-packages/airflow/example_dags/example_branch_python_dop_operator_3.py
[2025-12-31T21:17:10.103+0000] {processor.py:914} INFO - Processing file /home/airflow/.local/lib/python3.12/site-packages/airflow/example_dags/example_branch_python_dop_operator_3.py for tasks to queue
[2025-12-31T21:17:10.105+0000] {logging_mixin.py:190} INFO - [2025-12-31T21:17:10.105+0000] {dagbag.py:588} INFO - Filling up the DagBag from /home/airflow/.local/lib/python3.12/site-packages/airflow/example_dags/example_branch_python_dop_operator_3.py
[2025-12-31T21:17:10.118+0000] {processor.py:925} INFO - DAG(s) 'example_branch_dop_operator_v3' retrieved from /home/airflow/.local/lib/python3.12/site-packages/airflow/example_dags/example_branch_python_dop_operator_3.py
[2025-12-31T21:17:10.139+0000] {logging_mixin.py:190} INFO - [2025-12-31T21:17:10.139+0000] {dag.py:3239} INFO - Sync 1 DAGs
[2025-12-31T21:17:10.202+0000] {logging_mixin.py:190} INFO - [2025-12-31T21:17:10.202+0000] {dag.py:4180} INFO - Setting next_dagrun for example_branch_dop_operator_v3 to 2025-12-31 21:16:00+00:00, run_after=2025-12-31 21:17:00+00:00
[2025-12-31T21:17:10.236+0000] {processor.py:208} INFO - Processing /home/airflow/.local/lib/python3.12/site-packages/airflow/example_dags/example_branch_python_dop_operator_3.py took 0.141 seconds
[2025-12-31T21:17:40.481+0000] {processor.py:186} INFO - Started process (PID=780) to work on /home/airflow/.local/lib/python3.12/site-packages/airflow/example_dags/example_branch_python_dop_operator_3.py
[2025-12-31T21:17:40.483+0000] {processor.py:914} INFO - Processing file /home/airflow/.local/lib/python3.12/site-packages/airflow/example_dags/example_branch_python_dop_operator_3.py for tasks to queue
[2025-12-31T21:17:40.486+0000] {logging_mixin.py:190} INFO - [2025-12-31T21:17:40.485+0000] {dagbag.py:588} INFO - Filling up the DagBag from /home/airflow/.local/lib/python3.12/site-packages/airflow/example_dags/example_branch_python_dop_operator_3.py
[2025-12-31T21:17:40.499+0000] {processor.py:925} INFO - DAG(s) 'example_branch_dop_operator_v3' retrieved from /home/airflow/.local/lib/python3.12/site-packages/airflow/example_dags/example_branch_python_dop_operator_3.py
[2025-12-31T21:17:40.520+0000] {logging_mixin.py:190} INFO - [2025-12-31T21:17:40.520+0000] {dag.py:3239} INFO - Sync 1 DAGs
[2025-12-31T21:17:40.550+0000] {logging_mixin.py:190} INFO - [2025-12-31T21:17:40.549+0000] {dag.py:4180} INFO - Setting next_dagrun for example_branch_dop_operator_v3 to 2025-12-31 21:16:00+00:00, run_after=2025-12-31 21:17:00+00:00
[2025-12-31T21:17:40.574+0000] {processor.py:208} INFO - Processing /home/airflow/.local/lib/python3.12/site-packages/airflow/example_dags/example_branch_python_dop_operator_3.py took 0.099 seconds
[2025-12-31T21:18:11.113+0000] {processor.py:186} INFO - Started process (PID=844) to work on /home/airflow/.local/lib/python3.12/site-packages/airflow/example_dags/example_branch_python_dop_operator_3.py
[2025-12-31T21:18:11.114+0000] {processor.py:914} INFO - Processing file /home/airflow/.local/lib/python3.12/site-packages/airflow/example_dags/example_branch_python_dop_operator_3.py for tasks to queue
[2025-12-31T21:18:11.117+0000] {logging_mixin.py:190} INFO - [2025-12-31T21:18:11.117+0000] {dagbag.py:588} INFO - Filling up the DagBag from /home/airflow/.local/lib/python3.12/site-packages/airflow/example_dags/example_branch_python_dop_operator_3.py
[2025-12-31T21:18:11.132+0000] {processor.py:925} INFO - DAG(s) 'example_branch_dop_operator_v3' retrieved from /home/airflow/.local/lib/python3.12/site-packages/airflow/example_dags/example_branch_python_dop_operator_3.py
[2025-12-31T21:18:11.157+0000] {logging_mixin.py:190} INFO - [2025-12-31T21:18:11.156+0000] {dag.py:3239} INFO - Sync 1 DAGs
[2025-12-31T21:18:11.189+0000] {logging_mixin.py:190} INFO - [2025-12-31T21:18:11.188+0000] {dag.py:4180} INFO - Setting next_dagrun for example_branch_dop_operator_v3 to 2025-12-31 21:17:00+00:00, run_after=2025-12-31 21:18:00+00:00
[2025-12-31T21:18:11.213+0000] {processor.py:208} INFO - Processing /home/airflow/.local/lib/python3.12/site-packages/airflow/example_dags/example_branch_python_dop_operator_3.py took 0.108 seconds
[2025-12-31T21:18:42.112+0000] {processor.py:186} INFO - Started process (PID=907) to work on /home/airflow/.local/lib/python3.12/site-packages/airflow/example_dags/example_branch_python_dop_operator_3.py
[2025-12-31T21:18:42.113+0000] {processor.py:914} INFO - Processing file /home/airflow/.local/lib/python3.12/site-packages/airflow/example_dags/example_branch_python_dop_operator_3.py for tasks to queue
[2025-12-31T21:18:42.117+0000] {logging_mixin.py:190} INFO - [2025-12-31T21:18:42.117+0000] {dagbag.py:588} INFO - Filling up the DagBag from /home/airflow/.local/lib/python3.12/site-packages/airflow/example_dags/example_branch_python_dop_operator_3.py
[2025-12-31T21:18:42.134+0000] {processor.py:925} INFO - DAG(s) 'example_branch_dop_operator_v3' retrieved from /home/airflow/.local/lib/python3.12/site-packages/airflow/example_dags/example_branch_python_dop_operator_3.py
[2025-12-31T21:18:42.159+0000] {logging_mixin.py:190} INFO - [2025-12-31T21:18:42.159+0000] {dag.py:3239} INFO - Sync 1 DAGs
[2025-12-31T21:18:42.188+0000] {logging_mixin.py:190} INFO - [2025-12-31T21:18:42.188+0000] {dag.py:4180} INFO - Setting next_dagrun for example_branch_dop_operator_v3 to 2025-12-31 21:17:00+00:00, run_after=2025-12-31 21:18:00+00:00
[2025-12-31T21:18:42.211+0000] {processor.py:208} INFO - Processing /home/airflow/.local/lib/python3.12/site-packages/airflow/example_dags/example_branch_python_dop_operator_3.py took 0.107 seconds
[2025-12-31T21:19:12.413+0000] {processor.py:186} INFO - Started process (PID=970) to work on /home/airflow/.local/lib/python3.12/site-packages/airflow/example_dags/example_branch_python_dop_operator_3.py
[2025-12-31T21:19:12.414+0000] {processor.py:914} INFO - Processing file /home/airflow/.local/lib/python3.12/site-packages/airflow/example_dags/example_branch_python_dop_operator_3.py for tasks to queue
[2025-12-31T21:19:12.417+0000] {logging_mixin.py:190} INFO - [2025-12-31T21:19:12.417+0000] {dagbag.py:588} INFO - Filling up the DagBag from /home/airflow/.local/lib/python3.12/site-packages/airflow/example_dags/example_branch_python_dop_operator_3.py
[2025-12-31T21:19:12.432+0000] {processor.py:925} INFO - DAG(s) 'example_branch_dop_operator_v3' retrieved from /home/airflow/.local/lib/python3.12/site-packages/airflow/example_dags/example_branch_python_dop_operator_3.py
[2025-12-31T21:19:12.454+0000] {logging_mixin.py:190} INFO - [2025-12-31T21:19:12.453+0000] {dag.py:3239} INFO - Sync 1 DAGs
[2025-12-31T21:19:12.485+0000] {logging_mixin.py:190} INFO - [2025-12-31T21:19:12.485+0000] {dag.py:4180} INFO - Setting next_dagrun for example_branch_dop_operator_v3 to 2025-12-31 21:18:00+00:00, run_after=2025-12-31 21:19:00+00:00
[2025-12-31T21:19:12.506+0000] {processor.py:208} INFO - Processing /home/airflow/.local/lib/python3.12/site-packages/airflow/example_dags/example_branch_python_dop_operator_3.py took 0.100 seconds
[2025-12-31T21:19:42.842+0000] {processor.py:186} INFO - Started process (PID=1033) to work on /home/airflow/.local/lib/python3.12/site-packages/airflow/example_dags/example_branch_python_dop_operator_3.py
[2025-12-31T21:19:42.843+0000] {processor.py:914} INFO - Processing file /home/airflow/.local/lib/python3.12/site-packages/airflow/example_dags/example_branch_python_dop_operator_3.py for tasks to queue
[2025-12-31T21:19:42.846+0000] {logging_mixin.py:190} INFO - [2025-12-31T21:19:42.846+0000] {dagbag.py:588} INFO - Filling up the DagBag from /home/airflow/.local/lib/python3.12/site-packages/airflow/example_dags/example_branch_python_dop_operator_3.py
[2025-12-31T21:19:42.859+0000] {processor.py:925} INFO - DAG(s) 'example_branch_dop_operator_v3' retrieved from /home/airflow/.local/lib/python3.12/site-packages/airflow/example_dags/example_branch_python_dop_operator_3.py
[2025-12-31T21:19:42.883+0000] {logging_mixin.py:190} INFO - [2025-12-31T21:19:42.883+0000] {dag.py:3239} INFO - Sync 1 DAGs
[2025-12-31T21:19:42.915+0000] {logging_mixin.py:190} INFO - [2025-12-31T21:19:42.915+0000] {dag.py:4180} INFO - Setting next_dagrun for example_branch_dop_operator_v3 to 2025-12-31 21:18:00+00:00, run_after=2025-12-31 21:19:00+00:00
[2025-12-31T21:19:42.938+0000] {processor.py:208} INFO - Processing /home/airflow/.local/lib/python3.12/site-packages/airflow/example_dags/example_branch_python_dop_operator_3.py took 0.103 seconds
[2025-12-31T21:20:13.329+0000] {processor.py:186} INFO - Started process (PID=1096) to work on /home/airflow/.local/lib/python3.12/site-packages/airflow/example_dags/example_branch_python_dop_operator_3.py
[2025-12-31T21:20:13.331+0000] {processor.py:914} INFO - Processing file /home/airflow/.local/lib/python3.12/site-packages/airflow/example_dags/example_branch_python_dop_operator_3.py for tasks to queue
[2025-12-31T21:20:13.334+0000] {logging_mixin.py:190} INFO - [2025-12-31T21:20:13.333+0000] {dagbag.py:588} INFO - Filling up the DagBag from /home/airflow/.local/lib/python3.12/site-packages/airflow/example_dags/example_branch_python_dop_operator_3.py
[2025-12-31T21:20:13.347+0000] {processor.py:925} INFO - DAG(s) 'example_branch_dop_operator_v3' retrieved from /home/airflow/.local/lib/python3.12/site-packages/airflow/example_dags/example_branch_python_dop_operator_3.py
[2025-12-31T21:20:13.372+0000] {logging_mixin.py:190} INFO - [2025-12-31T21:20:13.372+0000] {dag.py:3239} INFO - Sync 1 DAGs
[2025-12-31T21:20:13.403+0000] {logging_mixin.py:190} INFO - [2025-12-31T21:20:13.403+0000] {dag.py:4180} INFO - Setting next_dagrun for example_branch_dop_operator_v3 to 2025-12-31 21:19:00+00:00, run_after=2025-12-31 21:20:00+00:00
[2025-12-31T21:20:13.431+0000] {processor.py:208} INFO - Processing /home/airflow/.local/lib/python3.12/site-packages/airflow/example_dags/example_branch_python_dop_operator_3.py took 0.110 seconds
[2025-12-31T21:20:44.130+0000] {processor.py:186} INFO - Started process (PID=1159) to work on /home/airflow/.local/lib/python3.12/site-packages/airflow/example_dags/example_branch_python_dop_operator_3.py
[2025-12-31T21:20:44.131+0000] {processor.py:914} INFO - Processing file /home/airflow/.local/lib/python3.12/site-packages/airflow/example_dags/example_branch_python_dop_operator_3.py for tasks to queue
[2025-12-31T21:20:44.134+0000] {logging_mixin.py:190} INFO - [2025-12-31T21:20:44.134+0000] {dagbag.py:588} INFO - Filling up the DagBag from /home/airflow/.local/lib/python3.12/site-packages/airflow/example_dags/example_branch_python_dop_operator_3.py
[2025-12-31T21:20:44.151+0000] {processor.py:925} INFO - DAG(s) 'example_branch_dop_operator_v3' retrieved from /home/airflow/.local/lib/python3.12/site-packages/airflow/example_dags/example_branch_python_dop_operator_3.py
[2025-12-31T21:20:44.176+0000] {logging_mixin.py:190} INFO - [2025-12-31T21:20:44.176+0000] {dag.py:3239} INFO - Sync 1 DAGs
[2025-12-31T21:20:44.206+0000] {logging_mixin.py:190} INFO - [2025-12-31T21:20:44.205+0000] {dag.py:4180} INFO - Setting next_dagrun for example_branch_dop_operator_v3 to 2025-12-31 21:19:00+00:00, run_after=2025-12-31 21:20:00+00:00
[2025-12-31T21:20:44.232+0000] {processor.py:208} INFO - Processing /home/airflow/.local/lib/python3.12/site-packages/airflow/example_dags/example_branch_python_dop_operator_3.py took 0.109 seconds
[2025-12-31T21:21:14.567+0000] {processor.py:186} INFO - Started process (PID=1222) to work on /home/airflow/.local/lib/python3.12/site-packages/airflow/example_dags/example_branch_python_dop_operator_3.py
[2025-12-31T21:21:14.568+0000] {processor.py:914} INFO - Processing file /home/airflow/.local/lib/python3.12/site-packages/airflow/example_dags/example_branch_python_dop_operator_3.py for tasks to queue
[2025-12-31T21:21:14.571+0000] {logging_mixin.py:190} INFO - [2025-12-31T21:21:14.570+0000] {dagbag.py:588} INFO - Filling up the DagBag from /home/airflow/.local/lib/python3.12/site-packages/airflow/example_dags/example_branch_python_dop_operator_3.py
[2025-12-31T21:21:14.582+0000] {processor.py:925} INFO - DAG(s) 'example_branch_dop_operator_v3' retrieved from /home/airflow/.local/lib/python3.12/site-packages/airflow/example_dags/example_branch_python_dop_operator_3.py
[2025-12-31T21:21:14.604+0000] {logging_mixin.py:190} INFO - [2025-12-31T21:21:14.604+0000] {dag.py:3239} INFO - Sync 1 DAGs
[2025-12-31T21:21:14.633+0000] {logging_mixin.py:190} INFO - [2025-12-31T21:21:14.633+0000] {dag.py:4180} INFO - Setting next_dagrun for example_branch_dop_operator_v3 to 2025-12-31 21:20:00+00:00, run_after=2025-12-31 21:21:00+00:00
[2025-12-31T21:21:14.659+0000] {processor.py:208} INFO - Processing /home/airflow/.local/lib/python3.12/site-packages/airflow/example_dags/example_branch_python_dop_operator_3.py took 0.098 seconds
