[2025-12-31T21:12:07.773+0000] {processor.py:186} INFO - Started process (PID=98) to work on /home/airflow/.local/lib/python3.12/site-packages/airflow/example_dags/example_bash_operator.py
[2025-12-31T21:12:07.774+0000] {processor.py:914} INFO - Processing file /home/airflow/.local/lib/python3.12/site-packages/airflow/example_dags/example_bash_operator.py for tasks to queue
[2025-12-31T21:12:07.779+0000] {logging_mixin.py:190} INFO - [2025-12-31T21:12:07.779+0000] {dagbag.py:588} INFO - Filling up the DagBag from /home/airflow/.local/lib/python3.12/site-packages/airflow/example_dags/example_bash_operator.py
[2025-12-31T21:12:07.807+0000] {processor.py:925} INFO - DAG(s) 'example_bash_operator' retrieved from /home/airflow/.local/lib/python3.12/site-packages/airflow/example_dags/example_bash_operator.py
[2025-12-31T21:12:08.015+0000] {logging_mixin.py:190} INFO - [2025-12-31T21:12:08.014+0000] {override.py:1912} INFO - Created Permission View: can read on DAG:example_bash_operator
[2025-12-31T21:12:08.032+0000] {logging_mixin.py:190} INFO - [2025-12-31T21:12:08.031+0000] {override.py:1912} INFO - Created Permission View: can delete on DAG:example_bash_operator
[2025-12-31T21:12:08.044+0000] {logging_mixin.py:190} INFO - [2025-12-31T21:12:08.044+0000] {override.py:1912} INFO - Created Permission View: can edit on DAG:example_bash_operator
[2025-12-31T21:12:08.060+0000] {logging_mixin.py:190} INFO - [2025-12-31T21:12:08.060+0000] {override.py:1912} INFO - Created Permission View: can read on DAG Run:example_bash_operator
[2025-12-31T21:12:08.072+0000] {logging_mixin.py:190} INFO - [2025-12-31T21:12:08.072+0000] {override.py:1912} INFO - Created Permission View: can create on DAG Run:example_bash_operator
[2025-12-31T21:12:08.083+0000] {logging_mixin.py:190} INFO - [2025-12-31T21:12:08.083+0000] {override.py:1912} INFO - Created Permission View: can delete on DAG Run:example_bash_operator
[2025-12-31T21:12:08.095+0000] {logging_mixin.py:190} INFO - [2025-12-31T21:12:08.095+0000] {override.py:1912} INFO - Created Permission View: menu access on DAG Run:example_bash_operator
[2025-12-31T21:12:08.096+0000] {logging_mixin.py:190} INFO - [2025-12-31T21:12:08.096+0000] {dag.py:3239} INFO - Sync 1 DAGs
[2025-12-31T21:12:08.117+0000] {logging_mixin.py:190} INFO - [2025-12-31T21:12:08.117+0000] {dag.py:3262} INFO - Creating ORM DAG for example_bash_operator
[2025-12-31T21:12:08.137+0000] {logging_mixin.py:190} INFO - [2025-12-31T21:12:08.137+0000] {dag.py:4180} INFO - Setting next_dagrun for example_bash_operator to 2025-12-30 00:00:00+00:00, run_after=2025-12-31 00:00:00+00:00
[2025-12-31T21:12:08.167+0000] {processor.py:208} INFO - Processing /home/airflow/.local/lib/python3.12/site-packages/airflow/example_dags/example_bash_operator.py took 0.405 seconds
[2025-12-31T21:12:38.508+0000] {processor.py:186} INFO - Started process (PID=160) to work on /home/airflow/.local/lib/python3.12/site-packages/airflow/example_dags/example_bash_operator.py
[2025-12-31T21:12:38.509+0000] {processor.py:914} INFO - Processing file /home/airflow/.local/lib/python3.12/site-packages/airflow/example_dags/example_bash_operator.py for tasks to queue
[2025-12-31T21:12:38.513+0000] {logging_mixin.py:190} INFO - [2025-12-31T21:12:38.512+0000] {dagbag.py:588} INFO - Filling up the DagBag from /home/airflow/.local/lib/python3.12/site-packages/airflow/example_dags/example_bash_operator.py
[2025-12-31T21:12:38.529+0000] {processor.py:925} INFO - DAG(s) 'example_bash_operator' retrieved from /home/airflow/.local/lib/python3.12/site-packages/airflow/example_dags/example_bash_operator.py
[2025-12-31T21:12:38.557+0000] {logging_mixin.py:190} INFO - [2025-12-31T21:12:38.556+0000] {dag.py:3239} INFO - Sync 1 DAGs
[2025-12-31T21:12:38.585+0000] {logging_mixin.py:190} INFO - [2025-12-31T21:12:38.584+0000] {dag.py:4180} INFO - Setting next_dagrun for example_bash_operator to 2025-12-30 00:00:00+00:00, run_after=2025-12-31 00:00:00+00:00
[2025-12-31T21:12:38.613+0000] {processor.py:208} INFO - Processing /home/airflow/.local/lib/python3.12/site-packages/airflow/example_dags/example_bash_operator.py took 0.112 seconds
[2025-12-31T21:13:09.379+0000] {processor.py:186} INFO - Started process (PID=223) to work on /home/airflow/.local/lib/python3.12/site-packages/airflow/example_dags/example_bash_operator.py
[2025-12-31T21:13:09.380+0000] {processor.py:914} INFO - Processing file /home/airflow/.local/lib/python3.12/site-packages/airflow/example_dags/example_bash_operator.py for tasks to queue
[2025-12-31T21:13:09.384+0000] {logging_mixin.py:190} INFO - [2025-12-31T21:13:09.383+0000] {dagbag.py:588} INFO - Filling up the DagBag from /home/airflow/.local/lib/python3.12/site-packages/airflow/example_dags/example_bash_operator.py
[2025-12-31T21:13:09.398+0000] {processor.py:925} INFO - DAG(s) 'example_bash_operator' retrieved from /home/airflow/.local/lib/python3.12/site-packages/airflow/example_dags/example_bash_operator.py
[2025-12-31T21:13:09.426+0000] {logging_mixin.py:190} INFO - [2025-12-31T21:13:09.425+0000] {dag.py:3239} INFO - Sync 1 DAGs
[2025-12-31T21:13:09.453+0000] {logging_mixin.py:190} INFO - [2025-12-31T21:13:09.452+0000] {dag.py:4180} INFO - Setting next_dagrun for example_bash_operator to 2025-12-30 00:00:00+00:00, run_after=2025-12-31 00:00:00+00:00
[2025-12-31T21:13:09.480+0000] {processor.py:208} INFO - Processing /home/airflow/.local/lib/python3.12/site-packages/airflow/example_dags/example_bash_operator.py took 0.108 seconds
[2025-12-31T21:13:39.990+0000] {processor.py:186} INFO - Started process (PID=287) to work on /home/airflow/.local/lib/python3.12/site-packages/airflow/example_dags/example_bash_operator.py
[2025-12-31T21:13:39.991+0000] {processor.py:914} INFO - Processing file /home/airflow/.local/lib/python3.12/site-packages/airflow/example_dags/example_bash_operator.py for tasks to queue
[2025-12-31T21:13:39.994+0000] {logging_mixin.py:190} INFO - [2025-12-31T21:13:39.994+0000] {dagbag.py:588} INFO - Filling up the DagBag from /home/airflow/.local/lib/python3.12/site-packages/airflow/example_dags/example_bash_operator.py
[2025-12-31T21:13:40.011+0000] {processor.py:925} INFO - DAG(s) 'example_bash_operator' retrieved from /home/airflow/.local/lib/python3.12/site-packages/airflow/example_dags/example_bash_operator.py
[2025-12-31T21:13:40.047+0000] {logging_mixin.py:190} INFO - [2025-12-31T21:13:40.047+0000] {dag.py:3239} INFO - Sync 1 DAGs
[2025-12-31T21:13:40.080+0000] {logging_mixin.py:190} INFO - [2025-12-31T21:13:40.080+0000] {dag.py:4180} INFO - Setting next_dagrun for example_bash_operator to 2025-12-30 00:00:00+00:00, run_after=2025-12-31 00:00:00+00:00
[2025-12-31T21:13:40.106+0000] {processor.py:208} INFO - Processing /home/airflow/.local/lib/python3.12/site-packages/airflow/example_dags/example_bash_operator.py took 0.123 seconds
[2025-12-31T21:14:10.267+0000] {processor.py:186} INFO - Started process (PID=350) to work on /home/airflow/.local/lib/python3.12/site-packages/airflow/example_dags/example_bash_operator.py
[2025-12-31T21:14:10.269+0000] {processor.py:914} INFO - Processing file /home/airflow/.local/lib/python3.12/site-packages/airflow/example_dags/example_bash_operator.py for tasks to queue
[2025-12-31T21:14:10.272+0000] {logging_mixin.py:190} INFO - [2025-12-31T21:14:10.272+0000] {dagbag.py:588} INFO - Filling up the DagBag from /home/airflow/.local/lib/python3.12/site-packages/airflow/example_dags/example_bash_operator.py
[2025-12-31T21:14:10.292+0000] {processor.py:925} INFO - DAG(s) 'example_bash_operator' retrieved from /home/airflow/.local/lib/python3.12/site-packages/airflow/example_dags/example_bash_operator.py
[2025-12-31T21:14:10.327+0000] {logging_mixin.py:190} INFO - [2025-12-31T21:14:10.326+0000] {dag.py:3239} INFO - Sync 1 DAGs
[2025-12-31T21:14:10.360+0000] {logging_mixin.py:190} INFO - [2025-12-31T21:14:10.360+0000] {dag.py:4180} INFO - Setting next_dagrun for example_bash_operator to 2025-12-30 00:00:00+00:00, run_after=2025-12-31 00:00:00+00:00
[2025-12-31T21:14:10.386+0000] {processor.py:208} INFO - Processing /home/airflow/.local/lib/python3.12/site-packages/airflow/example_dags/example_bash_operator.py took 0.129 seconds
[2025-12-31T21:14:40.547+0000] {processor.py:186} INFO - Started process (PID=413) to work on /home/airflow/.local/lib/python3.12/site-packages/airflow/example_dags/example_bash_operator.py
[2025-12-31T21:14:40.548+0000] {processor.py:914} INFO - Processing file /home/airflow/.local/lib/python3.12/site-packages/airflow/example_dags/example_bash_operator.py for tasks to queue
[2025-12-31T21:14:40.551+0000] {logging_mixin.py:190} INFO - [2025-12-31T21:14:40.550+0000] {dagbag.py:588} INFO - Filling up the DagBag from /home/airflow/.local/lib/python3.12/site-packages/airflow/example_dags/example_bash_operator.py
[2025-12-31T21:14:40.570+0000] {processor.py:925} INFO - DAG(s) 'example_bash_operator' retrieved from /home/airflow/.local/lib/python3.12/site-packages/airflow/example_dags/example_bash_operator.py
[2025-12-31T21:14:40.598+0000] {logging_mixin.py:190} INFO - [2025-12-31T21:14:40.598+0000] {dag.py:3239} INFO - Sync 1 DAGs
[2025-12-31T21:14:40.629+0000] {logging_mixin.py:190} INFO - [2025-12-31T21:14:40.628+0000] {dag.py:4180} INFO - Setting next_dagrun for example_bash_operator to 2025-12-30 00:00:00+00:00, run_after=2025-12-31 00:00:00+00:00
[2025-12-31T21:14:40.653+0000] {processor.py:208} INFO - Processing /home/airflow/.local/lib/python3.12/site-packages/airflow/example_dags/example_bash_operator.py took 0.113 seconds
[2025-12-31T21:15:11.026+0000] {processor.py:186} INFO - Started process (PID=476) to work on /home/airflow/.local/lib/python3.12/site-packages/airflow/example_dags/example_bash_operator.py
[2025-12-31T21:15:11.027+0000] {processor.py:914} INFO - Processing file /home/airflow/.local/lib/python3.12/site-packages/airflow/example_dags/example_bash_operator.py for tasks to queue
[2025-12-31T21:15:11.031+0000] {logging_mixin.py:190} INFO - [2025-12-31T21:15:11.031+0000] {dagbag.py:588} INFO - Filling up the DagBag from /home/airflow/.local/lib/python3.12/site-packages/airflow/example_dags/example_bash_operator.py
[2025-12-31T21:15:11.049+0000] {processor.py:925} INFO - DAG(s) 'example_bash_operator' retrieved from /home/airflow/.local/lib/python3.12/site-packages/airflow/example_dags/example_bash_operator.py
[2025-12-31T21:15:11.078+0000] {logging_mixin.py:190} INFO - [2025-12-31T21:15:11.078+0000] {dag.py:3239} INFO - Sync 1 DAGs
[2025-12-31T21:15:11.107+0000] {logging_mixin.py:190} INFO - [2025-12-31T21:15:11.107+0000] {dag.py:4180} INFO - Setting next_dagrun for example_bash_operator to 2025-12-30 00:00:00+00:00, run_after=2025-12-31 00:00:00+00:00
[2025-12-31T21:15:11.135+0000] {processor.py:208} INFO - Processing /home/airflow/.local/lib/python3.12/site-packages/airflow/example_dags/example_bash_operator.py took 0.116 seconds
[2025-12-31T21:15:41.329+0000] {processor.py:186} INFO - Started process (PID=539) to work on /home/airflow/.local/lib/python3.12/site-packages/airflow/example_dags/example_bash_operator.py
[2025-12-31T21:15:41.330+0000] {processor.py:914} INFO - Processing file /home/airflow/.local/lib/python3.12/site-packages/airflow/example_dags/example_bash_operator.py for tasks to queue
[2025-12-31T21:15:41.333+0000] {logging_mixin.py:190} INFO - [2025-12-31T21:15:41.332+0000] {dagbag.py:588} INFO - Filling up the DagBag from /home/airflow/.local/lib/python3.12/site-packages/airflow/example_dags/example_bash_operator.py
[2025-12-31T21:15:41.348+0000] {processor.py:925} INFO - DAG(s) 'example_bash_operator' retrieved from /home/airflow/.local/lib/python3.12/site-packages/airflow/example_dags/example_bash_operator.py
[2025-12-31T21:15:41.382+0000] {logging_mixin.py:190} INFO - [2025-12-31T21:15:41.382+0000] {dag.py:3239} INFO - Sync 1 DAGs
[2025-12-31T21:15:41.411+0000] {logging_mixin.py:190} INFO - [2025-12-31T21:15:41.410+0000] {dag.py:4180} INFO - Setting next_dagrun for example_bash_operator to 2025-12-30 00:00:00+00:00, run_after=2025-12-31 00:00:00+00:00
[2025-12-31T21:15:41.436+0000] {processor.py:208} INFO - Processing /home/airflow/.local/lib/python3.12/site-packages/airflow/example_dags/example_bash_operator.py took 0.114 seconds
[2025-12-31T21:16:11.926+0000] {processor.py:186} INFO - Started process (PID=603) to work on /home/airflow/.local/lib/python3.12/site-packages/airflow/example_dags/example_bash_operator.py
[2025-12-31T21:16:11.927+0000] {processor.py:914} INFO - Processing file /home/airflow/.local/lib/python3.12/site-packages/airflow/example_dags/example_bash_operator.py for tasks to queue
[2025-12-31T21:16:11.930+0000] {logging_mixin.py:190} INFO - [2025-12-31T21:16:11.930+0000] {dagbag.py:588} INFO - Filling up the DagBag from /home/airflow/.local/lib/python3.12/site-packages/airflow/example_dags/example_bash_operator.py
[2025-12-31T21:16:11.947+0000] {processor.py:925} INFO - DAG(s) 'example_bash_operator' retrieved from /home/airflow/.local/lib/python3.12/site-packages/airflow/example_dags/example_bash_operator.py
[2025-12-31T21:16:11.979+0000] {logging_mixin.py:190} INFO - [2025-12-31T21:16:11.978+0000] {dag.py:3239} INFO - Sync 1 DAGs
[2025-12-31T21:16:12.019+0000] {logging_mixin.py:190} INFO - [2025-12-31T21:16:12.019+0000] {dag.py:4180} INFO - Setting next_dagrun for example_bash_operator to 2025-12-30 00:00:00+00:00, run_after=2025-12-31 00:00:00+00:00
[2025-12-31T21:16:12.043+0000] {processor.py:208} INFO - Processing /home/airflow/.local/lib/python3.12/site-packages/airflow/example_dags/example_bash_operator.py took 0.125 seconds
[2025-12-31T21:16:42.606+0000] {processor.py:186} INFO - Started process (PID=666) to work on /home/airflow/.local/lib/python3.12/site-packages/airflow/example_dags/example_bash_operator.py
[2025-12-31T21:16:42.608+0000] {processor.py:914} INFO - Processing file /home/airflow/.local/lib/python3.12/site-packages/airflow/example_dags/example_bash_operator.py for tasks to queue
[2025-12-31T21:16:42.610+0000] {logging_mixin.py:190} INFO - [2025-12-31T21:16:42.610+0000] {dagbag.py:588} INFO - Filling up the DagBag from /home/airflow/.local/lib/python3.12/site-packages/airflow/example_dags/example_bash_operator.py
[2025-12-31T21:16:42.627+0000] {processor.py:925} INFO - DAG(s) 'example_bash_operator' retrieved from /home/airflow/.local/lib/python3.12/site-packages/airflow/example_dags/example_bash_operator.py
[2025-12-31T21:16:42.657+0000] {logging_mixin.py:190} INFO - [2025-12-31T21:16:42.657+0000] {dag.py:3239} INFO - Sync 1 DAGs
[2025-12-31T21:16:42.685+0000] {logging_mixin.py:190} INFO - [2025-12-31T21:16:42.685+0000] {dag.py:4180} INFO - Setting next_dagrun for example_bash_operator to 2025-12-30 00:00:00+00:00, run_after=2025-12-31 00:00:00+00:00
[2025-12-31T21:16:42.713+0000] {processor.py:208} INFO - Processing /home/airflow/.local/lib/python3.12/site-packages/airflow/example_dags/example_bash_operator.py took 0.115 seconds
[2025-12-31T21:17:12.789+0000] {processor.py:186} INFO - Started process (PID=729) to work on /home/airflow/.local/lib/python3.12/site-packages/airflow/example_dags/example_bash_operator.py
[2025-12-31T21:17:12.790+0000] {processor.py:914} INFO - Processing file /home/airflow/.local/lib/python3.12/site-packages/airflow/example_dags/example_bash_operator.py for tasks to queue
[2025-12-31T21:17:12.795+0000] {logging_mixin.py:190} INFO - [2025-12-31T21:17:12.794+0000] {dagbag.py:588} INFO - Filling up the DagBag from /home/airflow/.local/lib/python3.12/site-packages/airflow/example_dags/example_bash_operator.py
[2025-12-31T21:17:12.812+0000] {processor.py:925} INFO - DAG(s) 'example_bash_operator' retrieved from /home/airflow/.local/lib/python3.12/site-packages/airflow/example_dags/example_bash_operator.py
[2025-12-31T21:17:12.841+0000] {logging_mixin.py:190} INFO - [2025-12-31T21:17:12.840+0000] {dag.py:3239} INFO - Sync 1 DAGs
[2025-12-31T21:17:12.870+0000] {logging_mixin.py:190} INFO - [2025-12-31T21:17:12.870+0000] {dag.py:4180} INFO - Setting next_dagrun for example_bash_operator to 2025-12-30 00:00:00+00:00, run_after=2025-12-31 00:00:00+00:00
[2025-12-31T21:17:12.895+0000] {processor.py:208} INFO - Processing /home/airflow/.local/lib/python3.12/site-packages/airflow/example_dags/example_bash_operator.py took 0.115 seconds
[2025-12-31T21:17:43.219+0000] {processor.py:186} INFO - Started process (PID=792) to work on /home/airflow/.local/lib/python3.12/site-packages/airflow/example_dags/example_bash_operator.py
[2025-12-31T21:17:43.220+0000] {processor.py:914} INFO - Processing file /home/airflow/.local/lib/python3.12/site-packages/airflow/example_dags/example_bash_operator.py for tasks to queue
[2025-12-31T21:17:43.222+0000] {logging_mixin.py:190} INFO - [2025-12-31T21:17:43.222+0000] {dagbag.py:588} INFO - Filling up the DagBag from /home/airflow/.local/lib/python3.12/site-packages/airflow/example_dags/example_bash_operator.py
[2025-12-31T21:17:43.238+0000] {processor.py:925} INFO - DAG(s) 'example_bash_operator' retrieved from /home/airflow/.local/lib/python3.12/site-packages/airflow/example_dags/example_bash_operator.py
[2025-12-31T21:17:43.264+0000] {logging_mixin.py:190} INFO - [2025-12-31T21:17:43.264+0000] {dag.py:3239} INFO - Sync 1 DAGs
[2025-12-31T21:17:43.291+0000] {logging_mixin.py:190} INFO - [2025-12-31T21:17:43.291+0000] {dag.py:4180} INFO - Setting next_dagrun for example_bash_operator to 2025-12-30 00:00:00+00:00, run_after=2025-12-31 00:00:00+00:00
[2025-12-31T21:17:43.316+0000] {processor.py:208} INFO - Processing /home/airflow/.local/lib/python3.12/site-packages/airflow/example_dags/example_bash_operator.py took 0.103 seconds
[2025-12-31T21:18:14.000+0000] {processor.py:186} INFO - Started process (PID=856) to work on /home/airflow/.local/lib/python3.12/site-packages/airflow/example_dags/example_bash_operator.py
[2025-12-31T21:18:14.001+0000] {processor.py:914} INFO - Processing file /home/airflow/.local/lib/python3.12/site-packages/airflow/example_dags/example_bash_operator.py for tasks to queue
[2025-12-31T21:18:14.004+0000] {logging_mixin.py:190} INFO - [2025-12-31T21:18:14.004+0000] {dagbag.py:588} INFO - Filling up the DagBag from /home/airflow/.local/lib/python3.12/site-packages/airflow/example_dags/example_bash_operator.py
[2025-12-31T21:18:14.020+0000] {processor.py:925} INFO - DAG(s) 'example_bash_operator' retrieved from /home/airflow/.local/lib/python3.12/site-packages/airflow/example_dags/example_bash_operator.py
[2025-12-31T21:18:14.049+0000] {logging_mixin.py:190} INFO - [2025-12-31T21:18:14.049+0000] {dag.py:3239} INFO - Sync 1 DAGs
[2025-12-31T21:18:14.081+0000] {logging_mixin.py:190} INFO - [2025-12-31T21:18:14.080+0000] {dag.py:4180} INFO - Setting next_dagrun for example_bash_operator to 2025-12-30 00:00:00+00:00, run_after=2025-12-31 00:00:00+00:00
[2025-12-31T21:18:14.106+0000] {processor.py:208} INFO - Processing /home/airflow/.local/lib/python3.12/site-packages/airflow/example_dags/example_bash_operator.py took 0.112 seconds
[2025-12-31T21:18:44.968+0000] {processor.py:186} INFO - Started process (PID=919) to work on /home/airflow/.local/lib/python3.12/site-packages/airflow/example_dags/example_bash_operator.py
[2025-12-31T21:18:44.969+0000] {processor.py:914} INFO - Processing file /home/airflow/.local/lib/python3.12/site-packages/airflow/example_dags/example_bash_operator.py for tasks to queue
[2025-12-31T21:18:44.972+0000] {logging_mixin.py:190} INFO - [2025-12-31T21:18:44.971+0000] {dagbag.py:588} INFO - Filling up the DagBag from /home/airflow/.local/lib/python3.12/site-packages/airflow/example_dags/example_bash_operator.py
[2025-12-31T21:18:44.989+0000] {processor.py:925} INFO - DAG(s) 'example_bash_operator' retrieved from /home/airflow/.local/lib/python3.12/site-packages/airflow/example_dags/example_bash_operator.py
[2025-12-31T21:18:45.018+0000] {logging_mixin.py:190} INFO - [2025-12-31T21:18:45.017+0000] {dag.py:3239} INFO - Sync 1 DAGs
[2025-12-31T21:18:45.046+0000] {logging_mixin.py:190} INFO - [2025-12-31T21:18:45.046+0000] {dag.py:4180} INFO - Setting next_dagrun for example_bash_operator to 2025-12-30 00:00:00+00:00, run_after=2025-12-31 00:00:00+00:00
[2025-12-31T21:18:45.068+0000] {processor.py:208} INFO - Processing /home/airflow/.local/lib/python3.12/site-packages/airflow/example_dags/example_bash_operator.py took 0.107 seconds
[2025-12-31T21:19:15.309+0000] {processor.py:186} INFO - Started process (PID=982) to work on /home/airflow/.local/lib/python3.12/site-packages/airflow/example_dags/example_bash_operator.py
[2025-12-31T21:19:15.310+0000] {processor.py:914} INFO - Processing file /home/airflow/.local/lib/python3.12/site-packages/airflow/example_dags/example_bash_operator.py for tasks to queue
[2025-12-31T21:19:15.313+0000] {logging_mixin.py:190} INFO - [2025-12-31T21:19:15.313+0000] {dagbag.py:588} INFO - Filling up the DagBag from /home/airflow/.local/lib/python3.12/site-packages/airflow/example_dags/example_bash_operator.py
[2025-12-31T21:19:15.329+0000] {processor.py:925} INFO - DAG(s) 'example_bash_operator' retrieved from /home/airflow/.local/lib/python3.12/site-packages/airflow/example_dags/example_bash_operator.py
[2025-12-31T21:19:15.355+0000] {logging_mixin.py:190} INFO - [2025-12-31T21:19:15.355+0000] {dag.py:3239} INFO - Sync 1 DAGs
[2025-12-31T21:19:15.382+0000] {logging_mixin.py:190} INFO - [2025-12-31T21:19:15.381+0000] {dag.py:4180} INFO - Setting next_dagrun for example_bash_operator to 2025-12-30 00:00:00+00:00, run_after=2025-12-31 00:00:00+00:00
[2025-12-31T21:19:15.409+0000] {processor.py:208} INFO - Processing /home/airflow/.local/lib/python3.12/site-packages/airflow/example_dags/example_bash_operator.py took 0.106 seconds
[2025-12-31T21:19:46.362+0000] {processor.py:186} INFO - Started process (PID=1045) to work on /home/airflow/.local/lib/python3.12/site-packages/airflow/example_dags/example_bash_operator.py
[2025-12-31T21:19:46.363+0000] {processor.py:914} INFO - Processing file /home/airflow/.local/lib/python3.12/site-packages/airflow/example_dags/example_bash_operator.py for tasks to queue
[2025-12-31T21:19:46.366+0000] {logging_mixin.py:190} INFO - [2025-12-31T21:19:46.365+0000] {dagbag.py:588} INFO - Filling up the DagBag from /home/airflow/.local/lib/python3.12/site-packages/airflow/example_dags/example_bash_operator.py
[2025-12-31T21:19:46.381+0000] {processor.py:925} INFO - DAG(s) 'example_bash_operator' retrieved from /home/airflow/.local/lib/python3.12/site-packages/airflow/example_dags/example_bash_operator.py
[2025-12-31T21:19:46.411+0000] {logging_mixin.py:190} INFO - [2025-12-31T21:19:46.411+0000] {dag.py:3239} INFO - Sync 1 DAGs
[2025-12-31T21:19:46.445+0000] {logging_mixin.py:190} INFO - [2025-12-31T21:19:46.444+0000] {dag.py:4180} INFO - Setting next_dagrun for example_bash_operator to 2025-12-30 00:00:00+00:00, run_after=2025-12-31 00:00:00+00:00
[2025-12-31T21:19:46.473+0000] {processor.py:208} INFO - Processing /home/airflow/.local/lib/python3.12/site-packages/airflow/example_dags/example_bash_operator.py took 0.119 seconds
[2025-12-31T21:20:17.230+0000] {processor.py:186} INFO - Started process (PID=1108) to work on /home/airflow/.local/lib/python3.12/site-packages/airflow/example_dags/example_bash_operator.py
[2025-12-31T21:20:17.231+0000] {processor.py:914} INFO - Processing file /home/airflow/.local/lib/python3.12/site-packages/airflow/example_dags/example_bash_operator.py for tasks to queue
[2025-12-31T21:20:17.233+0000] {logging_mixin.py:190} INFO - [2025-12-31T21:20:17.233+0000] {dagbag.py:588} INFO - Filling up the DagBag from /home/airflow/.local/lib/python3.12/site-packages/airflow/example_dags/example_bash_operator.py
[2025-12-31T21:20:17.248+0000] {processor.py:925} INFO - DAG(s) 'example_bash_operator' retrieved from /home/airflow/.local/lib/python3.12/site-packages/airflow/example_dags/example_bash_operator.py
[2025-12-31T21:20:17.278+0000] {logging_mixin.py:190} INFO - [2025-12-31T21:20:17.278+0000] {dag.py:3239} INFO - Sync 1 DAGs
[2025-12-31T21:20:17.312+0000] {logging_mixin.py:190} INFO - [2025-12-31T21:20:17.311+0000] {dag.py:4180} INFO - Setting next_dagrun for example_bash_operator to 2025-12-30 00:00:00+00:00, run_after=2025-12-31 00:00:00+00:00
[2025-12-31T21:20:17.337+0000] {processor.py:208} INFO - Processing /home/airflow/.local/lib/python3.12/site-packages/airflow/example_dags/example_bash_operator.py took 0.114 seconds
[2025-12-31T21:20:48.105+0000] {processor.py:186} INFO - Started process (PID=1171) to work on /home/airflow/.local/lib/python3.12/site-packages/airflow/example_dags/example_bash_operator.py
[2025-12-31T21:20:48.107+0000] {processor.py:914} INFO - Processing file /home/airflow/.local/lib/python3.12/site-packages/airflow/example_dags/example_bash_operator.py for tasks to queue
[2025-12-31T21:20:48.110+0000] {logging_mixin.py:190} INFO - [2025-12-31T21:20:48.109+0000] {dagbag.py:588} INFO - Filling up the DagBag from /home/airflow/.local/lib/python3.12/site-packages/airflow/example_dags/example_bash_operator.py
[2025-12-31T21:20:48.128+0000] {processor.py:925} INFO - DAG(s) 'example_bash_operator' retrieved from /home/airflow/.local/lib/python3.12/site-packages/airflow/example_dags/example_bash_operator.py
[2025-12-31T21:20:48.158+0000] {logging_mixin.py:190} INFO - [2025-12-31T21:20:48.157+0000] {dag.py:3239} INFO - Sync 1 DAGs
[2025-12-31T21:20:48.187+0000] {logging_mixin.py:190} INFO - [2025-12-31T21:20:48.186+0000] {dag.py:4180} INFO - Setting next_dagrun for example_bash_operator to 2025-12-30 00:00:00+00:00, run_after=2025-12-31 00:00:00+00:00
[2025-12-31T21:20:48.216+0000] {processor.py:208} INFO - Processing /home/airflow/.local/lib/python3.12/site-packages/airflow/example_dags/example_bash_operator.py took 0.118 seconds
[2025-12-31T21:21:18.592+0000] {processor.py:186} INFO - Started process (PID=1234) to work on /home/airflow/.local/lib/python3.12/site-packages/airflow/example_dags/example_bash_operator.py
[2025-12-31T21:21:18.594+0000] {processor.py:914} INFO - Processing file /home/airflow/.local/lib/python3.12/site-packages/airflow/example_dags/example_bash_operator.py for tasks to queue
[2025-12-31T21:21:18.597+0000] {logging_mixin.py:190} INFO - [2025-12-31T21:21:18.597+0000] {dagbag.py:588} INFO - Filling up the DagBag from /home/airflow/.local/lib/python3.12/site-packages/airflow/example_dags/example_bash_operator.py
[2025-12-31T21:21:18.613+0000] {processor.py:925} INFO - DAG(s) 'example_bash_operator' retrieved from /home/airflow/.local/lib/python3.12/site-packages/airflow/example_dags/example_bash_operator.py
[2025-12-31T21:21:18.648+0000] {logging_mixin.py:190} INFO - [2025-12-31T21:21:18.648+0000] {dag.py:3239} INFO - Sync 1 DAGs
[2025-12-31T21:21:18.684+0000] {logging_mixin.py:190} INFO - [2025-12-31T21:21:18.684+0000] {dag.py:4180} INFO - Setting next_dagrun for example_bash_operator to 2025-12-30 00:00:00+00:00, run_after=2025-12-31 00:00:00+00:00
[2025-12-31T21:21:18.709+0000] {processor.py:208} INFO - Processing /home/airflow/.local/lib/python3.12/site-packages/airflow/example_dags/example_bash_operator.py took 0.124 seconds
