[2025-12-31T21:12:11.887+0000] {processor.py:186} INFO - Started process (PID=105) to work on /home/airflow/.local/lib/python3.12/site-packages/airflow/example_dags/example_trigger_target_dag.py
[2025-12-31T21:12:11.889+0000] {processor.py:914} INFO - Processing file /home/airflow/.local/lib/python3.12/site-packages/airflow/example_dags/example_trigger_target_dag.py for tasks to queue
[2025-12-31T21:12:11.892+0000] {logging_mixin.py:190} INFO - [2025-12-31T21:12:11.892+0000] {dagbag.py:588} INFO - Filling up the DagBag from /home/airflow/.local/lib/python3.12/site-packages/airflow/example_dags/example_trigger_target_dag.py
[2025-12-31T21:12:11.906+0000] {processor.py:925} INFO - DAG(s) 'example_trigger_target_dag' retrieved from /home/airflow/.local/lib/python3.12/site-packages/airflow/example_dags/example_trigger_target_dag.py
[2025-12-31T21:12:12.056+0000] {logging_mixin.py:190} INFO - [2025-12-31T21:12:12.055+0000] {override.py:1912} INFO - Created Permission View: can read on DAG:example_trigger_target_dag
[2025-12-31T21:12:12.070+0000] {logging_mixin.py:190} INFO - [2025-12-31T21:12:12.070+0000] {override.py:1912} INFO - Created Permission View: can delete on DAG:example_trigger_target_dag
[2025-12-31T21:12:12.080+0000] {logging_mixin.py:190} INFO - [2025-12-31T21:12:12.080+0000] {override.py:1912} INFO - Created Permission View: can edit on DAG:example_trigger_target_dag
[2025-12-31T21:12:12.092+0000] {logging_mixin.py:190} INFO - [2025-12-31T21:12:12.091+0000] {override.py:1912} INFO - Created Permission View: can read on DAG Run:example_trigger_target_dag
[2025-12-31T21:12:12.102+0000] {logging_mixin.py:190} INFO - [2025-12-31T21:12:12.101+0000] {override.py:1912} INFO - Created Permission View: can create on DAG Run:example_trigger_target_dag
[2025-12-31T21:12:12.111+0000] {logging_mixin.py:190} INFO - [2025-12-31T21:12:12.111+0000] {override.py:1912} INFO - Created Permission View: can delete on DAG Run:example_trigger_target_dag
[2025-12-31T21:12:12.122+0000] {logging_mixin.py:190} INFO - [2025-12-31T21:12:12.122+0000] {override.py:1912} INFO - Created Permission View: menu access on DAG Run:example_trigger_target_dag
[2025-12-31T21:12:12.123+0000] {logging_mixin.py:190} INFO - [2025-12-31T21:12:12.123+0000] {dag.py:3239} INFO - Sync 1 DAGs
[2025-12-31T21:12:12.140+0000] {logging_mixin.py:190} INFO - [2025-12-31T21:12:12.140+0000] {dag.py:3262} INFO - Creating ORM DAG for example_trigger_target_dag
[2025-12-31T21:12:12.141+0000] {logging_mixin.py:190} INFO - [2025-12-31T21:12:12.141+0000] {dag.py:4180} INFO - Setting next_dagrun for example_trigger_target_dag to None, run_after=None
[2025-12-31T21:12:12.165+0000] {processor.py:208} INFO - Processing /home/airflow/.local/lib/python3.12/site-packages/airflow/example_dags/example_trigger_target_dag.py took 0.288 seconds
[2025-12-31T21:12:42.759+0000] {processor.py:186} INFO - Started process (PID=168) to work on /home/airflow/.local/lib/python3.12/site-packages/airflow/example_dags/example_trigger_target_dag.py
[2025-12-31T21:12:42.760+0000] {processor.py:914} INFO - Processing file /home/airflow/.local/lib/python3.12/site-packages/airflow/example_dags/example_trigger_target_dag.py for tasks to queue
[2025-12-31T21:12:42.763+0000] {logging_mixin.py:190} INFO - [2025-12-31T21:12:42.763+0000] {dagbag.py:588} INFO - Filling up the DagBag from /home/airflow/.local/lib/python3.12/site-packages/airflow/example_dags/example_trigger_target_dag.py
[2025-12-31T21:12:42.773+0000] {processor.py:925} INFO - DAG(s) 'example_trigger_target_dag' retrieved from /home/airflow/.local/lib/python3.12/site-packages/airflow/example_dags/example_trigger_target_dag.py
[2025-12-31T21:12:42.794+0000] {logging_mixin.py:190} INFO - [2025-12-31T21:12:42.794+0000] {dag.py:3239} INFO - Sync 1 DAGs
[2025-12-31T21:12:42.810+0000] {logging_mixin.py:190} INFO - [2025-12-31T21:12:42.810+0000] {dag.py:4180} INFO - Setting next_dagrun for example_trigger_target_dag to None, run_after=None
[2025-12-31T21:12:42.835+0000] {processor.py:208} INFO - Processing /home/airflow/.local/lib/python3.12/site-packages/airflow/example_dags/example_trigger_target_dag.py took 0.083 seconds
[2025-12-31T21:13:13.038+0000] {processor.py:186} INFO - Started process (PID=230) to work on /home/airflow/.local/lib/python3.12/site-packages/airflow/example_dags/example_trigger_target_dag.py
[2025-12-31T21:13:13.039+0000] {processor.py:914} INFO - Processing file /home/airflow/.local/lib/python3.12/site-packages/airflow/example_dags/example_trigger_target_dag.py for tasks to queue
[2025-12-31T21:13:13.042+0000] {logging_mixin.py:190} INFO - [2025-12-31T21:13:13.042+0000] {dagbag.py:588} INFO - Filling up the DagBag from /home/airflow/.local/lib/python3.12/site-packages/airflow/example_dags/example_trigger_target_dag.py
[2025-12-31T21:13:13.051+0000] {processor.py:925} INFO - DAG(s) 'example_trigger_target_dag' retrieved from /home/airflow/.local/lib/python3.12/site-packages/airflow/example_dags/example_trigger_target_dag.py
[2025-12-31T21:13:13.074+0000] {logging_mixin.py:190} INFO - [2025-12-31T21:13:13.073+0000] {dag.py:3239} INFO - Sync 1 DAGs
[2025-12-31T21:13:13.089+0000] {logging_mixin.py:190} INFO - [2025-12-31T21:13:13.089+0000] {dag.py:4180} INFO - Setting next_dagrun for example_trigger_target_dag to None, run_after=None
[2025-12-31T21:13:13.116+0000] {processor.py:208} INFO - Processing /home/airflow/.local/lib/python3.12/site-packages/airflow/example_dags/example_trigger_target_dag.py took 0.085 seconds
[2025-12-31T21:13:43.517+0000] {processor.py:186} INFO - Started process (PID=294) to work on /home/airflow/.local/lib/python3.12/site-packages/airflow/example_dags/example_trigger_target_dag.py
[2025-12-31T21:13:43.520+0000] {processor.py:914} INFO - Processing file /home/airflow/.local/lib/python3.12/site-packages/airflow/example_dags/example_trigger_target_dag.py for tasks to queue
[2025-12-31T21:13:43.527+0000] {logging_mixin.py:190} INFO - [2025-12-31T21:13:43.526+0000] {dagbag.py:588} INFO - Filling up the DagBag from /home/airflow/.local/lib/python3.12/site-packages/airflow/example_dags/example_trigger_target_dag.py
[2025-12-31T21:13:43.544+0000] {processor.py:925} INFO - DAG(s) 'example_trigger_target_dag' retrieved from /home/airflow/.local/lib/python3.12/site-packages/airflow/example_dags/example_trigger_target_dag.py
[2025-12-31T21:13:43.580+0000] {logging_mixin.py:190} INFO - [2025-12-31T21:13:43.580+0000] {dag.py:3239} INFO - Sync 1 DAGs
[2025-12-31T21:13:43.598+0000] {logging_mixin.py:190} INFO - [2025-12-31T21:13:43.597+0000] {dag.py:4180} INFO - Setting next_dagrun for example_trigger_target_dag to None, run_after=None
[2025-12-31T21:13:43.624+0000] {processor.py:208} INFO - Processing /home/airflow/.local/lib/python3.12/site-packages/airflow/example_dags/example_trigger_target_dag.py took 0.121 seconds
[2025-12-31T21:14:13.729+0000] {processor.py:186} INFO - Started process (PID=356) to work on /home/airflow/.local/lib/python3.12/site-packages/airflow/example_dags/example_trigger_target_dag.py
[2025-12-31T21:14:13.731+0000] {processor.py:914} INFO - Processing file /home/airflow/.local/lib/python3.12/site-packages/airflow/example_dags/example_trigger_target_dag.py for tasks to queue
[2025-12-31T21:14:13.734+0000] {logging_mixin.py:190} INFO - [2025-12-31T21:14:13.734+0000] {dagbag.py:588} INFO - Filling up the DagBag from /home/airflow/.local/lib/python3.12/site-packages/airflow/example_dags/example_trigger_target_dag.py
[2025-12-31T21:14:13.745+0000] {processor.py:925} INFO - DAG(s) 'example_trigger_target_dag' retrieved from /home/airflow/.local/lib/python3.12/site-packages/airflow/example_dags/example_trigger_target_dag.py
[2025-12-31T21:14:13.767+0000] {logging_mixin.py:190} INFO - [2025-12-31T21:14:13.767+0000] {dag.py:3239} INFO - Sync 1 DAGs
[2025-12-31T21:14:13.785+0000] {logging_mixin.py:190} INFO - [2025-12-31T21:14:13.785+0000] {dag.py:4180} INFO - Setting next_dagrun for example_trigger_target_dag to None, run_after=None
[2025-12-31T21:14:13.819+0000] {processor.py:208} INFO - Processing /home/airflow/.local/lib/python3.12/site-packages/airflow/example_dags/example_trigger_target_dag.py took 0.097 seconds
[2025-12-31T21:14:43.878+0000] {processor.py:186} INFO - Started process (PID=419) to work on /home/airflow/.local/lib/python3.12/site-packages/airflow/example_dags/example_trigger_target_dag.py
[2025-12-31T21:14:43.879+0000] {processor.py:914} INFO - Processing file /home/airflow/.local/lib/python3.12/site-packages/airflow/example_dags/example_trigger_target_dag.py for tasks to queue
[2025-12-31T21:14:43.882+0000] {logging_mixin.py:190} INFO - [2025-12-31T21:14:43.882+0000] {dagbag.py:588} INFO - Filling up the DagBag from /home/airflow/.local/lib/python3.12/site-packages/airflow/example_dags/example_trigger_target_dag.py
[2025-12-31T21:14:43.893+0000] {processor.py:925} INFO - DAG(s) 'example_trigger_target_dag' retrieved from /home/airflow/.local/lib/python3.12/site-packages/airflow/example_dags/example_trigger_target_dag.py
[2025-12-31T21:14:43.927+0000] {logging_mixin.py:190} INFO - [2025-12-31T21:14:43.926+0000] {dag.py:3239} INFO - Sync 1 DAGs
[2025-12-31T21:14:43.956+0000] {logging_mixin.py:190} INFO - [2025-12-31T21:14:43.956+0000] {dag.py:4180} INFO - Setting next_dagrun for example_trigger_target_dag to None, run_after=None
[2025-12-31T21:14:44.010+0000] {processor.py:208} INFO - Processing /home/airflow/.local/lib/python3.12/site-packages/airflow/example_dags/example_trigger_target_dag.py took 0.139 seconds
[2025-12-31T21:15:14.376+0000] {processor.py:186} INFO - Started process (PID=482) to work on /home/airflow/.local/lib/python3.12/site-packages/airflow/example_dags/example_trigger_target_dag.py
[2025-12-31T21:15:14.377+0000] {processor.py:914} INFO - Processing file /home/airflow/.local/lib/python3.12/site-packages/airflow/example_dags/example_trigger_target_dag.py for tasks to queue
[2025-12-31T21:15:14.380+0000] {logging_mixin.py:190} INFO - [2025-12-31T21:15:14.379+0000] {dagbag.py:588} INFO - Filling up the DagBag from /home/airflow/.local/lib/python3.12/site-packages/airflow/example_dags/example_trigger_target_dag.py
[2025-12-31T21:15:14.389+0000] {processor.py:925} INFO - DAG(s) 'example_trigger_target_dag' retrieved from /home/airflow/.local/lib/python3.12/site-packages/airflow/example_dags/example_trigger_target_dag.py
[2025-12-31T21:15:14.412+0000] {logging_mixin.py:190} INFO - [2025-12-31T21:15:14.411+0000] {dag.py:3239} INFO - Sync 1 DAGs
[2025-12-31T21:15:14.428+0000] {logging_mixin.py:190} INFO - [2025-12-31T21:15:14.428+0000] {dag.py:4180} INFO - Setting next_dagrun for example_trigger_target_dag to None, run_after=None
[2025-12-31T21:15:14.456+0000] {processor.py:208} INFO - Processing /home/airflow/.local/lib/python3.12/site-packages/airflow/example_dags/example_trigger_target_dag.py took 0.087 seconds
[2025-12-31T21:15:44.682+0000] {processor.py:186} INFO - Started process (PID=545) to work on /home/airflow/.local/lib/python3.12/site-packages/airflow/example_dags/example_trigger_target_dag.py
[2025-12-31T21:15:44.683+0000] {processor.py:914} INFO - Processing file /home/airflow/.local/lib/python3.12/site-packages/airflow/example_dags/example_trigger_target_dag.py for tasks to queue
[2025-12-31T21:15:44.686+0000] {logging_mixin.py:190} INFO - [2025-12-31T21:15:44.686+0000] {dagbag.py:588} INFO - Filling up the DagBag from /home/airflow/.local/lib/python3.12/site-packages/airflow/example_dags/example_trigger_target_dag.py
[2025-12-31T21:15:44.698+0000] {processor.py:925} INFO - DAG(s) 'example_trigger_target_dag' retrieved from /home/airflow/.local/lib/python3.12/site-packages/airflow/example_dags/example_trigger_target_dag.py
[2025-12-31T21:15:44.722+0000] {logging_mixin.py:190} INFO - [2025-12-31T21:15:44.722+0000] {dag.py:3239} INFO - Sync 1 DAGs
[2025-12-31T21:15:44.742+0000] {logging_mixin.py:190} INFO - [2025-12-31T21:15:44.742+0000] {dag.py:4180} INFO - Setting next_dagrun for example_trigger_target_dag to None, run_after=None
[2025-12-31T21:15:44.787+0000] {processor.py:208} INFO - Processing /home/airflow/.local/lib/python3.12/site-packages/airflow/example_dags/example_trigger_target_dag.py took 0.113 seconds
[2025-12-31T21:16:15.267+0000] {processor.py:186} INFO - Started process (PID=609) to work on /home/airflow/.local/lib/python3.12/site-packages/airflow/example_dags/example_trigger_target_dag.py
[2025-12-31T21:16:15.269+0000] {processor.py:914} INFO - Processing file /home/airflow/.local/lib/python3.12/site-packages/airflow/example_dags/example_trigger_target_dag.py for tasks to queue
[2025-12-31T21:16:15.275+0000] {logging_mixin.py:190} INFO - [2025-12-31T21:16:15.274+0000] {dagbag.py:588} INFO - Filling up the DagBag from /home/airflow/.local/lib/python3.12/site-packages/airflow/example_dags/example_trigger_target_dag.py
[2025-12-31T21:16:15.290+0000] {processor.py:925} INFO - DAG(s) 'example_trigger_target_dag' retrieved from /home/airflow/.local/lib/python3.12/site-packages/airflow/example_dags/example_trigger_target_dag.py
[2025-12-31T21:16:15.316+0000] {logging_mixin.py:190} INFO - [2025-12-31T21:16:15.315+0000] {dag.py:3239} INFO - Sync 1 DAGs
[2025-12-31T21:16:15.335+0000] {logging_mixin.py:190} INFO - [2025-12-31T21:16:15.335+0000] {dag.py:4180} INFO - Setting next_dagrun for example_trigger_target_dag to None, run_after=None
[2025-12-31T21:16:15.366+0000] {processor.py:208} INFO - Processing /home/airflow/.local/lib/python3.12/site-packages/airflow/example_dags/example_trigger_target_dag.py took 0.110 seconds
[2025-12-31T21:16:45.959+0000] {processor.py:186} INFO - Started process (PID=672) to work on /home/airflow/.local/lib/python3.12/site-packages/airflow/example_dags/example_trigger_target_dag.py
[2025-12-31T21:16:45.960+0000] {processor.py:914} INFO - Processing file /home/airflow/.local/lib/python3.12/site-packages/airflow/example_dags/example_trigger_target_dag.py for tasks to queue
[2025-12-31T21:16:45.962+0000] {logging_mixin.py:190} INFO - [2025-12-31T21:16:45.962+0000] {dagbag.py:588} INFO - Filling up the DagBag from /home/airflow/.local/lib/python3.12/site-packages/airflow/example_dags/example_trigger_target_dag.py
[2025-12-31T21:16:45.972+0000] {processor.py:925} INFO - DAG(s) 'example_trigger_target_dag' retrieved from /home/airflow/.local/lib/python3.12/site-packages/airflow/example_dags/example_trigger_target_dag.py
[2025-12-31T21:16:45.992+0000] {logging_mixin.py:190} INFO - [2025-12-31T21:16:45.992+0000] {dag.py:3239} INFO - Sync 1 DAGs
[2025-12-31T21:16:46.007+0000] {logging_mixin.py:190} INFO - [2025-12-31T21:16:46.007+0000] {dag.py:4180} INFO - Setting next_dagrun for example_trigger_target_dag to None, run_after=None
[2025-12-31T21:16:46.034+0000] {processor.py:208} INFO - Processing /home/airflow/.local/lib/python3.12/site-packages/airflow/example_dags/example_trigger_target_dag.py took 0.082 seconds
[2025-12-31T21:17:16.138+0000] {processor.py:186} INFO - Started process (PID=735) to work on /home/airflow/.local/lib/python3.12/site-packages/airflow/example_dags/example_trigger_target_dag.py
[2025-12-31T21:17:16.139+0000] {processor.py:914} INFO - Processing file /home/airflow/.local/lib/python3.12/site-packages/airflow/example_dags/example_trigger_target_dag.py for tasks to queue
[2025-12-31T21:17:16.142+0000] {logging_mixin.py:190} INFO - [2025-12-31T21:17:16.142+0000] {dagbag.py:588} INFO - Filling up the DagBag from /home/airflow/.local/lib/python3.12/site-packages/airflow/example_dags/example_trigger_target_dag.py
[2025-12-31T21:17:16.152+0000] {processor.py:925} INFO - DAG(s) 'example_trigger_target_dag' retrieved from /home/airflow/.local/lib/python3.12/site-packages/airflow/example_dags/example_trigger_target_dag.py
[2025-12-31T21:17:16.175+0000] {logging_mixin.py:190} INFO - [2025-12-31T21:17:16.175+0000] {dag.py:3239} INFO - Sync 1 DAGs
[2025-12-31T21:17:16.193+0000] {logging_mixin.py:190} INFO - [2025-12-31T21:17:16.193+0000] {dag.py:4180} INFO - Setting next_dagrun for example_trigger_target_dag to None, run_after=None
[2025-12-31T21:17:16.217+0000] {processor.py:208} INFO - Processing /home/airflow/.local/lib/python3.12/site-packages/airflow/example_dags/example_trigger_target_dag.py took 0.086 seconds
[2025-12-31T21:17:46.556+0000] {processor.py:186} INFO - Started process (PID=798) to work on /home/airflow/.local/lib/python3.12/site-packages/airflow/example_dags/example_trigger_target_dag.py
[2025-12-31T21:17:46.558+0000] {processor.py:914} INFO - Processing file /home/airflow/.local/lib/python3.12/site-packages/airflow/example_dags/example_trigger_target_dag.py for tasks to queue
[2025-12-31T21:17:46.562+0000] {logging_mixin.py:190} INFO - [2025-12-31T21:17:46.562+0000] {dagbag.py:588} INFO - Filling up the DagBag from /home/airflow/.local/lib/python3.12/site-packages/airflow/example_dags/example_trigger_target_dag.py
[2025-12-31T21:17:46.582+0000] {processor.py:925} INFO - DAG(s) 'example_trigger_target_dag' retrieved from /home/airflow/.local/lib/python3.12/site-packages/airflow/example_dags/example_trigger_target_dag.py
[2025-12-31T21:17:46.619+0000] {logging_mixin.py:190} INFO - [2025-12-31T21:17:46.619+0000] {dag.py:3239} INFO - Sync 1 DAGs
[2025-12-31T21:17:46.646+0000] {logging_mixin.py:190} INFO - [2025-12-31T21:17:46.646+0000] {dag.py:4180} INFO - Setting next_dagrun for example_trigger_target_dag to None, run_after=None
[2025-12-31T21:17:46.672+0000] {processor.py:208} INFO - Processing /home/airflow/.local/lib/python3.12/site-packages/airflow/example_dags/example_trigger_target_dag.py took 0.125 seconds
[2025-12-31T21:18:17.373+0000] {processor.py:186} INFO - Started process (PID=862) to work on /home/airflow/.local/lib/python3.12/site-packages/airflow/example_dags/example_trigger_target_dag.py
[2025-12-31T21:18:17.374+0000] {processor.py:914} INFO - Processing file /home/airflow/.local/lib/python3.12/site-packages/airflow/example_dags/example_trigger_target_dag.py for tasks to queue
[2025-12-31T21:18:17.377+0000] {logging_mixin.py:190} INFO - [2025-12-31T21:18:17.377+0000] {dagbag.py:588} INFO - Filling up the DagBag from /home/airflow/.local/lib/python3.12/site-packages/airflow/example_dags/example_trigger_target_dag.py
[2025-12-31T21:18:17.387+0000] {processor.py:925} INFO - DAG(s) 'example_trigger_target_dag' retrieved from /home/airflow/.local/lib/python3.12/site-packages/airflow/example_dags/example_trigger_target_dag.py
[2025-12-31T21:18:17.409+0000] {logging_mixin.py:190} INFO - [2025-12-31T21:18:17.409+0000] {dag.py:3239} INFO - Sync 1 DAGs
[2025-12-31T21:18:17.426+0000] {logging_mixin.py:190} INFO - [2025-12-31T21:18:17.426+0000] {dag.py:4180} INFO - Setting next_dagrun for example_trigger_target_dag to None, run_after=None
[2025-12-31T21:18:17.453+0000] {processor.py:208} INFO - Processing /home/airflow/.local/lib/python3.12/site-packages/airflow/example_dags/example_trigger_target_dag.py took 0.087 seconds
[2025-12-31T21:18:48.335+0000] {processor.py:186} INFO - Started process (PID=931) to work on /home/airflow/.local/lib/python3.12/site-packages/airflow/example_dags/example_trigger_target_dag.py
[2025-12-31T21:18:48.336+0000] {processor.py:914} INFO - Processing file /home/airflow/.local/lib/python3.12/site-packages/airflow/example_dags/example_trigger_target_dag.py for tasks to queue
[2025-12-31T21:18:48.340+0000] {logging_mixin.py:190} INFO - [2025-12-31T21:18:48.339+0000] {dagbag.py:588} INFO - Filling up the DagBag from /home/airflow/.local/lib/python3.12/site-packages/airflow/example_dags/example_trigger_target_dag.py
[2025-12-31T21:18:48.373+0000] {processor.py:925} INFO - DAG(s) 'example_trigger_target_dag' retrieved from /home/airflow/.local/lib/python3.12/site-packages/airflow/example_dags/example_trigger_target_dag.py
[2025-12-31T21:18:48.419+0000] {logging_mixin.py:190} INFO - [2025-12-31T21:18:48.419+0000] {dag.py:3239} INFO - Sync 1 DAGs
[2025-12-31T21:18:48.442+0000] {logging_mixin.py:190} INFO - [2025-12-31T21:18:48.442+0000] {dag.py:4180} INFO - Setting next_dagrun for example_trigger_target_dag to None, run_after=None
[2025-12-31T21:18:48.471+0000] {processor.py:208} INFO - Processing /home/airflow/.local/lib/python3.12/site-packages/airflow/example_dags/example_trigger_target_dag.py took 0.143 seconds
[2025-12-31T21:19:18.628+0000] {processor.py:186} INFO - Started process (PID=994) to work on /home/airflow/.local/lib/python3.12/site-packages/airflow/example_dags/example_trigger_target_dag.py
[2025-12-31T21:19:18.629+0000] {processor.py:914} INFO - Processing file /home/airflow/.local/lib/python3.12/site-packages/airflow/example_dags/example_trigger_target_dag.py for tasks to queue
[2025-12-31T21:19:18.632+0000] {logging_mixin.py:190} INFO - [2025-12-31T21:19:18.632+0000] {dagbag.py:588} INFO - Filling up the DagBag from /home/airflow/.local/lib/python3.12/site-packages/airflow/example_dags/example_trigger_target_dag.py
[2025-12-31T21:19:18.642+0000] {processor.py:925} INFO - DAG(s) 'example_trigger_target_dag' retrieved from /home/airflow/.local/lib/python3.12/site-packages/airflow/example_dags/example_trigger_target_dag.py
[2025-12-31T21:19:18.667+0000] {logging_mixin.py:190} INFO - [2025-12-31T21:19:18.667+0000] {dag.py:3239} INFO - Sync 1 DAGs
[2025-12-31T21:19:18.684+0000] {logging_mixin.py:190} INFO - [2025-12-31T21:19:18.684+0000] {dag.py:4180} INFO - Setting next_dagrun for example_trigger_target_dag to None, run_after=None
[2025-12-31T21:19:18.710+0000] {processor.py:208} INFO - Processing /home/airflow/.local/lib/python3.12/site-packages/airflow/example_dags/example_trigger_target_dag.py took 0.088 seconds
[2025-12-31T21:19:48.843+0000] {processor.py:186} INFO - Started process (PID=1057) to work on /home/airflow/.local/lib/python3.12/site-packages/airflow/example_dags/example_trigger_target_dag.py
[2025-12-31T21:19:48.844+0000] {processor.py:914} INFO - Processing file /home/airflow/.local/lib/python3.12/site-packages/airflow/example_dags/example_trigger_target_dag.py for tasks to queue
[2025-12-31T21:19:48.847+0000] {logging_mixin.py:190} INFO - [2025-12-31T21:19:48.847+0000] {dagbag.py:588} INFO - Filling up the DagBag from /home/airflow/.local/lib/python3.12/site-packages/airflow/example_dags/example_trigger_target_dag.py
[2025-12-31T21:19:48.866+0000] {processor.py:925} INFO - DAG(s) 'example_trigger_target_dag' retrieved from /home/airflow/.local/lib/python3.12/site-packages/airflow/example_dags/example_trigger_target_dag.py
[2025-12-31T21:19:48.917+0000] {logging_mixin.py:190} INFO - [2025-12-31T21:19:48.917+0000] {dag.py:3239} INFO - Sync 1 DAGs
[2025-12-31T21:19:48.946+0000] {logging_mixin.py:190} INFO - [2025-12-31T21:19:48.946+0000] {dag.py:4180} INFO - Setting next_dagrun for example_trigger_target_dag to None, run_after=None
[2025-12-31T21:19:48.974+0000] {processor.py:208} INFO - Processing /home/airflow/.local/lib/python3.12/site-packages/airflow/example_dags/example_trigger_target_dag.py took 0.138 seconds
[2025-12-31T21:20:19.869+0000] {processor.py:186} INFO - Started process (PID=1120) to work on /home/airflow/.local/lib/python3.12/site-packages/airflow/example_dags/example_trigger_target_dag.py
[2025-12-31T21:20:19.870+0000] {processor.py:914} INFO - Processing file /home/airflow/.local/lib/python3.12/site-packages/airflow/example_dags/example_trigger_target_dag.py for tasks to queue
[2025-12-31T21:20:19.873+0000] {logging_mixin.py:190} INFO - [2025-12-31T21:20:19.873+0000] {dagbag.py:588} INFO - Filling up the DagBag from /home/airflow/.local/lib/python3.12/site-packages/airflow/example_dags/example_trigger_target_dag.py
[2025-12-31T21:20:19.882+0000] {processor.py:925} INFO - DAG(s) 'example_trigger_target_dag' retrieved from /home/airflow/.local/lib/python3.12/site-packages/airflow/example_dags/example_trigger_target_dag.py
[2025-12-31T21:20:19.904+0000] {logging_mixin.py:190} INFO - [2025-12-31T21:20:19.903+0000] {dag.py:3239} INFO - Sync 1 DAGs
[2025-12-31T21:20:19.920+0000] {logging_mixin.py:190} INFO - [2025-12-31T21:20:19.920+0000] {dag.py:4180} INFO - Setting next_dagrun for example_trigger_target_dag to None, run_after=None
[2025-12-31T21:20:19.945+0000] {processor.py:208} INFO - Processing /home/airflow/.local/lib/python3.12/site-packages/airflow/example_dags/example_trigger_target_dag.py took 0.081 seconds
[2025-12-31T21:20:50.549+0000] {processor.py:186} INFO - Started process (PID=1183) to work on /home/airflow/.local/lib/python3.12/site-packages/airflow/example_dags/example_trigger_target_dag.py
[2025-12-31T21:20:50.550+0000] {processor.py:914} INFO - Processing file /home/airflow/.local/lib/python3.12/site-packages/airflow/example_dags/example_trigger_target_dag.py for tasks to queue
[2025-12-31T21:20:50.553+0000] {logging_mixin.py:190} INFO - [2025-12-31T21:20:50.553+0000] {dagbag.py:588} INFO - Filling up the DagBag from /home/airflow/.local/lib/python3.12/site-packages/airflow/example_dags/example_trigger_target_dag.py
[2025-12-31T21:20:50.563+0000] {processor.py:925} INFO - DAG(s) 'example_trigger_target_dag' retrieved from /home/airflow/.local/lib/python3.12/site-packages/airflow/example_dags/example_trigger_target_dag.py
[2025-12-31T21:20:50.585+0000] {logging_mixin.py:190} INFO - [2025-12-31T21:20:50.584+0000] {dag.py:3239} INFO - Sync 1 DAGs
[2025-12-31T21:20:50.601+0000] {logging_mixin.py:190} INFO - [2025-12-31T21:20:50.600+0000] {dag.py:4180} INFO - Setting next_dagrun for example_trigger_target_dag to None, run_after=None
[2025-12-31T21:20:50.626+0000] {processor.py:208} INFO - Processing /home/airflow/.local/lib/python3.12/site-packages/airflow/example_dags/example_trigger_target_dag.py took 0.083 seconds
[2025-12-31T21:21:21.060+0000] {processor.py:186} INFO - Started process (PID=1247) to work on /home/airflow/.local/lib/python3.12/site-packages/airflow/example_dags/example_trigger_target_dag.py
[2025-12-31T21:21:21.061+0000] {processor.py:914} INFO - Processing file /home/airflow/.local/lib/python3.12/site-packages/airflow/example_dags/example_trigger_target_dag.py for tasks to queue
[2025-12-31T21:21:21.064+0000] {logging_mixin.py:190} INFO - [2025-12-31T21:21:21.064+0000] {dagbag.py:588} INFO - Filling up the DagBag from /home/airflow/.local/lib/python3.12/site-packages/airflow/example_dags/example_trigger_target_dag.py
[2025-12-31T21:21:21.076+0000] {processor.py:925} INFO - DAG(s) 'example_trigger_target_dag' retrieved from /home/airflow/.local/lib/python3.12/site-packages/airflow/example_dags/example_trigger_target_dag.py
[2025-12-31T21:21:21.097+0000] {logging_mixin.py:190} INFO - [2025-12-31T21:21:21.097+0000] {dag.py:3239} INFO - Sync 1 DAGs
[2025-12-31T21:21:21.114+0000] {logging_mixin.py:190} INFO - [2025-12-31T21:21:21.114+0000] {dag.py:4180} INFO - Setting next_dagrun for example_trigger_target_dag to None, run_after=None
[2025-12-31T21:21:21.141+0000] {processor.py:208} INFO - Processing /home/airflow/.local/lib/python3.12/site-packages/airflow/example_dags/example_trigger_target_dag.py took 0.088 seconds
