[2025-12-31T21:12:05.843+0000] {processor.py:186} INFO - Started process (PID=90) to work on /home/airflow/.local/lib/python3.12/site-packages/airflow/example_dags/example_sensor_decorator.py
[2025-12-31T21:12:05.845+0000] {processor.py:914} INFO - Processing file /home/airflow/.local/lib/python3.12/site-packages/airflow/example_dags/example_sensor_decorator.py for tasks to queue
[2025-12-31T21:12:05.849+0000] {logging_mixin.py:190} INFO - [2025-12-31T21:12:05.848+0000] {dagbag.py:588} INFO - Filling up the DagBag from /home/airflow/.local/lib/python3.12/site-packages/airflow/example_dags/example_sensor_decorator.py
[2025-12-31T21:12:05.863+0000] {processor.py:925} INFO - DAG(s) 'example_sensor_decorator' retrieved from /home/airflow/.local/lib/python3.12/site-packages/airflow/example_dags/example_sensor_decorator.py
[2025-12-31T21:12:06.043+0000] {logging_mixin.py:190} INFO - [2025-12-31T21:12:06.042+0000] {override.py:1912} INFO - Created Permission View: can read on DAG:example_sensor_decorator
[2025-12-31T21:12:06.058+0000] {logging_mixin.py:190} INFO - [2025-12-31T21:12:06.058+0000] {override.py:1912} INFO - Created Permission View: can delete on DAG:example_sensor_decorator
[2025-12-31T21:12:06.068+0000] {logging_mixin.py:190} INFO - [2025-12-31T21:12:06.068+0000] {override.py:1912} INFO - Created Permission View: can edit on DAG:example_sensor_decorator
[2025-12-31T21:12:06.089+0000] {logging_mixin.py:190} INFO - [2025-12-31T21:12:06.088+0000] {override.py:1912} INFO - Created Permission View: can read on DAG Run:example_sensor_decorator
[2025-12-31T21:12:06.103+0000] {logging_mixin.py:190} INFO - [2025-12-31T21:12:06.103+0000] {override.py:1912} INFO - Created Permission View: can create on DAG Run:example_sensor_decorator
[2025-12-31T21:12:06.123+0000] {logging_mixin.py:190} INFO - [2025-12-31T21:12:06.123+0000] {override.py:1912} INFO - Created Permission View: can delete on DAG Run:example_sensor_decorator
[2025-12-31T21:12:06.139+0000] {logging_mixin.py:190} INFO - [2025-12-31T21:12:06.138+0000] {override.py:1912} INFO - Created Permission View: menu access on DAG Run:example_sensor_decorator
[2025-12-31T21:12:06.140+0000] {logging_mixin.py:190} INFO - [2025-12-31T21:12:06.140+0000] {dag.py:3239} INFO - Sync 1 DAGs
[2025-12-31T21:12:06.179+0000] {logging_mixin.py:190} INFO - [2025-12-31T21:12:06.179+0000] {dag.py:3262} INFO - Creating ORM DAG for example_sensor_decorator
[2025-12-31T21:12:06.182+0000] {logging_mixin.py:190} INFO - [2025-12-31T21:12:06.181+0000] {dag.py:4180} INFO - Setting next_dagrun for example_sensor_decorator to None, run_after=None
[2025-12-31T21:12:06.225+0000] {processor.py:208} INFO - Processing /home/airflow/.local/lib/python3.12/site-packages/airflow/example_dags/example_sensor_decorator.py took 0.391 seconds
[2025-12-31T21:12:37.059+0000] {processor.py:186} INFO - Started process (PID=153) to work on /home/airflow/.local/lib/python3.12/site-packages/airflow/example_dags/example_sensor_decorator.py
[2025-12-31T21:12:37.060+0000] {processor.py:914} INFO - Processing file /home/airflow/.local/lib/python3.12/site-packages/airflow/example_dags/example_sensor_decorator.py for tasks to queue
[2025-12-31T21:12:37.063+0000] {logging_mixin.py:190} INFO - [2025-12-31T21:12:37.063+0000] {dagbag.py:588} INFO - Filling up the DagBag from /home/airflow/.local/lib/python3.12/site-packages/airflow/example_dags/example_sensor_decorator.py
[2025-12-31T21:12:37.074+0000] {processor.py:925} INFO - DAG(s) 'example_sensor_decorator' retrieved from /home/airflow/.local/lib/python3.12/site-packages/airflow/example_dags/example_sensor_decorator.py
[2025-12-31T21:12:37.095+0000] {logging_mixin.py:190} INFO - [2025-12-31T21:12:37.094+0000] {dag.py:3239} INFO - Sync 1 DAGs
[2025-12-31T21:12:37.110+0000] {logging_mixin.py:190} INFO - [2025-12-31T21:12:37.110+0000] {dag.py:4180} INFO - Setting next_dagrun for example_sensor_decorator to None, run_after=None
[2025-12-31T21:12:37.131+0000] {processor.py:208} INFO - Processing /home/airflow/.local/lib/python3.12/site-packages/airflow/example_dags/example_sensor_decorator.py took 0.080 seconds
[2025-12-31T21:13:07.955+0000] {processor.py:186} INFO - Started process (PID=216) to work on /home/airflow/.local/lib/python3.12/site-packages/airflow/example_dags/example_sensor_decorator.py
[2025-12-31T21:13:07.957+0000] {processor.py:914} INFO - Processing file /home/airflow/.local/lib/python3.12/site-packages/airflow/example_dags/example_sensor_decorator.py for tasks to queue
[2025-12-31T21:13:07.960+0000] {logging_mixin.py:190} INFO - [2025-12-31T21:13:07.959+0000] {dagbag.py:588} INFO - Filling up the DagBag from /home/airflow/.local/lib/python3.12/site-packages/airflow/example_dags/example_sensor_decorator.py
[2025-12-31T21:13:07.974+0000] {processor.py:925} INFO - DAG(s) 'example_sensor_decorator' retrieved from /home/airflow/.local/lib/python3.12/site-packages/airflow/example_dags/example_sensor_decorator.py
[2025-12-31T21:13:07.998+0000] {logging_mixin.py:190} INFO - [2025-12-31T21:13:07.998+0000] {dag.py:3239} INFO - Sync 1 DAGs
[2025-12-31T21:13:08.015+0000] {logging_mixin.py:190} INFO - [2025-12-31T21:13:08.014+0000] {dag.py:4180} INFO - Setting next_dagrun for example_sensor_decorator to None, run_after=None
[2025-12-31T21:13:08.037+0000] {processor.py:208} INFO - Processing /home/airflow/.local/lib/python3.12/site-packages/airflow/example_dags/example_sensor_decorator.py took 0.088 seconds
[2025-12-31T21:13:38.523+0000] {processor.py:186} INFO - Started process (PID=280) to work on /home/airflow/.local/lib/python3.12/site-packages/airflow/example_dags/example_sensor_decorator.py
[2025-12-31T21:13:38.525+0000] {processor.py:914} INFO - Processing file /home/airflow/.local/lib/python3.12/site-packages/airflow/example_dags/example_sensor_decorator.py for tasks to queue
[2025-12-31T21:13:38.528+0000] {logging_mixin.py:190} INFO - [2025-12-31T21:13:38.527+0000] {dagbag.py:588} INFO - Filling up the DagBag from /home/airflow/.local/lib/python3.12/site-packages/airflow/example_dags/example_sensor_decorator.py
[2025-12-31T21:13:38.538+0000] {processor.py:925} INFO - DAG(s) 'example_sensor_decorator' retrieved from /home/airflow/.local/lib/python3.12/site-packages/airflow/example_dags/example_sensor_decorator.py
[2025-12-31T21:13:38.560+0000] {logging_mixin.py:190} INFO - [2025-12-31T21:13:38.560+0000] {dag.py:3239} INFO - Sync 1 DAGs
[2025-12-31T21:13:38.578+0000] {logging_mixin.py:190} INFO - [2025-12-31T21:13:38.577+0000] {dag.py:4180} INFO - Setting next_dagrun for example_sensor_decorator to None, run_after=None
[2025-12-31T21:13:38.604+0000] {processor.py:208} INFO - Processing /home/airflow/.local/lib/python3.12/site-packages/airflow/example_dags/example_sensor_decorator.py took 0.088 seconds
[2025-12-31T21:14:08.702+0000] {processor.py:186} INFO - Started process (PID=343) to work on /home/airflow/.local/lib/python3.12/site-packages/airflow/example_dags/example_sensor_decorator.py
[2025-12-31T21:14:08.703+0000] {processor.py:914} INFO - Processing file /home/airflow/.local/lib/python3.12/site-packages/airflow/example_dags/example_sensor_decorator.py for tasks to queue
[2025-12-31T21:14:08.706+0000] {logging_mixin.py:190} INFO - [2025-12-31T21:14:08.706+0000] {dagbag.py:588} INFO - Filling up the DagBag from /home/airflow/.local/lib/python3.12/site-packages/airflow/example_dags/example_sensor_decorator.py
[2025-12-31T21:14:08.715+0000] {processor.py:925} INFO - DAG(s) 'example_sensor_decorator' retrieved from /home/airflow/.local/lib/python3.12/site-packages/airflow/example_dags/example_sensor_decorator.py
[2025-12-31T21:14:08.737+0000] {logging_mixin.py:190} INFO - [2025-12-31T21:14:08.737+0000] {dag.py:3239} INFO - Sync 1 DAGs
[2025-12-31T21:14:08.753+0000] {logging_mixin.py:190} INFO - [2025-12-31T21:14:08.753+0000] {dag.py:4180} INFO - Setting next_dagrun for example_sensor_decorator to None, run_after=None
[2025-12-31T21:14:08.781+0000] {processor.py:208} INFO - Processing /home/airflow/.local/lib/python3.12/site-packages/airflow/example_dags/example_sensor_decorator.py took 0.085 seconds
[2025-12-31T21:14:39.012+0000] {processor.py:186} INFO - Started process (PID=406) to work on /home/airflow/.local/lib/python3.12/site-packages/airflow/example_dags/example_sensor_decorator.py
[2025-12-31T21:14:39.014+0000] {processor.py:914} INFO - Processing file /home/airflow/.local/lib/python3.12/site-packages/airflow/example_dags/example_sensor_decorator.py for tasks to queue
[2025-12-31T21:14:39.018+0000] {logging_mixin.py:190} INFO - [2025-12-31T21:14:39.017+0000] {dagbag.py:588} INFO - Filling up the DagBag from /home/airflow/.local/lib/python3.12/site-packages/airflow/example_dags/example_sensor_decorator.py
[2025-12-31T21:14:39.028+0000] {processor.py:925} INFO - DAG(s) 'example_sensor_decorator' retrieved from /home/airflow/.local/lib/python3.12/site-packages/airflow/example_dags/example_sensor_decorator.py
[2025-12-31T21:14:39.048+0000] {logging_mixin.py:190} INFO - [2025-12-31T21:14:39.048+0000] {dag.py:3239} INFO - Sync 1 DAGs
[2025-12-31T21:14:39.064+0000] {logging_mixin.py:190} INFO - [2025-12-31T21:14:39.063+0000] {dag.py:4180} INFO - Setting next_dagrun for example_sensor_decorator to None, run_after=None
[2025-12-31T21:14:39.087+0000] {processor.py:208} INFO - Processing /home/airflow/.local/lib/python3.12/site-packages/airflow/example_dags/example_sensor_decorator.py took 0.089 seconds
[2025-12-31T21:15:09.552+0000] {processor.py:186} INFO - Started process (PID=469) to work on /home/airflow/.local/lib/python3.12/site-packages/airflow/example_dags/example_sensor_decorator.py
[2025-12-31T21:15:09.554+0000] {processor.py:914} INFO - Processing file /home/airflow/.local/lib/python3.12/site-packages/airflow/example_dags/example_sensor_decorator.py for tasks to queue
[2025-12-31T21:15:09.557+0000] {logging_mixin.py:190} INFO - [2025-12-31T21:15:09.557+0000] {dagbag.py:588} INFO - Filling up the DagBag from /home/airflow/.local/lib/python3.12/site-packages/airflow/example_dags/example_sensor_decorator.py
[2025-12-31T21:15:09.568+0000] {processor.py:925} INFO - DAG(s) 'example_sensor_decorator' retrieved from /home/airflow/.local/lib/python3.12/site-packages/airflow/example_dags/example_sensor_decorator.py
[2025-12-31T21:15:09.590+0000] {logging_mixin.py:190} INFO - [2025-12-31T21:15:09.590+0000] {dag.py:3239} INFO - Sync 1 DAGs
[2025-12-31T21:15:09.607+0000] {logging_mixin.py:190} INFO - [2025-12-31T21:15:09.607+0000] {dag.py:4180} INFO - Setting next_dagrun for example_sensor_decorator to None, run_after=None
[2025-12-31T21:15:09.633+0000] {processor.py:208} INFO - Processing /home/airflow/.local/lib/python3.12/site-packages/airflow/example_dags/example_sensor_decorator.py took 0.088 seconds
[2025-12-31T21:15:39.768+0000] {processor.py:186} INFO - Started process (PID=532) to work on /home/airflow/.local/lib/python3.12/site-packages/airflow/example_dags/example_sensor_decorator.py
[2025-12-31T21:15:39.769+0000] {processor.py:914} INFO - Processing file /home/airflow/.local/lib/python3.12/site-packages/airflow/example_dags/example_sensor_decorator.py for tasks to queue
[2025-12-31T21:15:39.772+0000] {logging_mixin.py:190} INFO - [2025-12-31T21:15:39.771+0000] {dagbag.py:588} INFO - Filling up the DagBag from /home/airflow/.local/lib/python3.12/site-packages/airflow/example_dags/example_sensor_decorator.py
[2025-12-31T21:15:39.786+0000] {processor.py:925} INFO - DAG(s) 'example_sensor_decorator' retrieved from /home/airflow/.local/lib/python3.12/site-packages/airflow/example_dags/example_sensor_decorator.py
[2025-12-31T21:15:39.810+0000] {logging_mixin.py:190} INFO - [2025-12-31T21:15:39.809+0000] {dag.py:3239} INFO - Sync 1 DAGs
[2025-12-31T21:15:39.831+0000] {logging_mixin.py:190} INFO - [2025-12-31T21:15:39.831+0000] {dag.py:4180} INFO - Setting next_dagrun for example_sensor_decorator to None, run_after=None
[2025-12-31T21:15:39.871+0000] {processor.py:208} INFO - Processing /home/airflow/.local/lib/python3.12/site-packages/airflow/example_dags/example_sensor_decorator.py took 0.110 seconds
[2025-12-31T21:16:10.465+0000] {processor.py:186} INFO - Started process (PID=596) to work on /home/airflow/.local/lib/python3.12/site-packages/airflow/example_dags/example_sensor_decorator.py
[2025-12-31T21:16:10.466+0000] {processor.py:914} INFO - Processing file /home/airflow/.local/lib/python3.12/site-packages/airflow/example_dags/example_sensor_decorator.py for tasks to queue
[2025-12-31T21:16:10.469+0000] {logging_mixin.py:190} INFO - [2025-12-31T21:16:10.469+0000] {dagbag.py:588} INFO - Filling up the DagBag from /home/airflow/.local/lib/python3.12/site-packages/airflow/example_dags/example_sensor_decorator.py
[2025-12-31T21:16:10.480+0000] {processor.py:925} INFO - DAG(s) 'example_sensor_decorator' retrieved from /home/airflow/.local/lib/python3.12/site-packages/airflow/example_dags/example_sensor_decorator.py
[2025-12-31T21:16:10.501+0000] {logging_mixin.py:190} INFO - [2025-12-31T21:16:10.501+0000] {dag.py:3239} INFO - Sync 1 DAGs
[2025-12-31T21:16:10.524+0000] {logging_mixin.py:190} INFO - [2025-12-31T21:16:10.523+0000] {dag.py:4180} INFO - Setting next_dagrun for example_sensor_decorator to None, run_after=None
[2025-12-31T21:16:10.554+0000] {processor.py:208} INFO - Processing /home/airflow/.local/lib/python3.12/site-packages/airflow/example_dags/example_sensor_decorator.py took 0.096 seconds
[2025-12-31T21:16:41.098+0000] {processor.py:186} INFO - Started process (PID=659) to work on /home/airflow/.local/lib/python3.12/site-packages/airflow/example_dags/example_sensor_decorator.py
[2025-12-31T21:16:41.099+0000] {processor.py:914} INFO - Processing file /home/airflow/.local/lib/python3.12/site-packages/airflow/example_dags/example_sensor_decorator.py for tasks to queue
[2025-12-31T21:16:41.102+0000] {logging_mixin.py:190} INFO - [2025-12-31T21:16:41.102+0000] {dagbag.py:588} INFO - Filling up the DagBag from /home/airflow/.local/lib/python3.12/site-packages/airflow/example_dags/example_sensor_decorator.py
[2025-12-31T21:16:41.114+0000] {processor.py:925} INFO - DAG(s) 'example_sensor_decorator' retrieved from /home/airflow/.local/lib/python3.12/site-packages/airflow/example_dags/example_sensor_decorator.py
[2025-12-31T21:16:41.135+0000] {logging_mixin.py:190} INFO - [2025-12-31T21:16:41.135+0000] {dag.py:3239} INFO - Sync 1 DAGs
[2025-12-31T21:16:41.152+0000] {logging_mixin.py:190} INFO - [2025-12-31T21:16:41.151+0000] {dag.py:4180} INFO - Setting next_dagrun for example_sensor_decorator to None, run_after=None
[2025-12-31T21:16:41.178+0000] {processor.py:208} INFO - Processing /home/airflow/.local/lib/python3.12/site-packages/airflow/example_dags/example_sensor_decorator.py took 0.086 seconds
[2025-12-31T21:17:11.464+0000] {processor.py:186} INFO - Started process (PID=722) to work on /home/airflow/.local/lib/python3.12/site-packages/airflow/example_dags/example_sensor_decorator.py
[2025-12-31T21:17:11.465+0000] {processor.py:914} INFO - Processing file /home/airflow/.local/lib/python3.12/site-packages/airflow/example_dags/example_sensor_decorator.py for tasks to queue
[2025-12-31T21:17:11.468+0000] {logging_mixin.py:190} INFO - [2025-12-31T21:17:11.468+0000] {dagbag.py:588} INFO - Filling up the DagBag from /home/airflow/.local/lib/python3.12/site-packages/airflow/example_dags/example_sensor_decorator.py
[2025-12-31T21:17:11.479+0000] {processor.py:925} INFO - DAG(s) 'example_sensor_decorator' retrieved from /home/airflow/.local/lib/python3.12/site-packages/airflow/example_dags/example_sensor_decorator.py
[2025-12-31T21:17:11.499+0000] {logging_mixin.py:190} INFO - [2025-12-31T21:17:11.499+0000] {dag.py:3239} INFO - Sync 1 DAGs
[2025-12-31T21:17:11.516+0000] {logging_mixin.py:190} INFO - [2025-12-31T21:17:11.516+0000] {dag.py:4180} INFO - Setting next_dagrun for example_sensor_decorator to None, run_after=None
[2025-12-31T21:17:11.542+0000] {processor.py:208} INFO - Processing /home/airflow/.local/lib/python3.12/site-packages/airflow/example_dags/example_sensor_decorator.py took 0.085 seconds
[2025-12-31T21:17:41.787+0000] {processor.py:186} INFO - Started process (PID=785) to work on /home/airflow/.local/lib/python3.12/site-packages/airflow/example_dags/example_sensor_decorator.py
[2025-12-31T21:17:41.788+0000] {processor.py:914} INFO - Processing file /home/airflow/.local/lib/python3.12/site-packages/airflow/example_dags/example_sensor_decorator.py for tasks to queue
[2025-12-31T21:17:41.791+0000] {logging_mixin.py:190} INFO - [2025-12-31T21:17:41.791+0000] {dagbag.py:588} INFO - Filling up the DagBag from /home/airflow/.local/lib/python3.12/site-packages/airflow/example_dags/example_sensor_decorator.py
[2025-12-31T21:17:41.801+0000] {processor.py:925} INFO - DAG(s) 'example_sensor_decorator' retrieved from /home/airflow/.local/lib/python3.12/site-packages/airflow/example_dags/example_sensor_decorator.py
[2025-12-31T21:17:41.821+0000] {logging_mixin.py:190} INFO - [2025-12-31T21:17:41.821+0000] {dag.py:3239} INFO - Sync 1 DAGs
[2025-12-31T21:17:41.836+0000] {logging_mixin.py:190} INFO - [2025-12-31T21:17:41.836+0000] {dag.py:4180} INFO - Setting next_dagrun for example_sensor_decorator to None, run_after=None
[2025-12-31T21:17:41.864+0000] {processor.py:208} INFO - Processing /home/airflow/.local/lib/python3.12/site-packages/airflow/example_dags/example_sensor_decorator.py took 0.084 seconds
[2025-12-31T21:18:12.554+0000] {processor.py:186} INFO - Started process (PID=849) to work on /home/airflow/.local/lib/python3.12/site-packages/airflow/example_dags/example_sensor_decorator.py
[2025-12-31T21:18:12.556+0000] {processor.py:914} INFO - Processing file /home/airflow/.local/lib/python3.12/site-packages/airflow/example_dags/example_sensor_decorator.py for tasks to queue
[2025-12-31T21:18:12.558+0000] {logging_mixin.py:190} INFO - [2025-12-31T21:18:12.558+0000] {dagbag.py:588} INFO - Filling up the DagBag from /home/airflow/.local/lib/python3.12/site-packages/airflow/example_dags/example_sensor_decorator.py
[2025-12-31T21:18:12.568+0000] {processor.py:925} INFO - DAG(s) 'example_sensor_decorator' retrieved from /home/airflow/.local/lib/python3.12/site-packages/airflow/example_dags/example_sensor_decorator.py
[2025-12-31T21:18:12.589+0000] {logging_mixin.py:190} INFO - [2025-12-31T21:18:12.589+0000] {dag.py:3239} INFO - Sync 1 DAGs
[2025-12-31T21:18:12.606+0000] {logging_mixin.py:190} INFO - [2025-12-31T21:18:12.606+0000] {dag.py:4180} INFO - Setting next_dagrun for example_sensor_decorator to None, run_after=None
[2025-12-31T21:18:12.634+0000] {processor.py:208} INFO - Processing /home/airflow/.local/lib/python3.12/site-packages/airflow/example_dags/example_sensor_decorator.py took 0.086 seconds
[2025-12-31T21:18:43.451+0000] {processor.py:186} INFO - Started process (PID=912) to work on /home/airflow/.local/lib/python3.12/site-packages/airflow/example_dags/example_sensor_decorator.py
[2025-12-31T21:18:43.452+0000] {processor.py:914} INFO - Processing file /home/airflow/.local/lib/python3.12/site-packages/airflow/example_dags/example_sensor_decorator.py for tasks to queue
[2025-12-31T21:18:43.455+0000] {logging_mixin.py:190} INFO - [2025-12-31T21:18:43.454+0000] {dagbag.py:588} INFO - Filling up the DagBag from /home/airflow/.local/lib/python3.12/site-packages/airflow/example_dags/example_sensor_decorator.py
[2025-12-31T21:18:43.466+0000] {processor.py:925} INFO - DAG(s) 'example_sensor_decorator' retrieved from /home/airflow/.local/lib/python3.12/site-packages/airflow/example_dags/example_sensor_decorator.py
[2025-12-31T21:18:43.489+0000] {logging_mixin.py:190} INFO - [2025-12-31T21:18:43.489+0000] {dag.py:3239} INFO - Sync 1 DAGs
[2025-12-31T21:18:43.505+0000] {logging_mixin.py:190} INFO - [2025-12-31T21:18:43.505+0000] {dag.py:4180} INFO - Setting next_dagrun for example_sensor_decorator to None, run_after=None
[2025-12-31T21:18:43.532+0000] {processor.py:208} INFO - Processing /home/airflow/.local/lib/python3.12/site-packages/airflow/example_dags/example_sensor_decorator.py took 0.089 seconds
[2025-12-31T21:19:13.743+0000] {processor.py:186} INFO - Started process (PID=975) to work on /home/airflow/.local/lib/python3.12/site-packages/airflow/example_dags/example_sensor_decorator.py
[2025-12-31T21:19:13.744+0000] {processor.py:914} INFO - Processing file /home/airflow/.local/lib/python3.12/site-packages/airflow/example_dags/example_sensor_decorator.py for tasks to queue
[2025-12-31T21:19:13.746+0000] {logging_mixin.py:190} INFO - [2025-12-31T21:19:13.746+0000] {dagbag.py:588} INFO - Filling up the DagBag from /home/airflow/.local/lib/python3.12/site-packages/airflow/example_dags/example_sensor_decorator.py
[2025-12-31T21:19:13.756+0000] {processor.py:925} INFO - DAG(s) 'example_sensor_decorator' retrieved from /home/airflow/.local/lib/python3.12/site-packages/airflow/example_dags/example_sensor_decorator.py
[2025-12-31T21:19:13.779+0000] {logging_mixin.py:190} INFO - [2025-12-31T21:19:13.779+0000] {dag.py:3239} INFO - Sync 1 DAGs
[2025-12-31T21:19:13.795+0000] {logging_mixin.py:190} INFO - [2025-12-31T21:19:13.794+0000] {dag.py:4180} INFO - Setting next_dagrun for example_sensor_decorator to None, run_after=None
[2025-12-31T21:19:13.819+0000] {processor.py:208} INFO - Processing /home/airflow/.local/lib/python3.12/site-packages/airflow/example_dags/example_sensor_decorator.py took 0.083 seconds
[2025-12-31T21:19:44.195+0000] {processor.py:186} INFO - Started process (PID=1038) to work on /home/airflow/.local/lib/python3.12/site-packages/airflow/example_dags/example_sensor_decorator.py
[2025-12-31T21:19:44.197+0000] {processor.py:914} INFO - Processing file /home/airflow/.local/lib/python3.12/site-packages/airflow/example_dags/example_sensor_decorator.py for tasks to queue
[2025-12-31T21:19:44.200+0000] {logging_mixin.py:190} INFO - [2025-12-31T21:19:44.200+0000] {dagbag.py:588} INFO - Filling up the DagBag from /home/airflow/.local/lib/python3.12/site-packages/airflow/example_dags/example_sensor_decorator.py
[2025-12-31T21:19:44.215+0000] {processor.py:925} INFO - DAG(s) 'example_sensor_decorator' retrieved from /home/airflow/.local/lib/python3.12/site-packages/airflow/example_dags/example_sensor_decorator.py
[2025-12-31T21:19:44.241+0000] {logging_mixin.py:190} INFO - [2025-12-31T21:19:44.240+0000] {dag.py:3239} INFO - Sync 1 DAGs
[2025-12-31T21:19:44.263+0000] {logging_mixin.py:190} INFO - [2025-12-31T21:19:44.263+0000] {dag.py:4180} INFO - Setting next_dagrun for example_sensor_decorator to None, run_after=None
[2025-12-31T21:19:44.309+0000] {processor.py:208} INFO - Processing /home/airflow/.local/lib/python3.12/site-packages/airflow/example_dags/example_sensor_decorator.py took 0.120 seconds
[2025-12-31T21:20:14.668+0000] {processor.py:186} INFO - Started process (PID=1101) to work on /home/airflow/.local/lib/python3.12/site-packages/airflow/example_dags/example_sensor_decorator.py
[2025-12-31T21:20:14.669+0000] {processor.py:914} INFO - Processing file /home/airflow/.local/lib/python3.12/site-packages/airflow/example_dags/example_sensor_decorator.py for tasks to queue
[2025-12-31T21:20:14.673+0000] {logging_mixin.py:190} INFO - [2025-12-31T21:20:14.672+0000] {dagbag.py:588} INFO - Filling up the DagBag from /home/airflow/.local/lib/python3.12/site-packages/airflow/example_dags/example_sensor_decorator.py
[2025-12-31T21:20:14.685+0000] {processor.py:925} INFO - DAG(s) 'example_sensor_decorator' retrieved from /home/airflow/.local/lib/python3.12/site-packages/airflow/example_dags/example_sensor_decorator.py
[2025-12-31T21:20:14.709+0000] {logging_mixin.py:190} INFO - [2025-12-31T21:20:14.709+0000] {dag.py:3239} INFO - Sync 1 DAGs
[2025-12-31T21:20:14.728+0000] {logging_mixin.py:190} INFO - [2025-12-31T21:20:14.728+0000] {dag.py:4180} INFO - Setting next_dagrun for example_sensor_decorator to None, run_after=None
[2025-12-31T21:20:14.754+0000] {processor.py:208} INFO - Processing /home/airflow/.local/lib/python3.12/site-packages/airflow/example_dags/example_sensor_decorator.py took 0.094 seconds
[2025-12-31T21:20:45.676+0000] {processor.py:186} INFO - Started process (PID=1164) to work on /home/airflow/.local/lib/python3.12/site-packages/airflow/example_dags/example_sensor_decorator.py
[2025-12-31T21:20:45.678+0000] {processor.py:914} INFO - Processing file /home/airflow/.local/lib/python3.12/site-packages/airflow/example_dags/example_sensor_decorator.py for tasks to queue
[2025-12-31T21:20:45.681+0000] {logging_mixin.py:190} INFO - [2025-12-31T21:20:45.680+0000] {dagbag.py:588} INFO - Filling up the DagBag from /home/airflow/.local/lib/python3.12/site-packages/airflow/example_dags/example_sensor_decorator.py
[2025-12-31T21:20:45.692+0000] {processor.py:925} INFO - DAG(s) 'example_sensor_decorator' retrieved from /home/airflow/.local/lib/python3.12/site-packages/airflow/example_dags/example_sensor_decorator.py
[2025-12-31T21:20:45.715+0000] {logging_mixin.py:190} INFO - [2025-12-31T21:20:45.715+0000] {dag.py:3239} INFO - Sync 1 DAGs
[2025-12-31T21:20:45.731+0000] {logging_mixin.py:190} INFO - [2025-12-31T21:20:45.731+0000] {dag.py:4180} INFO - Setting next_dagrun for example_sensor_decorator to None, run_after=None
[2025-12-31T21:20:45.753+0000] {processor.py:208} INFO - Processing /home/airflow/.local/lib/python3.12/site-packages/airflow/example_dags/example_sensor_decorator.py took 0.084 seconds
[2025-12-31T21:21:16.054+0000] {processor.py:186} INFO - Started process (PID=1227) to work on /home/airflow/.local/lib/python3.12/site-packages/airflow/example_dags/example_sensor_decorator.py
[2025-12-31T21:21:16.055+0000] {processor.py:914} INFO - Processing file /home/airflow/.local/lib/python3.12/site-packages/airflow/example_dags/example_sensor_decorator.py for tasks to queue
[2025-12-31T21:21:16.058+0000] {logging_mixin.py:190} INFO - [2025-12-31T21:21:16.058+0000] {dagbag.py:588} INFO - Filling up the DagBag from /home/airflow/.local/lib/python3.12/site-packages/airflow/example_dags/example_sensor_decorator.py
[2025-12-31T21:21:16.071+0000] {processor.py:925} INFO - DAG(s) 'example_sensor_decorator' retrieved from /home/airflow/.local/lib/python3.12/site-packages/airflow/example_dags/example_sensor_decorator.py
[2025-12-31T21:21:16.094+0000] {logging_mixin.py:190} INFO - [2025-12-31T21:21:16.094+0000] {dag.py:3239} INFO - Sync 1 DAGs
[2025-12-31T21:21:16.111+0000] {logging_mixin.py:190} INFO - [2025-12-31T21:21:16.111+0000] {dag.py:4180} INFO - Setting next_dagrun for example_sensor_decorator to None, run_after=None
[2025-12-31T21:21:16.135+0000] {processor.py:208} INFO - Processing /home/airflow/.local/lib/python3.12/site-packages/airflow/example_dags/example_sensor_decorator.py took 0.089 seconds
