[2025-12-31T21:12:13.474+0000] {processor.py:186} INFO - Started process (PID=112) to work on /home/airflow/.local/lib/python3.12/site-packages/airflow/example_dags/example_short_circuit_decorator.py
[2025-12-31T21:12:13.475+0000] {processor.py:914} INFO - Processing file /home/airflow/.local/lib/python3.12/site-packages/airflow/example_dags/example_short_circuit_decorator.py for tasks to queue
[2025-12-31T21:12:13.479+0000] {logging_mixin.py:190} INFO - [2025-12-31T21:12:13.478+0000] {dagbag.py:588} INFO - Filling up the DagBag from /home/airflow/.local/lib/python3.12/site-packages/airflow/example_dags/example_short_circuit_decorator.py
[2025-12-31T21:12:13.498+0000] {processor.py:925} INFO - DAG(s) 'example_short_circuit_decorator' retrieved from /home/airflow/.local/lib/python3.12/site-packages/airflow/example_dags/example_short_circuit_decorator.py
[2025-12-31T21:12:13.682+0000] {logging_mixin.py:190} INFO - [2025-12-31T21:12:13.681+0000] {override.py:1912} INFO - Created Permission View: can read on DAG:example_short_circuit_decorator
[2025-12-31T21:12:13.696+0000] {logging_mixin.py:190} INFO - [2025-12-31T21:12:13.696+0000] {override.py:1912} INFO - Created Permission View: can delete on DAG:example_short_circuit_decorator
[2025-12-31T21:12:13.707+0000] {logging_mixin.py:190} INFO - [2025-12-31T21:12:13.706+0000] {override.py:1912} INFO - Created Permission View: can edit on DAG:example_short_circuit_decorator
[2025-12-31T21:12:13.719+0000] {logging_mixin.py:190} INFO - [2025-12-31T21:12:13.719+0000] {override.py:1912} INFO - Created Permission View: can read on DAG Run:example_short_circuit_decorator
[2025-12-31T21:12:13.728+0000] {logging_mixin.py:190} INFO - [2025-12-31T21:12:13.727+0000] {override.py:1912} INFO - Created Permission View: can create on DAG Run:example_short_circuit_decorator
[2025-12-31T21:12:13.737+0000] {logging_mixin.py:190} INFO - [2025-12-31T21:12:13.737+0000] {override.py:1912} INFO - Created Permission View: can delete on DAG Run:example_short_circuit_decorator
[2025-12-31T21:12:13.747+0000] {logging_mixin.py:190} INFO - [2025-12-31T21:12:13.747+0000] {override.py:1912} INFO - Created Permission View: menu access on DAG Run:example_short_circuit_decorator
[2025-12-31T21:12:13.748+0000] {logging_mixin.py:190} INFO - [2025-12-31T21:12:13.748+0000] {dag.py:3239} INFO - Sync 1 DAGs
[2025-12-31T21:12:13.766+0000] {logging_mixin.py:190} INFO - [2025-12-31T21:12:13.765+0000] {dag.py:3262} INFO - Creating ORM DAG for example_short_circuit_decorator
[2025-12-31T21:12:13.767+0000] {logging_mixin.py:190} INFO - [2025-12-31T21:12:13.767+0000] {dag.py:4180} INFO - Setting next_dagrun for example_short_circuit_decorator to None, run_after=None
[2025-12-31T21:12:13.803+0000] {processor.py:208} INFO - Processing /home/airflow/.local/lib/python3.12/site-packages/airflow/example_dags/example_short_circuit_decorator.py took 0.337 seconds
[2025-12-31T21:12:44.490+0000] {processor.py:186} INFO - Started process (PID=175) to work on /home/airflow/.local/lib/python3.12/site-packages/airflow/example_dags/example_short_circuit_decorator.py
[2025-12-31T21:12:44.492+0000] {processor.py:914} INFO - Processing file /home/airflow/.local/lib/python3.12/site-packages/airflow/example_dags/example_short_circuit_decorator.py for tasks to queue
[2025-12-31T21:12:44.494+0000] {logging_mixin.py:190} INFO - [2025-12-31T21:12:44.494+0000] {dagbag.py:588} INFO - Filling up the DagBag from /home/airflow/.local/lib/python3.12/site-packages/airflow/example_dags/example_short_circuit_decorator.py
[2025-12-31T21:12:44.506+0000] {processor.py:925} INFO - DAG(s) 'example_short_circuit_decorator' retrieved from /home/airflow/.local/lib/python3.12/site-packages/airflow/example_dags/example_short_circuit_decorator.py
[2025-12-31T21:12:44.532+0000] {logging_mixin.py:190} INFO - [2025-12-31T21:12:44.532+0000] {dag.py:3239} INFO - Sync 1 DAGs
[2025-12-31T21:12:44.549+0000] {logging_mixin.py:190} INFO - [2025-12-31T21:12:44.549+0000] {dag.py:4180} INFO - Setting next_dagrun for example_short_circuit_decorator to None, run_after=None
[2025-12-31T21:12:44.576+0000] {processor.py:208} INFO - Processing /home/airflow/.local/lib/python3.12/site-packages/airflow/example_dags/example_short_circuit_decorator.py took 0.093 seconds
[2025-12-31T21:13:14.685+0000] {processor.py:186} INFO - Started process (PID=237) to work on /home/airflow/.local/lib/python3.12/site-packages/airflow/example_dags/example_short_circuit_decorator.py
[2025-12-31T21:13:14.686+0000] {processor.py:914} INFO - Processing file /home/airflow/.local/lib/python3.12/site-packages/airflow/example_dags/example_short_circuit_decorator.py for tasks to queue
[2025-12-31T21:13:14.689+0000] {logging_mixin.py:190} INFO - [2025-12-31T21:13:14.689+0000] {dagbag.py:588} INFO - Filling up the DagBag from /home/airflow/.local/lib/python3.12/site-packages/airflow/example_dags/example_short_circuit_decorator.py
[2025-12-31T21:13:14.702+0000] {processor.py:925} INFO - DAG(s) 'example_short_circuit_decorator' retrieved from /home/airflow/.local/lib/python3.12/site-packages/airflow/example_dags/example_short_circuit_decorator.py
[2025-12-31T21:13:14.729+0000] {logging_mixin.py:190} INFO - [2025-12-31T21:13:14.728+0000] {dag.py:3239} INFO - Sync 1 DAGs
[2025-12-31T21:13:14.746+0000] {logging_mixin.py:190} INFO - [2025-12-31T21:13:14.746+0000] {dag.py:4180} INFO - Setting next_dagrun for example_short_circuit_decorator to None, run_after=None
[2025-12-31T21:13:14.775+0000] {processor.py:208} INFO - Processing /home/airflow/.local/lib/python3.12/site-packages/airflow/example_dags/example_short_circuit_decorator.py took 0.098 seconds
[2025-12-31T21:13:44.961+0000] {processor.py:186} INFO - Started process (PID=300) to work on /home/airflow/.local/lib/python3.12/site-packages/airflow/example_dags/example_short_circuit_decorator.py
[2025-12-31T21:13:44.962+0000] {processor.py:914} INFO - Processing file /home/airflow/.local/lib/python3.12/site-packages/airflow/example_dags/example_short_circuit_decorator.py for tasks to queue
[2025-12-31T21:13:44.966+0000] {logging_mixin.py:190} INFO - [2025-12-31T21:13:44.965+0000] {dagbag.py:588} INFO - Filling up the DagBag from /home/airflow/.local/lib/python3.12/site-packages/airflow/example_dags/example_short_circuit_decorator.py
[2025-12-31T21:13:44.978+0000] {processor.py:925} INFO - DAG(s) 'example_short_circuit_decorator' retrieved from /home/airflow/.local/lib/python3.12/site-packages/airflow/example_dags/example_short_circuit_decorator.py
[2025-12-31T21:13:45.007+0000] {logging_mixin.py:190} INFO - [2025-12-31T21:13:45.007+0000] {dag.py:3239} INFO - Sync 1 DAGs
[2025-12-31T21:13:45.025+0000] {logging_mixin.py:190} INFO - [2025-12-31T21:13:45.025+0000] {dag.py:4180} INFO - Setting next_dagrun for example_short_circuit_decorator to None, run_after=None
[2025-12-31T21:13:45.053+0000] {processor.py:208} INFO - Processing /home/airflow/.local/lib/python3.12/site-packages/airflow/example_dags/example_short_circuit_decorator.py took 0.099 seconds
[2025-12-31T21:14:15.556+0000] {processor.py:186} INFO - Started process (PID=363) to work on /home/airflow/.local/lib/python3.12/site-packages/airflow/example_dags/example_short_circuit_decorator.py
[2025-12-31T21:14:15.557+0000] {processor.py:914} INFO - Processing file /home/airflow/.local/lib/python3.12/site-packages/airflow/example_dags/example_short_circuit_decorator.py for tasks to queue
[2025-12-31T21:14:15.561+0000] {logging_mixin.py:190} INFO - [2025-12-31T21:14:15.560+0000] {dagbag.py:588} INFO - Filling up the DagBag from /home/airflow/.local/lib/python3.12/site-packages/airflow/example_dags/example_short_circuit_decorator.py
[2025-12-31T21:14:15.573+0000] {processor.py:925} INFO - DAG(s) 'example_short_circuit_decorator' retrieved from /home/airflow/.local/lib/python3.12/site-packages/airflow/example_dags/example_short_circuit_decorator.py
[2025-12-31T21:14:15.601+0000] {logging_mixin.py:190} INFO - [2025-12-31T21:14:15.601+0000] {dag.py:3239} INFO - Sync 1 DAGs
[2025-12-31T21:14:15.620+0000] {logging_mixin.py:190} INFO - [2025-12-31T21:14:15.619+0000] {dag.py:4180} INFO - Setting next_dagrun for example_short_circuit_decorator to None, run_after=None
[2025-12-31T21:14:15.644+0000] {processor.py:208} INFO - Processing /home/airflow/.local/lib/python3.12/site-packages/airflow/example_dags/example_short_circuit_decorator.py took 0.095 seconds
[2025-12-31T21:14:45.693+0000] {processor.py:186} INFO - Started process (PID=425) to work on /home/airflow/.local/lib/python3.12/site-packages/airflow/example_dags/example_short_circuit_decorator.py
[2025-12-31T21:14:45.694+0000] {processor.py:914} INFO - Processing file /home/airflow/.local/lib/python3.12/site-packages/airflow/example_dags/example_short_circuit_decorator.py for tasks to queue
[2025-12-31T21:14:45.698+0000] {logging_mixin.py:190} INFO - [2025-12-31T21:14:45.698+0000] {dagbag.py:588} INFO - Filling up the DagBag from /home/airflow/.local/lib/python3.12/site-packages/airflow/example_dags/example_short_circuit_decorator.py
[2025-12-31T21:14:45.728+0000] {processor.py:925} INFO - DAG(s) 'example_short_circuit_decorator' retrieved from /home/airflow/.local/lib/python3.12/site-packages/airflow/example_dags/example_short_circuit_decorator.py
[2025-12-31T21:14:45.770+0000] {logging_mixin.py:190} INFO - [2025-12-31T21:14:45.770+0000] {dag.py:3239} INFO - Sync 1 DAGs
[2025-12-31T21:14:45.794+0000] {logging_mixin.py:190} INFO - [2025-12-31T21:14:45.794+0000] {dag.py:4180} INFO - Setting next_dagrun for example_short_circuit_decorator to None, run_after=None
[2025-12-31T21:14:45.829+0000] {processor.py:208} INFO - Processing /home/airflow/.local/lib/python3.12/site-packages/airflow/example_dags/example_short_circuit_decorator.py took 0.145 seconds
[2025-12-31T21:15:15.954+0000] {processor.py:186} INFO - Started process (PID=488) to work on /home/airflow/.local/lib/python3.12/site-packages/airflow/example_dags/example_short_circuit_decorator.py
[2025-12-31T21:15:15.956+0000] {processor.py:914} INFO - Processing file /home/airflow/.local/lib/python3.12/site-packages/airflow/example_dags/example_short_circuit_decorator.py for tasks to queue
[2025-12-31T21:15:15.959+0000] {logging_mixin.py:190} INFO - [2025-12-31T21:15:15.958+0000] {dagbag.py:588} INFO - Filling up the DagBag from /home/airflow/.local/lib/python3.12/site-packages/airflow/example_dags/example_short_circuit_decorator.py
[2025-12-31T21:15:15.971+0000] {processor.py:925} INFO - DAG(s) 'example_short_circuit_decorator' retrieved from /home/airflow/.local/lib/python3.12/site-packages/airflow/example_dags/example_short_circuit_decorator.py
[2025-12-31T21:15:15.997+0000] {logging_mixin.py:190} INFO - [2025-12-31T21:15:15.996+0000] {dag.py:3239} INFO - Sync 1 DAGs
[2025-12-31T21:15:16.012+0000] {logging_mixin.py:190} INFO - [2025-12-31T21:15:16.012+0000] {dag.py:4180} INFO - Setting next_dagrun for example_short_circuit_decorator to None, run_after=None
[2025-12-31T21:15:16.038+0000] {processor.py:208} INFO - Processing /home/airflow/.local/lib/python3.12/site-packages/airflow/example_dags/example_short_circuit_decorator.py took 0.091 seconds
[2025-12-31T21:15:46.268+0000] {processor.py:186} INFO - Started process (PID=551) to work on /home/airflow/.local/lib/python3.12/site-packages/airflow/example_dags/example_short_circuit_decorator.py
[2025-12-31T21:15:46.270+0000] {processor.py:914} INFO - Processing file /home/airflow/.local/lib/python3.12/site-packages/airflow/example_dags/example_short_circuit_decorator.py for tasks to queue
[2025-12-31T21:15:46.281+0000] {logging_mixin.py:190} INFO - [2025-12-31T21:15:46.281+0000] {dagbag.py:588} INFO - Filling up the DagBag from /home/airflow/.local/lib/python3.12/site-packages/airflow/example_dags/example_short_circuit_decorator.py
[2025-12-31T21:15:46.299+0000] {processor.py:925} INFO - DAG(s) 'example_short_circuit_decorator' retrieved from /home/airflow/.local/lib/python3.12/site-packages/airflow/example_dags/example_short_circuit_decorator.py
[2025-12-31T21:15:46.340+0000] {logging_mixin.py:190} INFO - [2025-12-31T21:15:46.340+0000] {dag.py:3239} INFO - Sync 1 DAGs
[2025-12-31T21:15:46.365+0000] {logging_mixin.py:190} INFO - [2025-12-31T21:15:46.365+0000] {dag.py:4180} INFO - Setting next_dagrun for example_short_circuit_decorator to None, run_after=None
[2025-12-31T21:15:46.419+0000] {processor.py:208} INFO - Processing /home/airflow/.local/lib/python3.12/site-packages/airflow/example_dags/example_short_circuit_decorator.py took 0.161 seconds
[2025-12-31T21:16:16.870+0000] {processor.py:186} INFO - Started process (PID=615) to work on /home/airflow/.local/lib/python3.12/site-packages/airflow/example_dags/example_short_circuit_decorator.py
[2025-12-31T21:16:16.871+0000] {processor.py:914} INFO - Processing file /home/airflow/.local/lib/python3.12/site-packages/airflow/example_dags/example_short_circuit_decorator.py for tasks to queue
[2025-12-31T21:16:16.874+0000] {logging_mixin.py:190} INFO - [2025-12-31T21:16:16.874+0000] {dagbag.py:588} INFO - Filling up the DagBag from /home/airflow/.local/lib/python3.12/site-packages/airflow/example_dags/example_short_circuit_decorator.py
[2025-12-31T21:16:16.886+0000] {processor.py:925} INFO - DAG(s) 'example_short_circuit_decorator' retrieved from /home/airflow/.local/lib/python3.12/site-packages/airflow/example_dags/example_short_circuit_decorator.py
[2025-12-31T21:16:16.910+0000] {logging_mixin.py:190} INFO - [2025-12-31T21:16:16.910+0000] {dag.py:3239} INFO - Sync 1 DAGs
[2025-12-31T21:16:16.925+0000] {logging_mixin.py:190} INFO - [2025-12-31T21:16:16.925+0000] {dag.py:4180} INFO - Setting next_dagrun for example_short_circuit_decorator to None, run_after=None
[2025-12-31T21:16:16.952+0000] {processor.py:208} INFO - Processing /home/airflow/.local/lib/python3.12/site-packages/airflow/example_dags/example_short_circuit_decorator.py took 0.090 seconds
[2025-12-31T21:16:47.658+0000] {processor.py:186} INFO - Started process (PID=678) to work on /home/airflow/.local/lib/python3.12/site-packages/airflow/example_dags/example_short_circuit_decorator.py
[2025-12-31T21:16:47.659+0000] {processor.py:914} INFO - Processing file /home/airflow/.local/lib/python3.12/site-packages/airflow/example_dags/example_short_circuit_decorator.py for tasks to queue
[2025-12-31T21:16:47.662+0000] {logging_mixin.py:190} INFO - [2025-12-31T21:16:47.662+0000] {dagbag.py:588} INFO - Filling up the DagBag from /home/airflow/.local/lib/python3.12/site-packages/airflow/example_dags/example_short_circuit_decorator.py
[2025-12-31T21:16:47.679+0000] {processor.py:925} INFO - DAG(s) 'example_short_circuit_decorator' retrieved from /home/airflow/.local/lib/python3.12/site-packages/airflow/example_dags/example_short_circuit_decorator.py
[2025-12-31T21:16:47.703+0000] {logging_mixin.py:190} INFO - [2025-12-31T21:16:47.703+0000] {dag.py:3239} INFO - Sync 1 DAGs
[2025-12-31T21:16:47.722+0000] {logging_mixin.py:190} INFO - [2025-12-31T21:16:47.722+0000] {dag.py:4180} INFO - Setting next_dagrun for example_short_circuit_decorator to None, run_after=None
[2025-12-31T21:16:47.752+0000] {processor.py:208} INFO - Processing /home/airflow/.local/lib/python3.12/site-packages/airflow/example_dags/example_short_circuit_decorator.py took 0.101 seconds
[2025-12-31T21:17:18.605+0000] {processor.py:186} INFO - Started process (PID=747) to work on /home/airflow/.local/lib/python3.12/site-packages/airflow/example_dags/example_short_circuit_decorator.py
[2025-12-31T21:17:18.607+0000] {processor.py:914} INFO - Processing file /home/airflow/.local/lib/python3.12/site-packages/airflow/example_dags/example_short_circuit_decorator.py for tasks to queue
[2025-12-31T21:17:18.611+0000] {logging_mixin.py:190} INFO - [2025-12-31T21:17:18.611+0000] {dagbag.py:588} INFO - Filling up the DagBag from /home/airflow/.local/lib/python3.12/site-packages/airflow/example_dags/example_short_circuit_decorator.py
[2025-12-31T21:17:18.627+0000] {processor.py:925} INFO - DAG(s) 'example_short_circuit_decorator' retrieved from /home/airflow/.local/lib/python3.12/site-packages/airflow/example_dags/example_short_circuit_decorator.py
[2025-12-31T21:17:18.662+0000] {logging_mixin.py:190} INFO - [2025-12-31T21:17:18.662+0000] {dag.py:3239} INFO - Sync 1 DAGs
[2025-12-31T21:17:18.685+0000] {logging_mixin.py:190} INFO - [2025-12-31T21:17:18.685+0000] {dag.py:4180} INFO - Setting next_dagrun for example_short_circuit_decorator to None, run_after=None
[2025-12-31T21:17:18.711+0000] {processor.py:208} INFO - Processing /home/airflow/.local/lib/python3.12/site-packages/airflow/example_dags/example_short_circuit_decorator.py took 0.114 seconds
[2025-12-31T21:17:49.113+0000] {processor.py:186} INFO - Started process (PID=811) to work on /home/airflow/.local/lib/python3.12/site-packages/airflow/example_dags/example_short_circuit_decorator.py
[2025-12-31T21:17:49.115+0000] {processor.py:914} INFO - Processing file /home/airflow/.local/lib/python3.12/site-packages/airflow/example_dags/example_short_circuit_decorator.py for tasks to queue
[2025-12-31T21:17:49.118+0000] {logging_mixin.py:190} INFO - [2025-12-31T21:17:49.117+0000] {dagbag.py:588} INFO - Filling up the DagBag from /home/airflow/.local/lib/python3.12/site-packages/airflow/example_dags/example_short_circuit_decorator.py
[2025-12-31T21:17:49.134+0000] {processor.py:925} INFO - DAG(s) 'example_short_circuit_decorator' retrieved from /home/airflow/.local/lib/python3.12/site-packages/airflow/example_dags/example_short_circuit_decorator.py
[2025-12-31T21:17:49.167+0000] {logging_mixin.py:190} INFO - [2025-12-31T21:17:49.166+0000] {dag.py:3239} INFO - Sync 1 DAGs
[2025-12-31T21:17:49.188+0000] {logging_mixin.py:190} INFO - [2025-12-31T21:17:49.187+0000] {dag.py:4180} INFO - Setting next_dagrun for example_short_circuit_decorator to None, run_after=None
[2025-12-31T21:17:49.218+0000] {processor.py:208} INFO - Processing /home/airflow/.local/lib/python3.12/site-packages/airflow/example_dags/example_short_circuit_decorator.py took 0.114 seconds
[2025-12-31T21:18:19.804+0000] {processor.py:186} INFO - Started process (PID=874) to work on /home/airflow/.local/lib/python3.12/site-packages/airflow/example_dags/example_short_circuit_decorator.py
[2025-12-31T21:18:19.805+0000] {processor.py:914} INFO - Processing file /home/airflow/.local/lib/python3.12/site-packages/airflow/example_dags/example_short_circuit_decorator.py for tasks to queue
[2025-12-31T21:18:19.808+0000] {logging_mixin.py:190} INFO - [2025-12-31T21:18:19.807+0000] {dagbag.py:588} INFO - Filling up the DagBag from /home/airflow/.local/lib/python3.12/site-packages/airflow/example_dags/example_short_circuit_decorator.py
[2025-12-31T21:18:19.820+0000] {processor.py:925} INFO - DAG(s) 'example_short_circuit_decorator' retrieved from /home/airflow/.local/lib/python3.12/site-packages/airflow/example_dags/example_short_circuit_decorator.py
[2025-12-31T21:18:19.846+0000] {logging_mixin.py:190} INFO - [2025-12-31T21:18:19.845+0000] {dag.py:3239} INFO - Sync 1 DAGs
[2025-12-31T21:18:19.861+0000] {logging_mixin.py:190} INFO - [2025-12-31T21:18:19.861+0000] {dag.py:4180} INFO - Setting next_dagrun for example_short_circuit_decorator to None, run_after=None
[2025-12-31T21:18:19.886+0000] {processor.py:208} INFO - Processing /home/airflow/.local/lib/python3.12/site-packages/airflow/example_dags/example_short_circuit_decorator.py took 0.089 seconds
[2025-12-31T21:18:50.768+0000] {processor.py:186} INFO - Started process (PID=937) to work on /home/airflow/.local/lib/python3.12/site-packages/airflow/example_dags/example_short_circuit_decorator.py
[2025-12-31T21:18:50.769+0000] {processor.py:914} INFO - Processing file /home/airflow/.local/lib/python3.12/site-packages/airflow/example_dags/example_short_circuit_decorator.py for tasks to queue
[2025-12-31T21:18:50.772+0000] {logging_mixin.py:190} INFO - [2025-12-31T21:18:50.772+0000] {dagbag.py:588} INFO - Filling up the DagBag from /home/airflow/.local/lib/python3.12/site-packages/airflow/example_dags/example_short_circuit_decorator.py
[2025-12-31T21:18:50.785+0000] {processor.py:925} INFO - DAG(s) 'example_short_circuit_decorator' retrieved from /home/airflow/.local/lib/python3.12/site-packages/airflow/example_dags/example_short_circuit_decorator.py
[2025-12-31T21:18:50.810+0000] {logging_mixin.py:190} INFO - [2025-12-31T21:18:50.810+0000] {dag.py:3239} INFO - Sync 1 DAGs
[2025-12-31T21:18:50.827+0000] {logging_mixin.py:190} INFO - [2025-12-31T21:18:50.827+0000] {dag.py:4180} INFO - Setting next_dagrun for example_short_circuit_decorator to None, run_after=None
[2025-12-31T21:18:50.852+0000] {processor.py:208} INFO - Processing /home/airflow/.local/lib/python3.12/site-packages/airflow/example_dags/example_short_circuit_decorator.py took 0.092 seconds
[2025-12-31T21:19:21.063+0000] {processor.py:186} INFO - Started process (PID=1000) to work on /home/airflow/.local/lib/python3.12/site-packages/airflow/example_dags/example_short_circuit_decorator.py
[2025-12-31T21:19:21.064+0000] {processor.py:914} INFO - Processing file /home/airflow/.local/lib/python3.12/site-packages/airflow/example_dags/example_short_circuit_decorator.py for tasks to queue
[2025-12-31T21:19:21.067+0000] {logging_mixin.py:190} INFO - [2025-12-31T21:19:21.066+0000] {dagbag.py:588} INFO - Filling up the DagBag from /home/airflow/.local/lib/python3.12/site-packages/airflow/example_dags/example_short_circuit_decorator.py
[2025-12-31T21:19:21.080+0000] {processor.py:925} INFO - DAG(s) 'example_short_circuit_decorator' retrieved from /home/airflow/.local/lib/python3.12/site-packages/airflow/example_dags/example_short_circuit_decorator.py
[2025-12-31T21:19:21.104+0000] {logging_mixin.py:190} INFO - [2025-12-31T21:19:21.104+0000] {dag.py:3239} INFO - Sync 1 DAGs
[2025-12-31T21:19:21.121+0000] {logging_mixin.py:190} INFO - [2025-12-31T21:19:21.121+0000] {dag.py:4180} INFO - Setting next_dagrun for example_short_circuit_decorator to None, run_after=None
[2025-12-31T21:19:21.144+0000] {processor.py:208} INFO - Processing /home/airflow/.local/lib/python3.12/site-packages/airflow/example_dags/example_short_circuit_decorator.py took 0.089 seconds
[2025-12-31T21:19:51.409+0000] {processor.py:186} INFO - Started process (PID=1063) to work on /home/airflow/.local/lib/python3.12/site-packages/airflow/example_dags/example_short_circuit_decorator.py
[2025-12-31T21:19:51.410+0000] {processor.py:914} INFO - Processing file /home/airflow/.local/lib/python3.12/site-packages/airflow/example_dags/example_short_circuit_decorator.py for tasks to queue
[2025-12-31T21:19:51.413+0000] {logging_mixin.py:190} INFO - [2025-12-31T21:19:51.413+0000] {dagbag.py:588} INFO - Filling up the DagBag from /home/airflow/.local/lib/python3.12/site-packages/airflow/example_dags/example_short_circuit_decorator.py
[2025-12-31T21:19:51.432+0000] {processor.py:925} INFO - DAG(s) 'example_short_circuit_decorator' retrieved from /home/airflow/.local/lib/python3.12/site-packages/airflow/example_dags/example_short_circuit_decorator.py
[2025-12-31T21:19:51.467+0000] {logging_mixin.py:190} INFO - [2025-12-31T21:19:51.466+0000] {dag.py:3239} INFO - Sync 1 DAGs
[2025-12-31T21:19:51.494+0000] {logging_mixin.py:190} INFO - [2025-12-31T21:19:51.493+0000] {dag.py:4180} INFO - Setting next_dagrun for example_short_circuit_decorator to None, run_after=None
[2025-12-31T21:19:51.532+0000] {processor.py:208} INFO - Processing /home/airflow/.local/lib/python3.12/site-packages/airflow/example_dags/example_short_circuit_decorator.py took 0.132 seconds
[2025-12-31T21:20:22.299+0000] {processor.py:186} INFO - Started process (PID=1126) to work on /home/airflow/.local/lib/python3.12/site-packages/airflow/example_dags/example_short_circuit_decorator.py
[2025-12-31T21:20:22.300+0000] {processor.py:914} INFO - Processing file /home/airflow/.local/lib/python3.12/site-packages/airflow/example_dags/example_short_circuit_decorator.py for tasks to queue
[2025-12-31T21:20:22.303+0000] {logging_mixin.py:190} INFO - [2025-12-31T21:20:22.303+0000] {dagbag.py:588} INFO - Filling up the DagBag from /home/airflow/.local/lib/python3.12/site-packages/airflow/example_dags/example_short_circuit_decorator.py
[2025-12-31T21:20:22.316+0000] {processor.py:925} INFO - DAG(s) 'example_short_circuit_decorator' retrieved from /home/airflow/.local/lib/python3.12/site-packages/airflow/example_dags/example_short_circuit_decorator.py
[2025-12-31T21:20:22.343+0000] {logging_mixin.py:190} INFO - [2025-12-31T21:20:22.343+0000] {dag.py:3239} INFO - Sync 1 DAGs
[2025-12-31T21:20:22.360+0000] {logging_mixin.py:190} INFO - [2025-12-31T21:20:22.360+0000] {dag.py:4180} INFO - Setting next_dagrun for example_short_circuit_decorator to None, run_after=None
[2025-12-31T21:20:22.385+0000] {processor.py:208} INFO - Processing /home/airflow/.local/lib/python3.12/site-packages/airflow/example_dags/example_short_circuit_decorator.py took 0.094 seconds
[2025-12-31T21:20:52.969+0000] {processor.py:186} INFO - Started process (PID=1189) to work on /home/airflow/.local/lib/python3.12/site-packages/airflow/example_dags/example_short_circuit_decorator.py
[2025-12-31T21:20:52.970+0000] {processor.py:914} INFO - Processing file /home/airflow/.local/lib/python3.12/site-packages/airflow/example_dags/example_short_circuit_decorator.py for tasks to queue
[2025-12-31T21:20:52.972+0000] {logging_mixin.py:190} INFO - [2025-12-31T21:20:52.972+0000] {dagbag.py:588} INFO - Filling up the DagBag from /home/airflow/.local/lib/python3.12/site-packages/airflow/example_dags/example_short_circuit_decorator.py
[2025-12-31T21:20:52.985+0000] {processor.py:925} INFO - DAG(s) 'example_short_circuit_decorator' retrieved from /home/airflow/.local/lib/python3.12/site-packages/airflow/example_dags/example_short_circuit_decorator.py
[2025-12-31T21:20:53.012+0000] {logging_mixin.py:190} INFO - [2025-12-31T21:20:53.011+0000] {dag.py:3239} INFO - Sync 1 DAGs
[2025-12-31T21:20:53.027+0000] {logging_mixin.py:190} INFO - [2025-12-31T21:20:53.027+0000] {dag.py:4180} INFO - Setting next_dagrun for example_short_circuit_decorator to None, run_after=None
[2025-12-31T21:20:53.050+0000] {processor.py:208} INFO - Processing /home/airflow/.local/lib/python3.12/site-packages/airflow/example_dags/example_short_circuit_decorator.py took 0.089 seconds
[2025-12-31T21:21:23.537+0000] {processor.py:186} INFO - Started process (PID=1253) to work on /home/airflow/.local/lib/python3.12/site-packages/airflow/example_dags/example_short_circuit_decorator.py
[2025-12-31T21:21:23.539+0000] {processor.py:914} INFO - Processing file /home/airflow/.local/lib/python3.12/site-packages/airflow/example_dags/example_short_circuit_decorator.py for tasks to queue
[2025-12-31T21:21:23.544+0000] {logging_mixin.py:190} INFO - [2025-12-31T21:21:23.543+0000] {dagbag.py:588} INFO - Filling up the DagBag from /home/airflow/.local/lib/python3.12/site-packages/airflow/example_dags/example_short_circuit_decorator.py
[2025-12-31T21:21:23.557+0000] {processor.py:925} INFO - DAG(s) 'example_short_circuit_decorator' retrieved from /home/airflow/.local/lib/python3.12/site-packages/airflow/example_dags/example_short_circuit_decorator.py
[2025-12-31T21:21:23.583+0000] {logging_mixin.py:190} INFO - [2025-12-31T21:21:23.582+0000] {dag.py:3239} INFO - Sync 1 DAGs
[2025-12-31T21:21:23.600+0000] {logging_mixin.py:190} INFO - [2025-12-31T21:21:23.600+0000] {dag.py:4180} INFO - Setting next_dagrun for example_short_circuit_decorator to None, run_after=None
[2025-12-31T21:21:23.624+0000] {processor.py:208} INFO - Processing /home/airflow/.local/lib/python3.12/site-packages/airflow/example_dags/example_short_circuit_decorator.py took 0.095 seconds
