[2025-12-31T21:12:08.230+0000] {processor.py:186} INFO - Started process (PID=99) to work on /home/airflow/.local/lib/python3.12/site-packages/airflow/example_dags/example_dynamic_task_mapping.py
[2025-12-31T21:12:08.232+0000] {processor.py:914} INFO - Processing file /home/airflow/.local/lib/python3.12/site-packages/airflow/example_dags/example_dynamic_task_mapping.py for tasks to queue
[2025-12-31T21:12:08.237+0000] {logging_mixin.py:190} INFO - [2025-12-31T21:12:08.236+0000] {dagbag.py:588} INFO - Filling up the DagBag from /home/airflow/.local/lib/python3.12/site-packages/airflow/example_dags/example_dynamic_task_mapping.py
[2025-12-31T21:12:08.256+0000] {processor.py:925} INFO - DAG(s) 'example_dynamic_task_mapping' retrieved from /home/airflow/.local/lib/python3.12/site-packages/airflow/example_dags/example_dynamic_task_mapping.py
[2025-12-31T21:12:08.457+0000] {logging_mixin.py:190} INFO - [2025-12-31T21:12:08.456+0000] {override.py:1912} INFO - Created Permission View: can read on DAG:example_dynamic_task_mapping
[2025-12-31T21:12:08.472+0000] {logging_mixin.py:190} INFO - [2025-12-31T21:12:08.472+0000] {override.py:1912} INFO - Created Permission View: can delete on DAG:example_dynamic_task_mapping
[2025-12-31T21:12:08.484+0000] {logging_mixin.py:190} INFO - [2025-12-31T21:12:08.483+0000] {override.py:1912} INFO - Created Permission View: can edit on DAG:example_dynamic_task_mapping
[2025-12-31T21:12:08.498+0000] {logging_mixin.py:190} INFO - [2025-12-31T21:12:08.498+0000] {override.py:1912} INFO - Created Permission View: can read on DAG Run:example_dynamic_task_mapping
[2025-12-31T21:12:08.511+0000] {logging_mixin.py:190} INFO - [2025-12-31T21:12:08.510+0000] {override.py:1912} INFO - Created Permission View: can create on DAG Run:example_dynamic_task_mapping
[2025-12-31T21:12:08.523+0000] {logging_mixin.py:190} INFO - [2025-12-31T21:12:08.523+0000] {override.py:1912} INFO - Created Permission View: can delete on DAG Run:example_dynamic_task_mapping
[2025-12-31T21:12:08.535+0000] {logging_mixin.py:190} INFO - [2025-12-31T21:12:08.534+0000] {override.py:1912} INFO - Created Permission View: menu access on DAG Run:example_dynamic_task_mapping
[2025-12-31T21:12:08.536+0000] {logging_mixin.py:190} INFO - [2025-12-31T21:12:08.536+0000] {dag.py:3239} INFO - Sync 1 DAGs
[2025-12-31T21:12:08.558+0000] {logging_mixin.py:190} INFO - [2025-12-31T21:12:08.557+0000] {dag.py:3262} INFO - Creating ORM DAG for example_dynamic_task_mapping
[2025-12-31T21:12:08.559+0000] {logging_mixin.py:190} INFO - [2025-12-31T21:12:08.559+0000] {dag.py:4180} INFO - Setting next_dagrun for example_dynamic_task_mapping to None, run_after=None
[2025-12-31T21:12:08.586+0000] {processor.py:208} INFO - Processing /home/airflow/.local/lib/python3.12/site-packages/airflow/example_dags/example_dynamic_task_mapping.py took 0.369 seconds
[2025-12-31T21:12:38.659+0000] {processor.py:186} INFO - Started process (PID=161) to work on /home/airflow/.local/lib/python3.12/site-packages/airflow/example_dags/example_dynamic_task_mapping.py
[2025-12-31T21:12:38.661+0000] {processor.py:914} INFO - Processing file /home/airflow/.local/lib/python3.12/site-packages/airflow/example_dags/example_dynamic_task_mapping.py for tasks to queue
[2025-12-31T21:12:38.664+0000] {logging_mixin.py:190} INFO - [2025-12-31T21:12:38.663+0000] {dagbag.py:588} INFO - Filling up the DagBag from /home/airflow/.local/lib/python3.12/site-packages/airflow/example_dags/example_dynamic_task_mapping.py
[2025-12-31T21:12:38.675+0000] {processor.py:925} INFO - DAG(s) 'example_dynamic_task_mapping' retrieved from /home/airflow/.local/lib/python3.12/site-packages/airflow/example_dags/example_dynamic_task_mapping.py
[2025-12-31T21:12:38.700+0000] {logging_mixin.py:190} INFO - [2025-12-31T21:12:38.699+0000] {dag.py:3239} INFO - Sync 1 DAGs
[2025-12-31T21:12:38.718+0000] {logging_mixin.py:190} INFO - [2025-12-31T21:12:38.717+0000] {dag.py:4180} INFO - Setting next_dagrun for example_dynamic_task_mapping to None, run_after=None
[2025-12-31T21:12:38.745+0000] {processor.py:208} INFO - Processing /home/airflow/.local/lib/python3.12/site-packages/airflow/example_dags/example_dynamic_task_mapping.py took 0.093 seconds
[2025-12-31T21:13:09.526+0000] {processor.py:186} INFO - Started process (PID=224) to work on /home/airflow/.local/lib/python3.12/site-packages/airflow/example_dags/example_dynamic_task_mapping.py
[2025-12-31T21:13:09.527+0000] {processor.py:914} INFO - Processing file /home/airflow/.local/lib/python3.12/site-packages/airflow/example_dags/example_dynamic_task_mapping.py for tasks to queue
[2025-12-31T21:13:09.530+0000] {logging_mixin.py:190} INFO - [2025-12-31T21:13:09.530+0000] {dagbag.py:588} INFO - Filling up the DagBag from /home/airflow/.local/lib/python3.12/site-packages/airflow/example_dags/example_dynamic_task_mapping.py
[2025-12-31T21:13:09.541+0000] {processor.py:925} INFO - DAG(s) 'example_dynamic_task_mapping' retrieved from /home/airflow/.local/lib/python3.12/site-packages/airflow/example_dags/example_dynamic_task_mapping.py
[2025-12-31T21:13:09.566+0000] {logging_mixin.py:190} INFO - [2025-12-31T21:13:09.566+0000] {dag.py:3239} INFO - Sync 1 DAGs
[2025-12-31T21:13:09.583+0000] {logging_mixin.py:190} INFO - [2025-12-31T21:13:09.583+0000] {dag.py:4180} INFO - Setting next_dagrun for example_dynamic_task_mapping to None, run_after=None
[2025-12-31T21:13:09.611+0000] {processor.py:208} INFO - Processing /home/airflow/.local/lib/python3.12/site-packages/airflow/example_dags/example_dynamic_task_mapping.py took 0.092 seconds
[2025-12-31T21:13:40.160+0000] {processor.py:186} INFO - Started process (PID=288) to work on /home/airflow/.local/lib/python3.12/site-packages/airflow/example_dags/example_dynamic_task_mapping.py
[2025-12-31T21:13:40.162+0000] {processor.py:914} INFO - Processing file /home/airflow/.local/lib/python3.12/site-packages/airflow/example_dags/example_dynamic_task_mapping.py for tasks to queue
[2025-12-31T21:13:40.165+0000] {logging_mixin.py:190} INFO - [2025-12-31T21:13:40.165+0000] {dagbag.py:588} INFO - Filling up the DagBag from /home/airflow/.local/lib/python3.12/site-packages/airflow/example_dags/example_dynamic_task_mapping.py
[2025-12-31T21:13:40.178+0000] {processor.py:925} INFO - DAG(s) 'example_dynamic_task_mapping' retrieved from /home/airflow/.local/lib/python3.12/site-packages/airflow/example_dags/example_dynamic_task_mapping.py
[2025-12-31T21:13:40.214+0000] {logging_mixin.py:190} INFO - [2025-12-31T21:13:40.214+0000] {dag.py:3239} INFO - Sync 1 DAGs
[2025-12-31T21:13:40.239+0000] {logging_mixin.py:190} INFO - [2025-12-31T21:13:40.239+0000] {dag.py:4180} INFO - Setting next_dagrun for example_dynamic_task_mapping to None, run_after=None
[2025-12-31T21:13:40.263+0000] {processor.py:208} INFO - Processing /home/airflow/.local/lib/python3.12/site-packages/airflow/example_dags/example_dynamic_task_mapping.py took 0.109 seconds
[2025-12-31T21:14:10.432+0000] {processor.py:186} INFO - Started process (PID=351) to work on /home/airflow/.local/lib/python3.12/site-packages/airflow/example_dags/example_dynamic_task_mapping.py
[2025-12-31T21:14:10.434+0000] {processor.py:914} INFO - Processing file /home/airflow/.local/lib/python3.12/site-packages/airflow/example_dags/example_dynamic_task_mapping.py for tasks to queue
[2025-12-31T21:14:10.437+0000] {logging_mixin.py:190} INFO - [2025-12-31T21:14:10.436+0000] {dagbag.py:588} INFO - Filling up the DagBag from /home/airflow/.local/lib/python3.12/site-packages/airflow/example_dags/example_dynamic_task_mapping.py
[2025-12-31T21:14:10.448+0000] {processor.py:925} INFO - DAG(s) 'example_dynamic_task_mapping' retrieved from /home/airflow/.local/lib/python3.12/site-packages/airflow/example_dags/example_dynamic_task_mapping.py
[2025-12-31T21:14:10.473+0000] {logging_mixin.py:190} INFO - [2025-12-31T21:14:10.472+0000] {dag.py:3239} INFO - Sync 1 DAGs
[2025-12-31T21:14:10.491+0000] {logging_mixin.py:190} INFO - [2025-12-31T21:14:10.491+0000] {dag.py:4180} INFO - Setting next_dagrun for example_dynamic_task_mapping to None, run_after=None
[2025-12-31T21:14:10.517+0000] {processor.py:208} INFO - Processing /home/airflow/.local/lib/python3.12/site-packages/airflow/example_dags/example_dynamic_task_mapping.py took 0.093 seconds
[2025-12-31T21:14:40.698+0000] {processor.py:186} INFO - Started process (PID=414) to work on /home/airflow/.local/lib/python3.12/site-packages/airflow/example_dags/example_dynamic_task_mapping.py
[2025-12-31T21:14:40.699+0000] {processor.py:914} INFO - Processing file /home/airflow/.local/lib/python3.12/site-packages/airflow/example_dags/example_dynamic_task_mapping.py for tasks to queue
[2025-12-31T21:14:40.702+0000] {logging_mixin.py:190} INFO - [2025-12-31T21:14:40.702+0000] {dagbag.py:588} INFO - Filling up the DagBag from /home/airflow/.local/lib/python3.12/site-packages/airflow/example_dags/example_dynamic_task_mapping.py
[2025-12-31T21:14:40.717+0000] {processor.py:925} INFO - DAG(s) 'example_dynamic_task_mapping' retrieved from /home/airflow/.local/lib/python3.12/site-packages/airflow/example_dags/example_dynamic_task_mapping.py
[2025-12-31T21:14:40.740+0000] {logging_mixin.py:190} INFO - [2025-12-31T21:14:40.739+0000] {dag.py:3239} INFO - Sync 1 DAGs
[2025-12-31T21:14:40.757+0000] {logging_mixin.py:190} INFO - [2025-12-31T21:14:40.757+0000] {dag.py:4180} INFO - Setting next_dagrun for example_dynamic_task_mapping to None, run_after=None
[2025-12-31T21:14:40.779+0000] {processor.py:208} INFO - Processing /home/airflow/.local/lib/python3.12/site-packages/airflow/example_dags/example_dynamic_task_mapping.py took 0.087 seconds
[2025-12-31T21:15:11.178+0000] {processor.py:186} INFO - Started process (PID=477) to work on /home/airflow/.local/lib/python3.12/site-packages/airflow/example_dags/example_dynamic_task_mapping.py
[2025-12-31T21:15:11.179+0000] {processor.py:914} INFO - Processing file /home/airflow/.local/lib/python3.12/site-packages/airflow/example_dags/example_dynamic_task_mapping.py for tasks to queue
[2025-12-31T21:15:11.182+0000] {logging_mixin.py:190} INFO - [2025-12-31T21:15:11.182+0000] {dagbag.py:588} INFO - Filling up the DagBag from /home/airflow/.local/lib/python3.12/site-packages/airflow/example_dags/example_dynamic_task_mapping.py
[2025-12-31T21:15:11.193+0000] {processor.py:925} INFO - DAG(s) 'example_dynamic_task_mapping' retrieved from /home/airflow/.local/lib/python3.12/site-packages/airflow/example_dags/example_dynamic_task_mapping.py
[2025-12-31T21:15:11.218+0000] {logging_mixin.py:190} INFO - [2025-12-31T21:15:11.218+0000] {dag.py:3239} INFO - Sync 1 DAGs
[2025-12-31T21:15:11.240+0000] {logging_mixin.py:190} INFO - [2025-12-31T21:15:11.239+0000] {dag.py:4180} INFO - Setting next_dagrun for example_dynamic_task_mapping to None, run_after=None
[2025-12-31T21:15:11.264+0000] {processor.py:208} INFO - Processing /home/airflow/.local/lib/python3.12/site-packages/airflow/example_dags/example_dynamic_task_mapping.py took 0.094 seconds
[2025-12-31T21:15:41.490+0000] {processor.py:186} INFO - Started process (PID=540) to work on /home/airflow/.local/lib/python3.12/site-packages/airflow/example_dags/example_dynamic_task_mapping.py
[2025-12-31T21:15:41.492+0000] {processor.py:914} INFO - Processing file /home/airflow/.local/lib/python3.12/site-packages/airflow/example_dags/example_dynamic_task_mapping.py for tasks to queue
[2025-12-31T21:15:41.495+0000] {logging_mixin.py:190} INFO - [2025-12-31T21:15:41.494+0000] {dagbag.py:588} INFO - Filling up the DagBag from /home/airflow/.local/lib/python3.12/site-packages/airflow/example_dags/example_dynamic_task_mapping.py
[2025-12-31T21:15:41.506+0000] {processor.py:925} INFO - DAG(s) 'example_dynamic_task_mapping' retrieved from /home/airflow/.local/lib/python3.12/site-packages/airflow/example_dags/example_dynamic_task_mapping.py
[2025-12-31T21:15:41.537+0000] {logging_mixin.py:190} INFO - [2025-12-31T21:15:41.537+0000] {dag.py:3239} INFO - Sync 1 DAGs
[2025-12-31T21:15:41.556+0000] {logging_mixin.py:190} INFO - [2025-12-31T21:15:41.556+0000] {dag.py:4180} INFO - Setting next_dagrun for example_dynamic_task_mapping to None, run_after=None
[2025-12-31T21:15:41.582+0000] {processor.py:208} INFO - Processing /home/airflow/.local/lib/python3.12/site-packages/airflow/example_dags/example_dynamic_task_mapping.py took 0.099 seconds
[2025-12-31T21:16:12.092+0000] {processor.py:186} INFO - Started process (PID=604) to work on /home/airflow/.local/lib/python3.12/site-packages/airflow/example_dags/example_dynamic_task_mapping.py
[2025-12-31T21:16:12.093+0000] {processor.py:914} INFO - Processing file /home/airflow/.local/lib/python3.12/site-packages/airflow/example_dags/example_dynamic_task_mapping.py for tasks to queue
[2025-12-31T21:16:12.096+0000] {logging_mixin.py:190} INFO - [2025-12-31T21:16:12.096+0000] {dagbag.py:588} INFO - Filling up the DagBag from /home/airflow/.local/lib/python3.12/site-packages/airflow/example_dags/example_dynamic_task_mapping.py
[2025-12-31T21:16:12.109+0000] {processor.py:925} INFO - DAG(s) 'example_dynamic_task_mapping' retrieved from /home/airflow/.local/lib/python3.12/site-packages/airflow/example_dags/example_dynamic_task_mapping.py
[2025-12-31T21:16:12.130+0000] {logging_mixin.py:190} INFO - [2025-12-31T21:16:12.130+0000] {dag.py:3239} INFO - Sync 1 DAGs
[2025-12-31T21:16:12.146+0000] {logging_mixin.py:190} INFO - [2025-12-31T21:16:12.146+0000] {dag.py:4180} INFO - Setting next_dagrun for example_dynamic_task_mapping to None, run_after=None
[2025-12-31T21:16:12.169+0000] {processor.py:208} INFO - Processing /home/airflow/.local/lib/python3.12/site-packages/airflow/example_dags/example_dynamic_task_mapping.py took 0.084 seconds
[2025-12-31T21:16:42.761+0000] {processor.py:186} INFO - Started process (PID=667) to work on /home/airflow/.local/lib/python3.12/site-packages/airflow/example_dags/example_dynamic_task_mapping.py
[2025-12-31T21:16:42.763+0000] {processor.py:914} INFO - Processing file /home/airflow/.local/lib/python3.12/site-packages/airflow/example_dags/example_dynamic_task_mapping.py for tasks to queue
[2025-12-31T21:16:42.766+0000] {logging_mixin.py:190} INFO - [2025-12-31T21:16:42.765+0000] {dagbag.py:588} INFO - Filling up the DagBag from /home/airflow/.local/lib/python3.12/site-packages/airflow/example_dags/example_dynamic_task_mapping.py
[2025-12-31T21:16:42.778+0000] {processor.py:925} INFO - DAG(s) 'example_dynamic_task_mapping' retrieved from /home/airflow/.local/lib/python3.12/site-packages/airflow/example_dags/example_dynamic_task_mapping.py
[2025-12-31T21:16:42.803+0000] {logging_mixin.py:190} INFO - [2025-12-31T21:16:42.802+0000] {dag.py:3239} INFO - Sync 1 DAGs
[2025-12-31T21:16:42.820+0000] {logging_mixin.py:190} INFO - [2025-12-31T21:16:42.820+0000] {dag.py:4180} INFO - Setting next_dagrun for example_dynamic_task_mapping to None, run_after=None
[2025-12-31T21:16:42.847+0000] {processor.py:208} INFO - Processing /home/airflow/.local/lib/python3.12/site-packages/airflow/example_dags/example_dynamic_task_mapping.py took 0.093 seconds
[2025-12-31T21:17:12.947+0000] {processor.py:186} INFO - Started process (PID=730) to work on /home/airflow/.local/lib/python3.12/site-packages/airflow/example_dags/example_dynamic_task_mapping.py
[2025-12-31T21:17:12.949+0000] {processor.py:914} INFO - Processing file /home/airflow/.local/lib/python3.12/site-packages/airflow/example_dags/example_dynamic_task_mapping.py for tasks to queue
[2025-12-31T21:17:12.952+0000] {logging_mixin.py:190} INFO - [2025-12-31T21:17:12.952+0000] {dagbag.py:588} INFO - Filling up the DagBag from /home/airflow/.local/lib/python3.12/site-packages/airflow/example_dags/example_dynamic_task_mapping.py
[2025-12-31T21:17:12.964+0000] {processor.py:925} INFO - DAG(s) 'example_dynamic_task_mapping' retrieved from /home/airflow/.local/lib/python3.12/site-packages/airflow/example_dags/example_dynamic_task_mapping.py
[2025-12-31T21:17:12.990+0000] {logging_mixin.py:190} INFO - [2025-12-31T21:17:12.990+0000] {dag.py:3239} INFO - Sync 1 DAGs
[2025-12-31T21:17:13.009+0000] {logging_mixin.py:190} INFO - [2025-12-31T21:17:13.009+0000] {dag.py:4180} INFO - Setting next_dagrun for example_dynamic_task_mapping to None, run_after=None
[2025-12-31T21:17:13.038+0000] {processor.py:208} INFO - Processing /home/airflow/.local/lib/python3.12/site-packages/airflow/example_dags/example_dynamic_task_mapping.py took 0.099 seconds
[2025-12-31T21:17:43.362+0000] {processor.py:186} INFO - Started process (PID=793) to work on /home/airflow/.local/lib/python3.12/site-packages/airflow/example_dags/example_dynamic_task_mapping.py
[2025-12-31T21:17:43.363+0000] {processor.py:914} INFO - Processing file /home/airflow/.local/lib/python3.12/site-packages/airflow/example_dags/example_dynamic_task_mapping.py for tasks to queue
[2025-12-31T21:17:43.367+0000] {logging_mixin.py:190} INFO - [2025-12-31T21:17:43.366+0000] {dagbag.py:588} INFO - Filling up the DagBag from /home/airflow/.local/lib/python3.12/site-packages/airflow/example_dags/example_dynamic_task_mapping.py
[2025-12-31T21:17:43.378+0000] {processor.py:925} INFO - DAG(s) 'example_dynamic_task_mapping' retrieved from /home/airflow/.local/lib/python3.12/site-packages/airflow/example_dags/example_dynamic_task_mapping.py
[2025-12-31T21:17:43.402+0000] {logging_mixin.py:190} INFO - [2025-12-31T21:17:43.401+0000] {dag.py:3239} INFO - Sync 1 DAGs
[2025-12-31T21:17:43.420+0000] {logging_mixin.py:190} INFO - [2025-12-31T21:17:43.420+0000] {dag.py:4180} INFO - Setting next_dagrun for example_dynamic_task_mapping to None, run_after=None
[2025-12-31T21:17:43.443+0000] {processor.py:208} INFO - Processing /home/airflow/.local/lib/python3.12/site-packages/airflow/example_dags/example_dynamic_task_mapping.py took 0.088 seconds
[2025-12-31T21:18:14.155+0000] {processor.py:186} INFO - Started process (PID=857) to work on /home/airflow/.local/lib/python3.12/site-packages/airflow/example_dags/example_dynamic_task_mapping.py
[2025-12-31T21:18:14.157+0000] {processor.py:914} INFO - Processing file /home/airflow/.local/lib/python3.12/site-packages/airflow/example_dags/example_dynamic_task_mapping.py for tasks to queue
[2025-12-31T21:18:14.160+0000] {logging_mixin.py:190} INFO - [2025-12-31T21:18:14.159+0000] {dagbag.py:588} INFO - Filling up the DagBag from /home/airflow/.local/lib/python3.12/site-packages/airflow/example_dags/example_dynamic_task_mapping.py
[2025-12-31T21:18:14.171+0000] {processor.py:925} INFO - DAG(s) 'example_dynamic_task_mapping' retrieved from /home/airflow/.local/lib/python3.12/site-packages/airflow/example_dags/example_dynamic_task_mapping.py
[2025-12-31T21:18:14.197+0000] {logging_mixin.py:190} INFO - [2025-12-31T21:18:14.196+0000] {dag.py:3239} INFO - Sync 1 DAGs
[2025-12-31T21:18:14.216+0000] {logging_mixin.py:190} INFO - [2025-12-31T21:18:14.216+0000] {dag.py:4180} INFO - Setting next_dagrun for example_dynamic_task_mapping to None, run_after=None
[2025-12-31T21:18:14.240+0000] {processor.py:208} INFO - Processing /home/airflow/.local/lib/python3.12/site-packages/airflow/example_dags/example_dynamic_task_mapping.py took 0.093 seconds
[2025-12-31T21:18:45.120+0000] {processor.py:186} INFO - Started process (PID=920) to work on /home/airflow/.local/lib/python3.12/site-packages/airflow/example_dags/example_dynamic_task_mapping.py
[2025-12-31T21:18:45.122+0000] {processor.py:914} INFO - Processing file /home/airflow/.local/lib/python3.12/site-packages/airflow/example_dags/example_dynamic_task_mapping.py for tasks to queue
[2025-12-31T21:18:45.125+0000] {logging_mixin.py:190} INFO - [2025-12-31T21:18:45.124+0000] {dagbag.py:588} INFO - Filling up the DagBag from /home/airflow/.local/lib/python3.12/site-packages/airflow/example_dags/example_dynamic_task_mapping.py
[2025-12-31T21:18:45.137+0000] {processor.py:925} INFO - DAG(s) 'example_dynamic_task_mapping' retrieved from /home/airflow/.local/lib/python3.12/site-packages/airflow/example_dags/example_dynamic_task_mapping.py
[2025-12-31T21:18:45.162+0000] {logging_mixin.py:190} INFO - [2025-12-31T21:18:45.162+0000] {dag.py:3239} INFO - Sync 1 DAGs
[2025-12-31T21:18:45.180+0000] {logging_mixin.py:190} INFO - [2025-12-31T21:18:45.180+0000] {dag.py:4180} INFO - Setting next_dagrun for example_dynamic_task_mapping to None, run_after=None
[2025-12-31T21:18:45.208+0000] {processor.py:208} INFO - Processing /home/airflow/.local/lib/python3.12/site-packages/airflow/example_dags/example_dynamic_task_mapping.py took 0.097 seconds
[2025-12-31T21:19:15.462+0000] {processor.py:186} INFO - Started process (PID=983) to work on /home/airflow/.local/lib/python3.12/site-packages/airflow/example_dags/example_dynamic_task_mapping.py
[2025-12-31T21:19:15.463+0000] {processor.py:914} INFO - Processing file /home/airflow/.local/lib/python3.12/site-packages/airflow/example_dags/example_dynamic_task_mapping.py for tasks to queue
[2025-12-31T21:19:15.466+0000] {logging_mixin.py:190} INFO - [2025-12-31T21:19:15.466+0000] {dagbag.py:588} INFO - Filling up the DagBag from /home/airflow/.local/lib/python3.12/site-packages/airflow/example_dags/example_dynamic_task_mapping.py
[2025-12-31T21:19:15.477+0000] {processor.py:925} INFO - DAG(s) 'example_dynamic_task_mapping' retrieved from /home/airflow/.local/lib/python3.12/site-packages/airflow/example_dags/example_dynamic_task_mapping.py
[2025-12-31T21:19:15.500+0000] {logging_mixin.py:190} INFO - [2025-12-31T21:19:15.500+0000] {dag.py:3239} INFO - Sync 1 DAGs
[2025-12-31T21:19:15.517+0000] {logging_mixin.py:190} INFO - [2025-12-31T21:19:15.517+0000] {dag.py:4180} INFO - Setting next_dagrun for example_dynamic_task_mapping to None, run_after=None
[2025-12-31T21:19:15.543+0000] {processor.py:208} INFO - Processing /home/airflow/.local/lib/python3.12/site-packages/airflow/example_dags/example_dynamic_task_mapping.py took 0.089 seconds
[2025-12-31T21:19:46.525+0000] {processor.py:186} INFO - Started process (PID=1046) to work on /home/airflow/.local/lib/python3.12/site-packages/airflow/example_dags/example_dynamic_task_mapping.py
[2025-12-31T21:19:46.526+0000] {processor.py:914} INFO - Processing file /home/airflow/.local/lib/python3.12/site-packages/airflow/example_dags/example_dynamic_task_mapping.py for tasks to queue
[2025-12-31T21:19:46.529+0000] {logging_mixin.py:190} INFO - [2025-12-31T21:19:46.529+0000] {dagbag.py:588} INFO - Filling up the DagBag from /home/airflow/.local/lib/python3.12/site-packages/airflow/example_dags/example_dynamic_task_mapping.py
[2025-12-31T21:19:46.542+0000] {processor.py:925} INFO - DAG(s) 'example_dynamic_task_mapping' retrieved from /home/airflow/.local/lib/python3.12/site-packages/airflow/example_dags/example_dynamic_task_mapping.py
[2025-12-31T21:19:46.566+0000] {logging_mixin.py:190} INFO - [2025-12-31T21:19:46.566+0000] {dag.py:3239} INFO - Sync 1 DAGs
[2025-12-31T21:19:46.584+0000] {logging_mixin.py:190} INFO - [2025-12-31T21:19:46.583+0000] {dag.py:4180} INFO - Setting next_dagrun for example_dynamic_task_mapping to None, run_after=None
[2025-12-31T21:19:46.609+0000] {processor.py:208} INFO - Processing /home/airflow/.local/lib/python3.12/site-packages/airflow/example_dags/example_dynamic_task_mapping.py took 0.093 seconds
[2025-12-31T21:20:17.385+0000] {processor.py:186} INFO - Started process (PID=1109) to work on /home/airflow/.local/lib/python3.12/site-packages/airflow/example_dags/example_dynamic_task_mapping.py
[2025-12-31T21:20:17.386+0000] {processor.py:914} INFO - Processing file /home/airflow/.local/lib/python3.12/site-packages/airflow/example_dags/example_dynamic_task_mapping.py for tasks to queue
[2025-12-31T21:20:17.390+0000] {logging_mixin.py:190} INFO - [2025-12-31T21:20:17.390+0000] {dagbag.py:588} INFO - Filling up the DagBag from /home/airflow/.local/lib/python3.12/site-packages/airflow/example_dags/example_dynamic_task_mapping.py
[2025-12-31T21:20:17.403+0000] {processor.py:925} INFO - DAG(s) 'example_dynamic_task_mapping' retrieved from /home/airflow/.local/lib/python3.12/site-packages/airflow/example_dags/example_dynamic_task_mapping.py
[2025-12-31T21:20:17.426+0000] {logging_mixin.py:190} INFO - [2025-12-31T21:20:17.426+0000] {dag.py:3239} INFO - Sync 1 DAGs
[2025-12-31T21:20:17.445+0000] {logging_mixin.py:190} INFO - [2025-12-31T21:20:17.445+0000] {dag.py:4180} INFO - Setting next_dagrun for example_dynamic_task_mapping to None, run_after=None
[2025-12-31T21:20:17.470+0000] {processor.py:208} INFO - Processing /home/airflow/.local/lib/python3.12/site-packages/airflow/example_dags/example_dynamic_task_mapping.py took 0.095 seconds
[2025-12-31T21:20:48.262+0000] {processor.py:186} INFO - Started process (PID=1172) to work on /home/airflow/.local/lib/python3.12/site-packages/airflow/example_dags/example_dynamic_task_mapping.py
[2025-12-31T21:20:48.263+0000] {processor.py:914} INFO - Processing file /home/airflow/.local/lib/python3.12/site-packages/airflow/example_dags/example_dynamic_task_mapping.py for tasks to queue
[2025-12-31T21:20:48.266+0000] {logging_mixin.py:190} INFO - [2025-12-31T21:20:48.266+0000] {dagbag.py:588} INFO - Filling up the DagBag from /home/airflow/.local/lib/python3.12/site-packages/airflow/example_dags/example_dynamic_task_mapping.py
[2025-12-31T21:20:48.277+0000] {processor.py:925} INFO - DAG(s) 'example_dynamic_task_mapping' retrieved from /home/airflow/.local/lib/python3.12/site-packages/airflow/example_dags/example_dynamic_task_mapping.py
[2025-12-31T21:20:48.300+0000] {logging_mixin.py:190} INFO - [2025-12-31T21:20:48.300+0000] {dag.py:3239} INFO - Sync 1 DAGs
[2025-12-31T21:20:48.318+0000] {logging_mixin.py:190} INFO - [2025-12-31T21:20:48.318+0000] {dag.py:4180} INFO - Setting next_dagrun for example_dynamic_task_mapping to None, run_after=None
[2025-12-31T21:20:48.339+0000] {processor.py:208} INFO - Processing /home/airflow/.local/lib/python3.12/site-packages/airflow/example_dags/example_dynamic_task_mapping.py took 0.084 seconds
[2025-12-31T21:21:18.754+0000] {processor.py:186} INFO - Started process (PID=1242) to work on /home/airflow/.local/lib/python3.12/site-packages/airflow/example_dags/example_dynamic_task_mapping.py
[2025-12-31T21:21:18.755+0000] {processor.py:914} INFO - Processing file /home/airflow/.local/lib/python3.12/site-packages/airflow/example_dags/example_dynamic_task_mapping.py for tasks to queue
[2025-12-31T21:21:18.758+0000] {logging_mixin.py:190} INFO - [2025-12-31T21:21:18.758+0000] {dagbag.py:588} INFO - Filling up the DagBag from /home/airflow/.local/lib/python3.12/site-packages/airflow/example_dags/example_dynamic_task_mapping.py
[2025-12-31T21:21:18.769+0000] {processor.py:925} INFO - DAG(s) 'example_dynamic_task_mapping' retrieved from /home/airflow/.local/lib/python3.12/site-packages/airflow/example_dags/example_dynamic_task_mapping.py
[2025-12-31T21:21:18.793+0000] {logging_mixin.py:190} INFO - [2025-12-31T21:21:18.792+0000] {dag.py:3239} INFO - Sync 1 DAGs
[2025-12-31T21:21:18.810+0000] {logging_mixin.py:190} INFO - [2025-12-31T21:21:18.810+0000] {dag.py:4180} INFO - Setting next_dagrun for example_dynamic_task_mapping to None, run_after=None
[2025-12-31T21:21:18.836+0000] {processor.py:208} INFO - Processing /home/airflow/.local/lib/python3.12/site-packages/airflow/example_dags/example_dynamic_task_mapping.py took 0.089 seconds
