[2025-12-31T21:12:14.346+0000] {processor.py:186} INFO - Started process (PID=114) to work on /home/airflow/.local/lib/python3.12/site-packages/airflow/example_dags/example_xcomargs.py
[2025-12-31T21:12:14.348+0000] {processor.py:914} INFO - Processing file /home/airflow/.local/lib/python3.12/site-packages/airflow/example_dags/example_xcomargs.py for tasks to queue
[2025-12-31T21:12:14.352+0000] {logging_mixin.py:190} INFO - [2025-12-31T21:12:14.351+0000] {dagbag.py:588} INFO - Filling up the DagBag from /home/airflow/.local/lib/python3.12/site-packages/airflow/example_dags/example_xcomargs.py
[2025-12-31T21:12:14.368+0000] {processor.py:925} INFO - DAG(s) 'example_xcom_args', 'example_xcom_args_with_operators' retrieved from /home/airflow/.local/lib/python3.12/site-packages/airflow/example_dags/example_xcomargs.py
[2025-12-31T21:12:14.520+0000] {logging_mixin.py:190} INFO - [2025-12-31T21:12:14.519+0000] {override.py:1912} INFO - Created Permission View: can read on DAG:example_xcom_args
[2025-12-31T21:12:14.534+0000] {logging_mixin.py:190} INFO - [2025-12-31T21:12:14.534+0000] {override.py:1912} INFO - Created Permission View: can delete on DAG:example_xcom_args
[2025-12-31T21:12:14.545+0000] {logging_mixin.py:190} INFO - [2025-12-31T21:12:14.545+0000] {override.py:1912} INFO - Created Permission View: can edit on DAG:example_xcom_args
[2025-12-31T21:12:14.559+0000] {logging_mixin.py:190} INFO - [2025-12-31T21:12:14.558+0000] {override.py:1912} INFO - Created Permission View: can read on DAG Run:example_xcom_args
[2025-12-31T21:12:14.568+0000] {logging_mixin.py:190} INFO - [2025-12-31T21:12:14.568+0000] {override.py:1912} INFO - Created Permission View: can create on DAG Run:example_xcom_args
[2025-12-31T21:12:14.578+0000] {logging_mixin.py:190} INFO - [2025-12-31T21:12:14.578+0000] {override.py:1912} INFO - Created Permission View: can delete on DAG Run:example_xcom_args
[2025-12-31T21:12:14.588+0000] {logging_mixin.py:190} INFO - [2025-12-31T21:12:14.588+0000] {override.py:1912} INFO - Created Permission View: menu access on DAG Run:example_xcom_args
[2025-12-31T21:12:14.610+0000] {logging_mixin.py:190} INFO - [2025-12-31T21:12:14.610+0000] {override.py:1912} INFO - Created Permission View: can read on DAG:example_xcom_args_with_operators
[2025-12-31T21:12:14.622+0000] {logging_mixin.py:190} INFO - [2025-12-31T21:12:14.621+0000] {override.py:1912} INFO - Created Permission View: can delete on DAG:example_xcom_args_with_operators
[2025-12-31T21:12:14.636+0000] {logging_mixin.py:190} INFO - [2025-12-31T21:12:14.634+0000] {override.py:1912} INFO - Created Permission View: can edit on DAG:example_xcom_args_with_operators
[2025-12-31T21:12:14.652+0000] {logging_mixin.py:190} INFO - [2025-12-31T21:12:14.652+0000] {override.py:1912} INFO - Created Permission View: can read on DAG Run:example_xcom_args_with_operators
[2025-12-31T21:12:14.664+0000] {logging_mixin.py:190} INFO - [2025-12-31T21:12:14.664+0000] {override.py:1912} INFO - Created Permission View: can create on DAG Run:example_xcom_args_with_operators
[2025-12-31T21:12:14.678+0000] {logging_mixin.py:190} INFO - [2025-12-31T21:12:14.677+0000] {override.py:1912} INFO - Created Permission View: can delete on DAG Run:example_xcom_args_with_operators
[2025-12-31T21:12:14.693+0000] {logging_mixin.py:190} INFO - [2025-12-31T21:12:14.692+0000] {override.py:1912} INFO - Created Permission View: menu access on DAG Run:example_xcom_args_with_operators
[2025-12-31T21:12:14.694+0000] {logging_mixin.py:190} INFO - [2025-12-31T21:12:14.694+0000] {dag.py:3239} INFO - Sync 2 DAGs
[2025-12-31T21:12:14.718+0000] {logging_mixin.py:190} INFO - [2025-12-31T21:12:14.718+0000] {dag.py:3262} INFO - Creating ORM DAG for example_xcom_args_with_operators
[2025-12-31T21:12:14.719+0000] {logging_mixin.py:190} INFO - [2025-12-31T21:12:14.719+0000] {dag.py:3262} INFO - Creating ORM DAG for example_xcom_args
[2025-12-31T21:12:14.720+0000] {logging_mixin.py:190} INFO - [2025-12-31T21:12:14.720+0000] {dag.py:4180} INFO - Setting next_dagrun for example_xcom_args to None, run_after=None
[2025-12-31T21:12:14.721+0000] {logging_mixin.py:190} INFO - [2025-12-31T21:12:14.721+0000] {dag.py:4180} INFO - Setting next_dagrun for example_xcom_args_with_operators to None, run_after=None
[2025-12-31T21:12:14.750+0000] {processor.py:208} INFO - Processing /home/airflow/.local/lib/python3.12/site-packages/airflow/example_dags/example_xcomargs.py took 0.412 seconds
[2025-12-31T21:12:44.867+0000] {processor.py:186} INFO - Started process (PID=178) to work on /home/airflow/.local/lib/python3.12/site-packages/airflow/example_dags/example_xcomargs.py
[2025-12-31T21:12:44.868+0000] {processor.py:914} INFO - Processing file /home/airflow/.local/lib/python3.12/site-packages/airflow/example_dags/example_xcomargs.py for tasks to queue
[2025-12-31T21:12:44.872+0000] {logging_mixin.py:190} INFO - [2025-12-31T21:12:44.871+0000] {dagbag.py:588} INFO - Filling up the DagBag from /home/airflow/.local/lib/python3.12/site-packages/airflow/example_dags/example_xcomargs.py
[2025-12-31T21:12:44.887+0000] {processor.py:925} INFO - DAG(s) 'example_xcom_args', 'example_xcom_args_with_operators' retrieved from /home/airflow/.local/lib/python3.12/site-packages/airflow/example_dags/example_xcomargs.py
[2025-12-31T21:12:44.915+0000] {logging_mixin.py:190} INFO - [2025-12-31T21:12:44.915+0000] {dag.py:3239} INFO - Sync 2 DAGs
[2025-12-31T21:12:44.931+0000] {logging_mixin.py:190} INFO - [2025-12-31T21:12:44.931+0000] {dag.py:4180} INFO - Setting next_dagrun for example_xcom_args to None, run_after=None
[2025-12-31T21:12:44.936+0000] {logging_mixin.py:190} INFO - [2025-12-31T21:12:44.936+0000] {dag.py:4180} INFO - Setting next_dagrun for example_xcom_args_with_operators to None, run_after=None
[2025-12-31T21:12:44.957+0000] {processor.py:208} INFO - Processing /home/airflow/.local/lib/python3.12/site-packages/airflow/example_dags/example_xcomargs.py took 0.096 seconds
[2025-12-31T21:13:15.084+0000] {processor.py:186} INFO - Started process (PID=240) to work on /home/airflow/.local/lib/python3.12/site-packages/airflow/example_dags/example_xcomargs.py
[2025-12-31T21:13:15.086+0000] {processor.py:914} INFO - Processing file /home/airflow/.local/lib/python3.12/site-packages/airflow/example_dags/example_xcomargs.py for tasks to queue
[2025-12-31T21:13:15.089+0000] {logging_mixin.py:190} INFO - [2025-12-31T21:13:15.089+0000] {dagbag.py:588} INFO - Filling up the DagBag from /home/airflow/.local/lib/python3.12/site-packages/airflow/example_dags/example_xcomargs.py
[2025-12-31T21:13:15.103+0000] {processor.py:925} INFO - DAG(s) 'example_xcom_args_with_operators', 'example_xcom_args' retrieved from /home/airflow/.local/lib/python3.12/site-packages/airflow/example_dags/example_xcomargs.py
[2025-12-31T21:13:15.131+0000] {logging_mixin.py:190} INFO - [2025-12-31T21:13:15.130+0000] {dag.py:3239} INFO - Sync 2 DAGs
[2025-12-31T21:13:15.149+0000] {logging_mixin.py:190} INFO - [2025-12-31T21:13:15.149+0000] {dag.py:4180} INFO - Setting next_dagrun for example_xcom_args to None, run_after=None
[2025-12-31T21:13:15.154+0000] {logging_mixin.py:190} INFO - [2025-12-31T21:13:15.153+0000] {dag.py:4180} INFO - Setting next_dagrun for example_xcom_args_with_operators to None, run_after=None
[2025-12-31T21:13:15.179+0000] {processor.py:208} INFO - Processing /home/airflow/.local/lib/python3.12/site-packages/airflow/example_dags/example_xcomargs.py took 0.102 seconds
[2025-12-31T21:13:46.154+0000] {processor.py:186} INFO - Started process (PID=304) to work on /home/airflow/.local/lib/python3.12/site-packages/airflow/example_dags/example_xcomargs.py
[2025-12-31T21:13:46.155+0000] {processor.py:914} INFO - Processing file /home/airflow/.local/lib/python3.12/site-packages/airflow/example_dags/example_xcomargs.py for tasks to queue
[2025-12-31T21:13:46.160+0000] {logging_mixin.py:190} INFO - [2025-12-31T21:13:46.159+0000] {dagbag.py:588} INFO - Filling up the DagBag from /home/airflow/.local/lib/python3.12/site-packages/airflow/example_dags/example_xcomargs.py
[2025-12-31T21:13:46.179+0000] {processor.py:925} INFO - DAG(s) 'example_xcom_args', 'example_xcom_args_with_operators' retrieved from /home/airflow/.local/lib/python3.12/site-packages/airflow/example_dags/example_xcomargs.py
[2025-12-31T21:13:46.213+0000] {logging_mixin.py:190} INFO - [2025-12-31T21:13:46.212+0000] {dag.py:3239} INFO - Sync 2 DAGs
[2025-12-31T21:13:46.233+0000] {logging_mixin.py:190} INFO - [2025-12-31T21:13:46.233+0000] {dag.py:4180} INFO - Setting next_dagrun for example_xcom_args to None, run_after=None
[2025-12-31T21:13:46.238+0000] {logging_mixin.py:190} INFO - [2025-12-31T21:13:46.238+0000] {dag.py:4180} INFO - Setting next_dagrun for example_xcom_args_with_operators to None, run_after=None
[2025-12-31T21:13:46.265+0000] {processor.py:208} INFO - Processing /home/airflow/.local/lib/python3.12/site-packages/airflow/example_dags/example_xcomargs.py took 0.127 seconds
[2025-12-31T21:14:16.891+0000] {processor.py:186} INFO - Started process (PID=367) to work on /home/airflow/.local/lib/python3.12/site-packages/airflow/example_dags/example_xcomargs.py
[2025-12-31T21:14:16.892+0000] {processor.py:914} INFO - Processing file /home/airflow/.local/lib/python3.12/site-packages/airflow/example_dags/example_xcomargs.py for tasks to queue
[2025-12-31T21:14:16.895+0000] {logging_mixin.py:190} INFO - [2025-12-31T21:14:16.894+0000] {dagbag.py:588} INFO - Filling up the DagBag from /home/airflow/.local/lib/python3.12/site-packages/airflow/example_dags/example_xcomargs.py
[2025-12-31T21:14:16.908+0000] {processor.py:925} INFO - DAG(s) 'example_xcom_args_with_operators', 'example_xcom_args' retrieved from /home/airflow/.local/lib/python3.12/site-packages/airflow/example_dags/example_xcomargs.py
[2025-12-31T21:14:16.936+0000] {logging_mixin.py:190} INFO - [2025-12-31T21:14:16.936+0000] {dag.py:3239} INFO - Sync 2 DAGs
[2025-12-31T21:14:16.953+0000] {logging_mixin.py:190} INFO - [2025-12-31T21:14:16.953+0000] {dag.py:4180} INFO - Setting next_dagrun for example_xcom_args to None, run_after=None
[2025-12-31T21:14:16.958+0000] {logging_mixin.py:190} INFO - [2025-12-31T21:14:16.957+0000] {dag.py:4180} INFO - Setting next_dagrun for example_xcom_args_with_operators to None, run_after=None
[2025-12-31T21:14:16.983+0000] {processor.py:208} INFO - Processing /home/airflow/.local/lib/python3.12/site-packages/airflow/example_dags/example_xcomargs.py took 0.099 seconds
[2025-12-31T21:14:47.089+0000] {processor.py:186} INFO - Started process (PID=429) to work on /home/airflow/.local/lib/python3.12/site-packages/airflow/example_dags/example_xcomargs.py
[2025-12-31T21:14:47.092+0000] {processor.py:914} INFO - Processing file /home/airflow/.local/lib/python3.12/site-packages/airflow/example_dags/example_xcomargs.py for tasks to queue
[2025-12-31T21:14:47.097+0000] {logging_mixin.py:190} INFO - [2025-12-31T21:14:47.096+0000] {dagbag.py:588} INFO - Filling up the DagBag from /home/airflow/.local/lib/python3.12/site-packages/airflow/example_dags/example_xcomargs.py
[2025-12-31T21:14:47.122+0000] {processor.py:925} INFO - DAG(s) 'example_xcom_args', 'example_xcom_args_with_operators' retrieved from /home/airflow/.local/lib/python3.12/site-packages/airflow/example_dags/example_xcomargs.py
[2025-12-31T21:14:47.171+0000] {logging_mixin.py:190} INFO - [2025-12-31T21:14:47.170+0000] {dag.py:3239} INFO - Sync 2 DAGs
[2025-12-31T21:14:47.208+0000] {logging_mixin.py:190} INFO - [2025-12-31T21:14:47.207+0000] {dag.py:4180} INFO - Setting next_dagrun for example_xcom_args to None, run_after=None
[2025-12-31T21:14:47.217+0000] {logging_mixin.py:190} INFO - [2025-12-31T21:14:47.217+0000] {dag.py:4180} INFO - Setting next_dagrun for example_xcom_args_with_operators to None, run_after=None
[2025-12-31T21:14:47.246+0000] {processor.py:208} INFO - Processing /home/airflow/.local/lib/python3.12/site-packages/airflow/example_dags/example_xcomargs.py took 0.170 seconds
[2025-12-31T21:15:18.113+0000] {processor.py:186} INFO - Started process (PID=498) to work on /home/airflow/.local/lib/python3.12/site-packages/airflow/example_dags/example_xcomargs.py
[2025-12-31T21:15:18.115+0000] {processor.py:914} INFO - Processing file /home/airflow/.local/lib/python3.12/site-packages/airflow/example_dags/example_xcomargs.py for tasks to queue
[2025-12-31T21:15:18.118+0000] {logging_mixin.py:190} INFO - [2025-12-31T21:15:18.117+0000] {dagbag.py:588} INFO - Filling up the DagBag from /home/airflow/.local/lib/python3.12/site-packages/airflow/example_dags/example_xcomargs.py
[2025-12-31T21:15:18.129+0000] {processor.py:925} INFO - DAG(s) 'example_xcom_args', 'example_xcom_args_with_operators' retrieved from /home/airflow/.local/lib/python3.12/site-packages/airflow/example_dags/example_xcomargs.py
[2025-12-31T21:15:18.156+0000] {logging_mixin.py:190} INFO - [2025-12-31T21:15:18.156+0000] {dag.py:3239} INFO - Sync 2 DAGs
[2025-12-31T21:15:18.174+0000] {logging_mixin.py:190} INFO - [2025-12-31T21:15:18.174+0000] {dag.py:4180} INFO - Setting next_dagrun for example_xcom_args to None, run_after=None
[2025-12-31T21:15:18.179+0000] {logging_mixin.py:190} INFO - [2025-12-31T21:15:18.178+0000] {dag.py:4180} INFO - Setting next_dagrun for example_xcom_args_with_operators to None, run_after=None
[2025-12-31T21:15:18.201+0000] {processor.py:208} INFO - Processing /home/airflow/.local/lib/python3.12/site-packages/airflow/example_dags/example_xcomargs.py took 0.095 seconds
[2025-12-31T21:15:48.639+0000] {processor.py:186} INFO - Started process (PID=562) to work on /home/airflow/.local/lib/python3.12/site-packages/airflow/example_dags/example_xcomargs.py
[2025-12-31T21:15:48.641+0000] {processor.py:914} INFO - Processing file /home/airflow/.local/lib/python3.12/site-packages/airflow/example_dags/example_xcomargs.py for tasks to queue
[2025-12-31T21:15:48.646+0000] {logging_mixin.py:190} INFO - [2025-12-31T21:15:48.645+0000] {dagbag.py:588} INFO - Filling up the DagBag from /home/airflow/.local/lib/python3.12/site-packages/airflow/example_dags/example_xcomargs.py
[2025-12-31T21:15:48.665+0000] {processor.py:925} INFO - DAG(s) 'example_xcom_args_with_operators', 'example_xcom_args' retrieved from /home/airflow/.local/lib/python3.12/site-packages/airflow/example_dags/example_xcomargs.py
[2025-12-31T21:15:48.704+0000] {logging_mixin.py:190} INFO - [2025-12-31T21:15:48.704+0000] {dag.py:3239} INFO - Sync 2 DAGs
[2025-12-31T21:15:48.730+0000] {logging_mixin.py:190} INFO - [2025-12-31T21:15:48.729+0000] {dag.py:4180} INFO - Setting next_dagrun for example_xcom_args to None, run_after=None
[2025-12-31T21:15:48.738+0000] {logging_mixin.py:190} INFO - [2025-12-31T21:15:48.738+0000] {dag.py:4180} INFO - Setting next_dagrun for example_xcom_args_with_operators to None, run_after=None
[2025-12-31T21:15:48.790+0000] {processor.py:208} INFO - Processing /home/airflow/.local/lib/python3.12/site-packages/airflow/example_dags/example_xcomargs.py took 0.159 seconds
[2025-12-31T21:16:19.022+0000] {processor.py:186} INFO - Started process (PID=624) to work on /home/airflow/.local/lib/python3.12/site-packages/airflow/example_dags/example_xcomargs.py
[2025-12-31T21:16:19.023+0000] {processor.py:914} INFO - Processing file /home/airflow/.local/lib/python3.12/site-packages/airflow/example_dags/example_xcomargs.py for tasks to queue
[2025-12-31T21:16:19.026+0000] {logging_mixin.py:190} INFO - [2025-12-31T21:16:19.026+0000] {dagbag.py:588} INFO - Filling up the DagBag from /home/airflow/.local/lib/python3.12/site-packages/airflow/example_dags/example_xcomargs.py
[2025-12-31T21:16:19.039+0000] {processor.py:925} INFO - DAG(s) 'example_xcom_args_with_operators', 'example_xcom_args' retrieved from /home/airflow/.local/lib/python3.12/site-packages/airflow/example_dags/example_xcomargs.py
[2025-12-31T21:16:19.065+0000] {logging_mixin.py:190} INFO - [2025-12-31T21:16:19.065+0000] {dag.py:3239} INFO - Sync 2 DAGs
[2025-12-31T21:16:19.083+0000] {logging_mixin.py:190} INFO - [2025-12-31T21:16:19.082+0000] {dag.py:4180} INFO - Setting next_dagrun for example_xcom_args to None, run_after=None
[2025-12-31T21:16:19.087+0000] {logging_mixin.py:190} INFO - [2025-12-31T21:16:19.087+0000] {dag.py:4180} INFO - Setting next_dagrun for example_xcom_args_with_operators to None, run_after=None
[2025-12-31T21:16:19.112+0000] {processor.py:208} INFO - Processing /home/airflow/.local/lib/python3.12/site-packages/airflow/example_dags/example_xcomargs.py took 0.097 seconds
[2025-12-31T21:16:49.813+0000] {processor.py:186} INFO - Started process (PID=687) to work on /home/airflow/.local/lib/python3.12/site-packages/airflow/example_dags/example_xcomargs.py
[2025-12-31T21:16:49.814+0000] {processor.py:914} INFO - Processing file /home/airflow/.local/lib/python3.12/site-packages/airflow/example_dags/example_xcomargs.py for tasks to queue
[2025-12-31T21:16:49.818+0000] {logging_mixin.py:190} INFO - [2025-12-31T21:16:49.817+0000] {dagbag.py:588} INFO - Filling up the DagBag from /home/airflow/.local/lib/python3.12/site-packages/airflow/example_dags/example_xcomargs.py
[2025-12-31T21:16:49.832+0000] {processor.py:925} INFO - DAG(s) 'example_xcom_args', 'example_xcom_args_with_operators' retrieved from /home/airflow/.local/lib/python3.12/site-packages/airflow/example_dags/example_xcomargs.py
[2025-12-31T21:16:49.866+0000] {logging_mixin.py:190} INFO - [2025-12-31T21:16:49.866+0000] {dag.py:3239} INFO - Sync 2 DAGs
[2025-12-31T21:16:49.892+0000] {logging_mixin.py:190} INFO - [2025-12-31T21:16:49.891+0000] {dag.py:4180} INFO - Setting next_dagrun for example_xcom_args to None, run_after=None
[2025-12-31T21:16:49.897+0000] {logging_mixin.py:190} INFO - [2025-12-31T21:16:49.897+0000] {dag.py:4180} INFO - Setting next_dagrun for example_xcom_args_with_operators to None, run_after=None
[2025-12-31T21:16:49.919+0000] {processor.py:208} INFO - Processing /home/airflow/.local/lib/python3.12/site-packages/airflow/example_dags/example_xcomargs.py took 0.115 seconds
[2025-12-31T21:17:20.239+0000] {processor.py:186} INFO - Started process (PID=750) to work on /home/airflow/.local/lib/python3.12/site-packages/airflow/example_dags/example_xcomargs.py
[2025-12-31T21:17:20.242+0000] {processor.py:914} INFO - Processing file /home/airflow/.local/lib/python3.12/site-packages/airflow/example_dags/example_xcomargs.py for tasks to queue
[2025-12-31T21:17:20.247+0000] {logging_mixin.py:190} INFO - [2025-12-31T21:17:20.246+0000] {dagbag.py:588} INFO - Filling up the DagBag from /home/airflow/.local/lib/python3.12/site-packages/airflow/example_dags/example_xcomargs.py
[2025-12-31T21:17:20.269+0000] {processor.py:925} INFO - DAG(s) 'example_xcom_args', 'example_xcom_args_with_operators' retrieved from /home/airflow/.local/lib/python3.12/site-packages/airflow/example_dags/example_xcomargs.py
[2025-12-31T21:17:20.315+0000] {logging_mixin.py:190} INFO - [2025-12-31T21:17:20.315+0000] {dag.py:3239} INFO - Sync 2 DAGs
[2025-12-31T21:17:20.350+0000] {logging_mixin.py:190} INFO - [2025-12-31T21:17:20.350+0000] {dag.py:4180} INFO - Setting next_dagrun for example_xcom_args to None, run_after=None
[2025-12-31T21:17:20.364+0000] {logging_mixin.py:190} INFO - [2025-12-31T21:17:20.363+0000] {dag.py:4180} INFO - Setting next_dagrun for example_xcom_args_with_operators to None, run_after=None
[2025-12-31T21:17:20.404+0000] {processor.py:208} INFO - Processing /home/airflow/.local/lib/python3.12/site-packages/airflow/example_dags/example_xcomargs.py took 0.181 seconds
[2025-12-31T21:17:51.304+0000] {processor.py:186} INFO - Started process (PID=814) to work on /home/airflow/.local/lib/python3.12/site-packages/airflow/example_dags/example_xcomargs.py
[2025-12-31T21:17:51.306+0000] {processor.py:914} INFO - Processing file /home/airflow/.local/lib/python3.12/site-packages/airflow/example_dags/example_xcomargs.py for tasks to queue
[2025-12-31T21:17:51.309+0000] {logging_mixin.py:190} INFO - [2025-12-31T21:17:51.308+0000] {dagbag.py:588} INFO - Filling up the DagBag from /home/airflow/.local/lib/python3.12/site-packages/airflow/example_dags/example_xcomargs.py
[2025-12-31T21:17:51.322+0000] {processor.py:925} INFO - DAG(s) 'example_xcom_args', 'example_xcom_args_with_operators' retrieved from /home/airflow/.local/lib/python3.12/site-packages/airflow/example_dags/example_xcomargs.py
[2025-12-31T21:17:51.350+0000] {logging_mixin.py:190} INFO - [2025-12-31T21:17:51.350+0000] {dag.py:3239} INFO - Sync 2 DAGs
[2025-12-31T21:17:51.367+0000] {logging_mixin.py:190} INFO - [2025-12-31T21:17:51.367+0000] {dag.py:4180} INFO - Setting next_dagrun for example_xcom_args to None, run_after=None
[2025-12-31T21:17:51.371+0000] {logging_mixin.py:190} INFO - [2025-12-31T21:17:51.371+0000] {dag.py:4180} INFO - Setting next_dagrun for example_xcom_args_with_operators to None, run_after=None
[2025-12-31T21:17:51.395+0000] {processor.py:208} INFO - Processing /home/airflow/.local/lib/python3.12/site-packages/airflow/example_dags/example_xcomargs.py took 0.099 seconds
[2025-12-31T21:18:21.962+0000] {processor.py:186} INFO - Started process (PID=877) to work on /home/airflow/.local/lib/python3.12/site-packages/airflow/example_dags/example_xcomargs.py
[2025-12-31T21:18:21.964+0000] {processor.py:914} INFO - Processing file /home/airflow/.local/lib/python3.12/site-packages/airflow/example_dags/example_xcomargs.py for tasks to queue
[2025-12-31T21:18:21.967+0000] {logging_mixin.py:190} INFO - [2025-12-31T21:18:21.966+0000] {dagbag.py:588} INFO - Filling up the DagBag from /home/airflow/.local/lib/python3.12/site-packages/airflow/example_dags/example_xcomargs.py
[2025-12-31T21:18:21.979+0000] {processor.py:925} INFO - DAG(s) 'example_xcom_args_with_operators', 'example_xcom_args' retrieved from /home/airflow/.local/lib/python3.12/site-packages/airflow/example_dags/example_xcomargs.py
[2025-12-31T21:18:22.006+0000] {logging_mixin.py:190} INFO - [2025-12-31T21:18:22.005+0000] {dag.py:3239} INFO - Sync 2 DAGs
[2025-12-31T21:18:22.024+0000] {logging_mixin.py:190} INFO - [2025-12-31T21:18:22.023+0000] {dag.py:4180} INFO - Setting next_dagrun for example_xcom_args to None, run_after=None
[2025-12-31T21:18:22.028+0000] {logging_mixin.py:190} INFO - [2025-12-31T21:18:22.028+0000] {dag.py:4180} INFO - Setting next_dagrun for example_xcom_args_with_operators to None, run_after=None
[2025-12-31T21:18:22.054+0000] {processor.py:208} INFO - Processing /home/airflow/.local/lib/python3.12/site-packages/airflow/example_dags/example_xcomargs.py took 0.098 seconds
[2025-12-31T21:18:52.937+0000] {processor.py:186} INFO - Started process (PID=940) to work on /home/airflow/.local/lib/python3.12/site-packages/airflow/example_dags/example_xcomargs.py
[2025-12-31T21:18:52.939+0000] {processor.py:914} INFO - Processing file /home/airflow/.local/lib/python3.12/site-packages/airflow/example_dags/example_xcomargs.py for tasks to queue
[2025-12-31T21:18:52.943+0000] {logging_mixin.py:190} INFO - [2025-12-31T21:18:52.942+0000] {dagbag.py:588} INFO - Filling up the DagBag from /home/airflow/.local/lib/python3.12/site-packages/airflow/example_dags/example_xcomargs.py
[2025-12-31T21:18:52.959+0000] {processor.py:925} INFO - DAG(s) 'example_xcom_args_with_operators', 'example_xcom_args' retrieved from /home/airflow/.local/lib/python3.12/site-packages/airflow/example_dags/example_xcomargs.py
[2025-12-31T21:18:52.990+0000] {logging_mixin.py:190} INFO - [2025-12-31T21:18:52.989+0000] {dag.py:3239} INFO - Sync 2 DAGs
[2025-12-31T21:18:53.007+0000] {logging_mixin.py:190} INFO - [2025-12-31T21:18:53.007+0000] {dag.py:4180} INFO - Setting next_dagrun for example_xcom_args to None, run_after=None
[2025-12-31T21:18:53.012+0000] {logging_mixin.py:190} INFO - [2025-12-31T21:18:53.012+0000] {dag.py:4180} INFO - Setting next_dagrun for example_xcom_args_with_operators to None, run_after=None
[2025-12-31T21:18:53.038+0000] {processor.py:208} INFO - Processing /home/airflow/.local/lib/python3.12/site-packages/airflow/example_dags/example_xcomargs.py took 0.109 seconds
[2025-12-31T21:19:23.225+0000] {processor.py:186} INFO - Started process (PID=1003) to work on /home/airflow/.local/lib/python3.12/site-packages/airflow/example_dags/example_xcomargs.py
[2025-12-31T21:19:23.226+0000] {processor.py:914} INFO - Processing file /home/airflow/.local/lib/python3.12/site-packages/airflow/example_dags/example_xcomargs.py for tasks to queue
[2025-12-31T21:19:23.229+0000] {logging_mixin.py:190} INFO - [2025-12-31T21:19:23.229+0000] {dagbag.py:588} INFO - Filling up the DagBag from /home/airflow/.local/lib/python3.12/site-packages/airflow/example_dags/example_xcomargs.py
[2025-12-31T21:19:23.242+0000] {processor.py:925} INFO - DAG(s) 'example_xcom_args', 'example_xcom_args_with_operators' retrieved from /home/airflow/.local/lib/python3.12/site-packages/airflow/example_dags/example_xcomargs.py
[2025-12-31T21:19:23.270+0000] {logging_mixin.py:190} INFO - [2025-12-31T21:19:23.269+0000] {dag.py:3239} INFO - Sync 2 DAGs
[2025-12-31T21:19:23.286+0000] {logging_mixin.py:190} INFO - [2025-12-31T21:19:23.286+0000] {dag.py:4180} INFO - Setting next_dagrun for example_xcom_args to None, run_after=None
[2025-12-31T21:19:23.291+0000] {logging_mixin.py:190} INFO - [2025-12-31T21:19:23.291+0000] {dag.py:4180} INFO - Setting next_dagrun for example_xcom_args_with_operators to None, run_after=None
[2025-12-31T21:19:23.314+0000] {processor.py:208} INFO - Processing /home/airflow/.local/lib/python3.12/site-packages/airflow/example_dags/example_xcomargs.py took 0.096 seconds
[2025-12-31T21:19:53.614+0000] {processor.py:186} INFO - Started process (PID=1066) to work on /home/airflow/.local/lib/python3.12/site-packages/airflow/example_dags/example_xcomargs.py
[2025-12-31T21:19:53.616+0000] {processor.py:914} INFO - Processing file /home/airflow/.local/lib/python3.12/site-packages/airflow/example_dags/example_xcomargs.py for tasks to queue
[2025-12-31T21:19:53.619+0000] {logging_mixin.py:190} INFO - [2025-12-31T21:19:53.619+0000] {dagbag.py:588} INFO - Filling up the DagBag from /home/airflow/.local/lib/python3.12/site-packages/airflow/example_dags/example_xcomargs.py
[2025-12-31T21:19:53.633+0000] {processor.py:925} INFO - DAG(s) 'example_xcom_args_with_operators', 'example_xcom_args' retrieved from /home/airflow/.local/lib/python3.12/site-packages/airflow/example_dags/example_xcomargs.py
[2025-12-31T21:19:53.664+0000] {logging_mixin.py:190} INFO - [2025-12-31T21:19:53.664+0000] {dag.py:3239} INFO - Sync 2 DAGs
[2025-12-31T21:19:53.686+0000] {logging_mixin.py:190} INFO - [2025-12-31T21:19:53.685+0000] {dag.py:4180} INFO - Setting next_dagrun for example_xcom_args to None, run_after=None
[2025-12-31T21:19:53.692+0000] {logging_mixin.py:190} INFO - [2025-12-31T21:19:53.692+0000] {dag.py:4180} INFO - Setting next_dagrun for example_xcom_args_with_operators to None, run_after=None
[2025-12-31T21:19:53.727+0000] {processor.py:208} INFO - Processing /home/airflow/.local/lib/python3.12/site-packages/airflow/example_dags/example_xcomargs.py took 0.120 seconds
[2025-12-31T21:20:24.458+0000] {processor.py:186} INFO - Started process (PID=1129) to work on /home/airflow/.local/lib/python3.12/site-packages/airflow/example_dags/example_xcomargs.py
[2025-12-31T21:20:24.460+0000] {processor.py:914} INFO - Processing file /home/airflow/.local/lib/python3.12/site-packages/airflow/example_dags/example_xcomargs.py for tasks to queue
[2025-12-31T21:20:24.463+0000] {logging_mixin.py:190} INFO - [2025-12-31T21:20:24.462+0000] {dagbag.py:588} INFO - Filling up the DagBag from /home/airflow/.local/lib/python3.12/site-packages/airflow/example_dags/example_xcomargs.py
[2025-12-31T21:20:24.476+0000] {processor.py:925} INFO - DAG(s) 'example_xcom_args', 'example_xcom_args_with_operators' retrieved from /home/airflow/.local/lib/python3.12/site-packages/airflow/example_dags/example_xcomargs.py
[2025-12-31T21:20:24.503+0000] {logging_mixin.py:190} INFO - [2025-12-31T21:20:24.503+0000] {dag.py:3239} INFO - Sync 2 DAGs
[2025-12-31T21:20:24.521+0000] {logging_mixin.py:190} INFO - [2025-12-31T21:20:24.521+0000] {dag.py:4180} INFO - Setting next_dagrun for example_xcom_args to None, run_after=None
[2025-12-31T21:20:24.526+0000] {logging_mixin.py:190} INFO - [2025-12-31T21:20:24.525+0000] {dag.py:4180} INFO - Setting next_dagrun for example_xcom_args_with_operators to None, run_after=None
[2025-12-31T21:20:24.549+0000] {processor.py:208} INFO - Processing /home/airflow/.local/lib/python3.12/site-packages/airflow/example_dags/example_xcomargs.py took 0.098 seconds
[2025-12-31T21:20:55.150+0000] {processor.py:186} INFO - Started process (PID=1192) to work on /home/airflow/.local/lib/python3.12/site-packages/airflow/example_dags/example_xcomargs.py
[2025-12-31T21:20:55.151+0000] {processor.py:914} INFO - Processing file /home/airflow/.local/lib/python3.12/site-packages/airflow/example_dags/example_xcomargs.py for tasks to queue
[2025-12-31T21:20:55.155+0000] {logging_mixin.py:190} INFO - [2025-12-31T21:20:55.154+0000] {dagbag.py:588} INFO - Filling up the DagBag from /home/airflow/.local/lib/python3.12/site-packages/airflow/example_dags/example_xcomargs.py
[2025-12-31T21:20:55.167+0000] {processor.py:925} INFO - DAG(s) 'example_xcom_args_with_operators', 'example_xcom_args' retrieved from /home/airflow/.local/lib/python3.12/site-packages/airflow/example_dags/example_xcomargs.py
[2025-12-31T21:20:55.193+0000] {logging_mixin.py:190} INFO - [2025-12-31T21:20:55.193+0000] {dag.py:3239} INFO - Sync 2 DAGs
[2025-12-31T21:20:55.210+0000] {logging_mixin.py:190} INFO - [2025-12-31T21:20:55.209+0000] {dag.py:4180} INFO - Setting next_dagrun for example_xcom_args to None, run_after=None
[2025-12-31T21:20:55.214+0000] {logging_mixin.py:190} INFO - [2025-12-31T21:20:55.214+0000] {dag.py:4180} INFO - Setting next_dagrun for example_xcom_args_with_operators to None, run_after=None
[2025-12-31T21:20:55.237+0000] {processor.py:208} INFO - Processing /home/airflow/.local/lib/python3.12/site-packages/airflow/example_dags/example_xcomargs.py took 0.093 seconds
[2025-12-31T21:21:25.854+0000] {processor.py:186} INFO - Started process (PID=1256) to work on /home/airflow/.local/lib/python3.12/site-packages/airflow/example_dags/example_xcomargs.py
[2025-12-31T21:21:25.857+0000] {processor.py:914} INFO - Processing file /home/airflow/.local/lib/python3.12/site-packages/airflow/example_dags/example_xcomargs.py for tasks to queue
[2025-12-31T21:21:25.882+0000] {logging_mixin.py:190} INFO - [2025-12-31T21:21:25.880+0000] {dagbag.py:588} INFO - Filling up the DagBag from /home/airflow/.local/lib/python3.12/site-packages/airflow/example_dags/example_xcomargs.py
[2025-12-31T21:21:25.934+0000] {processor.py:925} INFO - DAG(s) 'example_xcom_args_with_operators', 'example_xcom_args' retrieved from /home/airflow/.local/lib/python3.12/site-packages/airflow/example_dags/example_xcomargs.py
[2025-12-31T21:21:25.984+0000] {logging_mixin.py:190} INFO - [2025-12-31T21:21:25.983+0000] {dag.py:3239} INFO - Sync 2 DAGs
[2025-12-31T21:21:26.022+0000] {logging_mixin.py:190} INFO - [2025-12-31T21:21:26.021+0000] {dag.py:4180} INFO - Setting next_dagrun for example_xcom_args to None, run_after=None
[2025-12-31T21:21:26.030+0000] {logging_mixin.py:190} INFO - [2025-12-31T21:21:26.029+0000] {dag.py:4180} INFO - Setting next_dagrun for example_xcom_args_with_operators to None, run_after=None
[2025-12-31T21:21:26.056+0000] {processor.py:208} INFO - Processing /home/airflow/.local/lib/python3.12/site-packages/airflow/example_dags/example_xcomargs.py took 0.221 seconds
