[2025-12-31T21:12:03.189+0000] {processor.py:186} INFO - Started process (PID=77) to work on /home/airflow/.local/lib/python3.12/site-packages/airflow/example_dags/example_nested_branch_dag.py
[2025-12-31T21:12:03.190+0000] {processor.py:914} INFO - Processing file /home/airflow/.local/lib/python3.12/site-packages/airflow/example_dags/example_nested_branch_dag.py for tasks to queue
[2025-12-31T21:12:03.194+0000] {logging_mixin.py:190} INFO - [2025-12-31T21:12:03.193+0000] {dagbag.py:588} INFO - Filling up the DagBag from /home/airflow/.local/lib/python3.12/site-packages/airflow/example_dags/example_nested_branch_dag.py
[2025-12-31T21:12:03.213+0000] {processor.py:925} INFO - DAG(s) 'example_nested_branch_dag' retrieved from /home/airflow/.local/lib/python3.12/site-packages/airflow/example_dags/example_nested_branch_dag.py
[2025-12-31T21:12:03.374+0000] {logging_mixin.py:190} INFO - [2025-12-31T21:12:03.373+0000] {override.py:1912} INFO - Created Permission View: can read on DAG:example_nested_branch_dag
[2025-12-31T21:12:03.389+0000] {logging_mixin.py:190} INFO - [2025-12-31T21:12:03.389+0000] {override.py:1912} INFO - Created Permission View: can delete on DAG:example_nested_branch_dag
[2025-12-31T21:12:03.400+0000] {logging_mixin.py:190} INFO - [2025-12-31T21:12:03.399+0000] {override.py:1912} INFO - Created Permission View: can edit on DAG:example_nested_branch_dag
[2025-12-31T21:12:03.414+0000] {logging_mixin.py:190} INFO - [2025-12-31T21:12:03.414+0000] {override.py:1912} INFO - Created Permission View: can read on DAG Run:example_nested_branch_dag
[2025-12-31T21:12:03.427+0000] {logging_mixin.py:190} INFO - [2025-12-31T21:12:03.427+0000] {override.py:1912} INFO - Created Permission View: can create on DAG Run:example_nested_branch_dag
[2025-12-31T21:12:03.437+0000] {logging_mixin.py:190} INFO - [2025-12-31T21:12:03.436+0000] {override.py:1912} INFO - Created Permission View: can delete on DAG Run:example_nested_branch_dag
[2025-12-31T21:12:03.446+0000] {logging_mixin.py:190} INFO - [2025-12-31T21:12:03.446+0000] {override.py:1912} INFO - Created Permission View: menu access on DAG Run:example_nested_branch_dag
[2025-12-31T21:12:03.447+0000] {logging_mixin.py:190} INFO - [2025-12-31T21:12:03.447+0000] {dag.py:3239} INFO - Sync 1 DAGs
[2025-12-31T21:12:03.465+0000] {logging_mixin.py:190} INFO - [2025-12-31T21:12:03.465+0000] {dag.py:3262} INFO - Creating ORM DAG for example_nested_branch_dag
[2025-12-31T21:12:03.480+0000] {logging_mixin.py:190} INFO - [2025-12-31T21:12:03.479+0000] {dag.py:4180} INFO - Setting next_dagrun for example_nested_branch_dag to 2025-12-30 00:00:00+00:00, run_after=2025-12-31 00:00:00+00:00
[2025-12-31T21:12:03.505+0000] {processor.py:208} INFO - Processing /home/airflow/.local/lib/python3.12/site-packages/airflow/example_dags/example_nested_branch_dag.py took 0.327 seconds
[2025-12-31T21:12:33.573+0000] {processor.py:186} INFO - Started process (PID=140) to work on /home/airflow/.local/lib/python3.12/site-packages/airflow/example_dags/example_nested_branch_dag.py
[2025-12-31T21:12:33.574+0000] {processor.py:914} INFO - Processing file /home/airflow/.local/lib/python3.12/site-packages/airflow/example_dags/example_nested_branch_dag.py for tasks to queue
[2025-12-31T21:12:33.578+0000] {logging_mixin.py:190} INFO - [2025-12-31T21:12:33.577+0000] {dagbag.py:588} INFO - Filling up the DagBag from /home/airflow/.local/lib/python3.12/site-packages/airflow/example_dags/example_nested_branch_dag.py
[2025-12-31T21:12:33.591+0000] {processor.py:925} INFO - DAG(s) 'example_nested_branch_dag' retrieved from /home/airflow/.local/lib/python3.12/site-packages/airflow/example_dags/example_nested_branch_dag.py
[2025-12-31T21:12:33.617+0000] {logging_mixin.py:190} INFO - [2025-12-31T21:12:33.616+0000] {dag.py:3239} INFO - Sync 1 DAGs
[2025-12-31T21:12:33.646+0000] {logging_mixin.py:190} INFO - [2025-12-31T21:12:33.646+0000] {dag.py:4180} INFO - Setting next_dagrun for example_nested_branch_dag to 2025-12-30 00:00:00+00:00, run_after=2025-12-31 00:00:00+00:00
[2025-12-31T21:12:33.672+0000] {processor.py:208} INFO - Processing /home/airflow/.local/lib/python3.12/site-packages/airflow/example_dags/example_nested_branch_dag.py took 0.107 seconds
[2025-12-31T21:13:03.797+0000] {processor.py:186} INFO - Started process (PID=203) to work on /home/airflow/.local/lib/python3.12/site-packages/airflow/example_dags/example_nested_branch_dag.py
[2025-12-31T21:13:03.798+0000] {processor.py:914} INFO - Processing file /home/airflow/.local/lib/python3.12/site-packages/airflow/example_dags/example_nested_branch_dag.py for tasks to queue
[2025-12-31T21:13:03.801+0000] {logging_mixin.py:190} INFO - [2025-12-31T21:13:03.801+0000] {dagbag.py:588} INFO - Filling up the DagBag from /home/airflow/.local/lib/python3.12/site-packages/airflow/example_dags/example_nested_branch_dag.py
[2025-12-31T21:13:03.815+0000] {processor.py:925} INFO - DAG(s) 'example_nested_branch_dag' retrieved from /home/airflow/.local/lib/python3.12/site-packages/airflow/example_dags/example_nested_branch_dag.py
[2025-12-31T21:13:03.847+0000] {logging_mixin.py:190} INFO - [2025-12-31T21:13:03.847+0000] {dag.py:3239} INFO - Sync 1 DAGs
[2025-12-31T21:13:03.892+0000] {logging_mixin.py:190} INFO - [2025-12-31T21:13:03.891+0000] {dag.py:4180} INFO - Setting next_dagrun for example_nested_branch_dag to 2025-12-30 00:00:00+00:00, run_after=2025-12-31 00:00:00+00:00
[2025-12-31T21:13:03.934+0000] {processor.py:208} INFO - Processing /home/airflow/.local/lib/python3.12/site-packages/airflow/example_dags/example_nested_branch_dag.py took 0.144 seconds
[2025-12-31T21:13:34.195+0000] {processor.py:186} INFO - Started process (PID=267) to work on /home/airflow/.local/lib/python3.12/site-packages/airflow/example_dags/example_nested_branch_dag.py
[2025-12-31T21:13:34.197+0000] {processor.py:914} INFO - Processing file /home/airflow/.local/lib/python3.12/site-packages/airflow/example_dags/example_nested_branch_dag.py for tasks to queue
[2025-12-31T21:13:34.206+0000] {logging_mixin.py:190} INFO - [2025-12-31T21:13:34.205+0000] {dagbag.py:588} INFO - Filling up the DagBag from /home/airflow/.local/lib/python3.12/site-packages/airflow/example_dags/example_nested_branch_dag.py
[2025-12-31T21:13:34.233+0000] {processor.py:925} INFO - DAG(s) 'example_nested_branch_dag' retrieved from /home/airflow/.local/lib/python3.12/site-packages/airflow/example_dags/example_nested_branch_dag.py
[2025-12-31T21:13:34.270+0000] {logging_mixin.py:190} INFO - [2025-12-31T21:13:34.269+0000] {dag.py:3239} INFO - Sync 1 DAGs
[2025-12-31T21:13:34.346+0000] {logging_mixin.py:190} INFO - [2025-12-31T21:13:34.345+0000] {dag.py:4180} INFO - Setting next_dagrun for example_nested_branch_dag to 2025-12-30 00:00:00+00:00, run_after=2025-12-31 00:00:00+00:00
[2025-12-31T21:13:34.394+0000] {processor.py:208} INFO - Processing /home/airflow/.local/lib/python3.12/site-packages/airflow/example_dags/example_nested_branch_dag.py took 0.211 seconds
[2025-12-31T21:14:04.554+0000] {processor.py:186} INFO - Started process (PID=329) to work on /home/airflow/.local/lib/python3.12/site-packages/airflow/example_dags/example_nested_branch_dag.py
[2025-12-31T21:14:04.555+0000] {processor.py:914} INFO - Processing file /home/airflow/.local/lib/python3.12/site-packages/airflow/example_dags/example_nested_branch_dag.py for tasks to queue
[2025-12-31T21:14:04.559+0000] {logging_mixin.py:190} INFO - [2025-12-31T21:14:04.559+0000] {dagbag.py:588} INFO - Filling up the DagBag from /home/airflow/.local/lib/python3.12/site-packages/airflow/example_dags/example_nested_branch_dag.py
[2025-12-31T21:14:04.575+0000] {processor.py:925} INFO - DAG(s) 'example_nested_branch_dag' retrieved from /home/airflow/.local/lib/python3.12/site-packages/airflow/example_dags/example_nested_branch_dag.py
[2025-12-31T21:14:04.602+0000] {logging_mixin.py:190} INFO - [2025-12-31T21:14:04.601+0000] {dag.py:3239} INFO - Sync 1 DAGs
[2025-12-31T21:14:04.636+0000] {logging_mixin.py:190} INFO - [2025-12-31T21:14:04.635+0000] {dag.py:4180} INFO - Setting next_dagrun for example_nested_branch_dag to 2025-12-30 00:00:00+00:00, run_after=2025-12-31 00:00:00+00:00
[2025-12-31T21:14:04.663+0000] {processor.py:208} INFO - Processing /home/airflow/.local/lib/python3.12/site-packages/airflow/example_dags/example_nested_branch_dag.py took 0.118 seconds
[2025-12-31T21:14:34.718+0000] {processor.py:186} INFO - Started process (PID=392) to work on /home/airflow/.local/lib/python3.12/site-packages/airflow/example_dags/example_nested_branch_dag.py
[2025-12-31T21:14:34.720+0000] {processor.py:914} INFO - Processing file /home/airflow/.local/lib/python3.12/site-packages/airflow/example_dags/example_nested_branch_dag.py for tasks to queue
[2025-12-31T21:14:34.723+0000] {logging_mixin.py:190} INFO - [2025-12-31T21:14:34.723+0000] {dagbag.py:588} INFO - Filling up the DagBag from /home/airflow/.local/lib/python3.12/site-packages/airflow/example_dags/example_nested_branch_dag.py
[2025-12-31T21:14:34.741+0000] {processor.py:925} INFO - DAG(s) 'example_nested_branch_dag' retrieved from /home/airflow/.local/lib/python3.12/site-packages/airflow/example_dags/example_nested_branch_dag.py
[2025-12-31T21:14:34.774+0000] {logging_mixin.py:190} INFO - [2025-12-31T21:14:34.773+0000] {dag.py:3239} INFO - Sync 1 DAGs
[2025-12-31T21:14:34.810+0000] {logging_mixin.py:190} INFO - [2025-12-31T21:14:34.809+0000] {dag.py:4180} INFO - Setting next_dagrun for example_nested_branch_dag to 2025-12-30 00:00:00+00:00, run_after=2025-12-31 00:00:00+00:00
[2025-12-31T21:14:34.831+0000] {processor.py:208} INFO - Processing /home/airflow/.local/lib/python3.12/site-packages/airflow/example_dags/example_nested_branch_dag.py took 0.121 seconds
[2025-12-31T21:15:05.464+0000] {processor.py:186} INFO - Started process (PID=455) to work on /home/airflow/.local/lib/python3.12/site-packages/airflow/example_dags/example_nested_branch_dag.py
[2025-12-31T21:15:05.465+0000] {processor.py:914} INFO - Processing file /home/airflow/.local/lib/python3.12/site-packages/airflow/example_dags/example_nested_branch_dag.py for tasks to queue
[2025-12-31T21:15:05.469+0000] {logging_mixin.py:190} INFO - [2025-12-31T21:15:05.469+0000] {dagbag.py:588} INFO - Filling up the DagBag from /home/airflow/.local/lib/python3.12/site-packages/airflow/example_dags/example_nested_branch_dag.py
[2025-12-31T21:15:05.482+0000] {processor.py:925} INFO - DAG(s) 'example_nested_branch_dag' retrieved from /home/airflow/.local/lib/python3.12/site-packages/airflow/example_dags/example_nested_branch_dag.py
[2025-12-31T21:15:05.507+0000] {logging_mixin.py:190} INFO - [2025-12-31T21:15:05.507+0000] {dag.py:3239} INFO - Sync 1 DAGs
[2025-12-31T21:15:05.537+0000] {logging_mixin.py:190} INFO - [2025-12-31T21:15:05.536+0000] {dag.py:4180} INFO - Setting next_dagrun for example_nested_branch_dag to 2025-12-30 00:00:00+00:00, run_after=2025-12-31 00:00:00+00:00
[2025-12-31T21:15:05.563+0000] {processor.py:208} INFO - Processing /home/airflow/.local/lib/python3.12/site-packages/airflow/example_dags/example_nested_branch_dag.py took 0.107 seconds
[2025-12-31T21:15:36.516+0000] {processor.py:186} INFO - Started process (PID=518) to work on /home/airflow/.local/lib/python3.12/site-packages/airflow/example_dags/example_nested_branch_dag.py
[2025-12-31T21:15:36.517+0000] {processor.py:914} INFO - Processing file /home/airflow/.local/lib/python3.12/site-packages/airflow/example_dags/example_nested_branch_dag.py for tasks to queue
[2025-12-31T21:15:36.520+0000] {logging_mixin.py:190} INFO - [2025-12-31T21:15:36.520+0000] {dagbag.py:588} INFO - Filling up the DagBag from /home/airflow/.local/lib/python3.12/site-packages/airflow/example_dags/example_nested_branch_dag.py
[2025-12-31T21:15:36.537+0000] {processor.py:925} INFO - DAG(s) 'example_nested_branch_dag' retrieved from /home/airflow/.local/lib/python3.12/site-packages/airflow/example_dags/example_nested_branch_dag.py
[2025-12-31T21:15:36.565+0000] {logging_mixin.py:190} INFO - [2025-12-31T21:15:36.565+0000] {dag.py:3239} INFO - Sync 1 DAGs
[2025-12-31T21:15:36.595+0000] {logging_mixin.py:190} INFO - [2025-12-31T21:15:36.595+0000] {dag.py:4180} INFO - Setting next_dagrun for example_nested_branch_dag to 2025-12-30 00:00:00+00:00, run_after=2025-12-31 00:00:00+00:00
[2025-12-31T21:15:36.617+0000] {processor.py:208} INFO - Processing /home/airflow/.local/lib/python3.12/site-packages/airflow/example_dags/example_nested_branch_dag.py took 0.109 seconds
[2025-12-31T21:16:07.344+0000] {processor.py:186} INFO - Started process (PID=582) to work on /home/airflow/.local/lib/python3.12/site-packages/airflow/example_dags/example_nested_branch_dag.py
[2025-12-31T21:16:07.345+0000] {processor.py:914} INFO - Processing file /home/airflow/.local/lib/python3.12/site-packages/airflow/example_dags/example_nested_branch_dag.py for tasks to queue
[2025-12-31T21:16:07.349+0000] {logging_mixin.py:190} INFO - [2025-12-31T21:16:07.349+0000] {dagbag.py:588} INFO - Filling up the DagBag from /home/airflow/.local/lib/python3.12/site-packages/airflow/example_dags/example_nested_branch_dag.py
[2025-12-31T21:16:07.367+0000] {processor.py:925} INFO - DAG(s) 'example_nested_branch_dag' retrieved from /home/airflow/.local/lib/python3.12/site-packages/airflow/example_dags/example_nested_branch_dag.py
[2025-12-31T21:16:07.396+0000] {logging_mixin.py:190} INFO - [2025-12-31T21:16:07.396+0000] {dag.py:3239} INFO - Sync 1 DAGs
[2025-12-31T21:16:07.430+0000] {logging_mixin.py:190} INFO - [2025-12-31T21:16:07.430+0000] {dag.py:4180} INFO - Setting next_dagrun for example_nested_branch_dag to 2025-12-30 00:00:00+00:00, run_after=2025-12-31 00:00:00+00:00
[2025-12-31T21:16:07.460+0000] {processor.py:208} INFO - Processing /home/airflow/.local/lib/python3.12/site-packages/airflow/example_dags/example_nested_branch_dag.py took 0.126 seconds
[2025-12-31T21:16:37.608+0000] {processor.py:186} INFO - Started process (PID=645) to work on /home/airflow/.local/lib/python3.12/site-packages/airflow/example_dags/example_nested_branch_dag.py
[2025-12-31T21:16:37.610+0000] {processor.py:914} INFO - Processing file /home/airflow/.local/lib/python3.12/site-packages/airflow/example_dags/example_nested_branch_dag.py for tasks to queue
[2025-12-31T21:16:37.613+0000] {logging_mixin.py:190} INFO - [2025-12-31T21:16:37.613+0000] {dagbag.py:588} INFO - Filling up the DagBag from /home/airflow/.local/lib/python3.12/site-packages/airflow/example_dags/example_nested_branch_dag.py
[2025-12-31T21:16:37.627+0000] {processor.py:925} INFO - DAG(s) 'example_nested_branch_dag' retrieved from /home/airflow/.local/lib/python3.12/site-packages/airflow/example_dags/example_nested_branch_dag.py
[2025-12-31T21:16:37.653+0000] {logging_mixin.py:190} INFO - [2025-12-31T21:16:37.653+0000] {dag.py:3239} INFO - Sync 1 DAGs
[2025-12-31T21:16:37.681+0000] {logging_mixin.py:190} INFO - [2025-12-31T21:16:37.681+0000] {dag.py:4180} INFO - Setting next_dagrun for example_nested_branch_dag to 2025-12-30 00:00:00+00:00, run_after=2025-12-31 00:00:00+00:00
[2025-12-31T21:16:37.709+0000] {processor.py:208} INFO - Processing /home/airflow/.local/lib/python3.12/site-packages/airflow/example_dags/example_nested_branch_dag.py took 0.108 seconds
[2025-12-31T21:17:08.016+0000] {processor.py:186} INFO - Started process (PID=708) to work on /home/airflow/.local/lib/python3.12/site-packages/airflow/example_dags/example_nested_branch_dag.py
[2025-12-31T21:17:08.018+0000] {processor.py:914} INFO - Processing file /home/airflow/.local/lib/python3.12/site-packages/airflow/example_dags/example_nested_branch_dag.py for tasks to queue
[2025-12-31T21:17:08.021+0000] {logging_mixin.py:190} INFO - [2025-12-31T21:17:08.021+0000] {dagbag.py:588} INFO - Filling up the DagBag from /home/airflow/.local/lib/python3.12/site-packages/airflow/example_dags/example_nested_branch_dag.py
[2025-12-31T21:17:08.044+0000] {processor.py:925} INFO - DAG(s) 'example_nested_branch_dag' retrieved from /home/airflow/.local/lib/python3.12/site-packages/airflow/example_dags/example_nested_branch_dag.py
[2025-12-31T21:17:08.082+0000] {logging_mixin.py:190} INFO - [2025-12-31T21:17:08.082+0000] {dag.py:3239} INFO - Sync 1 DAGs
[2025-12-31T21:17:08.128+0000] {logging_mixin.py:190} INFO - [2025-12-31T21:17:08.128+0000] {dag.py:4180} INFO - Setting next_dagrun for example_nested_branch_dag to 2025-12-30 00:00:00+00:00, run_after=2025-12-31 00:00:00+00:00
[2025-12-31T21:17:08.160+0000] {processor.py:208} INFO - Processing /home/airflow/.local/lib/python3.12/site-packages/airflow/example_dags/example_nested_branch_dag.py took 0.152 seconds
[2025-12-31T21:17:38.709+0000] {processor.py:186} INFO - Started process (PID=771) to work on /home/airflow/.local/lib/python3.12/site-packages/airflow/example_dags/example_nested_branch_dag.py
[2025-12-31T21:17:38.711+0000] {processor.py:914} INFO - Processing file /home/airflow/.local/lib/python3.12/site-packages/airflow/example_dags/example_nested_branch_dag.py for tasks to queue
[2025-12-31T21:17:38.714+0000] {logging_mixin.py:190} INFO - [2025-12-31T21:17:38.713+0000] {dagbag.py:588} INFO - Filling up the DagBag from /home/airflow/.local/lib/python3.12/site-packages/airflow/example_dags/example_nested_branch_dag.py
[2025-12-31T21:17:38.728+0000] {processor.py:925} INFO - DAG(s) 'example_nested_branch_dag' retrieved from /home/airflow/.local/lib/python3.12/site-packages/airflow/example_dags/example_nested_branch_dag.py
[2025-12-31T21:17:38.756+0000] {logging_mixin.py:190} INFO - [2025-12-31T21:17:38.756+0000] {dag.py:3239} INFO - Sync 1 DAGs
[2025-12-31T21:17:38.786+0000] {logging_mixin.py:190} INFO - [2025-12-31T21:17:38.786+0000] {dag.py:4180} INFO - Setting next_dagrun for example_nested_branch_dag to 2025-12-30 00:00:00+00:00, run_after=2025-12-31 00:00:00+00:00
[2025-12-31T21:17:38.809+0000] {processor.py:208} INFO - Processing /home/airflow/.local/lib/python3.12/site-packages/airflow/example_dags/example_nested_branch_dag.py took 0.107 seconds
[2025-12-31T21:18:09.041+0000] {processor.py:186} INFO - Started process (PID=835) to work on /home/airflow/.local/lib/python3.12/site-packages/airflow/example_dags/example_nested_branch_dag.py
[2025-12-31T21:18:09.043+0000] {processor.py:914} INFO - Processing file /home/airflow/.local/lib/python3.12/site-packages/airflow/example_dags/example_nested_branch_dag.py for tasks to queue
[2025-12-31T21:18:09.047+0000] {logging_mixin.py:190} INFO - [2025-12-31T21:18:09.046+0000] {dagbag.py:588} INFO - Filling up the DagBag from /home/airflow/.local/lib/python3.12/site-packages/airflow/example_dags/example_nested_branch_dag.py
[2025-12-31T21:18:09.061+0000] {processor.py:925} INFO - DAG(s) 'example_nested_branch_dag' retrieved from /home/airflow/.local/lib/python3.12/site-packages/airflow/example_dags/example_nested_branch_dag.py
[2025-12-31T21:18:09.085+0000] {logging_mixin.py:190} INFO - [2025-12-31T21:18:09.084+0000] {dag.py:3239} INFO - Sync 1 DAGs
[2025-12-31T21:18:09.112+0000] {logging_mixin.py:190} INFO - [2025-12-31T21:18:09.112+0000] {dag.py:4180} INFO - Setting next_dagrun for example_nested_branch_dag to 2025-12-30 00:00:00+00:00, run_after=2025-12-31 00:00:00+00:00
[2025-12-31T21:18:09.136+0000] {processor.py:208} INFO - Processing /home/airflow/.local/lib/python3.12/site-packages/airflow/example_dags/example_nested_branch_dag.py took 0.102 seconds
[2025-12-31T21:18:39.288+0000] {processor.py:186} INFO - Started process (PID=898) to work on /home/airflow/.local/lib/python3.12/site-packages/airflow/example_dags/example_nested_branch_dag.py
[2025-12-31T21:18:39.289+0000] {processor.py:914} INFO - Processing file /home/airflow/.local/lib/python3.12/site-packages/airflow/example_dags/example_nested_branch_dag.py for tasks to queue
[2025-12-31T21:18:39.293+0000] {logging_mixin.py:190} INFO - [2025-12-31T21:18:39.293+0000] {dagbag.py:588} INFO - Filling up the DagBag from /home/airflow/.local/lib/python3.12/site-packages/airflow/example_dags/example_nested_branch_dag.py
[2025-12-31T21:18:39.310+0000] {processor.py:925} INFO - DAG(s) 'example_nested_branch_dag' retrieved from /home/airflow/.local/lib/python3.12/site-packages/airflow/example_dags/example_nested_branch_dag.py
[2025-12-31T21:18:39.341+0000] {logging_mixin.py:190} INFO - [2025-12-31T21:18:39.340+0000] {dag.py:3239} INFO - Sync 1 DAGs
[2025-12-31T21:18:39.380+0000] {logging_mixin.py:190} INFO - [2025-12-31T21:18:39.380+0000] {dag.py:4180} INFO - Setting next_dagrun for example_nested_branch_dag to 2025-12-30 00:00:00+00:00, run_after=2025-12-31 00:00:00+00:00
[2025-12-31T21:18:39.406+0000] {processor.py:208} INFO - Processing /home/airflow/.local/lib/python3.12/site-packages/airflow/example_dags/example_nested_branch_dag.py took 0.129 seconds
[2025-12-31T21:19:09.570+0000] {processor.py:186} INFO - Started process (PID=961) to work on /home/airflow/.local/lib/python3.12/site-packages/airflow/example_dags/example_nested_branch_dag.py
[2025-12-31T21:19:09.571+0000] {processor.py:914} INFO - Processing file /home/airflow/.local/lib/python3.12/site-packages/airflow/example_dags/example_nested_branch_dag.py for tasks to queue
[2025-12-31T21:19:09.574+0000] {logging_mixin.py:190} INFO - [2025-12-31T21:19:09.574+0000] {dagbag.py:588} INFO - Filling up the DagBag from /home/airflow/.local/lib/python3.12/site-packages/airflow/example_dags/example_nested_branch_dag.py
[2025-12-31T21:19:09.589+0000] {processor.py:925} INFO - DAG(s) 'example_nested_branch_dag' retrieved from /home/airflow/.local/lib/python3.12/site-packages/airflow/example_dags/example_nested_branch_dag.py
[2025-12-31T21:19:09.614+0000] {logging_mixin.py:190} INFO - [2025-12-31T21:19:09.614+0000] {dag.py:3239} INFO - Sync 1 DAGs
[2025-12-31T21:19:09.643+0000] {logging_mixin.py:190} INFO - [2025-12-31T21:19:09.643+0000] {dag.py:4180} INFO - Setting next_dagrun for example_nested_branch_dag to 2025-12-30 00:00:00+00:00, run_after=2025-12-31 00:00:00+00:00
[2025-12-31T21:19:09.666+0000] {processor.py:208} INFO - Processing /home/airflow/.local/lib/python3.12/site-packages/airflow/example_dags/example_nested_branch_dag.py took 0.103 seconds
[2025-12-31T21:19:40.039+0000] {processor.py:186} INFO - Started process (PID=1024) to work on /home/airflow/.local/lib/python3.12/site-packages/airflow/example_dags/example_nested_branch_dag.py
[2025-12-31T21:19:40.040+0000] {processor.py:914} INFO - Processing file /home/airflow/.local/lib/python3.12/site-packages/airflow/example_dags/example_nested_branch_dag.py for tasks to queue
[2025-12-31T21:19:40.044+0000] {logging_mixin.py:190} INFO - [2025-12-31T21:19:40.043+0000] {dagbag.py:588} INFO - Filling up the DagBag from /home/airflow/.local/lib/python3.12/site-packages/airflow/example_dags/example_nested_branch_dag.py
[2025-12-31T21:19:40.058+0000] {processor.py:925} INFO - DAG(s) 'example_nested_branch_dag' retrieved from /home/airflow/.local/lib/python3.12/site-packages/airflow/example_dags/example_nested_branch_dag.py
[2025-12-31T21:19:40.084+0000] {logging_mixin.py:190} INFO - [2025-12-31T21:19:40.084+0000] {dag.py:3239} INFO - Sync 1 DAGs
[2025-12-31T21:19:40.111+0000] {logging_mixin.py:190} INFO - [2025-12-31T21:19:40.111+0000] {dag.py:4180} INFO - Setting next_dagrun for example_nested_branch_dag to 2025-12-30 00:00:00+00:00, run_after=2025-12-31 00:00:00+00:00
[2025-12-31T21:19:40.134+0000] {processor.py:208} INFO - Processing /home/airflow/.local/lib/python3.12/site-packages/airflow/example_dags/example_nested_branch_dag.py took 0.101 seconds
[2025-12-31T21:20:10.266+0000] {processor.py:186} INFO - Started process (PID=1087) to work on /home/airflow/.local/lib/python3.12/site-packages/airflow/example_dags/example_nested_branch_dag.py
[2025-12-31T21:20:10.268+0000] {processor.py:914} INFO - Processing file /home/airflow/.local/lib/python3.12/site-packages/airflow/example_dags/example_nested_branch_dag.py for tasks to queue
[2025-12-31T21:20:10.271+0000] {logging_mixin.py:190} INFO - [2025-12-31T21:20:10.271+0000] {dagbag.py:588} INFO - Filling up the DagBag from /home/airflow/.local/lib/python3.12/site-packages/airflow/example_dags/example_nested_branch_dag.py
[2025-12-31T21:20:10.292+0000] {processor.py:925} INFO - DAG(s) 'example_nested_branch_dag' retrieved from /home/airflow/.local/lib/python3.12/site-packages/airflow/example_dags/example_nested_branch_dag.py
[2025-12-31T21:20:10.323+0000] {logging_mixin.py:190} INFO - [2025-12-31T21:20:10.323+0000] {dag.py:3239} INFO - Sync 1 DAGs
[2025-12-31T21:20:10.358+0000] {logging_mixin.py:190} INFO - [2025-12-31T21:20:10.358+0000] {dag.py:4180} INFO - Setting next_dagrun for example_nested_branch_dag to 2025-12-30 00:00:00+00:00, run_after=2025-12-31 00:00:00+00:00
[2025-12-31T21:20:10.386+0000] {processor.py:208} INFO - Processing /home/airflow/.local/lib/python3.12/site-packages/airflow/example_dags/example_nested_branch_dag.py took 0.131 seconds
[2025-12-31T21:20:40.517+0000] {processor.py:186} INFO - Started process (PID=1150) to work on /home/airflow/.local/lib/python3.12/site-packages/airflow/example_dags/example_nested_branch_dag.py
[2025-12-31T21:20:40.519+0000] {processor.py:914} INFO - Processing file /home/airflow/.local/lib/python3.12/site-packages/airflow/example_dags/example_nested_branch_dag.py for tasks to queue
[2025-12-31T21:20:40.522+0000] {logging_mixin.py:190} INFO - [2025-12-31T21:20:40.521+0000] {dagbag.py:588} INFO - Filling up the DagBag from /home/airflow/.local/lib/python3.12/site-packages/airflow/example_dags/example_nested_branch_dag.py
[2025-12-31T21:20:40.537+0000] {processor.py:925} INFO - DAG(s) 'example_nested_branch_dag' retrieved from /home/airflow/.local/lib/python3.12/site-packages/airflow/example_dags/example_nested_branch_dag.py
[2025-12-31T21:20:40.564+0000] {logging_mixin.py:190} INFO - [2025-12-31T21:20:40.563+0000] {dag.py:3239} INFO - Sync 1 DAGs
[2025-12-31T21:20:40.594+0000] {logging_mixin.py:190} INFO - [2025-12-31T21:20:40.593+0000] {dag.py:4180} INFO - Setting next_dagrun for example_nested_branch_dag to 2025-12-30 00:00:00+00:00, run_after=2025-12-31 00:00:00+00:00
[2025-12-31T21:20:40.617+0000] {processor.py:208} INFO - Processing /home/airflow/.local/lib/python3.12/site-packages/airflow/example_dags/example_nested_branch_dag.py took 0.109 seconds
[2025-12-31T21:21:10.947+0000] {processor.py:186} INFO - Started process (PID=1213) to work on /home/airflow/.local/lib/python3.12/site-packages/airflow/example_dags/example_nested_branch_dag.py
[2025-12-31T21:21:10.948+0000] {processor.py:914} INFO - Processing file /home/airflow/.local/lib/python3.12/site-packages/airflow/example_dags/example_nested_branch_dag.py for tasks to queue
[2025-12-31T21:21:10.952+0000] {logging_mixin.py:190} INFO - [2025-12-31T21:21:10.952+0000] {dagbag.py:588} INFO - Filling up the DagBag from /home/airflow/.local/lib/python3.12/site-packages/airflow/example_dags/example_nested_branch_dag.py
[2025-12-31T21:21:10.967+0000] {processor.py:925} INFO - DAG(s) 'example_nested_branch_dag' retrieved from /home/airflow/.local/lib/python3.12/site-packages/airflow/example_dags/example_nested_branch_dag.py
[2025-12-31T21:21:10.992+0000] {logging_mixin.py:190} INFO - [2025-12-31T21:21:10.992+0000] {dag.py:3239} INFO - Sync 1 DAGs
[2025-12-31T21:21:11.023+0000] {logging_mixin.py:190} INFO - [2025-12-31T21:21:11.023+0000] {dag.py:4180} INFO - Setting next_dagrun for example_nested_branch_dag to 2025-12-30 00:00:00+00:00, run_after=2025-12-31 00:00:00+00:00
[2025-12-31T21:21:11.049+0000] {processor.py:208} INFO - Processing /home/airflow/.local/lib/python3.12/site-packages/airflow/example_dags/example_nested_branch_dag.py took 0.110 seconds
