[2025-12-31T21:12:16.267+0000] {processor.py:186} INFO - Started process (PID=119) to work on /home/airflow/.local/lib/python3.12/site-packages/airflow/example_dags/example_latest_only_with_trigger.py
[2025-12-31T21:12:16.268+0000] {processor.py:914} INFO - Processing file /home/airflow/.local/lib/python3.12/site-packages/airflow/example_dags/example_latest_only_with_trigger.py for tasks to queue
[2025-12-31T21:12:16.272+0000] {logging_mixin.py:190} INFO - [2025-12-31T21:12:16.272+0000] {dagbag.py:588} INFO - Filling up the DagBag from /home/airflow/.local/lib/python3.12/site-packages/airflow/example_dags/example_latest_only_with_trigger.py
[2025-12-31T21:12:16.288+0000] {processor.py:925} INFO - DAG(s) 'latest_only_with_trigger' retrieved from /home/airflow/.local/lib/python3.12/site-packages/airflow/example_dags/example_latest_only_with_trigger.py
[2025-12-31T21:12:16.472+0000] {logging_mixin.py:190} INFO - [2025-12-31T21:12:16.471+0000] {override.py:1912} INFO - Created Permission View: can read on DAG:latest_only_with_trigger
[2025-12-31T21:12:16.487+0000] {logging_mixin.py:190} INFO - [2025-12-31T21:12:16.486+0000] {override.py:1912} INFO - Created Permission View: can delete on DAG:latest_only_with_trigger
[2025-12-31T21:12:16.497+0000] {logging_mixin.py:190} INFO - [2025-12-31T21:12:16.496+0000] {override.py:1912} INFO - Created Permission View: can edit on DAG:latest_only_with_trigger
[2025-12-31T21:12:16.510+0000] {logging_mixin.py:190} INFO - [2025-12-31T21:12:16.509+0000] {override.py:1912} INFO - Created Permission View: can read on DAG Run:latest_only_with_trigger
[2025-12-31T21:12:16.522+0000] {logging_mixin.py:190} INFO - [2025-12-31T21:12:16.522+0000] {override.py:1912} INFO - Created Permission View: can create on DAG Run:latest_only_with_trigger
[2025-12-31T21:12:16.533+0000] {logging_mixin.py:190} INFO - [2025-12-31T21:12:16.532+0000] {override.py:1912} INFO - Created Permission View: can delete on DAG Run:latest_only_with_trigger
[2025-12-31T21:12:16.543+0000] {logging_mixin.py:190} INFO - [2025-12-31T21:12:16.543+0000] {override.py:1912} INFO - Created Permission View: menu access on DAG Run:latest_only_with_trigger
[2025-12-31T21:12:16.544+0000] {logging_mixin.py:190} INFO - [2025-12-31T21:12:16.544+0000] {dag.py:3239} INFO - Sync 1 DAGs
[2025-12-31T21:12:16.563+0000] {logging_mixin.py:190} INFO - [2025-12-31T21:12:16.563+0000] {dag.py:3262} INFO - Creating ORM DAG for latest_only_with_trigger
[2025-12-31T21:12:16.578+0000] {logging_mixin.py:190} INFO - [2025-12-31T21:12:16.578+0000] {dag.py:4180} INFO - Setting next_dagrun for latest_only_with_trigger to 2025-12-31 16:00:00+00:00, run_after=2025-12-31 20:00:00+00:00
[2025-12-31T21:12:16.605+0000] {processor.py:208} INFO - Processing /home/airflow/.local/lib/python3.12/site-packages/airflow/example_dags/example_latest_only_with_trigger.py took 0.348 seconds
[2025-12-31T21:12:47.127+0000] {processor.py:186} INFO - Started process (PID=188) to work on /home/airflow/.local/lib/python3.12/site-packages/airflow/example_dags/example_latest_only_with_trigger.py
[2025-12-31T21:12:47.128+0000] {processor.py:914} INFO - Processing file /home/airflow/.local/lib/python3.12/site-packages/airflow/example_dags/example_latest_only_with_trigger.py for tasks to queue
[2025-12-31T21:12:47.130+0000] {logging_mixin.py:190} INFO - [2025-12-31T21:12:47.130+0000] {dagbag.py:588} INFO - Filling up the DagBag from /home/airflow/.local/lib/python3.12/site-packages/airflow/example_dags/example_latest_only_with_trigger.py
[2025-12-31T21:12:47.142+0000] {processor.py:925} INFO - DAG(s) 'latest_only_with_trigger' retrieved from /home/airflow/.local/lib/python3.12/site-packages/airflow/example_dags/example_latest_only_with_trigger.py
[2025-12-31T21:12:47.166+0000] {logging_mixin.py:190} INFO - [2025-12-31T21:12:47.166+0000] {dag.py:3239} INFO - Sync 1 DAGs
[2025-12-31T21:12:47.195+0000] {logging_mixin.py:190} INFO - [2025-12-31T21:12:47.195+0000] {dag.py:4180} INFO - Setting next_dagrun for latest_only_with_trigger to 2025-12-31 16:00:00+00:00, run_after=2025-12-31 20:00:00+00:00
[2025-12-31T21:12:47.221+0000] {processor.py:208} INFO - Processing /home/airflow/.local/lib/python3.12/site-packages/airflow/example_dags/example_latest_only_with_trigger.py took 0.102 seconds
[2025-12-31T21:13:17.293+0000] {processor.py:186} INFO - Started process (PID=251) to work on /home/airflow/.local/lib/python3.12/site-packages/airflow/example_dags/example_latest_only_with_trigger.py
[2025-12-31T21:13:17.294+0000] {processor.py:914} INFO - Processing file /home/airflow/.local/lib/python3.12/site-packages/airflow/example_dags/example_latest_only_with_trigger.py for tasks to queue
[2025-12-31T21:13:17.297+0000] {logging_mixin.py:190} INFO - [2025-12-31T21:13:17.296+0000] {dagbag.py:588} INFO - Filling up the DagBag from /home/airflow/.local/lib/python3.12/site-packages/airflow/example_dags/example_latest_only_with_trigger.py
[2025-12-31T21:13:17.308+0000] {processor.py:925} INFO - DAG(s) 'latest_only_with_trigger' retrieved from /home/airflow/.local/lib/python3.12/site-packages/airflow/example_dags/example_latest_only_with_trigger.py
[2025-12-31T21:13:17.342+0000] {logging_mixin.py:190} INFO - [2025-12-31T21:13:17.342+0000] {dag.py:3239} INFO - Sync 1 DAGs
[2025-12-31T21:13:17.374+0000] {logging_mixin.py:190} INFO - [2025-12-31T21:13:17.374+0000] {dag.py:4180} INFO - Setting next_dagrun for latest_only_with_trigger to 2025-12-31 16:00:00+00:00, run_after=2025-12-31 20:00:00+00:00
[2025-12-31T21:13:17.397+0000] {processor.py:208} INFO - Processing /home/airflow/.local/lib/python3.12/site-packages/airflow/example_dags/example_latest_only_with_trigger.py took 0.112 seconds
[2025-12-31T21:13:47.454+0000] {processor.py:186} INFO - Started process (PID=313) to work on /home/airflow/.local/lib/python3.12/site-packages/airflow/example_dags/example_latest_only_with_trigger.py
[2025-12-31T21:13:47.456+0000] {processor.py:914} INFO - Processing file /home/airflow/.local/lib/python3.12/site-packages/airflow/example_dags/example_latest_only_with_trigger.py for tasks to queue
[2025-12-31T21:13:47.459+0000] {logging_mixin.py:190} INFO - [2025-12-31T21:13:47.459+0000] {dagbag.py:588} INFO - Filling up the DagBag from /home/airflow/.local/lib/python3.12/site-packages/airflow/example_dags/example_latest_only_with_trigger.py
[2025-12-31T21:13:47.470+0000] {processor.py:925} INFO - DAG(s) 'latest_only_with_trigger' retrieved from /home/airflow/.local/lib/python3.12/site-packages/airflow/example_dags/example_latest_only_with_trigger.py
[2025-12-31T21:13:47.508+0000] {logging_mixin.py:190} INFO - [2025-12-31T21:13:47.508+0000] {dag.py:3239} INFO - Sync 1 DAGs
[2025-12-31T21:13:47.555+0000] {logging_mixin.py:190} INFO - [2025-12-31T21:13:47.554+0000] {dag.py:4180} INFO - Setting next_dagrun for latest_only_with_trigger to 2025-12-31 16:00:00+00:00, run_after=2025-12-31 20:00:00+00:00
[2025-12-31T21:13:47.593+0000] {processor.py:208} INFO - Processing /home/airflow/.local/lib/python3.12/site-packages/airflow/example_dags/example_latest_only_with_trigger.py took 0.144 seconds
[2025-12-31T21:14:17.833+0000] {processor.py:186} INFO - Started process (PID=375) to work on /home/airflow/.local/lib/python3.12/site-packages/airflow/example_dags/example_latest_only_with_trigger.py
[2025-12-31T21:14:17.834+0000] {processor.py:914} INFO - Processing file /home/airflow/.local/lib/python3.12/site-packages/airflow/example_dags/example_latest_only_with_trigger.py for tasks to queue
[2025-12-31T21:14:17.837+0000] {logging_mixin.py:190} INFO - [2025-12-31T21:14:17.837+0000] {dagbag.py:588} INFO - Filling up the DagBag from /home/airflow/.local/lib/python3.12/site-packages/airflow/example_dags/example_latest_only_with_trigger.py
[2025-12-31T21:14:17.847+0000] {processor.py:925} INFO - DAG(s) 'latest_only_with_trigger' retrieved from /home/airflow/.local/lib/python3.12/site-packages/airflow/example_dags/example_latest_only_with_trigger.py
[2025-12-31T21:14:17.872+0000] {logging_mixin.py:190} INFO - [2025-12-31T21:14:17.872+0000] {dag.py:3239} INFO - Sync 1 DAGs
[2025-12-31T21:14:17.907+0000] {logging_mixin.py:190} INFO - [2025-12-31T21:14:17.907+0000] {dag.py:4180} INFO - Setting next_dagrun for latest_only_with_trigger to 2025-12-31 16:00:00+00:00, run_after=2025-12-31 20:00:00+00:00
[2025-12-31T21:14:17.931+0000] {processor.py:208} INFO - Processing /home/airflow/.local/lib/python3.12/site-packages/airflow/example_dags/example_latest_only_with_trigger.py took 0.105 seconds
[2025-12-31T21:14:48.316+0000] {processor.py:186} INFO - Started process (PID=438) to work on /home/airflow/.local/lib/python3.12/site-packages/airflow/example_dags/example_latest_only_with_trigger.py
[2025-12-31T21:14:48.317+0000] {processor.py:914} INFO - Processing file /home/airflow/.local/lib/python3.12/site-packages/airflow/example_dags/example_latest_only_with_trigger.py for tasks to queue
[2025-12-31T21:14:48.320+0000] {logging_mixin.py:190} INFO - [2025-12-31T21:14:48.319+0000] {dagbag.py:588} INFO - Filling up the DagBag from /home/airflow/.local/lib/python3.12/site-packages/airflow/example_dags/example_latest_only_with_trigger.py
[2025-12-31T21:14:48.329+0000] {processor.py:925} INFO - DAG(s) 'latest_only_with_trigger' retrieved from /home/airflow/.local/lib/python3.12/site-packages/airflow/example_dags/example_latest_only_with_trigger.py
[2025-12-31T21:14:48.354+0000] {logging_mixin.py:190} INFO - [2025-12-31T21:14:48.354+0000] {dag.py:3239} INFO - Sync 1 DAGs
[2025-12-31T21:14:48.381+0000] {logging_mixin.py:190} INFO - [2025-12-31T21:14:48.381+0000] {dag.py:4180} INFO - Setting next_dagrun for latest_only_with_trigger to 2025-12-31 16:00:00+00:00, run_after=2025-12-31 20:00:00+00:00
[2025-12-31T21:14:48.407+0000] {processor.py:208} INFO - Processing /home/airflow/.local/lib/python3.12/site-packages/airflow/example_dags/example_latest_only_with_trigger.py took 0.098 seconds
[2025-12-31T21:15:19.153+0000] {processor.py:186} INFO - Started process (PID=500) to work on /home/airflow/.local/lib/python3.12/site-packages/airflow/example_dags/example_latest_only_with_trigger.py
[2025-12-31T21:15:19.155+0000] {processor.py:914} INFO - Processing file /home/airflow/.local/lib/python3.12/site-packages/airflow/example_dags/example_latest_only_with_trigger.py for tasks to queue
[2025-12-31T21:15:19.158+0000] {logging_mixin.py:190} INFO - [2025-12-31T21:15:19.157+0000] {dagbag.py:588} INFO - Filling up the DagBag from /home/airflow/.local/lib/python3.12/site-packages/airflow/example_dags/example_latest_only_with_trigger.py
[2025-12-31T21:15:19.172+0000] {processor.py:925} INFO - DAG(s) 'latest_only_with_trigger' retrieved from /home/airflow/.local/lib/python3.12/site-packages/airflow/example_dags/example_latest_only_with_trigger.py
[2025-12-31T21:15:19.196+0000] {logging_mixin.py:190} INFO - [2025-12-31T21:15:19.195+0000] {dag.py:3239} INFO - Sync 1 DAGs
[2025-12-31T21:15:19.221+0000] {logging_mixin.py:190} INFO - [2025-12-31T21:15:19.221+0000] {dag.py:4180} INFO - Setting next_dagrun for latest_only_with_trigger to 2025-12-31 16:00:00+00:00, run_after=2025-12-31 20:00:00+00:00
[2025-12-31T21:15:19.251+0000] {processor.py:208} INFO - Processing /home/airflow/.local/lib/python3.12/site-packages/airflow/example_dags/example_latest_only_with_trigger.py took 0.105 seconds
[2025-12-31T21:15:49.756+0000] {processor.py:186} INFO - Started process (PID=564) to work on /home/airflow/.local/lib/python3.12/site-packages/airflow/example_dags/example_latest_only_with_trigger.py
[2025-12-31T21:15:49.757+0000] {processor.py:914} INFO - Processing file /home/airflow/.local/lib/python3.12/site-packages/airflow/example_dags/example_latest_only_with_trigger.py for tasks to queue
[2025-12-31T21:15:49.761+0000] {logging_mixin.py:190} INFO - [2025-12-31T21:15:49.760+0000] {dagbag.py:588} INFO - Filling up the DagBag from /home/airflow/.local/lib/python3.12/site-packages/airflow/example_dags/example_latest_only_with_trigger.py
[2025-12-31T21:15:49.772+0000] {processor.py:925} INFO - DAG(s) 'latest_only_with_trigger' retrieved from /home/airflow/.local/lib/python3.12/site-packages/airflow/example_dags/example_latest_only_with_trigger.py
[2025-12-31T21:15:49.802+0000] {logging_mixin.py:190} INFO - [2025-12-31T21:15:49.802+0000] {dag.py:3239} INFO - Sync 1 DAGs
[2025-12-31T21:15:49.856+0000] {logging_mixin.py:190} INFO - [2025-12-31T21:15:49.855+0000] {dag.py:4180} INFO - Setting next_dagrun for latest_only_with_trigger to 2025-12-31 16:00:00+00:00, run_after=2025-12-31 20:00:00+00:00
[2025-12-31T21:15:49.912+0000] {processor.py:208} INFO - Processing /home/airflow/.local/lib/python3.12/site-packages/airflow/example_dags/example_latest_only_with_trigger.py took 0.165 seconds
[2025-12-31T21:16:20.086+0000] {processor.py:186} INFO - Started process (PID=627) to work on /home/airflow/.local/lib/python3.12/site-packages/airflow/example_dags/example_latest_only_with_trigger.py
[2025-12-31T21:16:20.088+0000] {processor.py:914} INFO - Processing file /home/airflow/.local/lib/python3.12/site-packages/airflow/example_dags/example_latest_only_with_trigger.py for tasks to queue
[2025-12-31T21:16:20.091+0000] {logging_mixin.py:190} INFO - [2025-12-31T21:16:20.091+0000] {dagbag.py:588} INFO - Filling up the DagBag from /home/airflow/.local/lib/python3.12/site-packages/airflow/example_dags/example_latest_only_with_trigger.py
[2025-12-31T21:16:20.105+0000] {processor.py:925} INFO - DAG(s) 'latest_only_with_trigger' retrieved from /home/airflow/.local/lib/python3.12/site-packages/airflow/example_dags/example_latest_only_with_trigger.py
[2025-12-31T21:16:20.129+0000] {logging_mixin.py:190} INFO - [2025-12-31T21:16:20.129+0000] {dag.py:3239} INFO - Sync 1 DAGs
[2025-12-31T21:16:20.156+0000] {logging_mixin.py:190} INFO - [2025-12-31T21:16:20.156+0000] {dag.py:4180} INFO - Setting next_dagrun for latest_only_with_trigger to 2025-12-31 16:00:00+00:00, run_after=2025-12-31 20:00:00+00:00
[2025-12-31T21:16:20.178+0000] {processor.py:208} INFO - Processing /home/airflow/.local/lib/python3.12/site-packages/airflow/example_dags/example_latest_only_with_trigger.py took 0.099 seconds
[2025-12-31T21:16:50.880+0000] {processor.py:186} INFO - Started process (PID=689) to work on /home/airflow/.local/lib/python3.12/site-packages/airflow/example_dags/example_latest_only_with_trigger.py
[2025-12-31T21:16:50.882+0000] {processor.py:914} INFO - Processing file /home/airflow/.local/lib/python3.12/site-packages/airflow/example_dags/example_latest_only_with_trigger.py for tasks to queue
[2025-12-31T21:16:50.885+0000] {logging_mixin.py:190} INFO - [2025-12-31T21:16:50.885+0000] {dagbag.py:588} INFO - Filling up the DagBag from /home/airflow/.local/lib/python3.12/site-packages/airflow/example_dags/example_latest_only_with_trigger.py
[2025-12-31T21:16:50.897+0000] {processor.py:925} INFO - DAG(s) 'latest_only_with_trigger' retrieved from /home/airflow/.local/lib/python3.12/site-packages/airflow/example_dags/example_latest_only_with_trigger.py
[2025-12-31T21:16:50.920+0000] {logging_mixin.py:190} INFO - [2025-12-31T21:16:50.920+0000] {dag.py:3239} INFO - Sync 1 DAGs
[2025-12-31T21:16:50.948+0000] {logging_mixin.py:190} INFO - [2025-12-31T21:16:50.948+0000] {dag.py:4180} INFO - Setting next_dagrun for latest_only_with_trigger to 2025-12-31 16:00:00+00:00, run_after=2025-12-31 20:00:00+00:00
[2025-12-31T21:16:50.973+0000] {processor.py:208} INFO - Processing /home/airflow/.local/lib/python3.12/site-packages/airflow/example_dags/example_latest_only_with_trigger.py took 0.100 seconds
[2025-12-31T21:17:21.176+0000] {processor.py:186} INFO - Started process (PID=752) to work on /home/airflow/.local/lib/python3.12/site-packages/airflow/example_dags/example_latest_only_with_trigger.py
[2025-12-31T21:17:21.177+0000] {processor.py:914} INFO - Processing file /home/airflow/.local/lib/python3.12/site-packages/airflow/example_dags/example_latest_only_with_trigger.py for tasks to queue
[2025-12-31T21:17:21.183+0000] {logging_mixin.py:190} INFO - [2025-12-31T21:17:21.183+0000] {dagbag.py:588} INFO - Filling up the DagBag from /home/airflow/.local/lib/python3.12/site-packages/airflow/example_dags/example_latest_only_with_trigger.py
[2025-12-31T21:17:21.199+0000] {processor.py:925} INFO - DAG(s) 'latest_only_with_trigger' retrieved from /home/airflow/.local/lib/python3.12/site-packages/airflow/example_dags/example_latest_only_with_trigger.py
[2025-12-31T21:17:21.229+0000] {logging_mixin.py:190} INFO - [2025-12-31T21:17:21.228+0000] {dag.py:3239} INFO - Sync 1 DAGs
[2025-12-31T21:17:21.272+0000] {logging_mixin.py:190} INFO - [2025-12-31T21:17:21.271+0000] {dag.py:4180} INFO - Setting next_dagrun for latest_only_with_trigger to 2025-12-31 16:00:00+00:00, run_after=2025-12-31 20:00:00+00:00
[2025-12-31T21:17:21.305+0000] {processor.py:208} INFO - Processing /home/airflow/.local/lib/python3.12/site-packages/airflow/example_dags/example_latest_only_with_trigger.py took 0.136 seconds
[2025-12-31T21:17:51.440+0000] {processor.py:186} INFO - Started process (PID=816) to work on /home/airflow/.local/lib/python3.12/site-packages/airflow/example_dags/example_latest_only_with_trigger.py
[2025-12-31T21:17:51.442+0000] {processor.py:914} INFO - Processing file /home/airflow/.local/lib/python3.12/site-packages/airflow/example_dags/example_latest_only_with_trigger.py for tasks to queue
[2025-12-31T21:17:51.445+0000] {logging_mixin.py:190} INFO - [2025-12-31T21:17:51.444+0000] {dagbag.py:588} INFO - Filling up the DagBag from /home/airflow/.local/lib/python3.12/site-packages/airflow/example_dags/example_latest_only_with_trigger.py
[2025-12-31T21:17:51.455+0000] {processor.py:925} INFO - DAG(s) 'latest_only_with_trigger' retrieved from /home/airflow/.local/lib/python3.12/site-packages/airflow/example_dags/example_latest_only_with_trigger.py
[2025-12-31T21:17:51.478+0000] {logging_mixin.py:190} INFO - [2025-12-31T21:17:51.478+0000] {dag.py:3239} INFO - Sync 1 DAGs
[2025-12-31T21:17:51.505+0000] {logging_mixin.py:190} INFO - [2025-12-31T21:17:51.505+0000] {dag.py:4180} INFO - Setting next_dagrun for latest_only_with_trigger to 2025-12-31 16:00:00+00:00, run_after=2025-12-31 20:00:00+00:00
[2025-12-31T21:17:51.532+0000] {processor.py:208} INFO - Processing /home/airflow/.local/lib/python3.12/site-packages/airflow/example_dags/example_latest_only_with_trigger.py took 0.099 seconds
[2025-12-31T21:18:22.102+0000] {processor.py:186} INFO - Started process (PID=879) to work on /home/airflow/.local/lib/python3.12/site-packages/airflow/example_dags/example_latest_only_with_trigger.py
[2025-12-31T21:18:22.104+0000] {processor.py:914} INFO - Processing file /home/airflow/.local/lib/python3.12/site-packages/airflow/example_dags/example_latest_only_with_trigger.py for tasks to queue
[2025-12-31T21:18:22.106+0000] {logging_mixin.py:190} INFO - [2025-12-31T21:18:22.106+0000] {dagbag.py:588} INFO - Filling up the DagBag from /home/airflow/.local/lib/python3.12/site-packages/airflow/example_dags/example_latest_only_with_trigger.py
[2025-12-31T21:18:22.116+0000] {processor.py:925} INFO - DAG(s) 'latest_only_with_trigger' retrieved from /home/airflow/.local/lib/python3.12/site-packages/airflow/example_dags/example_latest_only_with_trigger.py
[2025-12-31T21:18:22.140+0000] {logging_mixin.py:190} INFO - [2025-12-31T21:18:22.139+0000] {dag.py:3239} INFO - Sync 1 DAGs
[2025-12-31T21:18:22.167+0000] {logging_mixin.py:190} INFO - [2025-12-31T21:18:22.167+0000] {dag.py:4180} INFO - Setting next_dagrun for latest_only_with_trigger to 2025-12-31 16:00:00+00:00, run_after=2025-12-31 20:00:00+00:00
[2025-12-31T21:18:22.193+0000] {processor.py:208} INFO - Processing /home/airflow/.local/lib/python3.12/site-packages/airflow/example_dags/example_latest_only_with_trigger.py took 0.099 seconds
[2025-12-31T21:18:53.084+0000] {processor.py:186} INFO - Started process (PID=942) to work on /home/airflow/.local/lib/python3.12/site-packages/airflow/example_dags/example_latest_only_with_trigger.py
[2025-12-31T21:18:53.086+0000] {processor.py:914} INFO - Processing file /home/airflow/.local/lib/python3.12/site-packages/airflow/example_dags/example_latest_only_with_trigger.py for tasks to queue
[2025-12-31T21:18:53.089+0000] {logging_mixin.py:190} INFO - [2025-12-31T21:18:53.088+0000] {dagbag.py:588} INFO - Filling up the DagBag from /home/airflow/.local/lib/python3.12/site-packages/airflow/example_dags/example_latest_only_with_trigger.py
[2025-12-31T21:18:53.098+0000] {processor.py:925} INFO - DAG(s) 'latest_only_with_trigger' retrieved from /home/airflow/.local/lib/python3.12/site-packages/airflow/example_dags/example_latest_only_with_trigger.py
[2025-12-31T21:18:53.124+0000] {logging_mixin.py:190} INFO - [2025-12-31T21:18:53.123+0000] {dag.py:3239} INFO - Sync 1 DAGs
[2025-12-31T21:18:53.151+0000] {logging_mixin.py:190} INFO - [2025-12-31T21:18:53.151+0000] {dag.py:4180} INFO - Setting next_dagrun for latest_only_with_trigger to 2025-12-31 16:00:00+00:00, run_after=2025-12-31 20:00:00+00:00
[2025-12-31T21:18:53.177+0000] {processor.py:208} INFO - Processing /home/airflow/.local/lib/python3.12/site-packages/airflow/example_dags/example_latest_only_with_trigger.py took 0.100 seconds
[2025-12-31T21:19:23.359+0000] {processor.py:186} INFO - Started process (PID=1005) to work on /home/airflow/.local/lib/python3.12/site-packages/airflow/example_dags/example_latest_only_with_trigger.py
[2025-12-31T21:19:23.360+0000] {processor.py:914} INFO - Processing file /home/airflow/.local/lib/python3.12/site-packages/airflow/example_dags/example_latest_only_with_trigger.py for tasks to queue
[2025-12-31T21:19:23.363+0000] {logging_mixin.py:190} INFO - [2025-12-31T21:19:23.363+0000] {dagbag.py:588} INFO - Filling up the DagBag from /home/airflow/.local/lib/python3.12/site-packages/airflow/example_dags/example_latest_only_with_trigger.py
[2025-12-31T21:19:23.373+0000] {processor.py:925} INFO - DAG(s) 'latest_only_with_trigger' retrieved from /home/airflow/.local/lib/python3.12/site-packages/airflow/example_dags/example_latest_only_with_trigger.py
[2025-12-31T21:19:23.397+0000] {logging_mixin.py:190} INFO - [2025-12-31T21:19:23.397+0000] {dag.py:3239} INFO - Sync 1 DAGs
[2025-12-31T21:19:23.425+0000] {logging_mixin.py:190} INFO - [2025-12-31T21:19:23.425+0000] {dag.py:4180} INFO - Setting next_dagrun for latest_only_with_trigger to 2025-12-31 16:00:00+00:00, run_after=2025-12-31 20:00:00+00:00
[2025-12-31T21:19:23.454+0000] {processor.py:208} INFO - Processing /home/airflow/.local/lib/python3.12/site-packages/airflow/example_dags/example_latest_only_with_trigger.py took 0.102 seconds
[2025-12-31T21:19:53.792+0000] {processor.py:186} INFO - Started process (PID=1068) to work on /home/airflow/.local/lib/python3.12/site-packages/airflow/example_dags/example_latest_only_with_trigger.py
[2025-12-31T21:19:53.793+0000] {processor.py:914} INFO - Processing file /home/airflow/.local/lib/python3.12/site-packages/airflow/example_dags/example_latest_only_with_trigger.py for tasks to queue
[2025-12-31T21:19:53.797+0000] {logging_mixin.py:190} INFO - [2025-12-31T21:19:53.796+0000] {dagbag.py:588} INFO - Filling up the DagBag from /home/airflow/.local/lib/python3.12/site-packages/airflow/example_dags/example_latest_only_with_trigger.py
[2025-12-31T21:19:53.807+0000] {processor.py:925} INFO - DAG(s) 'latest_only_with_trigger' retrieved from /home/airflow/.local/lib/python3.12/site-packages/airflow/example_dags/example_latest_only_with_trigger.py
[2025-12-31T21:19:53.839+0000] {logging_mixin.py:190} INFO - [2025-12-31T21:19:53.838+0000] {dag.py:3239} INFO - Sync 1 DAGs
[2025-12-31T21:19:53.869+0000] {logging_mixin.py:190} INFO - [2025-12-31T21:19:53.869+0000] {dag.py:4180} INFO - Setting next_dagrun for latest_only_with_trigger to 2025-12-31 16:00:00+00:00, run_after=2025-12-31 20:00:00+00:00
[2025-12-31T21:19:53.897+0000] {processor.py:208} INFO - Processing /home/airflow/.local/lib/python3.12/site-packages/airflow/example_dags/example_latest_only_with_trigger.py took 0.117 seconds
[2025-12-31T21:20:24.599+0000] {processor.py:186} INFO - Started process (PID=1131) to work on /home/airflow/.local/lib/python3.12/site-packages/airflow/example_dags/example_latest_only_with_trigger.py
[2025-12-31T21:20:24.600+0000] {processor.py:914} INFO - Processing file /home/airflow/.local/lib/python3.12/site-packages/airflow/example_dags/example_latest_only_with_trigger.py for tasks to queue
[2025-12-31T21:20:24.603+0000] {logging_mixin.py:190} INFO - [2025-12-31T21:20:24.603+0000] {dagbag.py:588} INFO - Filling up the DagBag from /home/airflow/.local/lib/python3.12/site-packages/airflow/example_dags/example_latest_only_with_trigger.py
[2025-12-31T21:20:24.614+0000] {processor.py:925} INFO - DAG(s) 'latest_only_with_trigger' retrieved from /home/airflow/.local/lib/python3.12/site-packages/airflow/example_dags/example_latest_only_with_trigger.py
[2025-12-31T21:20:24.638+0000] {logging_mixin.py:190} INFO - [2025-12-31T21:20:24.637+0000] {dag.py:3239} INFO - Sync 1 DAGs
[2025-12-31T21:20:24.665+0000] {logging_mixin.py:190} INFO - [2025-12-31T21:20:24.665+0000] {dag.py:4180} INFO - Setting next_dagrun for latest_only_with_trigger to 2025-12-31 16:00:00+00:00, run_after=2025-12-31 20:00:00+00:00
[2025-12-31T21:20:24.694+0000] {processor.py:208} INFO - Processing /home/airflow/.local/lib/python3.12/site-packages/airflow/example_dags/example_latest_only_with_trigger.py took 0.104 seconds
[2025-12-31T21:20:55.285+0000] {processor.py:186} INFO - Started process (PID=1194) to work on /home/airflow/.local/lib/python3.12/site-packages/airflow/example_dags/example_latest_only_with_trigger.py
[2025-12-31T21:20:55.287+0000] {processor.py:914} INFO - Processing file /home/airflow/.local/lib/python3.12/site-packages/airflow/example_dags/example_latest_only_with_trigger.py for tasks to queue
[2025-12-31T21:20:55.290+0000] {logging_mixin.py:190} INFO - [2025-12-31T21:20:55.290+0000] {dagbag.py:588} INFO - Filling up the DagBag from /home/airflow/.local/lib/python3.12/site-packages/airflow/example_dags/example_latest_only_with_trigger.py
[2025-12-31T21:20:55.299+0000] {processor.py:925} INFO - DAG(s) 'latest_only_with_trigger' retrieved from /home/airflow/.local/lib/python3.12/site-packages/airflow/example_dags/example_latest_only_with_trigger.py
[2025-12-31T21:20:55.323+0000] {logging_mixin.py:190} INFO - [2025-12-31T21:20:55.323+0000] {dag.py:3239} INFO - Sync 1 DAGs
[2025-12-31T21:20:55.349+0000] {logging_mixin.py:190} INFO - [2025-12-31T21:20:55.349+0000] {dag.py:4180} INFO - Setting next_dagrun for latest_only_with_trigger to 2025-12-31 16:00:00+00:00, run_after=2025-12-31 20:00:00+00:00
[2025-12-31T21:20:55.378+0000] {processor.py:208} INFO - Processing /home/airflow/.local/lib/python3.12/site-packages/airflow/example_dags/example_latest_only_with_trigger.py took 0.099 seconds
[2025-12-31T21:21:26.135+0000] {processor.py:186} INFO - Started process (PID=1258) to work on /home/airflow/.local/lib/python3.12/site-packages/airflow/example_dags/example_latest_only_with_trigger.py
[2025-12-31T21:21:26.138+0000] {processor.py:914} INFO - Processing file /home/airflow/.local/lib/python3.12/site-packages/airflow/example_dags/example_latest_only_with_trigger.py for tasks to queue
[2025-12-31T21:21:26.143+0000] {logging_mixin.py:190} INFO - [2025-12-31T21:21:26.142+0000] {dagbag.py:588} INFO - Filling up the DagBag from /home/airflow/.local/lib/python3.12/site-packages/airflow/example_dags/example_latest_only_with_trigger.py
[2025-12-31T21:21:26.153+0000] {processor.py:925} INFO - DAG(s) 'latest_only_with_trigger' retrieved from /home/airflow/.local/lib/python3.12/site-packages/airflow/example_dags/example_latest_only_with_trigger.py
[2025-12-31T21:21:26.177+0000] {logging_mixin.py:190} INFO - [2025-12-31T21:21:26.177+0000] {dag.py:3239} INFO - Sync 1 DAGs
[2025-12-31T21:21:26.203+0000] {logging_mixin.py:190} INFO - [2025-12-31T21:21:26.203+0000] {dag.py:4180} INFO - Setting next_dagrun for latest_only_with_trigger to 2025-12-31 16:00:00+00:00, run_after=2025-12-31 20:00:00+00:00
[2025-12-31T21:21:26.225+0000] {processor.py:208} INFO - Processing /home/airflow/.local/lib/python3.12/site-packages/airflow/example_dags/example_latest_only_with_trigger.py took 0.097 seconds
