[2025-12-31T21:12:12.582+0000] {processor.py:186} INFO - Started process (PID=109) to work on /home/airflow/.local/lib/python3.12/site-packages/airflow/example_dags/example_inlet_event_extra.py
[2025-12-31T21:12:12.584+0000] {processor.py:914} INFO - Processing file /home/airflow/.local/lib/python3.12/site-packages/airflow/example_dags/example_inlet_event_extra.py for tasks to queue
[2025-12-31T21:12:12.590+0000] {logging_mixin.py:190} INFO - [2025-12-31T21:12:12.589+0000] {dagbag.py:588} INFO - Filling up the DagBag from /home/airflow/.local/lib/python3.12/site-packages/airflow/example_dags/example_inlet_event_extra.py
[2025-12-31T21:12:13.395+0000] {processor.py:925} INFO - DAG(s) 'read_dataset_event', 'read_dataset_event_from_classic' retrieved from /home/airflow/.local/lib/python3.12/site-packages/airflow/example_dags/example_inlet_event_extra.py
[2025-12-31T21:12:13.543+0000] {logging_mixin.py:190} INFO - [2025-12-31T21:12:13.541+0000] {override.py:1912} INFO - Created Permission View: can read on DAG:read_dataset_event
[2025-12-31T21:12:13.562+0000] {logging_mixin.py:190} INFO - [2025-12-31T21:12:13.562+0000] {override.py:1912} INFO - Created Permission View: can delete on DAG:read_dataset_event
[2025-12-31T21:12:13.575+0000] {logging_mixin.py:190} INFO - [2025-12-31T21:12:13.574+0000] {override.py:1912} INFO - Created Permission View: can edit on DAG:read_dataset_event
[2025-12-31T21:12:13.588+0000] {logging_mixin.py:190} INFO - [2025-12-31T21:12:13.587+0000] {override.py:1912} INFO - Created Permission View: can read on DAG Run:read_dataset_event
[2025-12-31T21:12:13.600+0000] {logging_mixin.py:190} INFO - [2025-12-31T21:12:13.599+0000] {override.py:1912} INFO - Created Permission View: can create on DAG Run:read_dataset_event
[2025-12-31T21:12:13.613+0000] {logging_mixin.py:190} INFO - [2025-12-31T21:12:13.613+0000] {override.py:1912} INFO - Created Permission View: can delete on DAG Run:read_dataset_event
[2025-12-31T21:12:13.625+0000] {logging_mixin.py:190} INFO - [2025-12-31T21:12:13.625+0000] {override.py:1912} INFO - Created Permission View: menu access on DAG Run:read_dataset_event
[2025-12-31T21:12:13.646+0000] {logging_mixin.py:190} INFO - [2025-12-31T21:12:13.645+0000] {override.py:1912} INFO - Created Permission View: can read on DAG:read_dataset_event_from_classic
[2025-12-31T21:12:13.658+0000] {logging_mixin.py:190} INFO - [2025-12-31T21:12:13.657+0000] {override.py:1912} INFO - Created Permission View: can delete on DAG:read_dataset_event_from_classic
[2025-12-31T21:12:13.669+0000] {logging_mixin.py:190} INFO - [2025-12-31T21:12:13.668+0000] {override.py:1912} INFO - Created Permission View: can edit on DAG:read_dataset_event_from_classic
[2025-12-31T21:12:13.683+0000] {logging_mixin.py:190} INFO - [2025-12-31T21:12:13.682+0000] {override.py:1912} INFO - Created Permission View: can read on DAG Run:read_dataset_event_from_classic
[2025-12-31T21:12:13.693+0000] {logging_mixin.py:190} INFO - [2025-12-31T21:12:13.692+0000] {override.py:1912} INFO - Created Permission View: can create on DAG Run:read_dataset_event_from_classic
[2025-12-31T21:12:13.703+0000] {logging_mixin.py:190} INFO - [2025-12-31T21:12:13.702+0000] {override.py:1912} INFO - Created Permission View: can delete on DAG Run:read_dataset_event_from_classic
[2025-12-31T21:12:13.713+0000] {logging_mixin.py:190} INFO - [2025-12-31T21:12:13.713+0000] {override.py:1912} INFO - Created Permission View: menu access on DAG Run:read_dataset_event_from_classic
[2025-12-31T21:12:13.714+0000] {logging_mixin.py:190} INFO - [2025-12-31T21:12:13.714+0000] {dag.py:3239} INFO - Sync 2 DAGs
[2025-12-31T21:12:13.732+0000] {logging_mixin.py:190} INFO - [2025-12-31T21:12:13.731+0000] {dag.py:3262} INFO - Creating ORM DAG for read_dataset_event_from_classic
[2025-12-31T21:12:13.733+0000] {logging_mixin.py:190} INFO - [2025-12-31T21:12:13.733+0000] {dag.py:3262} INFO - Creating ORM DAG for read_dataset_event
[2025-12-31T21:12:13.748+0000] {logging_mixin.py:190} INFO - [2025-12-31T21:12:13.748+0000] {dag.py:4180} INFO - Setting next_dagrun for read_dataset_event to 2025-12-30 00:00:00+00:00, run_after=2025-12-31 00:00:00+00:00
[2025-12-31T21:12:13.751+0000] {logging_mixin.py:190} INFO - [2025-12-31T21:12:13.751+0000] {dag.py:4180} INFO - Setting next_dagrun for read_dataset_event_from_classic to 2025-12-30 00:00:00+00:00, run_after=2025-12-31 00:00:00+00:00
[2025-12-31T21:12:13.775+0000] {processor.py:208} INFO - Processing /home/airflow/.local/lib/python3.12/site-packages/airflow/example_dags/example_inlet_event_extra.py took 1.203 seconds
[2025-12-31T21:12:44.490+0000] {processor.py:186} INFO - Started process (PID=174) to work on /home/airflow/.local/lib/python3.12/site-packages/airflow/example_dags/example_inlet_event_extra.py
[2025-12-31T21:12:44.491+0000] {processor.py:914} INFO - Processing file /home/airflow/.local/lib/python3.12/site-packages/airflow/example_dags/example_inlet_event_extra.py for tasks to queue
[2025-12-31T21:12:44.494+0000] {logging_mixin.py:190} INFO - [2025-12-31T21:12:44.493+0000] {dagbag.py:588} INFO - Filling up the DagBag from /home/airflow/.local/lib/python3.12/site-packages/airflow/example_dags/example_inlet_event_extra.py
[2025-12-31T21:12:45.158+0000] {processor.py:925} INFO - DAG(s) 'read_dataset_event_from_classic', 'read_dataset_event' retrieved from /home/airflow/.local/lib/python3.12/site-packages/airflow/example_dags/example_inlet_event_extra.py
[2025-12-31T21:12:45.187+0000] {logging_mixin.py:190} INFO - [2025-12-31T21:12:45.186+0000] {dag.py:3239} INFO - Sync 2 DAGs
[2025-12-31T21:12:45.219+0000] {logging_mixin.py:190} INFO - [2025-12-31T21:12:45.218+0000] {dag.py:4180} INFO - Setting next_dagrun for read_dataset_event to 2025-12-30 00:00:00+00:00, run_after=2025-12-31 00:00:00+00:00
[2025-12-31T21:12:45.225+0000] {logging_mixin.py:190} INFO - [2025-12-31T21:12:45.225+0000] {dag.py:4180} INFO - Setting next_dagrun for read_dataset_event_from_classic to 2025-12-30 00:00:00+00:00, run_after=2025-12-31 00:00:00+00:00
[2025-12-31T21:12:45.262+0000] {processor.py:208} INFO - Processing /home/airflow/.local/lib/python3.12/site-packages/airflow/example_dags/example_inlet_event_extra.py took 0.779 seconds
[2025-12-31T21:13:16.135+0000] {processor.py:186} INFO - Started process (PID=241) to work on /home/airflow/.local/lib/python3.12/site-packages/airflow/example_dags/example_inlet_event_extra.py
[2025-12-31T21:13:16.137+0000] {processor.py:914} INFO - Processing file /home/airflow/.local/lib/python3.12/site-packages/airflow/example_dags/example_inlet_event_extra.py for tasks to queue
[2025-12-31T21:13:16.140+0000] {logging_mixin.py:190} INFO - [2025-12-31T21:13:16.140+0000] {dagbag.py:588} INFO - Filling up the DagBag from /home/airflow/.local/lib/python3.12/site-packages/airflow/example_dags/example_inlet_event_extra.py
[2025-12-31T21:13:16.790+0000] {processor.py:925} INFO - DAG(s) 'read_dataset_event_from_classic', 'read_dataset_event' retrieved from /home/airflow/.local/lib/python3.12/site-packages/airflow/example_dags/example_inlet_event_extra.py
[2025-12-31T21:13:16.813+0000] {logging_mixin.py:190} INFO - [2025-12-31T21:13:16.813+0000] {dag.py:3239} INFO - Sync 2 DAGs
[2025-12-31T21:13:16.841+0000] {logging_mixin.py:190} INFO - [2025-12-31T21:13:16.841+0000] {dag.py:4180} INFO - Setting next_dagrun for read_dataset_event to 2025-12-30 00:00:00+00:00, run_after=2025-12-31 00:00:00+00:00
[2025-12-31T21:13:16.848+0000] {logging_mixin.py:190} INFO - [2025-12-31T21:13:16.848+0000] {dag.py:4180} INFO - Setting next_dagrun for read_dataset_event_from_classic to 2025-12-30 00:00:00+00:00, run_after=2025-12-31 00:00:00+00:00
[2025-12-31T21:13:16.871+0000] {processor.py:208} INFO - Processing /home/airflow/.local/lib/python3.12/site-packages/airflow/example_dags/example_inlet_event_extra.py took 0.743 seconds
[2025-12-31T21:13:47.327+0000] {processor.py:186} INFO - Started process (PID=312) to work on /home/airflow/.local/lib/python3.12/site-packages/airflow/example_dags/example_inlet_event_extra.py
[2025-12-31T21:13:47.329+0000] {processor.py:914} INFO - Processing file /home/airflow/.local/lib/python3.12/site-packages/airflow/example_dags/example_inlet_event_extra.py for tasks to queue
[2025-12-31T21:13:47.332+0000] {logging_mixin.py:190} INFO - [2025-12-31T21:13:47.332+0000] {dagbag.py:588} INFO - Filling up the DagBag from /home/airflow/.local/lib/python3.12/site-packages/airflow/example_dags/example_inlet_event_extra.py
[2025-12-31T21:13:48.084+0000] {processor.py:925} INFO - DAG(s) 'read_dataset_event_from_classic', 'read_dataset_event' retrieved from /home/airflow/.local/lib/python3.12/site-packages/airflow/example_dags/example_inlet_event_extra.py
[2025-12-31T21:13:48.109+0000] {logging_mixin.py:190} INFO - [2025-12-31T21:13:48.109+0000] {dag.py:3239} INFO - Sync 2 DAGs
[2025-12-31T21:13:48.139+0000] {logging_mixin.py:190} INFO - [2025-12-31T21:13:48.139+0000] {dag.py:4180} INFO - Setting next_dagrun for read_dataset_event to 2025-12-30 00:00:00+00:00, run_after=2025-12-31 00:00:00+00:00
[2025-12-31T21:13:48.146+0000] {logging_mixin.py:190} INFO - [2025-12-31T21:13:48.145+0000] {dag.py:4180} INFO - Setting next_dagrun for read_dataset_event_from_classic to 2025-12-30 00:00:00+00:00, run_after=2025-12-31 00:00:00+00:00
[2025-12-31T21:13:48.169+0000] {processor.py:208} INFO - Processing /home/airflow/.local/lib/python3.12/site-packages/airflow/example_dags/example_inlet_event_extra.py took 0.851 seconds
[2025-12-31T21:14:19.172+0000] {processor.py:186} INFO - Started process (PID=380) to work on /home/airflow/.local/lib/python3.12/site-packages/airflow/example_dags/example_inlet_event_extra.py
[2025-12-31T21:14:19.173+0000] {processor.py:914} INFO - Processing file /home/airflow/.local/lib/python3.12/site-packages/airflow/example_dags/example_inlet_event_extra.py for tasks to queue
[2025-12-31T21:14:19.176+0000] {logging_mixin.py:190} INFO - [2025-12-31T21:14:19.175+0000] {dagbag.py:588} INFO - Filling up the DagBag from /home/airflow/.local/lib/python3.12/site-packages/airflow/example_dags/example_inlet_event_extra.py
[2025-12-31T21:14:19.788+0000] {processor.py:925} INFO - DAG(s) 'read_dataset_event', 'read_dataset_event_from_classic' retrieved from /home/airflow/.local/lib/python3.12/site-packages/airflow/example_dags/example_inlet_event_extra.py
[2025-12-31T21:14:19.811+0000] {logging_mixin.py:190} INFO - [2025-12-31T21:14:19.811+0000] {dag.py:3239} INFO - Sync 2 DAGs
[2025-12-31T21:14:19.840+0000] {logging_mixin.py:190} INFO - [2025-12-31T21:14:19.840+0000] {dag.py:4180} INFO - Setting next_dagrun for read_dataset_event to 2025-12-30 00:00:00+00:00, run_after=2025-12-31 00:00:00+00:00
[2025-12-31T21:14:19.849+0000] {logging_mixin.py:190} INFO - [2025-12-31T21:14:19.848+0000] {dag.py:4180} INFO - Setting next_dagrun for read_dataset_event_from_classic to 2025-12-30 00:00:00+00:00, run_after=2025-12-31 00:00:00+00:00
[2025-12-31T21:14:19.867+0000] {processor.py:208} INFO - Processing /home/airflow/.local/lib/python3.12/site-packages/airflow/example_dags/example_inlet_event_extra.py took 0.702 seconds
[2025-12-31T21:14:50.253+0000] {processor.py:186} INFO - Started process (PID=443) to work on /home/airflow/.local/lib/python3.12/site-packages/airflow/example_dags/example_inlet_event_extra.py
[2025-12-31T21:14:50.254+0000] {processor.py:914} INFO - Processing file /home/airflow/.local/lib/python3.12/site-packages/airflow/example_dags/example_inlet_event_extra.py for tasks to queue
[2025-12-31T21:14:50.257+0000] {logging_mixin.py:190} INFO - [2025-12-31T21:14:50.257+0000] {dagbag.py:588} INFO - Filling up the DagBag from /home/airflow/.local/lib/python3.12/site-packages/airflow/example_dags/example_inlet_event_extra.py
[2025-12-31T21:14:50.907+0000] {processor.py:925} INFO - DAG(s) 'read_dataset_event', 'read_dataset_event_from_classic' retrieved from /home/airflow/.local/lib/python3.12/site-packages/airflow/example_dags/example_inlet_event_extra.py
[2025-12-31T21:14:50.929+0000] {logging_mixin.py:190} INFO - [2025-12-31T21:14:50.929+0000] {dag.py:3239} INFO - Sync 2 DAGs
[2025-12-31T21:14:50.957+0000] {logging_mixin.py:190} INFO - [2025-12-31T21:14:50.957+0000] {dag.py:4180} INFO - Setting next_dagrun for read_dataset_event to 2025-12-30 00:00:00+00:00, run_after=2025-12-31 00:00:00+00:00
[2025-12-31T21:14:50.964+0000] {logging_mixin.py:190} INFO - [2025-12-31T21:14:50.963+0000] {dag.py:4180} INFO - Setting next_dagrun for read_dataset_event_from_classic to 2025-12-30 00:00:00+00:00, run_after=2025-12-31 00:00:00+00:00
[2025-12-31T21:14:50.985+0000] {processor.py:208} INFO - Processing /home/airflow/.local/lib/python3.12/site-packages/airflow/example_dags/example_inlet_event_extra.py took 0.739 seconds
[2025-12-31T21:15:21.399+0000] {processor.py:186} INFO - Started process (PID=506) to work on /home/airflow/.local/lib/python3.12/site-packages/airflow/example_dags/example_inlet_event_extra.py
[2025-12-31T21:15:21.400+0000] {processor.py:914} INFO - Processing file /home/airflow/.local/lib/python3.12/site-packages/airflow/example_dags/example_inlet_event_extra.py for tasks to queue
[2025-12-31T21:15:21.403+0000] {logging_mixin.py:190} INFO - [2025-12-31T21:15:21.403+0000] {dagbag.py:588} INFO - Filling up the DagBag from /home/airflow/.local/lib/python3.12/site-packages/airflow/example_dags/example_inlet_event_extra.py
[2025-12-31T21:15:22.021+0000] {processor.py:925} INFO - DAG(s) 'read_dataset_event', 'read_dataset_event_from_classic' retrieved from /home/airflow/.local/lib/python3.12/site-packages/airflow/example_dags/example_inlet_event_extra.py
[2025-12-31T21:15:22.045+0000] {logging_mixin.py:190} INFO - [2025-12-31T21:15:22.044+0000] {dag.py:3239} INFO - Sync 2 DAGs
[2025-12-31T21:15:22.071+0000] {logging_mixin.py:190} INFO - [2025-12-31T21:15:22.071+0000] {dag.py:4180} INFO - Setting next_dagrun for read_dataset_event to 2025-12-30 00:00:00+00:00, run_after=2025-12-31 00:00:00+00:00
[2025-12-31T21:15:22.081+0000] {logging_mixin.py:190} INFO - [2025-12-31T21:15:22.080+0000] {dag.py:4180} INFO - Setting next_dagrun for read_dataset_event_from_classic to 2025-12-30 00:00:00+00:00, run_after=2025-12-31 00:00:00+00:00
[2025-12-31T21:15:22.103+0000] {processor.py:208} INFO - Processing /home/airflow/.local/lib/python3.12/site-packages/airflow/example_dags/example_inlet_event_extra.py took 0.710 seconds
[2025-12-31T21:15:52.229+0000] {processor.py:186} INFO - Started process (PID=570) to work on /home/airflow/.local/lib/python3.12/site-packages/airflow/example_dags/example_inlet_event_extra.py
[2025-12-31T21:15:52.238+0000] {processor.py:914} INFO - Processing file /home/airflow/.local/lib/python3.12/site-packages/airflow/example_dags/example_inlet_event_extra.py for tasks to queue
[2025-12-31T21:15:52.273+0000] {logging_mixin.py:190} INFO - [2025-12-31T21:15:52.272+0000] {dagbag.py:588} INFO - Filling up the DagBag from /home/airflow/.local/lib/python3.12/site-packages/airflow/example_dags/example_inlet_event_extra.py
[2025-12-31T21:15:53.527+0000] {processor.py:925} INFO - DAG(s) 'read_dataset_event_from_classic', 'read_dataset_event' retrieved from /home/airflow/.local/lib/python3.12/site-packages/airflow/example_dags/example_inlet_event_extra.py
[2025-12-31T21:15:53.565+0000] {logging_mixin.py:190} INFO - [2025-12-31T21:15:53.565+0000] {dag.py:3239} INFO - Sync 2 DAGs
[2025-12-31T21:15:53.611+0000] {logging_mixin.py:190} INFO - [2025-12-31T21:15:53.610+0000] {dag.py:4180} INFO - Setting next_dagrun for read_dataset_event to 2025-12-30 00:00:00+00:00, run_after=2025-12-31 00:00:00+00:00
[2025-12-31T21:15:53.621+0000] {logging_mixin.py:190} INFO - [2025-12-31T21:15:53.621+0000] {dag.py:4180} INFO - Setting next_dagrun for read_dataset_event_from_classic to 2025-12-30 00:00:00+00:00, run_after=2025-12-31 00:00:00+00:00
[2025-12-31T21:15:53.657+0000] {processor.py:208} INFO - Processing /home/airflow/.local/lib/python3.12/site-packages/airflow/example_dags/example_inlet_event_extra.py took 1.452 seconds
[2025-12-31T21:16:23.918+0000] {processor.py:186} INFO - Started process (PID=633) to work on /home/airflow/.local/lib/python3.12/site-packages/airflow/example_dags/example_inlet_event_extra.py
[2025-12-31T21:16:23.919+0000] {processor.py:914} INFO - Processing file /home/airflow/.local/lib/python3.12/site-packages/airflow/example_dags/example_inlet_event_extra.py for tasks to queue
[2025-12-31T21:16:23.924+0000] {logging_mixin.py:190} INFO - [2025-12-31T21:16:23.924+0000] {dagbag.py:588} INFO - Filling up the DagBag from /home/airflow/.local/lib/python3.12/site-packages/airflow/example_dags/example_inlet_event_extra.py
[2025-12-31T21:16:24.761+0000] {processor.py:925} INFO - DAG(s) 'read_dataset_event', 'read_dataset_event_from_classic' retrieved from /home/airflow/.local/lib/python3.12/site-packages/airflow/example_dags/example_inlet_event_extra.py
[2025-12-31T21:16:24.784+0000] {logging_mixin.py:190} INFO - [2025-12-31T21:16:24.783+0000] {dag.py:3239} INFO - Sync 2 DAGs
[2025-12-31T21:16:24.813+0000] {logging_mixin.py:190} INFO - [2025-12-31T21:16:24.813+0000] {dag.py:4180} INFO - Setting next_dagrun for read_dataset_event to 2025-12-30 00:00:00+00:00, run_after=2025-12-31 00:00:00+00:00
[2025-12-31T21:16:24.819+0000] {logging_mixin.py:190} INFO - [2025-12-31T21:16:24.819+0000] {dag.py:4180} INFO - Setting next_dagrun for read_dataset_event_from_classic to 2025-12-30 00:00:00+00:00, run_after=2025-12-31 00:00:00+00:00
[2025-12-31T21:16:24.840+0000] {processor.py:208} INFO - Processing /home/airflow/.local/lib/python3.12/site-packages/airflow/example_dags/example_inlet_event_extra.py took 0.930 seconds
[2025-12-31T21:16:55.041+0000] {processor.py:186} INFO - Started process (PID=696) to work on /home/airflow/.local/lib/python3.12/site-packages/airflow/example_dags/example_inlet_event_extra.py
[2025-12-31T21:16:55.042+0000] {processor.py:914} INFO - Processing file /home/airflow/.local/lib/python3.12/site-packages/airflow/example_dags/example_inlet_event_extra.py for tasks to queue
[2025-12-31T21:16:55.045+0000] {logging_mixin.py:190} INFO - [2025-12-31T21:16:55.044+0000] {dagbag.py:588} INFO - Filling up the DagBag from /home/airflow/.local/lib/python3.12/site-packages/airflow/example_dags/example_inlet_event_extra.py
[2025-12-31T21:16:55.699+0000] {processor.py:925} INFO - DAG(s) 'read_dataset_event_from_classic', 'read_dataset_event' retrieved from /home/airflow/.local/lib/python3.12/site-packages/airflow/example_dags/example_inlet_event_extra.py
[2025-12-31T21:16:55.723+0000] {logging_mixin.py:190} INFO - [2025-12-31T21:16:55.723+0000] {dag.py:3239} INFO - Sync 2 DAGs
[2025-12-31T21:16:55.751+0000] {logging_mixin.py:190} INFO - [2025-12-31T21:16:55.750+0000] {dag.py:4180} INFO - Setting next_dagrun for read_dataset_event to 2025-12-30 00:00:00+00:00, run_after=2025-12-31 00:00:00+00:00
[2025-12-31T21:16:55.758+0000] {logging_mixin.py:190} INFO - [2025-12-31T21:16:55.758+0000] {dag.py:4180} INFO - Setting next_dagrun for read_dataset_event_from_classic to 2025-12-30 00:00:00+00:00, run_after=2025-12-31 00:00:00+00:00
[2025-12-31T21:16:55.782+0000] {processor.py:208} INFO - Processing /home/airflow/.local/lib/python3.12/site-packages/airflow/example_dags/example_inlet_event_extra.py took 0.747 seconds
[2025-12-31T21:17:26.707+0000] {processor.py:186} INFO - Started process (PID=759) to work on /home/airflow/.local/lib/python3.12/site-packages/airflow/example_dags/example_inlet_event_extra.py
[2025-12-31T21:17:26.708+0000] {processor.py:914} INFO - Processing file /home/airflow/.local/lib/python3.12/site-packages/airflow/example_dags/example_inlet_event_extra.py for tasks to queue
[2025-12-31T21:17:26.711+0000] {logging_mixin.py:190} INFO - [2025-12-31T21:17:26.710+0000] {dagbag.py:588} INFO - Filling up the DagBag from /home/airflow/.local/lib/python3.12/site-packages/airflow/example_dags/example_inlet_event_extra.py
[2025-12-31T21:17:27.377+0000] {processor.py:925} INFO - DAG(s) 'read_dataset_event_from_classic', 'read_dataset_event' retrieved from /home/airflow/.local/lib/python3.12/site-packages/airflow/example_dags/example_inlet_event_extra.py
[2025-12-31T21:17:27.401+0000] {logging_mixin.py:190} INFO - [2025-12-31T21:17:27.400+0000] {dag.py:3239} INFO - Sync 2 DAGs
[2025-12-31T21:17:27.429+0000] {logging_mixin.py:190} INFO - [2025-12-31T21:17:27.428+0000] {dag.py:4180} INFO - Setting next_dagrun for read_dataset_event to 2025-12-30 00:00:00+00:00, run_after=2025-12-31 00:00:00+00:00
[2025-12-31T21:17:27.435+0000] {logging_mixin.py:190} INFO - [2025-12-31T21:17:27.435+0000] {dag.py:4180} INFO - Setting next_dagrun for read_dataset_event_from_classic to 2025-12-30 00:00:00+00:00, run_after=2025-12-31 00:00:00+00:00
[2025-12-31T21:17:27.454+0000] {processor.py:208} INFO - Processing /home/airflow/.local/lib/python3.12/site-packages/airflow/example_dags/example_inlet_event_extra.py took 0.754 seconds
[2025-12-31T21:17:57.702+0000] {processor.py:186} INFO - Started process (PID=823) to work on /home/airflow/.local/lib/python3.12/site-packages/airflow/example_dags/example_inlet_event_extra.py
[2025-12-31T21:17:57.703+0000] {processor.py:914} INFO - Processing file /home/airflow/.local/lib/python3.12/site-packages/airflow/example_dags/example_inlet_event_extra.py for tasks to queue
[2025-12-31T21:17:57.707+0000] {logging_mixin.py:190} INFO - [2025-12-31T21:17:57.706+0000] {dagbag.py:588} INFO - Filling up the DagBag from /home/airflow/.local/lib/python3.12/site-packages/airflow/example_dags/example_inlet_event_extra.py
[2025-12-31T21:17:58.351+0000] {processor.py:925} INFO - DAG(s) 'read_dataset_event', 'read_dataset_event_from_classic' retrieved from /home/airflow/.local/lib/python3.12/site-packages/airflow/example_dags/example_inlet_event_extra.py
[2025-12-31T21:17:58.379+0000] {logging_mixin.py:190} INFO - [2025-12-31T21:17:58.378+0000] {dag.py:3239} INFO - Sync 2 DAGs
[2025-12-31T21:17:58.408+0000] {logging_mixin.py:190} INFO - [2025-12-31T21:17:58.408+0000] {dag.py:4180} INFO - Setting next_dagrun for read_dataset_event to 2025-12-30 00:00:00+00:00, run_after=2025-12-31 00:00:00+00:00
[2025-12-31T21:17:58.414+0000] {logging_mixin.py:190} INFO - [2025-12-31T21:17:58.414+0000] {dag.py:4180} INFO - Setting next_dagrun for read_dataset_event_from_classic to 2025-12-30 00:00:00+00:00, run_after=2025-12-31 00:00:00+00:00
[2025-12-31T21:17:58.439+0000] {processor.py:208} INFO - Processing /home/airflow/.local/lib/python3.12/site-packages/airflow/example_dags/example_inlet_event_extra.py took 0.745 seconds
[2025-12-31T21:18:28.514+0000] {processor.py:186} INFO - Started process (PID=885) to work on /home/airflow/.local/lib/python3.12/site-packages/airflow/example_dags/example_inlet_event_extra.py
[2025-12-31T21:18:28.516+0000] {processor.py:914} INFO - Processing file /home/airflow/.local/lib/python3.12/site-packages/airflow/example_dags/example_inlet_event_extra.py for tasks to queue
[2025-12-31T21:18:28.520+0000] {logging_mixin.py:190} INFO - [2025-12-31T21:18:28.519+0000] {dagbag.py:588} INFO - Filling up the DagBag from /home/airflow/.local/lib/python3.12/site-packages/airflow/example_dags/example_inlet_event_extra.py
[2025-12-31T21:18:29.161+0000] {processor.py:925} INFO - DAG(s) 'read_dataset_event', 'read_dataset_event_from_classic' retrieved from /home/airflow/.local/lib/python3.12/site-packages/airflow/example_dags/example_inlet_event_extra.py
[2025-12-31T21:18:29.184+0000] {logging_mixin.py:190} INFO - [2025-12-31T21:18:29.184+0000] {dag.py:3239} INFO - Sync 2 DAGs
[2025-12-31T21:18:29.218+0000] {logging_mixin.py:190} INFO - [2025-12-31T21:18:29.217+0000] {dag.py:4180} INFO - Setting next_dagrun for read_dataset_event to 2025-12-30 00:00:00+00:00, run_after=2025-12-31 00:00:00+00:00
[2025-12-31T21:18:29.226+0000] {logging_mixin.py:190} INFO - [2025-12-31T21:18:29.226+0000] {dag.py:4180} INFO - Setting next_dagrun for read_dataset_event_from_classic to 2025-12-30 00:00:00+00:00, run_after=2025-12-31 00:00:00+00:00
[2025-12-31T21:18:29.251+0000] {processor.py:208} INFO - Processing /home/airflow/.local/lib/python3.12/site-packages/airflow/example_dags/example_inlet_event_extra.py took 0.746 seconds
[2025-12-31T21:18:59.479+0000] {processor.py:186} INFO - Started process (PID=948) to work on /home/airflow/.local/lib/python3.12/site-packages/airflow/example_dags/example_inlet_event_extra.py
[2025-12-31T21:18:59.481+0000] {processor.py:914} INFO - Processing file /home/airflow/.local/lib/python3.12/site-packages/airflow/example_dags/example_inlet_event_extra.py for tasks to queue
[2025-12-31T21:18:59.485+0000] {logging_mixin.py:190} INFO - [2025-12-31T21:18:59.484+0000] {dagbag.py:588} INFO - Filling up the DagBag from /home/airflow/.local/lib/python3.12/site-packages/airflow/example_dags/example_inlet_event_extra.py
[2025-12-31T21:19:00.144+0000] {processor.py:925} INFO - DAG(s) 'read_dataset_event', 'read_dataset_event_from_classic' retrieved from /home/airflow/.local/lib/python3.12/site-packages/airflow/example_dags/example_inlet_event_extra.py
[2025-12-31T21:19:00.164+0000] {logging_mixin.py:190} INFO - [2025-12-31T21:19:00.164+0000] {dag.py:3239} INFO - Sync 2 DAGs
[2025-12-31T21:19:00.191+0000] {logging_mixin.py:190} INFO - [2025-12-31T21:19:00.190+0000] {dag.py:4180} INFO - Setting next_dagrun for read_dataset_event to 2025-12-30 00:00:00+00:00, run_after=2025-12-31 00:00:00+00:00
[2025-12-31T21:19:00.198+0000] {logging_mixin.py:190} INFO - [2025-12-31T21:19:00.198+0000] {dag.py:4180} INFO - Setting next_dagrun for read_dataset_event_from_classic to 2025-12-30 00:00:00+00:00, run_after=2025-12-31 00:00:00+00:00
[2025-12-31T21:19:00.220+0000] {processor.py:208} INFO - Processing /home/airflow/.local/lib/python3.12/site-packages/airflow/example_dags/example_inlet_event_extra.py took 0.747 seconds
[2025-12-31T21:19:31.124+0000] {processor.py:186} INFO - Started process (PID=1015) to work on /home/airflow/.local/lib/python3.12/site-packages/airflow/example_dags/example_inlet_event_extra.py
[2025-12-31T21:19:31.126+0000] {processor.py:914} INFO - Processing file /home/airflow/.local/lib/python3.12/site-packages/airflow/example_dags/example_inlet_event_extra.py for tasks to queue
[2025-12-31T21:19:31.129+0000] {logging_mixin.py:190} INFO - [2025-12-31T21:19:31.128+0000] {dagbag.py:588} INFO - Filling up the DagBag from /home/airflow/.local/lib/python3.12/site-packages/airflow/example_dags/example_inlet_event_extra.py
[2025-12-31T21:19:31.790+0000] {processor.py:925} INFO - DAG(s) 'read_dataset_event_from_classic', 'read_dataset_event' retrieved from /home/airflow/.local/lib/python3.12/site-packages/airflow/example_dags/example_inlet_event_extra.py
[2025-12-31T21:19:31.814+0000] {logging_mixin.py:190} INFO - [2025-12-31T21:19:31.814+0000] {dag.py:3239} INFO - Sync 2 DAGs
[2025-12-31T21:19:31.844+0000] {logging_mixin.py:190} INFO - [2025-12-31T21:19:31.844+0000] {dag.py:4180} INFO - Setting next_dagrun for read_dataset_event to 2025-12-30 00:00:00+00:00, run_after=2025-12-31 00:00:00+00:00
[2025-12-31T21:19:31.852+0000] {logging_mixin.py:190} INFO - [2025-12-31T21:19:31.851+0000] {dag.py:4180} INFO - Setting next_dagrun for read_dataset_event_from_classic to 2025-12-30 00:00:00+00:00, run_after=2025-12-31 00:00:00+00:00
[2025-12-31T21:19:31.872+0000] {processor.py:208} INFO - Processing /home/airflow/.local/lib/python3.12/site-packages/airflow/example_dags/example_inlet_event_extra.py took 0.756 seconds
[2025-12-31T21:20:02.277+0000] {processor.py:186} INFO - Started process (PID=1078) to work on /home/airflow/.local/lib/python3.12/site-packages/airflow/example_dags/example_inlet_event_extra.py
[2025-12-31T21:20:02.278+0000] {processor.py:914} INFO - Processing file /home/airflow/.local/lib/python3.12/site-packages/airflow/example_dags/example_inlet_event_extra.py for tasks to queue
[2025-12-31T21:20:02.281+0000] {logging_mixin.py:190} INFO - [2025-12-31T21:20:02.280+0000] {dagbag.py:588} INFO - Filling up the DagBag from /home/airflow/.local/lib/python3.12/site-packages/airflow/example_dags/example_inlet_event_extra.py
[2025-12-31T21:20:02.922+0000] {processor.py:925} INFO - DAG(s) 'read_dataset_event_from_classic', 'read_dataset_event' retrieved from /home/airflow/.local/lib/python3.12/site-packages/airflow/example_dags/example_inlet_event_extra.py
[2025-12-31T21:20:02.944+0000] {logging_mixin.py:190} INFO - [2025-12-31T21:20:02.943+0000] {dag.py:3239} INFO - Sync 2 DAGs
[2025-12-31T21:20:02.971+0000] {logging_mixin.py:190} INFO - [2025-12-31T21:20:02.971+0000] {dag.py:4180} INFO - Setting next_dagrun for read_dataset_event to 2025-12-30 00:00:00+00:00, run_after=2025-12-31 00:00:00+00:00
[2025-12-31T21:20:02.977+0000] {logging_mixin.py:190} INFO - [2025-12-31T21:20:02.977+0000] {dag.py:4180} INFO - Setting next_dagrun for read_dataset_event_from_classic to 2025-12-30 00:00:00+00:00, run_after=2025-12-31 00:00:00+00:00
[2025-12-31T21:20:03.001+0000] {processor.py:208} INFO - Processing /home/airflow/.local/lib/python3.12/site-packages/airflow/example_dags/example_inlet_event_extra.py took 0.732 seconds
[2025-12-31T21:20:33.445+0000] {processor.py:186} INFO - Started process (PID=1141) to work on /home/airflow/.local/lib/python3.12/site-packages/airflow/example_dags/example_inlet_event_extra.py
[2025-12-31T21:20:33.446+0000] {processor.py:914} INFO - Processing file /home/airflow/.local/lib/python3.12/site-packages/airflow/example_dags/example_inlet_event_extra.py for tasks to queue
[2025-12-31T21:20:33.450+0000] {logging_mixin.py:190} INFO - [2025-12-31T21:20:33.449+0000] {dagbag.py:588} INFO - Filling up the DagBag from /home/airflow/.local/lib/python3.12/site-packages/airflow/example_dags/example_inlet_event_extra.py
[2025-12-31T21:20:34.422+0000] {processor.py:925} INFO - DAG(s) 'read_dataset_event', 'read_dataset_event_from_classic' retrieved from /home/airflow/.local/lib/python3.12/site-packages/airflow/example_dags/example_inlet_event_extra.py
[2025-12-31T21:20:34.454+0000] {logging_mixin.py:190} INFO - [2025-12-31T21:20:34.454+0000] {dag.py:3239} INFO - Sync 2 DAGs
[2025-12-31T21:20:34.498+0000] {logging_mixin.py:190} INFO - [2025-12-31T21:20:34.498+0000] {dag.py:4180} INFO - Setting next_dagrun for read_dataset_event to 2025-12-30 00:00:00+00:00, run_after=2025-12-31 00:00:00+00:00
[2025-12-31T21:20:34.509+0000] {logging_mixin.py:190} INFO - [2025-12-31T21:20:34.509+0000] {dag.py:4180} INFO - Setting next_dagrun for read_dataset_event_from_classic to 2025-12-30 00:00:00+00:00, run_after=2025-12-31 00:00:00+00:00
[2025-12-31T21:20:34.543+0000] {processor.py:208} INFO - Processing /home/airflow/.local/lib/python3.12/site-packages/airflow/example_dags/example_inlet_event_extra.py took 1.107 seconds
[2025-12-31T21:21:04.702+0000] {processor.py:186} INFO - Started process (PID=1204) to work on /home/airflow/.local/lib/python3.12/site-packages/airflow/example_dags/example_inlet_event_extra.py
[2025-12-31T21:21:04.703+0000] {processor.py:914} INFO - Processing file /home/airflow/.local/lib/python3.12/site-packages/airflow/example_dags/example_inlet_event_extra.py for tasks to queue
[2025-12-31T21:21:04.706+0000] {logging_mixin.py:190} INFO - [2025-12-31T21:21:04.705+0000] {dagbag.py:588} INFO - Filling up the DagBag from /home/airflow/.local/lib/python3.12/site-packages/airflow/example_dags/example_inlet_event_extra.py
[2025-12-31T21:21:05.406+0000] {processor.py:925} INFO - DAG(s) 'read_dataset_event_from_classic', 'read_dataset_event' retrieved from /home/airflow/.local/lib/python3.12/site-packages/airflow/example_dags/example_inlet_event_extra.py
[2025-12-31T21:21:05.429+0000] {logging_mixin.py:190} INFO - [2025-12-31T21:21:05.429+0000] {dag.py:3239} INFO - Sync 2 DAGs
[2025-12-31T21:21:05.454+0000] {logging_mixin.py:190} INFO - [2025-12-31T21:21:05.454+0000] {dag.py:4180} INFO - Setting next_dagrun for read_dataset_event to 2025-12-30 00:00:00+00:00, run_after=2025-12-31 00:00:00+00:00
[2025-12-31T21:21:05.460+0000] {logging_mixin.py:190} INFO - [2025-12-31T21:21:05.460+0000] {dag.py:4180} INFO - Setting next_dagrun for read_dataset_event_from_classic to 2025-12-30 00:00:00+00:00, run_after=2025-12-31 00:00:00+00:00
[2025-12-31T21:21:05.486+0000] {processor.py:208} INFO - Processing /home/airflow/.local/lib/python3.12/site-packages/airflow/example_dags/example_inlet_event_extra.py took 0.793 seconds
