[2025-12-31T21:12:12.364+0000] {processor.py:186} INFO - Started process (PID=108) to work on /home/airflow/.local/lib/python3.12/site-packages/airflow/example_dags/example_branch_operator.py
[2025-12-31T21:12:12.366+0000] {processor.py:914} INFO - Processing file /home/airflow/.local/lib/python3.12/site-packages/airflow/example_dags/example_branch_operator.py for tasks to queue
[2025-12-31T21:12:12.370+0000] {logging_mixin.py:190} INFO - [2025-12-31T21:12:12.369+0000] {dagbag.py:588} INFO - Filling up the DagBag from /home/airflow/.local/lib/python3.12/site-packages/airflow/example_dags/example_branch_operator.py
[2025-12-31T21:12:12.404+0000] {processor.py:925} INFO - DAG(s) 'example_branch_operator' retrieved from /home/airflow/.local/lib/python3.12/site-packages/airflow/example_dags/example_branch_operator.py
[2025-12-31T21:12:12.583+0000] {logging_mixin.py:190} INFO - [2025-12-31T21:12:12.582+0000] {override.py:1912} INFO - Created Permission View: can read on DAG:example_branch_operator
[2025-12-31T21:12:12.601+0000] {logging_mixin.py:190} INFO - [2025-12-31T21:12:12.600+0000] {override.py:1912} INFO - Created Permission View: can delete on DAG:example_branch_operator
[2025-12-31T21:12:12.611+0000] {logging_mixin.py:190} INFO - [2025-12-31T21:12:12.611+0000] {override.py:1912} INFO - Created Permission View: can edit on DAG:example_branch_operator
[2025-12-31T21:12:12.623+0000] {logging_mixin.py:190} INFO - [2025-12-31T21:12:12.622+0000] {override.py:1912} INFO - Created Permission View: can read on DAG Run:example_branch_operator
[2025-12-31T21:12:12.633+0000] {logging_mixin.py:190} INFO - [2025-12-31T21:12:12.632+0000] {override.py:1912} INFO - Created Permission View: can create on DAG Run:example_branch_operator
[2025-12-31T21:12:12.644+0000] {logging_mixin.py:190} INFO - [2025-12-31T21:12:12.644+0000] {override.py:1912} INFO - Created Permission View: can delete on DAG Run:example_branch_operator
[2025-12-31T21:12:12.654+0000] {logging_mixin.py:190} INFO - [2025-12-31T21:12:12.654+0000] {override.py:1912} INFO - Created Permission View: menu access on DAG Run:example_branch_operator
[2025-12-31T21:12:12.655+0000] {logging_mixin.py:190} INFO - [2025-12-31T21:12:12.655+0000] {dag.py:3239} INFO - Sync 1 DAGs
[2025-12-31T21:12:12.673+0000] {logging_mixin.py:190} INFO - [2025-12-31T21:12:12.673+0000] {dag.py:3262} INFO - Creating ORM DAG for example_branch_operator
[2025-12-31T21:12:12.688+0000] {logging_mixin.py:190} INFO - [2025-12-31T21:12:12.687+0000] {dag.py:4180} INFO - Setting next_dagrun for example_branch_operator to 2025-12-30 00:00:00+00:00, run_after=2025-12-31 00:00:00+00:00
[2025-12-31T21:12:12.712+0000] {processor.py:208} INFO - Processing /home/airflow/.local/lib/python3.12/site-packages/airflow/example_dags/example_branch_operator.py took 0.357 seconds
[2025-12-31T21:12:43.143+0000] {processor.py:186} INFO - Started process (PID=171) to work on /home/airflow/.local/lib/python3.12/site-packages/airflow/example_dags/example_branch_operator.py
[2025-12-31T21:12:43.144+0000] {processor.py:914} INFO - Processing file /home/airflow/.local/lib/python3.12/site-packages/airflow/example_dags/example_branch_operator.py for tasks to queue
[2025-12-31T21:12:43.148+0000] {logging_mixin.py:190} INFO - [2025-12-31T21:12:43.147+0000] {dagbag.py:588} INFO - Filling up the DagBag from /home/airflow/.local/lib/python3.12/site-packages/airflow/example_dags/example_branch_operator.py
[2025-12-31T21:12:43.170+0000] {processor.py:925} INFO - DAG(s) 'example_branch_operator' retrieved from /home/airflow/.local/lib/python3.12/site-packages/airflow/example_dags/example_branch_operator.py
[2025-12-31T21:12:43.204+0000] {logging_mixin.py:190} INFO - [2025-12-31T21:12:43.204+0000] {dag.py:3239} INFO - Sync 1 DAGs
[2025-12-31T21:12:43.243+0000] {logging_mixin.py:190} INFO - [2025-12-31T21:12:43.242+0000] {dag.py:4180} INFO - Setting next_dagrun for example_branch_operator to 2025-12-30 00:00:00+00:00, run_after=2025-12-31 00:00:00+00:00
[2025-12-31T21:12:43.267+0000] {processor.py:208} INFO - Processing /home/airflow/.local/lib/python3.12/site-packages/airflow/example_dags/example_branch_operator.py took 0.131 seconds
[2025-12-31T21:13:14.290+0000] {processor.py:186} INFO - Started process (PID=234) to work on /home/airflow/.local/lib/python3.12/site-packages/airflow/example_dags/example_branch_operator.py
[2025-12-31T21:13:14.291+0000] {processor.py:914} INFO - Processing file /home/airflow/.local/lib/python3.12/site-packages/airflow/example_dags/example_branch_operator.py for tasks to queue
[2025-12-31T21:13:14.295+0000] {logging_mixin.py:190} INFO - [2025-12-31T21:13:14.294+0000] {dagbag.py:588} INFO - Filling up the DagBag from /home/airflow/.local/lib/python3.12/site-packages/airflow/example_dags/example_branch_operator.py
[2025-12-31T21:13:14.318+0000] {processor.py:925} INFO - DAG(s) 'example_branch_operator' retrieved from /home/airflow/.local/lib/python3.12/site-packages/airflow/example_dags/example_branch_operator.py
[2025-12-31T21:13:14.349+0000] {logging_mixin.py:190} INFO - [2025-12-31T21:13:14.349+0000] {dag.py:3239} INFO - Sync 1 DAGs
[2025-12-31T21:13:14.378+0000] {logging_mixin.py:190} INFO - [2025-12-31T21:13:14.377+0000] {dag.py:4180} INFO - Setting next_dagrun for example_branch_operator to 2025-12-30 00:00:00+00:00, run_after=2025-12-31 00:00:00+00:00
[2025-12-31T21:13:14.405+0000] {processor.py:208} INFO - Processing /home/airflow/.local/lib/python3.12/site-packages/airflow/example_dags/example_branch_operator.py took 0.123 seconds
[2025-12-31T21:13:44.468+0000] {processor.py:186} INFO - Started process (PID=297) to work on /home/airflow/.local/lib/python3.12/site-packages/airflow/example_dags/example_branch_operator.py
[2025-12-31T21:13:44.469+0000] {processor.py:914} INFO - Processing file /home/airflow/.local/lib/python3.12/site-packages/airflow/example_dags/example_branch_operator.py for tasks to queue
[2025-12-31T21:13:44.473+0000] {logging_mixin.py:190} INFO - [2025-12-31T21:13:44.472+0000] {dagbag.py:588} INFO - Filling up the DagBag from /home/airflow/.local/lib/python3.12/site-packages/airflow/example_dags/example_branch_operator.py
[2025-12-31T21:13:44.497+0000] {processor.py:925} INFO - DAG(s) 'example_branch_operator' retrieved from /home/airflow/.local/lib/python3.12/site-packages/airflow/example_dags/example_branch_operator.py
[2025-12-31T21:13:44.533+0000] {logging_mixin.py:190} INFO - [2025-12-31T21:13:44.533+0000] {dag.py:3239} INFO - Sync 1 DAGs
[2025-12-31T21:13:44.565+0000] {logging_mixin.py:190} INFO - [2025-12-31T21:13:44.564+0000] {dag.py:4180} INFO - Setting next_dagrun for example_branch_operator to 2025-12-30 00:00:00+00:00, run_after=2025-12-31 00:00:00+00:00
[2025-12-31T21:13:44.592+0000] {processor.py:208} INFO - Processing /home/airflow/.local/lib/python3.12/site-packages/airflow/example_dags/example_branch_operator.py took 0.132 seconds
[2025-12-31T21:14:15.117+0000] {processor.py:186} INFO - Started process (PID=360) to work on /home/airflow/.local/lib/python3.12/site-packages/airflow/example_dags/example_branch_operator.py
[2025-12-31T21:14:15.118+0000] {processor.py:914} INFO - Processing file /home/airflow/.local/lib/python3.12/site-packages/airflow/example_dags/example_branch_operator.py for tasks to queue
[2025-12-31T21:14:15.121+0000] {logging_mixin.py:190} INFO - [2025-12-31T21:14:15.121+0000] {dagbag.py:588} INFO - Filling up the DagBag from /home/airflow/.local/lib/python3.12/site-packages/airflow/example_dags/example_branch_operator.py
[2025-12-31T21:14:15.144+0000] {processor.py:925} INFO - DAG(s) 'example_branch_operator' retrieved from /home/airflow/.local/lib/python3.12/site-packages/airflow/example_dags/example_branch_operator.py
[2025-12-31T21:14:15.173+0000] {logging_mixin.py:190} INFO - [2025-12-31T21:14:15.173+0000] {dag.py:3239} INFO - Sync 1 DAGs
[2025-12-31T21:14:15.201+0000] {logging_mixin.py:190} INFO - [2025-12-31T21:14:15.201+0000] {dag.py:4180} INFO - Setting next_dagrun for example_branch_operator to 2025-12-30 00:00:00+00:00, run_after=2025-12-31 00:00:00+00:00
[2025-12-31T21:14:15.231+0000] {processor.py:208} INFO - Processing /home/airflow/.local/lib/python3.12/site-packages/airflow/example_dags/example_branch_operator.py took 0.121 seconds
[2025-12-31T21:14:45.336+0000] {processor.py:186} INFO - Started process (PID=422) to work on /home/airflow/.local/lib/python3.12/site-packages/airflow/example_dags/example_branch_operator.py
[2025-12-31T21:14:45.338+0000] {processor.py:914} INFO - Processing file /home/airflow/.local/lib/python3.12/site-packages/airflow/example_dags/example_branch_operator.py for tasks to queue
[2025-12-31T21:14:45.341+0000] {logging_mixin.py:190} INFO - [2025-12-31T21:14:45.341+0000] {dagbag.py:588} INFO - Filling up the DagBag from /home/airflow/.local/lib/python3.12/site-packages/airflow/example_dags/example_branch_operator.py
[2025-12-31T21:14:45.371+0000] {processor.py:925} INFO - DAG(s) 'example_branch_operator' retrieved from /home/airflow/.local/lib/python3.12/site-packages/airflow/example_dags/example_branch_operator.py
[2025-12-31T21:14:45.432+0000] {logging_mixin.py:190} INFO - [2025-12-31T21:14:45.431+0000] {dag.py:3239} INFO - Sync 1 DAGs
[2025-12-31T21:14:45.486+0000] {logging_mixin.py:190} INFO - [2025-12-31T21:14:45.485+0000] {dag.py:4180} INFO - Setting next_dagrun for example_branch_operator to 2025-12-30 00:00:00+00:00, run_after=2025-12-31 00:00:00+00:00
[2025-12-31T21:14:45.522+0000] {processor.py:208} INFO - Processing /home/airflow/.local/lib/python3.12/site-packages/airflow/example_dags/example_branch_operator.py took 0.196 seconds
[2025-12-31T21:15:15.660+0000] {processor.py:186} INFO - Started process (PID=485) to work on /home/airflow/.local/lib/python3.12/site-packages/airflow/example_dags/example_branch_operator.py
[2025-12-31T21:15:15.662+0000] {processor.py:914} INFO - Processing file /home/airflow/.local/lib/python3.12/site-packages/airflow/example_dags/example_branch_operator.py for tasks to queue
[2025-12-31T21:15:15.666+0000] {logging_mixin.py:190} INFO - [2025-12-31T21:15:15.665+0000] {dagbag.py:588} INFO - Filling up the DagBag from /home/airflow/.local/lib/python3.12/site-packages/airflow/example_dags/example_branch_operator.py
[2025-12-31T21:15:15.693+0000] {processor.py:925} INFO - DAG(s) 'example_branch_operator' retrieved from /home/airflow/.local/lib/python3.12/site-packages/airflow/example_dags/example_branch_operator.py
[2025-12-31T21:15:15.727+0000] {logging_mixin.py:190} INFO - [2025-12-31T21:15:15.727+0000] {dag.py:3239} INFO - Sync 1 DAGs
[2025-12-31T21:15:15.752+0000] {logging_mixin.py:190} INFO - [2025-12-31T21:15:15.752+0000] {dag.py:4180} INFO - Setting next_dagrun for example_branch_operator to 2025-12-30 00:00:00+00:00, run_after=2025-12-31 00:00:00+00:00
[2025-12-31T21:15:15.776+0000] {processor.py:208} INFO - Processing /home/airflow/.local/lib/python3.12/site-packages/airflow/example_dags/example_branch_operator.py took 0.125 seconds
[2025-12-31T21:15:46.017+0000] {processor.py:186} INFO - Started process (PID=548) to work on /home/airflow/.local/lib/python3.12/site-packages/airflow/example_dags/example_branch_operator.py
[2025-12-31T21:15:46.019+0000] {processor.py:914} INFO - Processing file /home/airflow/.local/lib/python3.12/site-packages/airflow/example_dags/example_branch_operator.py for tasks to queue
[2025-12-31T21:15:46.027+0000] {logging_mixin.py:190} INFO - [2025-12-31T21:15:46.027+0000] {dagbag.py:588} INFO - Filling up the DagBag from /home/airflow/.local/lib/python3.12/site-packages/airflow/example_dags/example_branch_operator.py
[2025-12-31T21:15:46.057+0000] {processor.py:925} INFO - DAG(s) 'example_branch_operator' retrieved from /home/airflow/.local/lib/python3.12/site-packages/airflow/example_dags/example_branch_operator.py
[2025-12-31T21:15:46.092+0000] {logging_mixin.py:190} INFO - [2025-12-31T21:15:46.092+0000] {dag.py:3239} INFO - Sync 1 DAGs
[2025-12-31T21:15:46.123+0000] {logging_mixin.py:190} INFO - [2025-12-31T21:15:46.122+0000] {dag.py:4180} INFO - Setting next_dagrun for example_branch_operator to 2025-12-30 00:00:00+00:00, run_after=2025-12-31 00:00:00+00:00
[2025-12-31T21:15:46.176+0000] {processor.py:208} INFO - Processing /home/airflow/.local/lib/python3.12/site-packages/airflow/example_dags/example_branch_operator.py took 0.168 seconds
[2025-12-31T21:16:16.567+0000] {processor.py:186} INFO - Started process (PID=612) to work on /home/airflow/.local/lib/python3.12/site-packages/airflow/example_dags/example_branch_operator.py
[2025-12-31T21:16:16.568+0000] {processor.py:914} INFO - Processing file /home/airflow/.local/lib/python3.12/site-packages/airflow/example_dags/example_branch_operator.py for tasks to queue
[2025-12-31T21:16:16.572+0000] {logging_mixin.py:190} INFO - [2025-12-31T21:16:16.571+0000] {dagbag.py:588} INFO - Filling up the DagBag from /home/airflow/.local/lib/python3.12/site-packages/airflow/example_dags/example_branch_operator.py
[2025-12-31T21:16:16.597+0000] {processor.py:925} INFO - DAG(s) 'example_branch_operator' retrieved from /home/airflow/.local/lib/python3.12/site-packages/airflow/example_dags/example_branch_operator.py
[2025-12-31T21:16:16.627+0000] {logging_mixin.py:190} INFO - [2025-12-31T21:16:16.627+0000] {dag.py:3239} INFO - Sync 1 DAGs
[2025-12-31T21:16:16.653+0000] {logging_mixin.py:190} INFO - [2025-12-31T21:16:16.652+0000] {dag.py:4180} INFO - Setting next_dagrun for example_branch_operator to 2025-12-30 00:00:00+00:00, run_after=2025-12-31 00:00:00+00:00
[2025-12-31T21:16:16.677+0000] {processor.py:208} INFO - Processing /home/airflow/.local/lib/python3.12/site-packages/airflow/example_dags/example_branch_operator.py took 0.118 seconds
[2025-12-31T21:16:47.245+0000] {processor.py:186} INFO - Started process (PID=675) to work on /home/airflow/.local/lib/python3.12/site-packages/airflow/example_dags/example_branch_operator.py
[2025-12-31T21:16:47.247+0000] {processor.py:914} INFO - Processing file /home/airflow/.local/lib/python3.12/site-packages/airflow/example_dags/example_branch_operator.py for tasks to queue
[2025-12-31T21:16:47.250+0000] {logging_mixin.py:190} INFO - [2025-12-31T21:16:47.250+0000] {dagbag.py:588} INFO - Filling up the DagBag from /home/airflow/.local/lib/python3.12/site-packages/airflow/example_dags/example_branch_operator.py
[2025-12-31T21:16:47.306+0000] {processor.py:925} INFO - DAG(s) 'example_branch_operator' retrieved from /home/airflow/.local/lib/python3.12/site-packages/airflow/example_dags/example_branch_operator.py
[2025-12-31T21:16:47.383+0000] {logging_mixin.py:190} INFO - [2025-12-31T21:16:47.382+0000] {dag.py:3239} INFO - Sync 1 DAGs
[2025-12-31T21:16:47.427+0000] {logging_mixin.py:190} INFO - [2025-12-31T21:16:47.427+0000] {dag.py:4180} INFO - Setting next_dagrun for example_branch_operator to 2025-12-30 00:00:00+00:00, run_after=2025-12-31 00:00:00+00:00
[2025-12-31T21:16:47.462+0000] {processor.py:208} INFO - Processing /home/airflow/.local/lib/python3.12/site-packages/airflow/example_dags/example_branch_operator.py took 0.234 seconds
[2025-12-31T21:17:18.429+0000] {processor.py:186} INFO - Started process (PID=744) to work on /home/airflow/.local/lib/python3.12/site-packages/airflow/example_dags/example_branch_operator.py
[2025-12-31T21:17:18.430+0000] {processor.py:914} INFO - Processing file /home/airflow/.local/lib/python3.12/site-packages/airflow/example_dags/example_branch_operator.py for tasks to queue
[2025-12-31T21:17:18.433+0000] {logging_mixin.py:190} INFO - [2025-12-31T21:17:18.432+0000] {dagbag.py:588} INFO - Filling up the DagBag from /home/airflow/.local/lib/python3.12/site-packages/airflow/example_dags/example_branch_operator.py
[2025-12-31T21:17:18.454+0000] {processor.py:925} INFO - DAG(s) 'example_branch_operator' retrieved from /home/airflow/.local/lib/python3.12/site-packages/airflow/example_dags/example_branch_operator.py
[2025-12-31T21:17:18.494+0000] {logging_mixin.py:190} INFO - [2025-12-31T21:17:18.494+0000] {dag.py:3239} INFO - Sync 1 DAGs
[2025-12-31T21:17:18.524+0000] {logging_mixin.py:190} INFO - [2025-12-31T21:17:18.524+0000] {dag.py:4180} INFO - Setting next_dagrun for example_branch_operator to 2025-12-30 00:00:00+00:00, run_after=2025-12-31 00:00:00+00:00
[2025-12-31T21:17:18.553+0000] {processor.py:208} INFO - Processing /home/airflow/.local/lib/python3.12/site-packages/airflow/example_dags/example_branch_operator.py took 0.131 seconds
[2025-12-31T21:17:48.910+0000] {processor.py:186} INFO - Started process (PID=808) to work on /home/airflow/.local/lib/python3.12/site-packages/airflow/example_dags/example_branch_operator.py
[2025-12-31T21:17:48.912+0000] {processor.py:914} INFO - Processing file /home/airflow/.local/lib/python3.12/site-packages/airflow/example_dags/example_branch_operator.py for tasks to queue
[2025-12-31T21:17:48.916+0000] {logging_mixin.py:190} INFO - [2025-12-31T21:17:48.915+0000] {dagbag.py:588} INFO - Filling up the DagBag from /home/airflow/.local/lib/python3.12/site-packages/airflow/example_dags/example_branch_operator.py
[2025-12-31T21:17:48.946+0000] {processor.py:925} INFO - DAG(s) 'example_branch_operator' retrieved from /home/airflow/.local/lib/python3.12/site-packages/airflow/example_dags/example_branch_operator.py
[2025-12-31T21:17:48.990+0000] {logging_mixin.py:190} INFO - [2025-12-31T21:17:48.990+0000] {dag.py:3239} INFO - Sync 1 DAGs
[2025-12-31T21:17:49.030+0000] {logging_mixin.py:190} INFO - [2025-12-31T21:17:49.029+0000] {dag.py:4180} INFO - Setting next_dagrun for example_branch_operator to 2025-12-30 00:00:00+00:00, run_after=2025-12-31 00:00:00+00:00
[2025-12-31T21:17:49.062+0000] {processor.py:208} INFO - Processing /home/airflow/.local/lib/python3.12/site-packages/airflow/example_dags/example_branch_operator.py took 0.163 seconds
[2025-12-31T21:18:19.657+0000] {processor.py:186} INFO - Started process (PID=871) to work on /home/airflow/.local/lib/python3.12/site-packages/airflow/example_dags/example_branch_operator.py
[2025-12-31T21:18:19.658+0000] {processor.py:914} INFO - Processing file /home/airflow/.local/lib/python3.12/site-packages/airflow/example_dags/example_branch_operator.py for tasks to queue
[2025-12-31T21:18:19.662+0000] {logging_mixin.py:190} INFO - [2025-12-31T21:18:19.661+0000] {dagbag.py:588} INFO - Filling up the DagBag from /home/airflow/.local/lib/python3.12/site-packages/airflow/example_dags/example_branch_operator.py
[2025-12-31T21:18:19.682+0000] {processor.py:925} INFO - DAG(s) 'example_branch_operator' retrieved from /home/airflow/.local/lib/python3.12/site-packages/airflow/example_dags/example_branch_operator.py
[2025-12-31T21:18:19.711+0000] {logging_mixin.py:190} INFO - [2025-12-31T21:18:19.710+0000] {dag.py:3239} INFO - Sync 1 DAGs
[2025-12-31T21:18:19.738+0000] {logging_mixin.py:190} INFO - [2025-12-31T21:18:19.737+0000] {dag.py:4180} INFO - Setting next_dagrun for example_branch_operator to 2025-12-30 00:00:00+00:00, run_after=2025-12-31 00:00:00+00:00
[2025-12-31T21:18:19.760+0000] {processor.py:208} INFO - Processing /home/airflow/.local/lib/python3.12/site-packages/airflow/example_dags/example_branch_operator.py took 0.110 seconds
[2025-12-31T21:18:50.619+0000] {processor.py:186} INFO - Started process (PID=934) to work on /home/airflow/.local/lib/python3.12/site-packages/airflow/example_dags/example_branch_operator.py
[2025-12-31T21:18:50.620+0000] {processor.py:914} INFO - Processing file /home/airflow/.local/lib/python3.12/site-packages/airflow/example_dags/example_branch_operator.py for tasks to queue
[2025-12-31T21:18:50.623+0000] {logging_mixin.py:190} INFO - [2025-12-31T21:18:50.623+0000] {dagbag.py:588} INFO - Filling up the DagBag from /home/airflow/.local/lib/python3.12/site-packages/airflow/example_dags/example_branch_operator.py
[2025-12-31T21:18:50.644+0000] {processor.py:925} INFO - DAG(s) 'example_branch_operator' retrieved from /home/airflow/.local/lib/python3.12/site-packages/airflow/example_dags/example_branch_operator.py
[2025-12-31T21:18:50.673+0000] {logging_mixin.py:190} INFO - [2025-12-31T21:18:50.672+0000] {dag.py:3239} INFO - Sync 1 DAGs
[2025-12-31T21:18:50.701+0000] {logging_mixin.py:190} INFO - [2025-12-31T21:18:50.700+0000] {dag.py:4180} INFO - Setting next_dagrun for example_branch_operator to 2025-12-30 00:00:00+00:00, run_after=2025-12-31 00:00:00+00:00
[2025-12-31T21:18:50.724+0000] {processor.py:208} INFO - Processing /home/airflow/.local/lib/python3.12/site-packages/airflow/example_dags/example_branch_operator.py took 0.111 seconds
[2025-12-31T21:19:20.916+0000] {processor.py:186} INFO - Started process (PID=997) to work on /home/airflow/.local/lib/python3.12/site-packages/airflow/example_dags/example_branch_operator.py
[2025-12-31T21:19:20.917+0000] {processor.py:914} INFO - Processing file /home/airflow/.local/lib/python3.12/site-packages/airflow/example_dags/example_branch_operator.py for tasks to queue
[2025-12-31T21:19:20.920+0000] {logging_mixin.py:190} INFO - [2025-12-31T21:19:20.919+0000] {dagbag.py:588} INFO - Filling up the DagBag from /home/airflow/.local/lib/python3.12/site-packages/airflow/example_dags/example_branch_operator.py
[2025-12-31T21:19:20.941+0000] {processor.py:925} INFO - DAG(s) 'example_branch_operator' retrieved from /home/airflow/.local/lib/python3.12/site-packages/airflow/example_dags/example_branch_operator.py
[2025-12-31T21:19:20.969+0000] {logging_mixin.py:190} INFO - [2025-12-31T21:19:20.969+0000] {dag.py:3239} INFO - Sync 1 DAGs
[2025-12-31T21:19:20.999+0000] {logging_mixin.py:190} INFO - [2025-12-31T21:19:20.998+0000] {dag.py:4180} INFO - Setting next_dagrun for example_branch_operator to 2025-12-30 00:00:00+00:00, run_after=2025-12-31 00:00:00+00:00
[2025-12-31T21:19:21.022+0000] {processor.py:208} INFO - Processing /home/airflow/.local/lib/python3.12/site-packages/airflow/example_dags/example_branch_operator.py took 0.113 seconds
[2025-12-31T21:19:51.188+0000] {processor.py:186} INFO - Started process (PID=1060) to work on /home/airflow/.local/lib/python3.12/site-packages/airflow/example_dags/example_branch_operator.py
[2025-12-31T21:19:51.190+0000] {processor.py:914} INFO - Processing file /home/airflow/.local/lib/python3.12/site-packages/airflow/example_dags/example_branch_operator.py for tasks to queue
[2025-12-31T21:19:51.193+0000] {logging_mixin.py:190} INFO - [2025-12-31T21:19:51.193+0000] {dagbag.py:588} INFO - Filling up the DagBag from /home/airflow/.local/lib/python3.12/site-packages/airflow/example_dags/example_branch_operator.py
[2025-12-31T21:19:51.221+0000] {processor.py:925} INFO - DAG(s) 'example_branch_operator' retrieved from /home/airflow/.local/lib/python3.12/site-packages/airflow/example_dags/example_branch_operator.py
[2025-12-31T21:19:51.264+0000] {logging_mixin.py:190} INFO - [2025-12-31T21:19:51.263+0000] {dag.py:3239} INFO - Sync 1 DAGs
[2025-12-31T21:19:51.312+0000] {logging_mixin.py:190} INFO - [2025-12-31T21:19:51.312+0000] {dag.py:4180} INFO - Setting next_dagrun for example_branch_operator to 2025-12-30 00:00:00+00:00, run_after=2025-12-31 00:00:00+00:00
[2025-12-31T21:19:51.354+0000] {processor.py:208} INFO - Processing /home/airflow/.local/lib/python3.12/site-packages/airflow/example_dags/example_branch_operator.py took 0.175 seconds
[2025-12-31T21:20:22.148+0000] {processor.py:186} INFO - Started process (PID=1123) to work on /home/airflow/.local/lib/python3.12/site-packages/airflow/example_dags/example_branch_operator.py
[2025-12-31T21:20:22.149+0000] {processor.py:914} INFO - Processing file /home/airflow/.local/lib/python3.12/site-packages/airflow/example_dags/example_branch_operator.py for tasks to queue
[2025-12-31T21:20:22.152+0000] {logging_mixin.py:190} INFO - [2025-12-31T21:20:22.151+0000] {dagbag.py:588} INFO - Filling up the DagBag from /home/airflow/.local/lib/python3.12/site-packages/airflow/example_dags/example_branch_operator.py
[2025-12-31T21:20:22.176+0000] {processor.py:925} INFO - DAG(s) 'example_branch_operator' retrieved from /home/airflow/.local/lib/python3.12/site-packages/airflow/example_dags/example_branch_operator.py
[2025-12-31T21:20:22.207+0000] {logging_mixin.py:190} INFO - [2025-12-31T21:20:22.206+0000] {dag.py:3239} INFO - Sync 1 DAGs
[2025-12-31T21:20:22.234+0000] {logging_mixin.py:190} INFO - [2025-12-31T21:20:22.234+0000] {dag.py:4180} INFO - Setting next_dagrun for example_branch_operator to 2025-12-30 00:00:00+00:00, run_after=2025-12-31 00:00:00+00:00
[2025-12-31T21:20:22.258+0000] {processor.py:208} INFO - Processing /home/airflow/.local/lib/python3.12/site-packages/airflow/example_dags/example_branch_operator.py took 0.118 seconds
[2025-12-31T21:20:52.802+0000] {processor.py:186} INFO - Started process (PID=1186) to work on /home/airflow/.local/lib/python3.12/site-packages/airflow/example_dags/example_branch_operator.py
[2025-12-31T21:20:52.804+0000] {processor.py:914} INFO - Processing file /home/airflow/.local/lib/python3.12/site-packages/airflow/example_dags/example_branch_operator.py for tasks to queue
[2025-12-31T21:20:52.806+0000] {logging_mixin.py:190} INFO - [2025-12-31T21:20:52.806+0000] {dagbag.py:588} INFO - Filling up the DagBag from /home/airflow/.local/lib/python3.12/site-packages/airflow/example_dags/example_branch_operator.py
[2025-12-31T21:20:52.833+0000] {processor.py:925} INFO - DAG(s) 'example_branch_operator' retrieved from /home/airflow/.local/lib/python3.12/site-packages/airflow/example_dags/example_branch_operator.py
[2025-12-31T21:20:52.870+0000] {logging_mixin.py:190} INFO - [2025-12-31T21:20:52.869+0000] {dag.py:3239} INFO - Sync 1 DAGs
[2025-12-31T21:20:52.899+0000] {logging_mixin.py:190} INFO - [2025-12-31T21:20:52.899+0000] {dag.py:4180} INFO - Setting next_dagrun for example_branch_operator to 2025-12-30 00:00:00+00:00, run_after=2025-12-31 00:00:00+00:00
[2025-12-31T21:20:52.926+0000] {processor.py:208} INFO - Processing /home/airflow/.local/lib/python3.12/site-packages/airflow/example_dags/example_branch_operator.py took 0.132 seconds
[2025-12-31T21:21:23.375+0000] {processor.py:186} INFO - Started process (PID=1250) to work on /home/airflow/.local/lib/python3.12/site-packages/airflow/example_dags/example_branch_operator.py
[2025-12-31T21:21:23.377+0000] {processor.py:914} INFO - Processing file /home/airflow/.local/lib/python3.12/site-packages/airflow/example_dags/example_branch_operator.py for tasks to queue
[2025-12-31T21:21:23.379+0000] {logging_mixin.py:190} INFO - [2025-12-31T21:21:23.379+0000] {dagbag.py:588} INFO - Filling up the DagBag from /home/airflow/.local/lib/python3.12/site-packages/airflow/example_dags/example_branch_operator.py
[2025-12-31T21:21:23.400+0000] {processor.py:925} INFO - DAG(s) 'example_branch_operator' retrieved from /home/airflow/.local/lib/python3.12/site-packages/airflow/example_dags/example_branch_operator.py
[2025-12-31T21:21:23.431+0000] {logging_mixin.py:190} INFO - [2025-12-31T21:21:23.431+0000] {dag.py:3239} INFO - Sync 1 DAGs
[2025-12-31T21:21:23.459+0000] {logging_mixin.py:190} INFO - [2025-12-31T21:21:23.459+0000] {dag.py:4180} INFO - Setting next_dagrun for example_branch_operator to 2025-12-30 00:00:00+00:00, run_after=2025-12-31 00:00:00+00:00
[2025-12-31T21:21:23.483+0000] {processor.py:208} INFO - Processing /home/airflow/.local/lib/python3.12/site-packages/airflow/example_dags/example_branch_operator.py took 0.115 seconds
