[2025-12-31T21:12:03.551+0000] {processor.py:186} INFO - Started process (PID=79) to work on /home/airflow/.local/lib/python3.12/site-packages/airflow/example_dags/example_display_name.py
[2025-12-31T21:12:03.553+0000] {processor.py:914} INFO - Processing file /home/airflow/.local/lib/python3.12/site-packages/airflow/example_dags/example_display_name.py for tasks to queue
[2025-12-31T21:12:03.556+0000] {logging_mixin.py:190} INFO - [2025-12-31T21:12:03.556+0000] {dagbag.py:588} INFO - Filling up the DagBag from /home/airflow/.local/lib/python3.12/site-packages/airflow/example_dags/example_display_name.py
[2025-12-31T21:12:03.574+0000] {processor.py:925} INFO - DAG(s) 'example_display_name' retrieved from /home/airflow/.local/lib/python3.12/site-packages/airflow/example_dags/example_display_name.py
[2025-12-31T21:12:03.751+0000] {logging_mixin.py:190} INFO - [2025-12-31T21:12:03.750+0000] {override.py:1912} INFO - Created Permission View: can read on DAG:example_display_name
[2025-12-31T21:12:03.766+0000] {logging_mixin.py:190} INFO - [2025-12-31T21:12:03.765+0000] {override.py:1912} INFO - Created Permission View: can delete on DAG:example_display_name
[2025-12-31T21:12:03.783+0000] {logging_mixin.py:190} INFO - [2025-12-31T21:12:03.782+0000] {override.py:1912} INFO - Created Permission View: can edit on DAG:example_display_name
[2025-12-31T21:12:03.809+0000] {logging_mixin.py:190} INFO - [2025-12-31T21:12:03.808+0000] {override.py:1912} INFO - Created Permission View: can read on DAG Run:example_display_name
[2025-12-31T21:12:03.829+0000] {logging_mixin.py:190} INFO - [2025-12-31T21:12:03.828+0000] {override.py:1912} INFO - Created Permission View: can create on DAG Run:example_display_name
[2025-12-31T21:12:03.848+0000] {logging_mixin.py:190} INFO - [2025-12-31T21:12:03.847+0000] {override.py:1912} INFO - Created Permission View: can delete on DAG Run:example_display_name
[2025-12-31T21:12:03.867+0000] {logging_mixin.py:190} INFO - [2025-12-31T21:12:03.866+0000] {override.py:1912} INFO - Created Permission View: menu access on DAG Run:example_display_name
[2025-12-31T21:12:03.869+0000] {logging_mixin.py:190} INFO - [2025-12-31T21:12:03.868+0000] {dag.py:3239} INFO - Sync 1 DAGs
[2025-12-31T21:12:03.899+0000] {logging_mixin.py:190} INFO - [2025-12-31T21:12:03.899+0000] {dag.py:3262} INFO - Creating ORM DAG for example_display_name
[2025-12-31T21:12:03.901+0000] {logging_mixin.py:190} INFO - [2025-12-31T21:12:03.901+0000] {dag.py:4180} INFO - Setting next_dagrun for example_display_name to None, run_after=None
[2025-12-31T21:12:03.940+0000] {processor.py:208} INFO - Processing /home/airflow/.local/lib/python3.12/site-packages/airflow/example_dags/example_display_name.py took 0.397 seconds
[2025-12-31T21:12:34.691+0000] {processor.py:186} INFO - Started process (PID=142) to work on /home/airflow/.local/lib/python3.12/site-packages/airflow/example_dags/example_display_name.py
[2025-12-31T21:12:34.692+0000] {processor.py:914} INFO - Processing file /home/airflow/.local/lib/python3.12/site-packages/airflow/example_dags/example_display_name.py for tasks to queue
[2025-12-31T21:12:34.695+0000] {logging_mixin.py:190} INFO - [2025-12-31T21:12:34.694+0000] {dagbag.py:588} INFO - Filling up the DagBag from /home/airflow/.local/lib/python3.12/site-packages/airflow/example_dags/example_display_name.py
[2025-12-31T21:12:34.704+0000] {processor.py:925} INFO - DAG(s) 'example_display_name' retrieved from /home/airflow/.local/lib/python3.12/site-packages/airflow/example_dags/example_display_name.py
[2025-12-31T21:12:34.725+0000] {logging_mixin.py:190} INFO - [2025-12-31T21:12:34.725+0000] {dag.py:3239} INFO - Sync 1 DAGs
[2025-12-31T21:12:34.741+0000] {logging_mixin.py:190} INFO - [2025-12-31T21:12:34.741+0000] {dag.py:4180} INFO - Setting next_dagrun for example_display_name to None, run_after=None
[2025-12-31T21:12:34.766+0000] {processor.py:208} INFO - Processing /home/airflow/.local/lib/python3.12/site-packages/airflow/example_dags/example_display_name.py took 0.082 seconds
[2025-12-31T21:13:05.030+0000] {processor.py:186} INFO - Started process (PID=205) to work on /home/airflow/.local/lib/python3.12/site-packages/airflow/example_dags/example_display_name.py
[2025-12-31T21:13:05.031+0000] {processor.py:914} INFO - Processing file /home/airflow/.local/lib/python3.12/site-packages/airflow/example_dags/example_display_name.py for tasks to queue
[2025-12-31T21:13:05.034+0000] {logging_mixin.py:190} INFO - [2025-12-31T21:13:05.033+0000] {dagbag.py:588} INFO - Filling up the DagBag from /home/airflow/.local/lib/python3.12/site-packages/airflow/example_dags/example_display_name.py
[2025-12-31T21:13:05.043+0000] {processor.py:925} INFO - DAG(s) 'example_display_name' retrieved from /home/airflow/.local/lib/python3.12/site-packages/airflow/example_dags/example_display_name.py
[2025-12-31T21:13:05.065+0000] {logging_mixin.py:190} INFO - [2025-12-31T21:13:05.065+0000] {dag.py:3239} INFO - Sync 1 DAGs
[2025-12-31T21:13:05.082+0000] {logging_mixin.py:190} INFO - [2025-12-31T21:13:05.082+0000] {dag.py:4180} INFO - Setting next_dagrun for example_display_name to None, run_after=None
[2025-12-31T21:13:05.104+0000] {processor.py:208} INFO - Processing /home/airflow/.local/lib/python3.12/site-packages/airflow/example_dags/example_display_name.py took 0.081 seconds
[2025-12-31T21:13:35.468+0000] {processor.py:186} INFO - Started process (PID=269) to work on /home/airflow/.local/lib/python3.12/site-packages/airflow/example_dags/example_display_name.py
[2025-12-31T21:13:35.470+0000] {processor.py:914} INFO - Processing file /home/airflow/.local/lib/python3.12/site-packages/airflow/example_dags/example_display_name.py for tasks to queue
[2025-12-31T21:13:35.473+0000] {logging_mixin.py:190} INFO - [2025-12-31T21:13:35.472+0000] {dagbag.py:588} INFO - Filling up the DagBag from /home/airflow/.local/lib/python3.12/site-packages/airflow/example_dags/example_display_name.py
[2025-12-31T21:13:35.482+0000] {processor.py:925} INFO - DAG(s) 'example_display_name' retrieved from /home/airflow/.local/lib/python3.12/site-packages/airflow/example_dags/example_display_name.py
[2025-12-31T21:13:35.506+0000] {logging_mixin.py:190} INFO - [2025-12-31T21:13:35.505+0000] {dag.py:3239} INFO - Sync 1 DAGs
[2025-12-31T21:13:35.524+0000] {logging_mixin.py:190} INFO - [2025-12-31T21:13:35.523+0000] {dag.py:4180} INFO - Setting next_dagrun for example_display_name to None, run_after=None
[2025-12-31T21:13:35.547+0000] {processor.py:208} INFO - Processing /home/airflow/.local/lib/python3.12/site-packages/airflow/example_dags/example_display_name.py took 0.085 seconds
[2025-12-31T21:14:05.851+0000] {processor.py:186} INFO - Started process (PID=332) to work on /home/airflow/.local/lib/python3.12/site-packages/airflow/example_dags/example_display_name.py
[2025-12-31T21:14:05.853+0000] {processor.py:914} INFO - Processing file /home/airflow/.local/lib/python3.12/site-packages/airflow/example_dags/example_display_name.py for tasks to queue
[2025-12-31T21:14:05.856+0000] {logging_mixin.py:190} INFO - [2025-12-31T21:14:05.856+0000] {dagbag.py:588} INFO - Filling up the DagBag from /home/airflow/.local/lib/python3.12/site-packages/airflow/example_dags/example_display_name.py
[2025-12-31T21:14:05.866+0000] {processor.py:925} INFO - DAG(s) 'example_display_name' retrieved from /home/airflow/.local/lib/python3.12/site-packages/airflow/example_dags/example_display_name.py
[2025-12-31T21:14:05.890+0000] {logging_mixin.py:190} INFO - [2025-12-31T21:14:05.889+0000] {dag.py:3239} INFO - Sync 1 DAGs
[2025-12-31T21:14:05.912+0000] {logging_mixin.py:190} INFO - [2025-12-31T21:14:05.912+0000] {dag.py:4180} INFO - Setting next_dagrun for example_display_name to None, run_after=None
[2025-12-31T21:14:05.941+0000] {processor.py:208} INFO - Processing /home/airflow/.local/lib/python3.12/site-packages/airflow/example_dags/example_display_name.py took 0.098 seconds
[2025-12-31T21:14:36.036+0000] {processor.py:186} INFO - Started process (PID=394) to work on /home/airflow/.local/lib/python3.12/site-packages/airflow/example_dags/example_display_name.py
[2025-12-31T21:14:36.037+0000] {processor.py:914} INFO - Processing file /home/airflow/.local/lib/python3.12/site-packages/airflow/example_dags/example_display_name.py for tasks to queue
[2025-12-31T21:14:36.041+0000] {logging_mixin.py:190} INFO - [2025-12-31T21:14:36.040+0000] {dagbag.py:588} INFO - Filling up the DagBag from /home/airflow/.local/lib/python3.12/site-packages/airflow/example_dags/example_display_name.py
[2025-12-31T21:14:36.056+0000] {processor.py:925} INFO - DAG(s) 'example_display_name' retrieved from /home/airflow/.local/lib/python3.12/site-packages/airflow/example_dags/example_display_name.py
[2025-12-31T21:14:36.088+0000] {logging_mixin.py:190} INFO - [2025-12-31T21:14:36.088+0000] {dag.py:3239} INFO - Sync 1 DAGs
[2025-12-31T21:14:36.106+0000] {logging_mixin.py:190} INFO - [2025-12-31T21:14:36.106+0000] {dag.py:4180} INFO - Setting next_dagrun for example_display_name to None, run_after=None
[2025-12-31T21:14:36.133+0000] {processor.py:208} INFO - Processing /home/airflow/.local/lib/python3.12/site-packages/airflow/example_dags/example_display_name.py took 0.105 seconds
[2025-12-31T21:15:06.723+0000] {processor.py:186} INFO - Started process (PID=458) to work on /home/airflow/.local/lib/python3.12/site-packages/airflow/example_dags/example_display_name.py
[2025-12-31T21:15:06.725+0000] {processor.py:914} INFO - Processing file /home/airflow/.local/lib/python3.12/site-packages/airflow/example_dags/example_display_name.py for tasks to queue
[2025-12-31T21:15:06.729+0000] {logging_mixin.py:190} INFO - [2025-12-31T21:15:06.729+0000] {dagbag.py:588} INFO - Filling up the DagBag from /home/airflow/.local/lib/python3.12/site-packages/airflow/example_dags/example_display_name.py
[2025-12-31T21:15:06.740+0000] {processor.py:925} INFO - DAG(s) 'example_display_name' retrieved from /home/airflow/.local/lib/python3.12/site-packages/airflow/example_dags/example_display_name.py
[2025-12-31T21:15:06.762+0000] {logging_mixin.py:190} INFO - [2025-12-31T21:15:06.762+0000] {dag.py:3239} INFO - Sync 1 DAGs
[2025-12-31T21:15:06.779+0000] {logging_mixin.py:190} INFO - [2025-12-31T21:15:06.779+0000] {dag.py:4180} INFO - Setting next_dagrun for example_display_name to None, run_after=None
[2025-12-31T21:15:06.806+0000] {processor.py:208} INFO - Processing /home/airflow/.local/lib/python3.12/site-packages/airflow/example_dags/example_display_name.py took 0.089 seconds
[2025-12-31T21:15:37.781+0000] {processor.py:186} INFO - Started process (PID=521) to work on /home/airflow/.local/lib/python3.12/site-packages/airflow/example_dags/example_display_name.py
[2025-12-31T21:15:37.783+0000] {processor.py:914} INFO - Processing file /home/airflow/.local/lib/python3.12/site-packages/airflow/example_dags/example_display_name.py for tasks to queue
[2025-12-31T21:15:37.787+0000] {logging_mixin.py:190} INFO - [2025-12-31T21:15:37.786+0000] {dagbag.py:588} INFO - Filling up the DagBag from /home/airflow/.local/lib/python3.12/site-packages/airflow/example_dags/example_display_name.py
[2025-12-31T21:15:37.798+0000] {processor.py:925} INFO - DAG(s) 'example_display_name' retrieved from /home/airflow/.local/lib/python3.12/site-packages/airflow/example_dags/example_display_name.py
[2025-12-31T21:15:37.825+0000] {logging_mixin.py:190} INFO - [2025-12-31T21:15:37.825+0000] {dag.py:3239} INFO - Sync 1 DAGs
[2025-12-31T21:15:37.845+0000] {logging_mixin.py:190} INFO - [2025-12-31T21:15:37.845+0000] {dag.py:4180} INFO - Setting next_dagrun for example_display_name to None, run_after=None
[2025-12-31T21:15:37.877+0000] {processor.py:208} INFO - Processing /home/airflow/.local/lib/python3.12/site-packages/airflow/example_dags/example_display_name.py took 0.104 seconds
[2025-12-31T21:16:08.639+0000] {processor.py:186} INFO - Started process (PID=585) to work on /home/airflow/.local/lib/python3.12/site-packages/airflow/example_dags/example_display_name.py
[2025-12-31T21:16:08.640+0000] {processor.py:914} INFO - Processing file /home/airflow/.local/lib/python3.12/site-packages/airflow/example_dags/example_display_name.py for tasks to queue
[2025-12-31T21:16:08.643+0000] {logging_mixin.py:190} INFO - [2025-12-31T21:16:08.643+0000] {dagbag.py:588} INFO - Filling up the DagBag from /home/airflow/.local/lib/python3.12/site-packages/airflow/example_dags/example_display_name.py
[2025-12-31T21:16:08.654+0000] {processor.py:925} INFO - DAG(s) 'example_display_name' retrieved from /home/airflow/.local/lib/python3.12/site-packages/airflow/example_dags/example_display_name.py
[2025-12-31T21:16:08.677+0000] {logging_mixin.py:190} INFO - [2025-12-31T21:16:08.677+0000] {dag.py:3239} INFO - Sync 1 DAGs
[2025-12-31T21:16:08.696+0000] {logging_mixin.py:190} INFO - [2025-12-31T21:16:08.695+0000] {dag.py:4180} INFO - Setting next_dagrun for example_display_name to None, run_after=None
[2025-12-31T21:16:08.721+0000] {processor.py:208} INFO - Processing /home/airflow/.local/lib/python3.12/site-packages/airflow/example_dags/example_display_name.py took 0.090 seconds
[2025-12-31T21:16:38.765+0000] {processor.py:186} INFO - Started process (PID=647) to work on /home/airflow/.local/lib/python3.12/site-packages/airflow/example_dags/example_display_name.py
[2025-12-31T21:16:38.766+0000] {processor.py:914} INFO - Processing file /home/airflow/.local/lib/python3.12/site-packages/airflow/example_dags/example_display_name.py for tasks to queue
[2025-12-31T21:16:38.769+0000] {logging_mixin.py:190} INFO - [2025-12-31T21:16:38.768+0000] {dagbag.py:588} INFO - Filling up the DagBag from /home/airflow/.local/lib/python3.12/site-packages/airflow/example_dags/example_display_name.py
[2025-12-31T21:16:38.778+0000] {processor.py:925} INFO - DAG(s) 'example_display_name' retrieved from /home/airflow/.local/lib/python3.12/site-packages/airflow/example_dags/example_display_name.py
[2025-12-31T21:16:38.802+0000] {logging_mixin.py:190} INFO - [2025-12-31T21:16:38.801+0000] {dag.py:3239} INFO - Sync 1 DAGs
[2025-12-31T21:16:38.818+0000] {logging_mixin.py:190} INFO - [2025-12-31T21:16:38.818+0000] {dag.py:4180} INFO - Setting next_dagrun for example_display_name to None, run_after=None
[2025-12-31T21:16:38.844+0000] {processor.py:208} INFO - Processing /home/airflow/.local/lib/python3.12/site-packages/airflow/example_dags/example_display_name.py took 0.087 seconds
[2025-12-31T21:17:09.181+0000] {processor.py:186} INFO - Started process (PID=710) to work on /home/airflow/.local/lib/python3.12/site-packages/airflow/example_dags/example_display_name.py
[2025-12-31T21:17:09.183+0000] {processor.py:914} INFO - Processing file /home/airflow/.local/lib/python3.12/site-packages/airflow/example_dags/example_display_name.py for tasks to queue
[2025-12-31T21:17:09.186+0000] {logging_mixin.py:190} INFO - [2025-12-31T21:17:09.186+0000] {dagbag.py:588} INFO - Filling up the DagBag from /home/airflow/.local/lib/python3.12/site-packages/airflow/example_dags/example_display_name.py
[2025-12-31T21:17:09.196+0000] {processor.py:925} INFO - DAG(s) 'example_display_name' retrieved from /home/airflow/.local/lib/python3.12/site-packages/airflow/example_dags/example_display_name.py
[2025-12-31T21:17:09.220+0000] {logging_mixin.py:190} INFO - [2025-12-31T21:17:09.219+0000] {dag.py:3239} INFO - Sync 1 DAGs
[2025-12-31T21:17:09.238+0000] {logging_mixin.py:190} INFO - [2025-12-31T21:17:09.238+0000] {dag.py:4180} INFO - Setting next_dagrun for example_display_name to None, run_after=None
[2025-12-31T21:17:09.266+0000] {processor.py:208} INFO - Processing /home/airflow/.local/lib/python3.12/site-packages/airflow/example_dags/example_display_name.py took 0.092 seconds
[2025-12-31T21:17:39.961+0000] {processor.py:186} INFO - Started process (PID=774) to work on /home/airflow/.local/lib/python3.12/site-packages/airflow/example_dags/example_display_name.py
[2025-12-31T21:17:39.963+0000] {processor.py:914} INFO - Processing file /home/airflow/.local/lib/python3.12/site-packages/airflow/example_dags/example_display_name.py for tasks to queue
[2025-12-31T21:17:39.966+0000] {logging_mixin.py:190} INFO - [2025-12-31T21:17:39.966+0000] {dagbag.py:588} INFO - Filling up the DagBag from /home/airflow/.local/lib/python3.12/site-packages/airflow/example_dags/example_display_name.py
[2025-12-31T21:17:39.976+0000] {processor.py:925} INFO - DAG(s) 'example_display_name' retrieved from /home/airflow/.local/lib/python3.12/site-packages/airflow/example_dags/example_display_name.py
[2025-12-31T21:17:40.000+0000] {logging_mixin.py:190} INFO - [2025-12-31T21:17:40.000+0000] {dag.py:3239} INFO - Sync 1 DAGs
[2025-12-31T21:17:40.017+0000] {logging_mixin.py:190} INFO - [2025-12-31T21:17:40.017+0000] {dag.py:4180} INFO - Setting next_dagrun for example_display_name to None, run_after=None
[2025-12-31T21:17:40.042+0000] {processor.py:208} INFO - Processing /home/airflow/.local/lib/python3.12/site-packages/airflow/example_dags/example_display_name.py took 0.088 seconds
[2025-12-31T21:18:10.172+0000] {processor.py:186} INFO - Started process (PID=837) to work on /home/airflow/.local/lib/python3.12/site-packages/airflow/example_dags/example_display_name.py
[2025-12-31T21:18:10.173+0000] {processor.py:914} INFO - Processing file /home/airflow/.local/lib/python3.12/site-packages/airflow/example_dags/example_display_name.py for tasks to queue
[2025-12-31T21:18:10.176+0000] {logging_mixin.py:190} INFO - [2025-12-31T21:18:10.176+0000] {dagbag.py:588} INFO - Filling up the DagBag from /home/airflow/.local/lib/python3.12/site-packages/airflow/example_dags/example_display_name.py
[2025-12-31T21:18:10.186+0000] {processor.py:925} INFO - DAG(s) 'example_display_name' retrieved from /home/airflow/.local/lib/python3.12/site-packages/airflow/example_dags/example_display_name.py
[2025-12-31T21:18:10.208+0000] {logging_mixin.py:190} INFO - [2025-12-31T21:18:10.208+0000] {dag.py:3239} INFO - Sync 1 DAGs
[2025-12-31T21:18:10.225+0000] {logging_mixin.py:190} INFO - [2025-12-31T21:18:10.225+0000] {dag.py:4180} INFO - Setting next_dagrun for example_display_name to None, run_after=None
[2025-12-31T21:18:10.252+0000] {processor.py:208} INFO - Processing /home/airflow/.local/lib/python3.12/site-packages/airflow/example_dags/example_display_name.py took 0.086 seconds
[2025-12-31T21:18:40.433+0000] {processor.py:186} INFO - Started process (PID=900) to work on /home/airflow/.local/lib/python3.12/site-packages/airflow/example_dags/example_display_name.py
[2025-12-31T21:18:40.435+0000] {processor.py:914} INFO - Processing file /home/airflow/.local/lib/python3.12/site-packages/airflow/example_dags/example_display_name.py for tasks to queue
[2025-12-31T21:18:40.439+0000] {logging_mixin.py:190} INFO - [2025-12-31T21:18:40.438+0000] {dagbag.py:588} INFO - Filling up the DagBag from /home/airflow/.local/lib/python3.12/site-packages/airflow/example_dags/example_display_name.py
[2025-12-31T21:18:40.452+0000] {processor.py:925} INFO - DAG(s) 'example_display_name' retrieved from /home/airflow/.local/lib/python3.12/site-packages/airflow/example_dags/example_display_name.py
[2025-12-31T21:18:40.483+0000] {logging_mixin.py:190} INFO - [2025-12-31T21:18:40.483+0000] {dag.py:3239} INFO - Sync 1 DAGs
[2025-12-31T21:18:40.507+0000] {logging_mixin.py:190} INFO - [2025-12-31T21:18:40.506+0000] {dag.py:4180} INFO - Setting next_dagrun for example_display_name to None, run_after=None
[2025-12-31T21:18:40.538+0000] {processor.py:208} INFO - Processing /home/airflow/.local/lib/python3.12/site-packages/airflow/example_dags/example_display_name.py took 0.114 seconds
[2025-12-31T21:19:10.692+0000] {processor.py:186} INFO - Started process (PID=963) to work on /home/airflow/.local/lib/python3.12/site-packages/airflow/example_dags/example_display_name.py
[2025-12-31T21:19:10.693+0000] {processor.py:914} INFO - Processing file /home/airflow/.local/lib/python3.12/site-packages/airflow/example_dags/example_display_name.py for tasks to queue
[2025-12-31T21:19:10.696+0000] {logging_mixin.py:190} INFO - [2025-12-31T21:19:10.695+0000] {dagbag.py:588} INFO - Filling up the DagBag from /home/airflow/.local/lib/python3.12/site-packages/airflow/example_dags/example_display_name.py
[2025-12-31T21:19:10.706+0000] {processor.py:925} INFO - DAG(s) 'example_display_name' retrieved from /home/airflow/.local/lib/python3.12/site-packages/airflow/example_dags/example_display_name.py
[2025-12-31T21:19:10.729+0000] {logging_mixin.py:190} INFO - [2025-12-31T21:19:10.728+0000] {dag.py:3239} INFO - Sync 1 DAGs
[2025-12-31T21:19:10.745+0000] {logging_mixin.py:190} INFO - [2025-12-31T21:19:10.745+0000] {dag.py:4180} INFO - Setting next_dagrun for example_display_name to None, run_after=None
[2025-12-31T21:19:10.767+0000] {processor.py:208} INFO - Processing /home/airflow/.local/lib/python3.12/site-packages/airflow/example_dags/example_display_name.py took 0.082 seconds
[2025-12-31T21:19:41.165+0000] {processor.py:186} INFO - Started process (PID=1026) to work on /home/airflow/.local/lib/python3.12/site-packages/airflow/example_dags/example_display_name.py
[2025-12-31T21:19:41.166+0000] {processor.py:914} INFO - Processing file /home/airflow/.local/lib/python3.12/site-packages/airflow/example_dags/example_display_name.py for tasks to queue
[2025-12-31T21:19:41.168+0000] {logging_mixin.py:190} INFO - [2025-12-31T21:19:41.168+0000] {dagbag.py:588} INFO - Filling up the DagBag from /home/airflow/.local/lib/python3.12/site-packages/airflow/example_dags/example_display_name.py
[2025-12-31T21:19:41.177+0000] {processor.py:925} INFO - DAG(s) 'example_display_name' retrieved from /home/airflow/.local/lib/python3.12/site-packages/airflow/example_dags/example_display_name.py
[2025-12-31T21:19:41.198+0000] {logging_mixin.py:190} INFO - [2025-12-31T21:19:41.198+0000] {dag.py:3239} INFO - Sync 1 DAGs
[2025-12-31T21:19:41.215+0000] {logging_mixin.py:190} INFO - [2025-12-31T21:19:41.215+0000] {dag.py:4180} INFO - Setting next_dagrun for example_display_name to None, run_after=None
[2025-12-31T21:19:41.241+0000] {processor.py:208} INFO - Processing /home/airflow/.local/lib/python3.12/site-packages/airflow/example_dags/example_display_name.py took 0.082 seconds
[2025-12-31T21:20:11.430+0000] {processor.py:186} INFO - Started process (PID=1089) to work on /home/airflow/.local/lib/python3.12/site-packages/airflow/example_dags/example_display_name.py
[2025-12-31T21:20:11.431+0000] {processor.py:914} INFO - Processing file /home/airflow/.local/lib/python3.12/site-packages/airflow/example_dags/example_display_name.py for tasks to queue
[2025-12-31T21:20:11.434+0000] {logging_mixin.py:190} INFO - [2025-12-31T21:20:11.434+0000] {dagbag.py:588} INFO - Filling up the DagBag from /home/airflow/.local/lib/python3.12/site-packages/airflow/example_dags/example_display_name.py
[2025-12-31T21:20:11.444+0000] {processor.py:925} INFO - DAG(s) 'example_display_name' retrieved from /home/airflow/.local/lib/python3.12/site-packages/airflow/example_dags/example_display_name.py
[2025-12-31T21:20:11.465+0000] {logging_mixin.py:190} INFO - [2025-12-31T21:20:11.465+0000] {dag.py:3239} INFO - Sync 1 DAGs
[2025-12-31T21:20:11.482+0000] {logging_mixin.py:190} INFO - [2025-12-31T21:20:11.482+0000] {dag.py:4180} INFO - Setting next_dagrun for example_display_name to None, run_after=None
[2025-12-31T21:20:11.508+0000] {processor.py:208} INFO - Processing /home/airflow/.local/lib/python3.12/site-packages/airflow/example_dags/example_display_name.py took 0.085 seconds
[2025-12-31T21:20:41.641+0000] {processor.py:186} INFO - Started process (PID=1152) to work on /home/airflow/.local/lib/python3.12/site-packages/airflow/example_dags/example_display_name.py
[2025-12-31T21:20:41.642+0000] {processor.py:914} INFO - Processing file /home/airflow/.local/lib/python3.12/site-packages/airflow/example_dags/example_display_name.py for tasks to queue
[2025-12-31T21:20:41.646+0000] {logging_mixin.py:190} INFO - [2025-12-31T21:20:41.645+0000] {dagbag.py:588} INFO - Filling up the DagBag from /home/airflow/.local/lib/python3.12/site-packages/airflow/example_dags/example_display_name.py
[2025-12-31T21:20:41.661+0000] {processor.py:925} INFO - DAG(s) 'example_display_name' retrieved from /home/airflow/.local/lib/python3.12/site-packages/airflow/example_dags/example_display_name.py
[2025-12-31T21:20:41.698+0000] {logging_mixin.py:190} INFO - [2025-12-31T21:20:41.698+0000] {dag.py:3239} INFO - Sync 1 DAGs
[2025-12-31T21:20:41.724+0000] {logging_mixin.py:190} INFO - [2025-12-31T21:20:41.724+0000] {dag.py:4180} INFO - Setting next_dagrun for example_display_name to None, run_after=None
[2025-12-31T21:20:41.752+0000] {processor.py:208} INFO - Processing /home/airflow/.local/lib/python3.12/site-packages/airflow/example_dags/example_display_name.py took 0.118 seconds
[2025-12-31T21:21:12.107+0000] {processor.py:186} INFO - Started process (PID=1215) to work on /home/airflow/.local/lib/python3.12/site-packages/airflow/example_dags/example_display_name.py
[2025-12-31T21:21:12.108+0000] {processor.py:914} INFO - Processing file /home/airflow/.local/lib/python3.12/site-packages/airflow/example_dags/example_display_name.py for tasks to queue
[2025-12-31T21:21:12.111+0000] {logging_mixin.py:190} INFO - [2025-12-31T21:21:12.110+0000] {dagbag.py:588} INFO - Filling up the DagBag from /home/airflow/.local/lib/python3.12/site-packages/airflow/example_dags/example_display_name.py
[2025-12-31T21:21:12.123+0000] {processor.py:925} INFO - DAG(s) 'example_display_name' retrieved from /home/airflow/.local/lib/python3.12/site-packages/airflow/example_dags/example_display_name.py
[2025-12-31T21:21:12.148+0000] {logging_mixin.py:190} INFO - [2025-12-31T21:21:12.147+0000] {dag.py:3239} INFO - Sync 1 DAGs
[2025-12-31T21:21:12.167+0000] {logging_mixin.py:190} INFO - [2025-12-31T21:21:12.167+0000] {dag.py:4180} INFO - Setting next_dagrun for example_display_name to None, run_after=None
[2025-12-31T21:21:12.195+0000] {processor.py:208} INFO - Processing /home/airflow/.local/lib/python3.12/site-packages/airflow/example_dags/example_display_name.py took 0.095 seconds
