[2025-12-31T21:12:14.801+0000] {processor.py:186} INFO - Started process (PID=117) to work on /home/airflow/.local/lib/python3.12/site-packages/airflow/example_dags/example_bash_decorator.py
[2025-12-31T21:12:14.802+0000] {processor.py:914} INFO - Processing file /home/airflow/.local/lib/python3.12/site-packages/airflow/example_dags/example_bash_decorator.py for tasks to queue
[2025-12-31T21:12:14.806+0000] {logging_mixin.py:190} INFO - [2025-12-31T21:12:14.805+0000] {dagbag.py:588} INFO - Filling up the DagBag from /home/airflow/.local/lib/python3.12/site-packages/airflow/example_dags/example_bash_decorator.py
[2025-12-31T21:12:14.830+0000] {processor.py:925} INFO - DAG(s) 'example_bash_decorator' retrieved from /home/airflow/.local/lib/python3.12/site-packages/airflow/example_dags/example_bash_decorator.py
[2025-12-31T21:12:14.982+0000] {logging_mixin.py:190} INFO - [2025-12-31T21:12:14.982+0000] {override.py:1912} INFO - Created Permission View: can read on DAG:example_bash_decorator
[2025-12-31T21:12:14.996+0000] {logging_mixin.py:190} INFO - [2025-12-31T21:12:14.996+0000] {override.py:1912} INFO - Created Permission View: can delete on DAG:example_bash_decorator
[2025-12-31T21:12:15.008+0000] {logging_mixin.py:190} INFO - [2025-12-31T21:12:15.007+0000] {override.py:1912} INFO - Created Permission View: can edit on DAG:example_bash_decorator
[2025-12-31T21:12:15.020+0000] {logging_mixin.py:190} INFO - [2025-12-31T21:12:15.020+0000] {override.py:1912} INFO - Created Permission View: can read on DAG Run:example_bash_decorator
[2025-12-31T21:12:15.036+0000] {logging_mixin.py:190} INFO - [2025-12-31T21:12:15.035+0000] {override.py:1912} INFO - Created Permission View: can create on DAG Run:example_bash_decorator
[2025-12-31T21:12:15.049+0000] {logging_mixin.py:190} INFO - [2025-12-31T21:12:15.048+0000] {override.py:1912} INFO - Created Permission View: can delete on DAG Run:example_bash_decorator
[2025-12-31T21:12:15.060+0000] {logging_mixin.py:190} INFO - [2025-12-31T21:12:15.060+0000] {override.py:1912} INFO - Created Permission View: menu access on DAG Run:example_bash_decorator
[2025-12-31T21:12:15.061+0000] {logging_mixin.py:190} INFO - [2025-12-31T21:12:15.061+0000] {dag.py:3239} INFO - Sync 1 DAGs
[2025-12-31T21:12:15.081+0000] {logging_mixin.py:190} INFO - [2025-12-31T21:12:15.081+0000] {dag.py:3262} INFO - Creating ORM DAG for example_bash_decorator
[2025-12-31T21:12:15.082+0000] {logging_mixin.py:190} INFO - [2025-12-31T21:12:15.082+0000] {dag.py:4180} INFO - Setting next_dagrun for example_bash_decorator to None, run_after=None
[2025-12-31T21:12:15.102+0000] {processor.py:208} INFO - Processing /home/airflow/.local/lib/python3.12/site-packages/airflow/example_dags/example_bash_decorator.py took 0.310 seconds
[2025-12-31T21:12:45.315+0000] {processor.py:186} INFO - Started process (PID=179) to work on /home/airflow/.local/lib/python3.12/site-packages/airflow/example_dags/example_bash_decorator.py
[2025-12-31T21:12:45.316+0000] {processor.py:914} INFO - Processing file /home/airflow/.local/lib/python3.12/site-packages/airflow/example_dags/example_bash_decorator.py for tasks to queue
[2025-12-31T21:12:45.319+0000] {logging_mixin.py:190} INFO - [2025-12-31T21:12:45.319+0000] {dagbag.py:588} INFO - Filling up the DagBag from /home/airflow/.local/lib/python3.12/site-packages/airflow/example_dags/example_bash_decorator.py
[2025-12-31T21:12:45.339+0000] {processor.py:925} INFO - DAG(s) 'example_bash_decorator' retrieved from /home/airflow/.local/lib/python3.12/site-packages/airflow/example_dags/example_bash_decorator.py
[2025-12-31T21:12:45.369+0000] {logging_mixin.py:190} INFO - [2025-12-31T21:12:45.368+0000] {dag.py:3239} INFO - Sync 1 DAGs
[2025-12-31T21:12:45.387+0000] {logging_mixin.py:190} INFO - [2025-12-31T21:12:45.387+0000] {dag.py:4180} INFO - Setting next_dagrun for example_bash_decorator to None, run_after=None
[2025-12-31T21:12:45.414+0000] {processor.py:208} INFO - Processing /home/airflow/.local/lib/python3.12/site-packages/airflow/example_dags/example_bash_decorator.py took 0.107 seconds
[2025-12-31T21:13:16.137+0000] {processor.py:186} INFO - Started process (PID=242) to work on /home/airflow/.local/lib/python3.12/site-packages/airflow/example_dags/example_bash_decorator.py
[2025-12-31T21:13:16.139+0000] {processor.py:914} INFO - Processing file /home/airflow/.local/lib/python3.12/site-packages/airflow/example_dags/example_bash_decorator.py for tasks to queue
[2025-12-31T21:13:16.142+0000] {logging_mixin.py:190} INFO - [2025-12-31T21:13:16.141+0000] {dagbag.py:588} INFO - Filling up the DagBag from /home/airflow/.local/lib/python3.12/site-packages/airflow/example_dags/example_bash_decorator.py
[2025-12-31T21:13:16.161+0000] {processor.py:925} INFO - DAG(s) 'example_bash_decorator' retrieved from /home/airflow/.local/lib/python3.12/site-packages/airflow/example_dags/example_bash_decorator.py
[2025-12-31T21:13:16.191+0000] {logging_mixin.py:190} INFO - [2025-12-31T21:13:16.190+0000] {dag.py:3239} INFO - Sync 1 DAGs
[2025-12-31T21:13:16.209+0000] {logging_mixin.py:190} INFO - [2025-12-31T21:13:16.209+0000] {dag.py:4180} INFO - Setting next_dagrun for example_bash_decorator to None, run_after=None
[2025-12-31T21:13:16.239+0000] {processor.py:208} INFO - Processing /home/airflow/.local/lib/python3.12/site-packages/airflow/example_dags/example_bash_decorator.py took 0.110 seconds
[2025-12-31T21:13:46.314+0000] {processor.py:186} INFO - Started process (PID=305) to work on /home/airflow/.local/lib/python3.12/site-packages/airflow/example_dags/example_bash_decorator.py
[2025-12-31T21:13:46.316+0000] {processor.py:914} INFO - Processing file /home/airflow/.local/lib/python3.12/site-packages/airflow/example_dags/example_bash_decorator.py for tasks to queue
[2025-12-31T21:13:46.320+0000] {logging_mixin.py:190} INFO - [2025-12-31T21:13:46.319+0000] {dagbag.py:588} INFO - Filling up the DagBag from /home/airflow/.local/lib/python3.12/site-packages/airflow/example_dags/example_bash_decorator.py
[2025-12-31T21:13:46.339+0000] {processor.py:925} INFO - DAG(s) 'example_bash_decorator' retrieved from /home/airflow/.local/lib/python3.12/site-packages/airflow/example_dags/example_bash_decorator.py
[2025-12-31T21:13:46.366+0000] {logging_mixin.py:190} INFO - [2025-12-31T21:13:46.366+0000] {dag.py:3239} INFO - Sync 1 DAGs
[2025-12-31T21:13:46.384+0000] {logging_mixin.py:190} INFO - [2025-12-31T21:13:46.384+0000] {dag.py:4180} INFO - Setting next_dagrun for example_bash_decorator to None, run_after=None
[2025-12-31T21:13:46.411+0000] {processor.py:208} INFO - Processing /home/airflow/.local/lib/python3.12/site-packages/airflow/example_dags/example_bash_decorator.py took 0.105 seconds
[2025-12-31T21:14:17.022+0000] {processor.py:186} INFO - Started process (PID=368) to work on /home/airflow/.local/lib/python3.12/site-packages/airflow/example_dags/example_bash_decorator.py
[2025-12-31T21:14:17.023+0000] {processor.py:914} INFO - Processing file /home/airflow/.local/lib/python3.12/site-packages/airflow/example_dags/example_bash_decorator.py for tasks to queue
[2025-12-31T21:14:17.027+0000] {logging_mixin.py:190} INFO - [2025-12-31T21:14:17.027+0000] {dagbag.py:588} INFO - Filling up the DagBag from /home/airflow/.local/lib/python3.12/site-packages/airflow/example_dags/example_bash_decorator.py
[2025-12-31T21:14:17.051+0000] {processor.py:925} INFO - DAG(s) 'example_bash_decorator' retrieved from /home/airflow/.local/lib/python3.12/site-packages/airflow/example_dags/example_bash_decorator.py
[2025-12-31T21:14:17.081+0000] {logging_mixin.py:190} INFO - [2025-12-31T21:14:17.081+0000] {dag.py:3239} INFO - Sync 1 DAGs
[2025-12-31T21:14:17.099+0000] {logging_mixin.py:190} INFO - [2025-12-31T21:14:17.099+0000] {dag.py:4180} INFO - Setting next_dagrun for example_bash_decorator to None, run_after=None
[2025-12-31T21:14:17.127+0000] {processor.py:208} INFO - Processing /home/airflow/.local/lib/python3.12/site-packages/airflow/example_dags/example_bash_decorator.py took 0.113 seconds
[2025-12-31T21:14:47.229+0000] {processor.py:186} INFO - Started process (PID=430) to work on /home/airflow/.local/lib/python3.12/site-packages/airflow/example_dags/example_bash_decorator.py
[2025-12-31T21:14:47.230+0000] {processor.py:914} INFO - Processing file /home/airflow/.local/lib/python3.12/site-packages/airflow/example_dags/example_bash_decorator.py for tasks to queue
[2025-12-31T21:14:47.234+0000] {logging_mixin.py:190} INFO - [2025-12-31T21:14:47.233+0000] {dagbag.py:588} INFO - Filling up the DagBag from /home/airflow/.local/lib/python3.12/site-packages/airflow/example_dags/example_bash_decorator.py
[2025-12-31T21:14:47.266+0000] {processor.py:925} INFO - DAG(s) 'example_bash_decorator' retrieved from /home/airflow/.local/lib/python3.12/site-packages/airflow/example_dags/example_bash_decorator.py
[2025-12-31T21:14:47.315+0000] {logging_mixin.py:190} INFO - [2025-12-31T21:14:47.315+0000] {dag.py:3239} INFO - Sync 1 DAGs
[2025-12-31T21:14:47.346+0000] {logging_mixin.py:190} INFO - [2025-12-31T21:14:47.345+0000] {dag.py:4180} INFO - Setting next_dagrun for example_bash_decorator to None, run_after=None
[2025-12-31T21:14:47.385+0000] {processor.py:208} INFO - Processing /home/airflow/.local/lib/python3.12/site-packages/airflow/example_dags/example_bash_decorator.py took 0.168 seconds
[2025-12-31T21:15:18.113+0000] {processor.py:186} INFO - Started process (PID=499) to work on /home/airflow/.local/lib/python3.12/site-packages/airflow/example_dags/example_bash_decorator.py
[2025-12-31T21:15:18.115+0000] {processor.py:914} INFO - Processing file /home/airflow/.local/lib/python3.12/site-packages/airflow/example_dags/example_bash_decorator.py for tasks to queue
[2025-12-31T21:15:18.118+0000] {logging_mixin.py:190} INFO - [2025-12-31T21:15:18.117+0000] {dagbag.py:588} INFO - Filling up the DagBag from /home/airflow/.local/lib/python3.12/site-packages/airflow/example_dags/example_bash_decorator.py
[2025-12-31T21:15:18.137+0000] {processor.py:925} INFO - DAG(s) 'example_bash_decorator' retrieved from /home/airflow/.local/lib/python3.12/site-packages/airflow/example_dags/example_bash_decorator.py
[2025-12-31T21:15:18.165+0000] {logging_mixin.py:190} INFO - [2025-12-31T21:15:18.164+0000] {dag.py:3239} INFO - Sync 1 DAGs
[2025-12-31T21:15:18.181+0000] {logging_mixin.py:190} INFO - [2025-12-31T21:15:18.181+0000] {dag.py:4180} INFO - Setting next_dagrun for example_bash_decorator to None, run_after=None
[2025-12-31T21:15:18.204+0000] {processor.py:208} INFO - Processing /home/airflow/.local/lib/python3.12/site-packages/airflow/example_dags/example_bash_decorator.py took 0.097 seconds
[2025-12-31T21:15:48.836+0000] {processor.py:186} INFO - Started process (PID=563) to work on /home/airflow/.local/lib/python3.12/site-packages/airflow/example_dags/example_bash_decorator.py
[2025-12-31T21:15:48.838+0000] {processor.py:914} INFO - Processing file /home/airflow/.local/lib/python3.12/site-packages/airflow/example_dags/example_bash_decorator.py for tasks to queue
[2025-12-31T21:15:48.841+0000] {logging_mixin.py:190} INFO - [2025-12-31T21:15:48.840+0000] {dagbag.py:588} INFO - Filling up the DagBag from /home/airflow/.local/lib/python3.12/site-packages/airflow/example_dags/example_bash_decorator.py
[2025-12-31T21:15:48.866+0000] {processor.py:925} INFO - DAG(s) 'example_bash_decorator' retrieved from /home/airflow/.local/lib/python3.12/site-packages/airflow/example_dags/example_bash_decorator.py
[2025-12-31T21:15:48.898+0000] {logging_mixin.py:190} INFO - [2025-12-31T21:15:48.897+0000] {dag.py:3239} INFO - Sync 1 DAGs
[2025-12-31T21:15:48.922+0000] {logging_mixin.py:190} INFO - [2025-12-31T21:15:48.922+0000] {dag.py:4180} INFO - Setting next_dagrun for example_bash_decorator to None, run_after=None
[2025-12-31T21:15:48.963+0000] {processor.py:208} INFO - Processing /home/airflow/.local/lib/python3.12/site-packages/airflow/example_dags/example_bash_decorator.py took 0.136 seconds
[2025-12-31T21:16:19.024+0000] {processor.py:186} INFO - Started process (PID=625) to work on /home/airflow/.local/lib/python3.12/site-packages/airflow/example_dags/example_bash_decorator.py
[2025-12-31T21:16:19.025+0000] {processor.py:914} INFO - Processing file /home/airflow/.local/lib/python3.12/site-packages/airflow/example_dags/example_bash_decorator.py for tasks to queue
[2025-12-31T21:16:19.028+0000] {logging_mixin.py:190} INFO - [2025-12-31T21:16:19.027+0000] {dagbag.py:588} INFO - Filling up the DagBag from /home/airflow/.local/lib/python3.12/site-packages/airflow/example_dags/example_bash_decorator.py
[2025-12-31T21:16:19.046+0000] {processor.py:925} INFO - DAG(s) 'example_bash_decorator' retrieved from /home/airflow/.local/lib/python3.12/site-packages/airflow/example_dags/example_bash_decorator.py
[2025-12-31T21:16:19.070+0000] {logging_mixin.py:190} INFO - [2025-12-31T21:16:19.069+0000] {dag.py:3239} INFO - Sync 1 DAGs
[2025-12-31T21:16:19.086+0000] {logging_mixin.py:190} INFO - [2025-12-31T21:16:19.086+0000] {dag.py:4180} INFO - Setting next_dagrun for example_bash_decorator to None, run_after=None
[2025-12-31T21:16:19.113+0000] {processor.py:208} INFO - Processing /home/airflow/.local/lib/python3.12/site-packages/airflow/example_dags/example_bash_decorator.py took 0.096 seconds
[2025-12-31T21:16:49.818+0000] {processor.py:186} INFO - Started process (PID=688) to work on /home/airflow/.local/lib/python3.12/site-packages/airflow/example_dags/example_bash_decorator.py
[2025-12-31T21:16:49.820+0000] {processor.py:914} INFO - Processing file /home/airflow/.local/lib/python3.12/site-packages/airflow/example_dags/example_bash_decorator.py for tasks to queue
[2025-12-31T21:16:49.823+0000] {logging_mixin.py:190} INFO - [2025-12-31T21:16:49.823+0000] {dagbag.py:588} INFO - Filling up the DagBag from /home/airflow/.local/lib/python3.12/site-packages/airflow/example_dags/example_bash_decorator.py
[2025-12-31T21:16:49.842+0000] {processor.py:925} INFO - DAG(s) 'example_bash_decorator' retrieved from /home/airflow/.local/lib/python3.12/site-packages/airflow/example_dags/example_bash_decorator.py
[2025-12-31T21:16:49.875+0000] {logging_mixin.py:190} INFO - [2025-12-31T21:16:49.875+0000] {dag.py:3239} INFO - Sync 1 DAGs
[2025-12-31T21:16:49.895+0000] {logging_mixin.py:190} INFO - [2025-12-31T21:16:49.894+0000] {dag.py:4180} INFO - Setting next_dagrun for example_bash_decorator to None, run_after=None
[2025-12-31T21:16:49.918+0000] {processor.py:208} INFO - Processing /home/airflow/.local/lib/python3.12/site-packages/airflow/example_dags/example_bash_decorator.py took 0.106 seconds
[2025-12-31T21:17:20.240+0000] {processor.py:186} INFO - Started process (PID=751) to work on /home/airflow/.local/lib/python3.12/site-packages/airflow/example_dags/example_bash_decorator.py
[2025-12-31T21:17:20.242+0000] {processor.py:914} INFO - Processing file /home/airflow/.local/lib/python3.12/site-packages/airflow/example_dags/example_bash_decorator.py for tasks to queue
[2025-12-31T21:17:20.248+0000] {logging_mixin.py:190} INFO - [2025-12-31T21:17:20.247+0000] {dagbag.py:588} INFO - Filling up the DagBag from /home/airflow/.local/lib/python3.12/site-packages/airflow/example_dags/example_bash_decorator.py
[2025-12-31T21:17:20.284+0000] {processor.py:925} INFO - DAG(s) 'example_bash_decorator' retrieved from /home/airflow/.local/lib/python3.12/site-packages/airflow/example_dags/example_bash_decorator.py
[2025-12-31T21:17:20.329+0000] {logging_mixin.py:190} INFO - [2025-12-31T21:17:20.329+0000] {dag.py:3239} INFO - Sync 1 DAGs
[2025-12-31T21:17:20.370+0000] {logging_mixin.py:190} INFO - [2025-12-31T21:17:20.369+0000] {dag.py:4180} INFO - Setting next_dagrun for example_bash_decorator to None, run_after=None
[2025-12-31T21:17:20.411+0000] {processor.py:208} INFO - Processing /home/airflow/.local/lib/python3.12/site-packages/airflow/example_dags/example_bash_decorator.py took 0.186 seconds
[2025-12-31T21:17:51.311+0000] {processor.py:186} INFO - Started process (PID=815) to work on /home/airflow/.local/lib/python3.12/site-packages/airflow/example_dags/example_bash_decorator.py
[2025-12-31T21:17:51.313+0000] {processor.py:914} INFO - Processing file /home/airflow/.local/lib/python3.12/site-packages/airflow/example_dags/example_bash_decorator.py for tasks to queue
[2025-12-31T21:17:51.316+0000] {logging_mixin.py:190} INFO - [2025-12-31T21:17:51.315+0000] {dagbag.py:588} INFO - Filling up the DagBag from /home/airflow/.local/lib/python3.12/site-packages/airflow/example_dags/example_bash_decorator.py
[2025-12-31T21:17:51.335+0000] {processor.py:925} INFO - DAG(s) 'example_bash_decorator' retrieved from /home/airflow/.local/lib/python3.12/site-packages/airflow/example_dags/example_bash_decorator.py
[2025-12-31T21:17:51.361+0000] {logging_mixin.py:190} INFO - [2025-12-31T21:17:51.361+0000] {dag.py:3239} INFO - Sync 1 DAGs
[2025-12-31T21:17:51.377+0000] {logging_mixin.py:190} INFO - [2025-12-31T21:17:51.377+0000] {dag.py:4180} INFO - Setting next_dagrun for example_bash_decorator to None, run_after=None
[2025-12-31T21:17:51.398+0000] {processor.py:208} INFO - Processing /home/airflow/.local/lib/python3.12/site-packages/airflow/example_dags/example_bash_decorator.py took 0.095 seconds
[2025-12-31T21:18:21.960+0000] {processor.py:186} INFO - Started process (PID=878) to work on /home/airflow/.local/lib/python3.12/site-packages/airflow/example_dags/example_bash_decorator.py
[2025-12-31T21:18:21.961+0000] {processor.py:914} INFO - Processing file /home/airflow/.local/lib/python3.12/site-packages/airflow/example_dags/example_bash_decorator.py for tasks to queue
[2025-12-31T21:18:21.965+0000] {logging_mixin.py:190} INFO - [2025-12-31T21:18:21.964+0000] {dagbag.py:588} INFO - Filling up the DagBag from /home/airflow/.local/lib/python3.12/site-packages/airflow/example_dags/example_bash_decorator.py
[2025-12-31T21:18:21.985+0000] {processor.py:925} INFO - DAG(s) 'example_bash_decorator' retrieved from /home/airflow/.local/lib/python3.12/site-packages/airflow/example_dags/example_bash_decorator.py
[2025-12-31T21:18:22.010+0000] {logging_mixin.py:190} INFO - [2025-12-31T21:18:22.010+0000] {dag.py:3239} INFO - Sync 1 DAGs
[2025-12-31T21:18:22.027+0000] {logging_mixin.py:190} INFO - [2025-12-31T21:18:22.027+0000] {dag.py:4180} INFO - Setting next_dagrun for example_bash_decorator to None, run_after=None
[2025-12-31T21:18:22.054+0000] {processor.py:208} INFO - Processing /home/airflow/.local/lib/python3.12/site-packages/airflow/example_dags/example_bash_decorator.py took 0.102 seconds
[2025-12-31T21:18:52.947+0000] {processor.py:186} INFO - Started process (PID=941) to work on /home/airflow/.local/lib/python3.12/site-packages/airflow/example_dags/example_bash_decorator.py
[2025-12-31T21:18:52.949+0000] {processor.py:914} INFO - Processing file /home/airflow/.local/lib/python3.12/site-packages/airflow/example_dags/example_bash_decorator.py for tasks to queue
[2025-12-31T21:18:52.953+0000] {logging_mixin.py:190} INFO - [2025-12-31T21:18:52.952+0000] {dagbag.py:588} INFO - Filling up the DagBag from /home/airflow/.local/lib/python3.12/site-packages/airflow/example_dags/example_bash_decorator.py
[2025-12-31T21:18:52.973+0000] {processor.py:925} INFO - DAG(s) 'example_bash_decorator' retrieved from /home/airflow/.local/lib/python3.12/site-packages/airflow/example_dags/example_bash_decorator.py
[2025-12-31T21:18:53.002+0000] {logging_mixin.py:190} INFO - [2025-12-31T21:18:53.001+0000] {dag.py:3239} INFO - Sync 1 DAGs
[2025-12-31T21:18:53.019+0000] {logging_mixin.py:190} INFO - [2025-12-31T21:18:53.018+0000] {dag.py:4180} INFO - Setting next_dagrun for example_bash_decorator to None, run_after=None
[2025-12-31T21:18:53.042+0000] {processor.py:208} INFO - Processing /home/airflow/.local/lib/python3.12/site-packages/airflow/example_dags/example_bash_decorator.py took 0.102 seconds
[2025-12-31T21:19:23.225+0000] {processor.py:186} INFO - Started process (PID=1004) to work on /home/airflow/.local/lib/python3.12/site-packages/airflow/example_dags/example_bash_decorator.py
[2025-12-31T21:19:23.226+0000] {processor.py:914} INFO - Processing file /home/airflow/.local/lib/python3.12/site-packages/airflow/example_dags/example_bash_decorator.py for tasks to queue
[2025-12-31T21:19:23.230+0000] {logging_mixin.py:190} INFO - [2025-12-31T21:19:23.230+0000] {dagbag.py:588} INFO - Filling up the DagBag from /home/airflow/.local/lib/python3.12/site-packages/airflow/example_dags/example_bash_decorator.py
[2025-12-31T21:19:23.249+0000] {processor.py:925} INFO - DAG(s) 'example_bash_decorator' retrieved from /home/airflow/.local/lib/python3.12/site-packages/airflow/example_dags/example_bash_decorator.py
[2025-12-31T21:19:23.274+0000] {logging_mixin.py:190} INFO - [2025-12-31T21:19:23.274+0000] {dag.py:3239} INFO - Sync 1 DAGs
[2025-12-31T21:19:23.291+0000] {logging_mixin.py:190} INFO - [2025-12-31T21:19:23.291+0000] {dag.py:4180} INFO - Setting next_dagrun for example_bash_decorator to None, run_after=None
[2025-12-31T21:19:23.315+0000] {processor.py:208} INFO - Processing /home/airflow/.local/lib/python3.12/site-packages/airflow/example_dags/example_bash_decorator.py took 0.096 seconds
[2025-12-31T21:19:53.617+0000] {processor.py:186} INFO - Started process (PID=1067) to work on /home/airflow/.local/lib/python3.12/site-packages/airflow/example_dags/example_bash_decorator.py
[2025-12-31T21:19:53.618+0000] {processor.py:914} INFO - Processing file /home/airflow/.local/lib/python3.12/site-packages/airflow/example_dags/example_bash_decorator.py for tasks to queue
[2025-12-31T21:19:53.621+0000] {logging_mixin.py:190} INFO - [2025-12-31T21:19:53.621+0000] {dagbag.py:588} INFO - Filling up the DagBag from /home/airflow/.local/lib/python3.12/site-packages/airflow/example_dags/example_bash_decorator.py
[2025-12-31T21:19:53.640+0000] {processor.py:925} INFO - DAG(s) 'example_bash_decorator' retrieved from /home/airflow/.local/lib/python3.12/site-packages/airflow/example_dags/example_bash_decorator.py
[2025-12-31T21:19:53.670+0000] {logging_mixin.py:190} INFO - [2025-12-31T21:19:53.669+0000] {dag.py:3239} INFO - Sync 1 DAGs
[2025-12-31T21:19:53.691+0000] {logging_mixin.py:190} INFO - [2025-12-31T21:19:53.691+0000] {dag.py:4180} INFO - Setting next_dagrun for example_bash_decorator to None, run_after=None
[2025-12-31T21:19:53.725+0000] {processor.py:208} INFO - Processing /home/airflow/.local/lib/python3.12/site-packages/airflow/example_dags/example_bash_decorator.py took 0.117 seconds
[2025-12-31T21:20:24.462+0000] {processor.py:186} INFO - Started process (PID=1130) to work on /home/airflow/.local/lib/python3.12/site-packages/airflow/example_dags/example_bash_decorator.py
[2025-12-31T21:20:24.463+0000] {processor.py:914} INFO - Processing file /home/airflow/.local/lib/python3.12/site-packages/airflow/example_dags/example_bash_decorator.py for tasks to queue
[2025-12-31T21:20:24.466+0000] {logging_mixin.py:190} INFO - [2025-12-31T21:20:24.465+0000] {dagbag.py:588} INFO - Filling up the DagBag from /home/airflow/.local/lib/python3.12/site-packages/airflow/example_dags/example_bash_decorator.py
[2025-12-31T21:20:24.484+0000] {processor.py:925} INFO - DAG(s) 'example_bash_decorator' retrieved from /home/airflow/.local/lib/python3.12/site-packages/airflow/example_dags/example_bash_decorator.py
[2025-12-31T21:20:24.510+0000] {logging_mixin.py:190} INFO - [2025-12-31T21:20:24.510+0000] {dag.py:3239} INFO - Sync 1 DAGs
[2025-12-31T21:20:24.528+0000] {logging_mixin.py:190} INFO - [2025-12-31T21:20:24.527+0000] {dag.py:4180} INFO - Setting next_dagrun for example_bash_decorator to None, run_after=None
[2025-12-31T21:20:24.550+0000] {processor.py:208} INFO - Processing /home/airflow/.local/lib/python3.12/site-packages/airflow/example_dags/example_bash_decorator.py took 0.096 seconds
[2025-12-31T21:20:55.151+0000] {processor.py:186} INFO - Started process (PID=1193) to work on /home/airflow/.local/lib/python3.12/site-packages/airflow/example_dags/example_bash_decorator.py
[2025-12-31T21:20:55.153+0000] {processor.py:914} INFO - Processing file /home/airflow/.local/lib/python3.12/site-packages/airflow/example_dags/example_bash_decorator.py for tasks to queue
[2025-12-31T21:20:55.156+0000] {logging_mixin.py:190} INFO - [2025-12-31T21:20:55.155+0000] {dagbag.py:588} INFO - Filling up the DagBag from /home/airflow/.local/lib/python3.12/site-packages/airflow/example_dags/example_bash_decorator.py
[2025-12-31T21:20:55.173+0000] {processor.py:925} INFO - DAG(s) 'example_bash_decorator' retrieved from /home/airflow/.local/lib/python3.12/site-packages/airflow/example_dags/example_bash_decorator.py
[2025-12-31T21:20:55.199+0000] {logging_mixin.py:190} INFO - [2025-12-31T21:20:55.199+0000] {dag.py:3239} INFO - Sync 1 DAGs
[2025-12-31T21:20:55.215+0000] {logging_mixin.py:190} INFO - [2025-12-31T21:20:55.215+0000] {dag.py:4180} INFO - Setting next_dagrun for example_bash_decorator to None, run_after=None
[2025-12-31T21:20:55.238+0000] {processor.py:208} INFO - Processing /home/airflow/.local/lib/python3.12/site-packages/airflow/example_dags/example_bash_decorator.py took 0.094 seconds
[2025-12-31T21:21:25.920+0000] {processor.py:186} INFO - Started process (PID=1257) to work on /home/airflow/.local/lib/python3.12/site-packages/airflow/example_dags/example_bash_decorator.py
[2025-12-31T21:21:25.922+0000] {processor.py:914} INFO - Processing file /home/airflow/.local/lib/python3.12/site-packages/airflow/example_dags/example_bash_decorator.py for tasks to queue
[2025-12-31T21:21:25.938+0000] {logging_mixin.py:190} INFO - [2025-12-31T21:21:25.937+0000] {dagbag.py:588} INFO - Filling up the DagBag from /home/airflow/.local/lib/python3.12/site-packages/airflow/example_dags/example_bash_decorator.py
[2025-12-31T21:21:25.973+0000] {processor.py:925} INFO - DAG(s) 'example_bash_decorator' retrieved from /home/airflow/.local/lib/python3.12/site-packages/airflow/example_dags/example_bash_decorator.py
[2025-12-31T21:21:26.016+0000] {logging_mixin.py:190} INFO - [2025-12-31T21:21:26.016+0000] {dag.py:3239} INFO - Sync 1 DAGs
[2025-12-31T21:21:26.039+0000] {logging_mixin.py:190} INFO - [2025-12-31T21:21:26.039+0000] {dag.py:4180} INFO - Setting next_dagrun for example_bash_decorator to None, run_after=None
[2025-12-31T21:21:26.066+0000] {processor.py:208} INFO - Processing /home/airflow/.local/lib/python3.12/site-packages/airflow/example_dags/example_bash_decorator.py took 0.160 seconds
