[2025-12-31T21:12:03.445+0000] {processor.py:186} INFO - Started process (PID=78) to work on /home/airflow/.local/lib/python3.12/site-packages/airflow/example_dags/example_kubernetes_executor.py
[2025-12-31T21:12:03.446+0000] {processor.py:914} INFO - Processing file /home/airflow/.local/lib/python3.12/site-packages/airflow/example_dags/example_kubernetes_executor.py for tasks to queue
[2025-12-31T21:12:03.450+0000] {logging_mixin.py:190} INFO - [2025-12-31T21:12:03.450+0000] {dagbag.py:588} INFO - Filling up the DagBag from /home/airflow/.local/lib/python3.12/site-packages/airflow/example_dags/example_kubernetes_executor.py
[2025-12-31T21:12:03.475+0000] {processor.py:925} INFO - DAG(s) 'example_kubernetes_executor' retrieved from /home/airflow/.local/lib/python3.12/site-packages/airflow/example_dags/example_kubernetes_executor.py
[2025-12-31T21:12:03.663+0000] {logging_mixin.py:190} INFO - [2025-12-31T21:12:03.662+0000] {override.py:1912} INFO - Created Permission View: can read on DAG:example_kubernetes_executor
[2025-12-31T21:12:03.678+0000] {logging_mixin.py:190} INFO - [2025-12-31T21:12:03.678+0000] {override.py:1912} INFO - Created Permission View: can delete on DAG:example_kubernetes_executor
[2025-12-31T21:12:03.689+0000] {logging_mixin.py:190} INFO - [2025-12-31T21:12:03.688+0000] {override.py:1912} INFO - Created Permission View: can edit on DAG:example_kubernetes_executor
[2025-12-31T21:12:03.700+0000] {logging_mixin.py:190} INFO - [2025-12-31T21:12:03.699+0000] {override.py:1912} INFO - Created Permission View: can read on DAG Run:example_kubernetes_executor
[2025-12-31T21:12:03.709+0000] {logging_mixin.py:190} INFO - [2025-12-31T21:12:03.708+0000] {override.py:1912} INFO - Created Permission View: can create on DAG Run:example_kubernetes_executor
[2025-12-31T21:12:03.718+0000] {logging_mixin.py:190} INFO - [2025-12-31T21:12:03.718+0000] {override.py:1912} INFO - Created Permission View: can delete on DAG Run:example_kubernetes_executor
[2025-12-31T21:12:03.727+0000] {logging_mixin.py:190} INFO - [2025-12-31T21:12:03.727+0000] {override.py:1912} INFO - Created Permission View: menu access on DAG Run:example_kubernetes_executor
[2025-12-31T21:12:03.728+0000] {logging_mixin.py:190} INFO - [2025-12-31T21:12:03.728+0000] {dag.py:3239} INFO - Sync 1 DAGs
[2025-12-31T21:12:03.746+0000] {logging_mixin.py:190} INFO - [2025-12-31T21:12:03.746+0000] {dag.py:3262} INFO - Creating ORM DAG for example_kubernetes_executor
[2025-12-31T21:12:03.748+0000] {logging_mixin.py:190} INFO - [2025-12-31T21:12:03.748+0000] {dag.py:4180} INFO - Setting next_dagrun for example_kubernetes_executor to None, run_after=None
[2025-12-31T21:12:03.775+0000] {processor.py:208} INFO - Processing /home/airflow/.local/lib/python3.12/site-packages/airflow/example_dags/example_kubernetes_executor.py took 0.340 seconds
[2025-12-31T21:12:34.691+0000] {processor.py:186} INFO - Started process (PID=141) to work on /home/airflow/.local/lib/python3.12/site-packages/airflow/example_dags/example_kubernetes_executor.py
[2025-12-31T21:12:34.692+0000] {processor.py:914} INFO - Processing file /home/airflow/.local/lib/python3.12/site-packages/airflow/example_dags/example_kubernetes_executor.py for tasks to queue
[2025-12-31T21:12:34.695+0000] {logging_mixin.py:190} INFO - [2025-12-31T21:12:34.694+0000] {dagbag.py:588} INFO - Filling up the DagBag from /home/airflow/.local/lib/python3.12/site-packages/airflow/example_dags/example_kubernetes_executor.py
[2025-12-31T21:12:34.711+0000] {processor.py:925} INFO - DAG(s) 'example_kubernetes_executor' retrieved from /home/airflow/.local/lib/python3.12/site-packages/airflow/example_dags/example_kubernetes_executor.py
[2025-12-31T21:12:34.737+0000] {logging_mixin.py:190} INFO - [2025-12-31T21:12:34.737+0000] {dag.py:3239} INFO - Sync 1 DAGs
[2025-12-31T21:12:34.755+0000] {logging_mixin.py:190} INFO - [2025-12-31T21:12:34.755+0000] {dag.py:4180} INFO - Setting next_dagrun for example_kubernetes_executor to None, run_after=None
[2025-12-31T21:12:34.778+0000] {processor.py:208} INFO - Processing /home/airflow/.local/lib/python3.12/site-packages/airflow/example_dags/example_kubernetes_executor.py took 0.094 seconds
[2025-12-31T21:13:05.029+0000] {processor.py:186} INFO - Started process (PID=204) to work on /home/airflow/.local/lib/python3.12/site-packages/airflow/example_dags/example_kubernetes_executor.py
[2025-12-31T21:13:05.030+0000] {processor.py:914} INFO - Processing file /home/airflow/.local/lib/python3.12/site-packages/airflow/example_dags/example_kubernetes_executor.py for tasks to queue
[2025-12-31T21:13:05.033+0000] {logging_mixin.py:190} INFO - [2025-12-31T21:13:05.033+0000] {dagbag.py:588} INFO - Filling up the DagBag from /home/airflow/.local/lib/python3.12/site-packages/airflow/example_dags/example_kubernetes_executor.py
[2025-12-31T21:13:05.051+0000] {processor.py:925} INFO - DAG(s) 'example_kubernetes_executor' retrieved from /home/airflow/.local/lib/python3.12/site-packages/airflow/example_dags/example_kubernetes_executor.py
[2025-12-31T21:13:05.077+0000] {logging_mixin.py:190} INFO - [2025-12-31T21:13:05.076+0000] {dag.py:3239} INFO - Sync 1 DAGs
[2025-12-31T21:13:05.093+0000] {logging_mixin.py:190} INFO - [2025-12-31T21:13:05.093+0000] {dag.py:4180} INFO - Setting next_dagrun for example_kubernetes_executor to None, run_after=None
[2025-12-31T21:13:05.116+0000] {processor.py:208} INFO - Processing /home/airflow/.local/lib/python3.12/site-packages/airflow/example_dags/example_kubernetes_executor.py took 0.093 seconds
[2025-12-31T21:13:35.468+0000] {processor.py:186} INFO - Started process (PID=268) to work on /home/airflow/.local/lib/python3.12/site-packages/airflow/example_dags/example_kubernetes_executor.py
[2025-12-31T21:13:35.470+0000] {processor.py:914} INFO - Processing file /home/airflow/.local/lib/python3.12/site-packages/airflow/example_dags/example_kubernetes_executor.py for tasks to queue
[2025-12-31T21:13:35.473+0000] {logging_mixin.py:190} INFO - [2025-12-31T21:13:35.472+0000] {dagbag.py:588} INFO - Filling up the DagBag from /home/airflow/.local/lib/python3.12/site-packages/airflow/example_dags/example_kubernetes_executor.py
[2025-12-31T21:13:35.490+0000] {processor.py:925} INFO - DAG(s) 'example_kubernetes_executor' retrieved from /home/airflow/.local/lib/python3.12/site-packages/airflow/example_dags/example_kubernetes_executor.py
[2025-12-31T21:13:35.519+0000] {logging_mixin.py:190} INFO - [2025-12-31T21:13:35.518+0000] {dag.py:3239} INFO - Sync 1 DAGs
[2025-12-31T21:13:35.537+0000] {logging_mixin.py:190} INFO - [2025-12-31T21:13:35.537+0000] {dag.py:4180} INFO - Setting next_dagrun for example_kubernetes_executor to None, run_after=None
[2025-12-31T21:13:35.560+0000] {processor.py:208} INFO - Processing /home/airflow/.local/lib/python3.12/site-packages/airflow/example_dags/example_kubernetes_executor.py took 0.099 seconds
[2025-12-31T21:14:05.719+0000] {processor.py:186} INFO - Started process (PID=331) to work on /home/airflow/.local/lib/python3.12/site-packages/airflow/example_dags/example_kubernetes_executor.py
[2025-12-31T21:14:05.720+0000] {processor.py:914} INFO - Processing file /home/airflow/.local/lib/python3.12/site-packages/airflow/example_dags/example_kubernetes_executor.py for tasks to queue
[2025-12-31T21:14:05.723+0000] {logging_mixin.py:190} INFO - [2025-12-31T21:14:05.723+0000] {dagbag.py:588} INFO - Filling up the DagBag from /home/airflow/.local/lib/python3.12/site-packages/airflow/example_dags/example_kubernetes_executor.py
[2025-12-31T21:14:05.742+0000] {processor.py:925} INFO - DAG(s) 'example_kubernetes_executor' retrieved from /home/airflow/.local/lib/python3.12/site-packages/airflow/example_dags/example_kubernetes_executor.py
[2025-12-31T21:14:05.770+0000] {logging_mixin.py:190} INFO - [2025-12-31T21:14:05.770+0000] {dag.py:3239} INFO - Sync 1 DAGs
[2025-12-31T21:14:05.788+0000] {logging_mixin.py:190} INFO - [2025-12-31T21:14:05.787+0000] {dag.py:4180} INFO - Setting next_dagrun for example_kubernetes_executor to None, run_after=None
[2025-12-31T21:14:05.813+0000] {processor.py:208} INFO - Processing /home/airflow/.local/lib/python3.12/site-packages/airflow/example_dags/example_kubernetes_executor.py took 0.100 seconds
[2025-12-31T21:14:35.887+0000] {processor.py:186} INFO - Started process (PID=393) to work on /home/airflow/.local/lib/python3.12/site-packages/airflow/example_dags/example_kubernetes_executor.py
[2025-12-31T21:14:35.888+0000] {processor.py:914} INFO - Processing file /home/airflow/.local/lib/python3.12/site-packages/airflow/example_dags/example_kubernetes_executor.py for tasks to queue
[2025-12-31T21:14:35.891+0000] {logging_mixin.py:190} INFO - [2025-12-31T21:14:35.891+0000] {dagbag.py:588} INFO - Filling up the DagBag from /home/airflow/.local/lib/python3.12/site-packages/airflow/example_dags/example_kubernetes_executor.py
[2025-12-31T21:14:35.910+0000] {processor.py:925} INFO - DAG(s) 'example_kubernetes_executor' retrieved from /home/airflow/.local/lib/python3.12/site-packages/airflow/example_dags/example_kubernetes_executor.py
[2025-12-31T21:14:35.940+0000] {logging_mixin.py:190} INFO - [2025-12-31T21:14:35.940+0000] {dag.py:3239} INFO - Sync 1 DAGs
[2025-12-31T21:14:35.958+0000] {logging_mixin.py:190} INFO - [2025-12-31T21:14:35.958+0000] {dag.py:4180} INFO - Setting next_dagrun for example_kubernetes_executor to None, run_after=None
[2025-12-31T21:14:35.987+0000] {processor.py:208} INFO - Processing /home/airflow/.local/lib/python3.12/site-packages/airflow/example_dags/example_kubernetes_executor.py took 0.108 seconds
[2025-12-31T21:15:06.590+0000] {processor.py:186} INFO - Started process (PID=457) to work on /home/airflow/.local/lib/python3.12/site-packages/airflow/example_dags/example_kubernetes_executor.py
[2025-12-31T21:15:06.591+0000] {processor.py:914} INFO - Processing file /home/airflow/.local/lib/python3.12/site-packages/airflow/example_dags/example_kubernetes_executor.py for tasks to queue
[2025-12-31T21:15:06.594+0000] {logging_mixin.py:190} INFO - [2025-12-31T21:15:06.593+0000] {dagbag.py:588} INFO - Filling up the DagBag from /home/airflow/.local/lib/python3.12/site-packages/airflow/example_dags/example_kubernetes_executor.py
[2025-12-31T21:15:06.609+0000] {processor.py:925} INFO - DAG(s) 'example_kubernetes_executor' retrieved from /home/airflow/.local/lib/python3.12/site-packages/airflow/example_dags/example_kubernetes_executor.py
[2025-12-31T21:15:06.635+0000] {logging_mixin.py:190} INFO - [2025-12-31T21:15:06.635+0000] {dag.py:3239} INFO - Sync 1 DAGs
[2025-12-31T21:15:06.651+0000] {logging_mixin.py:190} INFO - [2025-12-31T21:15:06.650+0000] {dag.py:4180} INFO - Setting next_dagrun for example_kubernetes_executor to None, run_after=None
[2025-12-31T21:15:06.677+0000] {processor.py:208} INFO - Processing /home/airflow/.local/lib/python3.12/site-packages/airflow/example_dags/example_kubernetes_executor.py took 0.094 seconds
[2025-12-31T21:15:37.633+0000] {processor.py:186} INFO - Started process (PID=520) to work on /home/airflow/.local/lib/python3.12/site-packages/airflow/example_dags/example_kubernetes_executor.py
[2025-12-31T21:15:37.635+0000] {processor.py:914} INFO - Processing file /home/airflow/.local/lib/python3.12/site-packages/airflow/example_dags/example_kubernetes_executor.py for tasks to queue
[2025-12-31T21:15:37.638+0000] {logging_mixin.py:190} INFO - [2025-12-31T21:15:37.637+0000] {dagbag.py:588} INFO - Filling up the DagBag from /home/airflow/.local/lib/python3.12/site-packages/airflow/example_dags/example_kubernetes_executor.py
[2025-12-31T21:15:37.658+0000] {processor.py:925} INFO - DAG(s) 'example_kubernetes_executor' retrieved from /home/airflow/.local/lib/python3.12/site-packages/airflow/example_dags/example_kubernetes_executor.py
[2025-12-31T21:15:37.689+0000] {logging_mixin.py:190} INFO - [2025-12-31T21:15:37.688+0000] {dag.py:3239} INFO - Sync 1 DAGs
[2025-12-31T21:15:37.708+0000] {logging_mixin.py:190} INFO - [2025-12-31T21:15:37.707+0000] {dag.py:4180} INFO - Setting next_dagrun for example_kubernetes_executor to None, run_after=None
[2025-12-31T21:15:37.741+0000] {processor.py:208} INFO - Processing /home/airflow/.local/lib/python3.12/site-packages/airflow/example_dags/example_kubernetes_executor.py took 0.114 seconds
[2025-12-31T21:16:08.503+0000] {processor.py:186} INFO - Started process (PID=584) to work on /home/airflow/.local/lib/python3.12/site-packages/airflow/example_dags/example_kubernetes_executor.py
[2025-12-31T21:16:08.504+0000] {processor.py:914} INFO - Processing file /home/airflow/.local/lib/python3.12/site-packages/airflow/example_dags/example_kubernetes_executor.py for tasks to queue
[2025-12-31T21:16:08.507+0000] {logging_mixin.py:190} INFO - [2025-12-31T21:16:08.507+0000] {dagbag.py:588} INFO - Filling up the DagBag from /home/airflow/.local/lib/python3.12/site-packages/airflow/example_dags/example_kubernetes_executor.py
[2025-12-31T21:16:08.525+0000] {processor.py:925} INFO - DAG(s) 'example_kubernetes_executor' retrieved from /home/airflow/.local/lib/python3.12/site-packages/airflow/example_dags/example_kubernetes_executor.py
[2025-12-31T21:16:08.555+0000] {logging_mixin.py:190} INFO - [2025-12-31T21:16:08.555+0000] {dag.py:3239} INFO - Sync 1 DAGs
[2025-12-31T21:16:08.571+0000] {logging_mixin.py:190} INFO - [2025-12-31T21:16:08.571+0000] {dag.py:4180} INFO - Setting next_dagrun for example_kubernetes_executor to None, run_after=None
[2025-12-31T21:16:08.600+0000] {processor.py:208} INFO - Processing /home/airflow/.local/lib/python3.12/site-packages/airflow/example_dags/example_kubernetes_executor.py took 0.106 seconds
[2025-12-31T21:16:38.763+0000] {processor.py:186} INFO - Started process (PID=646) to work on /home/airflow/.local/lib/python3.12/site-packages/airflow/example_dags/example_kubernetes_executor.py
[2025-12-31T21:16:38.764+0000] {processor.py:914} INFO - Processing file /home/airflow/.local/lib/python3.12/site-packages/airflow/example_dags/example_kubernetes_executor.py for tasks to queue
[2025-12-31T21:16:38.767+0000] {logging_mixin.py:190} INFO - [2025-12-31T21:16:38.767+0000] {dagbag.py:588} INFO - Filling up the DagBag from /home/airflow/.local/lib/python3.12/site-packages/airflow/example_dags/example_kubernetes_executor.py
[2025-12-31T21:16:38.784+0000] {processor.py:925} INFO - DAG(s) 'example_kubernetes_executor' retrieved from /home/airflow/.local/lib/python3.12/site-packages/airflow/example_dags/example_kubernetes_executor.py
[2025-12-31T21:16:38.813+0000] {logging_mixin.py:190} INFO - [2025-12-31T21:16:38.812+0000] {dag.py:3239} INFO - Sync 1 DAGs
[2025-12-31T21:16:38.829+0000] {logging_mixin.py:190} INFO - [2025-12-31T21:16:38.829+0000] {dag.py:4180} INFO - Setting next_dagrun for example_kubernetes_executor to None, run_after=None
[2025-12-31T21:16:38.852+0000] {processor.py:208} INFO - Processing /home/airflow/.local/lib/python3.12/site-packages/airflow/example_dags/example_kubernetes_executor.py took 0.097 seconds
[2025-12-31T21:17:09.180+0000] {processor.py:186} INFO - Started process (PID=709) to work on /home/airflow/.local/lib/python3.12/site-packages/airflow/example_dags/example_kubernetes_executor.py
[2025-12-31T21:17:09.181+0000] {processor.py:914} INFO - Processing file /home/airflow/.local/lib/python3.12/site-packages/airflow/example_dags/example_kubernetes_executor.py for tasks to queue
[2025-12-31T21:17:09.185+0000] {logging_mixin.py:190} INFO - [2025-12-31T21:17:09.185+0000] {dagbag.py:588} INFO - Filling up the DagBag from /home/airflow/.local/lib/python3.12/site-packages/airflow/example_dags/example_kubernetes_executor.py
[2025-12-31T21:17:09.206+0000] {processor.py:925} INFO - DAG(s) 'example_kubernetes_executor' retrieved from /home/airflow/.local/lib/python3.12/site-packages/airflow/example_dags/example_kubernetes_executor.py
[2025-12-31T21:17:09.235+0000] {logging_mixin.py:190} INFO - [2025-12-31T21:17:09.235+0000] {dag.py:3239} INFO - Sync 1 DAGs
[2025-12-31T21:17:09.253+0000] {logging_mixin.py:190} INFO - [2025-12-31T21:17:09.252+0000] {dag.py:4180} INFO - Setting next_dagrun for example_kubernetes_executor to None, run_after=None
[2025-12-31T21:17:09.276+0000] {processor.py:208} INFO - Processing /home/airflow/.local/lib/python3.12/site-packages/airflow/example_dags/example_kubernetes_executor.py took 0.104 seconds
[2025-12-31T21:17:39.837+0000] {processor.py:186} INFO - Started process (PID=773) to work on /home/airflow/.local/lib/python3.12/site-packages/airflow/example_dags/example_kubernetes_executor.py
[2025-12-31T21:17:39.838+0000] {processor.py:914} INFO - Processing file /home/airflow/.local/lib/python3.12/site-packages/airflow/example_dags/example_kubernetes_executor.py for tasks to queue
[2025-12-31T21:17:39.841+0000] {logging_mixin.py:190} INFO - [2025-12-31T21:17:39.841+0000] {dagbag.py:588} INFO - Filling up the DagBag from /home/airflow/.local/lib/python3.12/site-packages/airflow/example_dags/example_kubernetes_executor.py
[2025-12-31T21:17:39.859+0000] {processor.py:925} INFO - DAG(s) 'example_kubernetes_executor' retrieved from /home/airflow/.local/lib/python3.12/site-packages/airflow/example_dags/example_kubernetes_executor.py
[2025-12-31T21:17:39.884+0000] {logging_mixin.py:190} INFO - [2025-12-31T21:17:39.884+0000] {dag.py:3239} INFO - Sync 1 DAGs
[2025-12-31T21:17:39.900+0000] {logging_mixin.py:190} INFO - [2025-12-31T21:17:39.899+0000] {dag.py:4180} INFO - Setting next_dagrun for example_kubernetes_executor to None, run_after=None
[2025-12-31T21:17:39.925+0000] {processor.py:208} INFO - Processing /home/airflow/.local/lib/python3.12/site-packages/airflow/example_dags/example_kubernetes_executor.py took 0.094 seconds
[2025-12-31T21:18:10.172+0000] {processor.py:186} INFO - Started process (PID=836) to work on /home/airflow/.local/lib/python3.12/site-packages/airflow/example_dags/example_kubernetes_executor.py
[2025-12-31T21:18:10.173+0000] {processor.py:914} INFO - Processing file /home/airflow/.local/lib/python3.12/site-packages/airflow/example_dags/example_kubernetes_executor.py for tasks to queue
[2025-12-31T21:18:10.176+0000] {logging_mixin.py:190} INFO - [2025-12-31T21:18:10.176+0000] {dagbag.py:588} INFO - Filling up the DagBag from /home/airflow/.local/lib/python3.12/site-packages/airflow/example_dags/example_kubernetes_executor.py
[2025-12-31T21:18:10.193+0000] {processor.py:925} INFO - DAG(s) 'example_kubernetes_executor' retrieved from /home/airflow/.local/lib/python3.12/site-packages/airflow/example_dags/example_kubernetes_executor.py
[2025-12-31T21:18:10.219+0000] {logging_mixin.py:190} INFO - [2025-12-31T21:18:10.219+0000] {dag.py:3239} INFO - Sync 1 DAGs
[2025-12-31T21:18:10.235+0000] {logging_mixin.py:190} INFO - [2025-12-31T21:18:10.235+0000] {dag.py:4180} INFO - Setting next_dagrun for example_kubernetes_executor to None, run_after=None
[2025-12-31T21:18:10.259+0000] {processor.py:208} INFO - Processing /home/airflow/.local/lib/python3.12/site-packages/airflow/example_dags/example_kubernetes_executor.py took 0.093 seconds
[2025-12-31T21:18:40.432+0000] {processor.py:186} INFO - Started process (PID=899) to work on /home/airflow/.local/lib/python3.12/site-packages/airflow/example_dags/example_kubernetes_executor.py
[2025-12-31T21:18:40.434+0000] {processor.py:914} INFO - Processing file /home/airflow/.local/lib/python3.12/site-packages/airflow/example_dags/example_kubernetes_executor.py for tasks to queue
[2025-12-31T21:18:40.438+0000] {logging_mixin.py:190} INFO - [2025-12-31T21:18:40.437+0000] {dagbag.py:588} INFO - Filling up the DagBag from /home/airflow/.local/lib/python3.12/site-packages/airflow/example_dags/example_kubernetes_executor.py
[2025-12-31T21:18:40.460+0000] {processor.py:925} INFO - DAG(s) 'example_kubernetes_executor' retrieved from /home/airflow/.local/lib/python3.12/site-packages/airflow/example_dags/example_kubernetes_executor.py
[2025-12-31T21:18:40.496+0000] {logging_mixin.py:190} INFO - [2025-12-31T21:18:40.496+0000] {dag.py:3239} INFO - Sync 1 DAGs
[2025-12-31T21:18:40.525+0000] {logging_mixin.py:190} INFO - [2025-12-31T21:18:40.524+0000] {dag.py:4180} INFO - Setting next_dagrun for example_kubernetes_executor to None, run_after=None
[2025-12-31T21:18:40.553+0000] {processor.py:208} INFO - Processing /home/airflow/.local/lib/python3.12/site-packages/airflow/example_dags/example_kubernetes_executor.py took 0.131 seconds
[2025-12-31T21:19:10.692+0000] {processor.py:186} INFO - Started process (PID=962) to work on /home/airflow/.local/lib/python3.12/site-packages/airflow/example_dags/example_kubernetes_executor.py
[2025-12-31T21:19:10.693+0000] {processor.py:914} INFO - Processing file /home/airflow/.local/lib/python3.12/site-packages/airflow/example_dags/example_kubernetes_executor.py for tasks to queue
[2025-12-31T21:19:10.696+0000] {logging_mixin.py:190} INFO - [2025-12-31T21:19:10.695+0000] {dagbag.py:588} INFO - Filling up the DagBag from /home/airflow/.local/lib/python3.12/site-packages/airflow/example_dags/example_kubernetes_executor.py
[2025-12-31T21:19:10.714+0000] {processor.py:925} INFO - DAG(s) 'example_kubernetes_executor' retrieved from /home/airflow/.local/lib/python3.12/site-packages/airflow/example_dags/example_kubernetes_executor.py
[2025-12-31T21:19:10.740+0000] {logging_mixin.py:190} INFO - [2025-12-31T21:19:10.740+0000] {dag.py:3239} INFO - Sync 1 DAGs
[2025-12-31T21:19:10.756+0000] {logging_mixin.py:190} INFO - [2025-12-31T21:19:10.756+0000] {dag.py:4180} INFO - Setting next_dagrun for example_kubernetes_executor to None, run_after=None
[2025-12-31T21:19:10.779+0000] {processor.py:208} INFO - Processing /home/airflow/.local/lib/python3.12/site-packages/airflow/example_dags/example_kubernetes_executor.py took 0.094 seconds
[2025-12-31T21:19:41.165+0000] {processor.py:186} INFO - Started process (PID=1025) to work on /home/airflow/.local/lib/python3.12/site-packages/airflow/example_dags/example_kubernetes_executor.py
[2025-12-31T21:19:41.166+0000] {processor.py:914} INFO - Processing file /home/airflow/.local/lib/python3.12/site-packages/airflow/example_dags/example_kubernetes_executor.py for tasks to queue
[2025-12-31T21:19:41.168+0000] {logging_mixin.py:190} INFO - [2025-12-31T21:19:41.168+0000] {dagbag.py:588} INFO - Filling up the DagBag from /home/airflow/.local/lib/python3.12/site-packages/airflow/example_dags/example_kubernetes_executor.py
[2025-12-31T21:19:41.186+0000] {processor.py:925} INFO - DAG(s) 'example_kubernetes_executor' retrieved from /home/airflow/.local/lib/python3.12/site-packages/airflow/example_dags/example_kubernetes_executor.py
[2025-12-31T21:19:41.211+0000] {logging_mixin.py:190} INFO - [2025-12-31T21:19:41.211+0000] {dag.py:3239} INFO - Sync 1 DAGs
[2025-12-31T21:19:41.228+0000] {logging_mixin.py:190} INFO - [2025-12-31T21:19:41.228+0000] {dag.py:4180} INFO - Setting next_dagrun for example_kubernetes_executor to None, run_after=None
[2025-12-31T21:19:41.251+0000] {processor.py:208} INFO - Processing /home/airflow/.local/lib/python3.12/site-packages/airflow/example_dags/example_kubernetes_executor.py took 0.093 seconds
[2025-12-31T21:20:11.430+0000] {processor.py:186} INFO - Started process (PID=1088) to work on /home/airflow/.local/lib/python3.12/site-packages/airflow/example_dags/example_kubernetes_executor.py
[2025-12-31T21:20:11.431+0000] {processor.py:914} INFO - Processing file /home/airflow/.local/lib/python3.12/site-packages/airflow/example_dags/example_kubernetes_executor.py for tasks to queue
[2025-12-31T21:20:11.434+0000] {logging_mixin.py:190} INFO - [2025-12-31T21:20:11.434+0000] {dagbag.py:588} INFO - Filling up the DagBag from /home/airflow/.local/lib/python3.12/site-packages/airflow/example_dags/example_kubernetes_executor.py
[2025-12-31T21:20:11.451+0000] {processor.py:925} INFO - DAG(s) 'example_kubernetes_executor' retrieved from /home/airflow/.local/lib/python3.12/site-packages/airflow/example_dags/example_kubernetes_executor.py
[2025-12-31T21:20:11.477+0000] {logging_mixin.py:190} INFO - [2025-12-31T21:20:11.476+0000] {dag.py:3239} INFO - Sync 1 DAGs
[2025-12-31T21:20:11.493+0000] {logging_mixin.py:190} INFO - [2025-12-31T21:20:11.493+0000] {dag.py:4180} INFO - Setting next_dagrun for example_kubernetes_executor to None, run_after=None
[2025-12-31T21:20:11.516+0000] {processor.py:208} INFO - Processing /home/airflow/.local/lib/python3.12/site-packages/airflow/example_dags/example_kubernetes_executor.py took 0.093 seconds
[2025-12-31T21:20:41.640+0000] {processor.py:186} INFO - Started process (PID=1151) to work on /home/airflow/.local/lib/python3.12/site-packages/airflow/example_dags/example_kubernetes_executor.py
[2025-12-31T21:20:41.641+0000] {processor.py:914} INFO - Processing file /home/airflow/.local/lib/python3.12/site-packages/airflow/example_dags/example_kubernetes_executor.py for tasks to queue
[2025-12-31T21:20:41.646+0000] {logging_mixin.py:190} INFO - [2025-12-31T21:20:41.645+0000] {dagbag.py:588} INFO - Filling up the DagBag from /home/airflow/.local/lib/python3.12/site-packages/airflow/example_dags/example_kubernetes_executor.py
[2025-12-31T21:20:41.675+0000] {processor.py:925} INFO - DAG(s) 'example_kubernetes_executor' retrieved from /home/airflow/.local/lib/python3.12/site-packages/airflow/example_dags/example_kubernetes_executor.py
[2025-12-31T21:20:41.720+0000] {logging_mixin.py:190} INFO - [2025-12-31T21:20:41.720+0000] {dag.py:3239} INFO - Sync 1 DAGs
[2025-12-31T21:20:41.740+0000] {logging_mixin.py:190} INFO - [2025-12-31T21:20:41.740+0000] {dag.py:4180} INFO - Setting next_dagrun for example_kubernetes_executor to None, run_after=None
[2025-12-31T21:20:41.764+0000] {processor.py:208} INFO - Processing /home/airflow/.local/lib/python3.12/site-packages/airflow/example_dags/example_kubernetes_executor.py took 0.130 seconds
[2025-12-31T21:21:12.106+0000] {processor.py:186} INFO - Started process (PID=1214) to work on /home/airflow/.local/lib/python3.12/site-packages/airflow/example_dags/example_kubernetes_executor.py
[2025-12-31T21:21:12.107+0000] {processor.py:914} INFO - Processing file /home/airflow/.local/lib/python3.12/site-packages/airflow/example_dags/example_kubernetes_executor.py for tasks to queue
[2025-12-31T21:21:12.110+0000] {logging_mixin.py:190} INFO - [2025-12-31T21:21:12.110+0000] {dagbag.py:588} INFO - Filling up the DagBag from /home/airflow/.local/lib/python3.12/site-packages/airflow/example_dags/example_kubernetes_executor.py
[2025-12-31T21:21:12.135+0000] {processor.py:925} INFO - DAG(s) 'example_kubernetes_executor' retrieved from /home/airflow/.local/lib/python3.12/site-packages/airflow/example_dags/example_kubernetes_executor.py
[2025-12-31T21:21:12.162+0000] {logging_mixin.py:190} INFO - [2025-12-31T21:21:12.162+0000] {dag.py:3239} INFO - Sync 1 DAGs
[2025-12-31T21:21:12.180+0000] {logging_mixin.py:190} INFO - [2025-12-31T21:21:12.180+0000] {dag.py:4180} INFO - Setting next_dagrun for example_kubernetes_executor to None, run_after=None
[2025-12-31T21:21:12.204+0000] {processor.py:208} INFO - Processing /home/airflow/.local/lib/python3.12/site-packages/airflow/example_dags/example_kubernetes_executor.py took 0.105 seconds
