[2025-12-31T21:12:17.183+0000] {processor.py:186} INFO - Started process (PID=128) to work on /home/airflow/.local/lib/python3.12/site-packages/airflow/example_dags/example_time_delta_sensor_async.py
[2025-12-31T21:12:17.185+0000] {processor.py:914} INFO - Processing file /home/airflow/.local/lib/python3.12/site-packages/airflow/example_dags/example_time_delta_sensor_async.py for tasks to queue
[2025-12-31T21:12:17.191+0000] {logging_mixin.py:190} INFO - [2025-12-31T21:12:17.190+0000] {dagbag.py:588} INFO - Filling up the DagBag from /home/airflow/.local/lib/python3.12/site-packages/airflow/example_dags/example_time_delta_sensor_async.py
[2025-12-31T21:12:17.210+0000] {processor.py:925} INFO - DAG(s) 'example_time_delta_sensor_async' retrieved from /home/airflow/.local/lib/python3.12/site-packages/airflow/example_dags/example_time_delta_sensor_async.py
[2025-12-31T21:12:17.598+0000] {logging_mixin.py:190} INFO - [2025-12-31T21:12:17.596+0000] {override.py:1912} INFO - Created Permission View: can read on DAG:example_time_delta_sensor_async
[2025-12-31T21:12:17.633+0000] {logging_mixin.py:190} INFO - [2025-12-31T21:12:17.632+0000] {override.py:1912} INFO - Created Permission View: can delete on DAG:example_time_delta_sensor_async
[2025-12-31T21:12:17.656+0000] {logging_mixin.py:190} INFO - [2025-12-31T21:12:17.655+0000] {override.py:1912} INFO - Created Permission View: can edit on DAG:example_time_delta_sensor_async
[2025-12-31T21:12:17.688+0000] {logging_mixin.py:190} INFO - [2025-12-31T21:12:17.686+0000] {override.py:1912} INFO - Created Permission View: can read on DAG Run:example_time_delta_sensor_async
[2025-12-31T21:12:17.717+0000] {logging_mixin.py:190} INFO - [2025-12-31T21:12:17.716+0000] {override.py:1912} INFO - Created Permission View: can create on DAG Run:example_time_delta_sensor_async
[2025-12-31T21:12:17.740+0000] {logging_mixin.py:190} INFO - [2025-12-31T21:12:17.739+0000] {override.py:1912} INFO - Created Permission View: can delete on DAG Run:example_time_delta_sensor_async
[2025-12-31T21:12:17.762+0000] {logging_mixin.py:190} INFO - [2025-12-31T21:12:17.761+0000] {override.py:1912} INFO - Created Permission View: menu access on DAG Run:example_time_delta_sensor_async
[2025-12-31T21:12:17.763+0000] {logging_mixin.py:190} INFO - [2025-12-31T21:12:17.763+0000] {dag.py:3239} INFO - Sync 1 DAGs
[2025-12-31T21:12:17.804+0000] {logging_mixin.py:190} INFO - [2025-12-31T21:12:17.803+0000] {dag.py:3262} INFO - Creating ORM DAG for example_time_delta_sensor_async
[2025-12-31T21:12:17.807+0000] {logging_mixin.py:190} INFO - [2025-12-31T21:12:17.806+0000] {dag.py:4180} INFO - Setting next_dagrun for example_time_delta_sensor_async to None, run_after=None
[2025-12-31T21:12:17.855+0000] {processor.py:208} INFO - Processing /home/airflow/.local/lib/python3.12/site-packages/airflow/example_dags/example_time_delta_sensor_async.py took 0.685 seconds
[2025-12-31T21:12:47.977+0000] {processor.py:186} INFO - Started process (PID=193) to work on /home/airflow/.local/lib/python3.12/site-packages/airflow/example_dags/example_time_delta_sensor_async.py
[2025-12-31T21:12:47.978+0000] {processor.py:914} INFO - Processing file /home/airflow/.local/lib/python3.12/site-packages/airflow/example_dags/example_time_delta_sensor_async.py for tasks to queue
[2025-12-31T21:12:47.981+0000] {logging_mixin.py:190} INFO - [2025-12-31T21:12:47.981+0000] {dagbag.py:588} INFO - Filling up the DagBag from /home/airflow/.local/lib/python3.12/site-packages/airflow/example_dags/example_time_delta_sensor_async.py
[2025-12-31T21:12:47.990+0000] {processor.py:925} INFO - DAG(s) 'example_time_delta_sensor_async' retrieved from /home/airflow/.local/lib/python3.12/site-packages/airflow/example_dags/example_time_delta_sensor_async.py
[2025-12-31T21:12:48.010+0000] {logging_mixin.py:190} INFO - [2025-12-31T21:12:48.010+0000] {dag.py:3239} INFO - Sync 1 DAGs
[2025-12-31T21:12:48.029+0000] {logging_mixin.py:190} INFO - [2025-12-31T21:12:48.029+0000] {dag.py:4180} INFO - Setting next_dagrun for example_time_delta_sensor_async to None, run_after=None
[2025-12-31T21:12:48.055+0000] {processor.py:208} INFO - Processing /home/airflow/.local/lib/python3.12/site-packages/airflow/example_dags/example_time_delta_sensor_async.py took 0.086 seconds
[2025-12-31T21:13:18.112+0000] {processor.py:186} INFO - Started process (PID=257) to work on /home/airflow/.local/lib/python3.12/site-packages/airflow/example_dags/example_time_delta_sensor_async.py
[2025-12-31T21:13:18.113+0000] {processor.py:914} INFO - Processing file /home/airflow/.local/lib/python3.12/site-packages/airflow/example_dags/example_time_delta_sensor_async.py for tasks to queue
[2025-12-31T21:13:18.117+0000] {logging_mixin.py:190} INFO - [2025-12-31T21:13:18.116+0000] {dagbag.py:588} INFO - Filling up the DagBag from /home/airflow/.local/lib/python3.12/site-packages/airflow/example_dags/example_time_delta_sensor_async.py
[2025-12-31T21:13:18.125+0000] {processor.py:925} INFO - DAG(s) 'example_time_delta_sensor_async' retrieved from /home/airflow/.local/lib/python3.12/site-packages/airflow/example_dags/example_time_delta_sensor_async.py
[2025-12-31T21:13:18.147+0000] {logging_mixin.py:190} INFO - [2025-12-31T21:13:18.146+0000] {dag.py:3239} INFO - Sync 1 DAGs
[2025-12-31T21:13:18.163+0000] {logging_mixin.py:190} INFO - [2025-12-31T21:13:18.163+0000] {dag.py:4180} INFO - Setting next_dagrun for example_time_delta_sensor_async to None, run_after=None
[2025-12-31T21:13:18.189+0000] {processor.py:208} INFO - Processing /home/airflow/.local/lib/python3.12/site-packages/airflow/example_dags/example_time_delta_sensor_async.py took 0.086 seconds
[2025-12-31T21:13:49.042+0000] {processor.py:186} INFO - Started process (PID=320) to work on /home/airflow/.local/lib/python3.12/site-packages/airflow/example_dags/example_time_delta_sensor_async.py
[2025-12-31T21:13:49.043+0000] {processor.py:914} INFO - Processing file /home/airflow/.local/lib/python3.12/site-packages/airflow/example_dags/example_time_delta_sensor_async.py for tasks to queue
[2025-12-31T21:13:49.047+0000] {logging_mixin.py:190} INFO - [2025-12-31T21:13:49.046+0000] {dagbag.py:588} INFO - Filling up the DagBag from /home/airflow/.local/lib/python3.12/site-packages/airflow/example_dags/example_time_delta_sensor_async.py
[2025-12-31T21:13:49.057+0000] {processor.py:925} INFO - DAG(s) 'example_time_delta_sensor_async' retrieved from /home/airflow/.local/lib/python3.12/site-packages/airflow/example_dags/example_time_delta_sensor_async.py
[2025-12-31T21:13:49.089+0000] {logging_mixin.py:190} INFO - [2025-12-31T21:13:49.089+0000] {dag.py:3239} INFO - Sync 1 DAGs
[2025-12-31T21:13:49.110+0000] {logging_mixin.py:190} INFO - [2025-12-31T21:13:49.110+0000] {dag.py:4180} INFO - Setting next_dagrun for example_time_delta_sensor_async to None, run_after=None
[2025-12-31T21:13:49.136+0000] {processor.py:208} INFO - Processing /home/airflow/.local/lib/python3.12/site-packages/airflow/example_dags/example_time_delta_sensor_async.py took 0.103 seconds
[2025-12-31T21:14:19.915+0000] {processor.py:186} INFO - Started process (PID=382) to work on /home/airflow/.local/lib/python3.12/site-packages/airflow/example_dags/example_time_delta_sensor_async.py
[2025-12-31T21:14:19.918+0000] {processor.py:914} INFO - Processing file /home/airflow/.local/lib/python3.12/site-packages/airflow/example_dags/example_time_delta_sensor_async.py for tasks to queue
[2025-12-31T21:14:19.924+0000] {logging_mixin.py:190} INFO - [2025-12-31T21:14:19.923+0000] {dagbag.py:588} INFO - Filling up the DagBag from /home/airflow/.local/lib/python3.12/site-packages/airflow/example_dags/example_time_delta_sensor_async.py
[2025-12-31T21:14:19.937+0000] {processor.py:925} INFO - DAG(s) 'example_time_delta_sensor_async' retrieved from /home/airflow/.local/lib/python3.12/site-packages/airflow/example_dags/example_time_delta_sensor_async.py
[2025-12-31T21:14:19.968+0000] {logging_mixin.py:190} INFO - [2025-12-31T21:14:19.967+0000] {dag.py:3239} INFO - Sync 1 DAGs
[2025-12-31T21:14:19.989+0000] {logging_mixin.py:190} INFO - [2025-12-31T21:14:19.988+0000] {dag.py:4180} INFO - Setting next_dagrun for example_time_delta_sensor_async to None, run_after=None
[2025-12-31T21:14:20.019+0000] {processor.py:208} INFO - Processing /home/airflow/.local/lib/python3.12/site-packages/airflow/example_dags/example_time_delta_sensor_async.py took 0.112 seconds
[2025-12-31T21:14:51.034+0000] {processor.py:186} INFO - Started process (PID=445) to work on /home/airflow/.local/lib/python3.12/site-packages/airflow/example_dags/example_time_delta_sensor_async.py
[2025-12-31T21:14:51.035+0000] {processor.py:914} INFO - Processing file /home/airflow/.local/lib/python3.12/site-packages/airflow/example_dags/example_time_delta_sensor_async.py for tasks to queue
[2025-12-31T21:14:51.041+0000] {logging_mixin.py:190} INFO - [2025-12-31T21:14:51.040+0000] {dagbag.py:588} INFO - Filling up the DagBag from /home/airflow/.local/lib/python3.12/site-packages/airflow/example_dags/example_time_delta_sensor_async.py
[2025-12-31T21:14:51.051+0000] {processor.py:925} INFO - DAG(s) 'example_time_delta_sensor_async' retrieved from /home/airflow/.local/lib/python3.12/site-packages/airflow/example_dags/example_time_delta_sensor_async.py
[2025-12-31T21:14:51.072+0000] {logging_mixin.py:190} INFO - [2025-12-31T21:14:51.072+0000] {dag.py:3239} INFO - Sync 1 DAGs
[2025-12-31T21:14:51.090+0000] {logging_mixin.py:190} INFO - [2025-12-31T21:14:51.089+0000] {dag.py:4180} INFO - Setting next_dagrun for example_time_delta_sensor_async to None, run_after=None
[2025-12-31T21:14:51.116+0000] {processor.py:208} INFO - Processing /home/airflow/.local/lib/python3.12/site-packages/airflow/example_dags/example_time_delta_sensor_async.py took 0.093 seconds
[2025-12-31T21:15:22.152+0000] {processor.py:186} INFO - Started process (PID=508) to work on /home/airflow/.local/lib/python3.12/site-packages/airflow/example_dags/example_time_delta_sensor_async.py
[2025-12-31T21:15:22.154+0000] {processor.py:914} INFO - Processing file /home/airflow/.local/lib/python3.12/site-packages/airflow/example_dags/example_time_delta_sensor_async.py for tasks to queue
[2025-12-31T21:15:22.157+0000] {logging_mixin.py:190} INFO - [2025-12-31T21:15:22.157+0000] {dagbag.py:588} INFO - Filling up the DagBag from /home/airflow/.local/lib/python3.12/site-packages/airflow/example_dags/example_time_delta_sensor_async.py
[2025-12-31T21:15:22.167+0000] {processor.py:925} INFO - DAG(s) 'example_time_delta_sensor_async' retrieved from /home/airflow/.local/lib/python3.12/site-packages/airflow/example_dags/example_time_delta_sensor_async.py
[2025-12-31T21:15:22.191+0000] {logging_mixin.py:190} INFO - [2025-12-31T21:15:22.191+0000] {dag.py:3239} INFO - Sync 1 DAGs
[2025-12-31T21:15:22.208+0000] {logging_mixin.py:190} INFO - [2025-12-31T21:15:22.208+0000] {dag.py:4180} INFO - Setting next_dagrun for example_time_delta_sensor_async to None, run_after=None
[2025-12-31T21:15:22.233+0000] {processor.py:208} INFO - Processing /home/airflow/.local/lib/python3.12/site-packages/airflow/example_dags/example_time_delta_sensor_async.py took 0.089 seconds
[2025-12-31T21:15:54.380+0000] {processor.py:186} INFO - Started process (PID=573) to work on /home/airflow/.local/lib/python3.12/site-packages/airflow/example_dags/example_time_delta_sensor_async.py
[2025-12-31T21:15:54.382+0000] {processor.py:914} INFO - Processing file /home/airflow/.local/lib/python3.12/site-packages/airflow/example_dags/example_time_delta_sensor_async.py for tasks to queue
[2025-12-31T21:15:54.387+0000] {logging_mixin.py:190} INFO - [2025-12-31T21:15:54.387+0000] {dagbag.py:588} INFO - Filling up the DagBag from /home/airflow/.local/lib/python3.12/site-packages/airflow/example_dags/example_time_delta_sensor_async.py
[2025-12-31T21:15:54.400+0000] {processor.py:925} INFO - DAG(s) 'example_time_delta_sensor_async' retrieved from /home/airflow/.local/lib/python3.12/site-packages/airflow/example_dags/example_time_delta_sensor_async.py
[2025-12-31T21:15:54.434+0000] {logging_mixin.py:190} INFO - [2025-12-31T21:15:54.434+0000] {dag.py:3239} INFO - Sync 1 DAGs
[2025-12-31T21:15:54.462+0000] {logging_mixin.py:190} INFO - [2025-12-31T21:15:54.462+0000] {dag.py:4180} INFO - Setting next_dagrun for example_time_delta_sensor_async to None, run_after=None
[2025-12-31T21:15:54.508+0000] {processor.py:208} INFO - Processing /home/airflow/.local/lib/python3.12/site-packages/airflow/example_dags/example_time_delta_sensor_async.py took 0.138 seconds
[2025-12-31T21:16:24.884+0000] {processor.py:186} INFO - Started process (PID=635) to work on /home/airflow/.local/lib/python3.12/site-packages/airflow/example_dags/example_time_delta_sensor_async.py
[2025-12-31T21:16:24.885+0000] {processor.py:914} INFO - Processing file /home/airflow/.local/lib/python3.12/site-packages/airflow/example_dags/example_time_delta_sensor_async.py for tasks to queue
[2025-12-31T21:16:24.888+0000] {logging_mixin.py:190} INFO - [2025-12-31T21:16:24.888+0000] {dagbag.py:588} INFO - Filling up the DagBag from /home/airflow/.local/lib/python3.12/site-packages/airflow/example_dags/example_time_delta_sensor_async.py
[2025-12-31T21:16:24.897+0000] {processor.py:925} INFO - DAG(s) 'example_time_delta_sensor_async' retrieved from /home/airflow/.local/lib/python3.12/site-packages/airflow/example_dags/example_time_delta_sensor_async.py
[2025-12-31T21:16:24.918+0000] {logging_mixin.py:190} INFO - [2025-12-31T21:16:24.918+0000] {dag.py:3239} INFO - Sync 1 DAGs
[2025-12-31T21:16:24.934+0000] {logging_mixin.py:190} INFO - [2025-12-31T21:16:24.934+0000] {dag.py:4180} INFO - Setting next_dagrun for example_time_delta_sensor_async to None, run_after=None
[2025-12-31T21:16:24.961+0000] {processor.py:208} INFO - Processing /home/airflow/.local/lib/python3.12/site-packages/airflow/example_dags/example_time_delta_sensor_async.py took 0.083 seconds
[2025-12-31T21:16:55.827+0000] {processor.py:186} INFO - Started process (PID=697) to work on /home/airflow/.local/lib/python3.12/site-packages/airflow/example_dags/example_time_delta_sensor_async.py
[2025-12-31T21:16:55.828+0000] {processor.py:914} INFO - Processing file /home/airflow/.local/lib/python3.12/site-packages/airflow/example_dags/example_time_delta_sensor_async.py for tasks to queue
[2025-12-31T21:16:55.831+0000] {logging_mixin.py:190} INFO - [2025-12-31T21:16:55.831+0000] {dagbag.py:588} INFO - Filling up the DagBag from /home/airflow/.local/lib/python3.12/site-packages/airflow/example_dags/example_time_delta_sensor_async.py
[2025-12-31T21:16:55.841+0000] {processor.py:925} INFO - DAG(s) 'example_time_delta_sensor_async' retrieved from /home/airflow/.local/lib/python3.12/site-packages/airflow/example_dags/example_time_delta_sensor_async.py
[2025-12-31T21:16:55.864+0000] {logging_mixin.py:190} INFO - [2025-12-31T21:16:55.863+0000] {dag.py:3239} INFO - Sync 1 DAGs
[2025-12-31T21:16:55.879+0000] {logging_mixin.py:190} INFO - [2025-12-31T21:16:55.879+0000] {dag.py:4180} INFO - Setting next_dagrun for example_time_delta_sensor_async to None, run_after=None
[2025-12-31T21:16:55.902+0000] {processor.py:208} INFO - Processing /home/airflow/.local/lib/python3.12/site-packages/airflow/example_dags/example_time_delta_sensor_async.py took 0.082 seconds
[2025-12-31T21:17:27.579+0000] {processor.py:186} INFO - Started process (PID=761) to work on /home/airflow/.local/lib/python3.12/site-packages/airflow/example_dags/example_time_delta_sensor_async.py
[2025-12-31T21:17:27.580+0000] {processor.py:914} INFO - Processing file /home/airflow/.local/lib/python3.12/site-packages/airflow/example_dags/example_time_delta_sensor_async.py for tasks to queue
[2025-12-31T21:17:27.583+0000] {logging_mixin.py:190} INFO - [2025-12-31T21:17:27.583+0000] {dagbag.py:588} INFO - Filling up the DagBag from /home/airflow/.local/lib/python3.12/site-packages/airflow/example_dags/example_time_delta_sensor_async.py
[2025-12-31T21:17:27.592+0000] {processor.py:925} INFO - DAG(s) 'example_time_delta_sensor_async' retrieved from /home/airflow/.local/lib/python3.12/site-packages/airflow/example_dags/example_time_delta_sensor_async.py
[2025-12-31T21:17:27.616+0000] {logging_mixin.py:190} INFO - [2025-12-31T21:17:27.616+0000] {dag.py:3239} INFO - Sync 1 DAGs
[2025-12-31T21:17:27.632+0000] {logging_mixin.py:190} INFO - [2025-12-31T21:17:27.632+0000] {dag.py:4180} INFO - Setting next_dagrun for example_time_delta_sensor_async to None, run_after=None
[2025-12-31T21:17:27.658+0000] {processor.py:208} INFO - Processing /home/airflow/.local/lib/python3.12/site-packages/airflow/example_dags/example_time_delta_sensor_async.py took 0.086 seconds
[2025-12-31T21:17:58.486+0000] {processor.py:186} INFO - Started process (PID=824) to work on /home/airflow/.local/lib/python3.12/site-packages/airflow/example_dags/example_time_delta_sensor_async.py
[2025-12-31T21:17:58.487+0000] {processor.py:914} INFO - Processing file /home/airflow/.local/lib/python3.12/site-packages/airflow/example_dags/example_time_delta_sensor_async.py for tasks to queue
[2025-12-31T21:17:58.491+0000] {logging_mixin.py:190} INFO - [2025-12-31T21:17:58.491+0000] {dagbag.py:588} INFO - Filling up the DagBag from /home/airflow/.local/lib/python3.12/site-packages/airflow/example_dags/example_time_delta_sensor_async.py
[2025-12-31T21:17:58.502+0000] {processor.py:925} INFO - DAG(s) 'example_time_delta_sensor_async' retrieved from /home/airflow/.local/lib/python3.12/site-packages/airflow/example_dags/example_time_delta_sensor_async.py
[2025-12-31T21:17:58.528+0000] {logging_mixin.py:190} INFO - [2025-12-31T21:17:58.528+0000] {dag.py:3239} INFO - Sync 1 DAGs
[2025-12-31T21:17:58.547+0000] {logging_mixin.py:190} INFO - [2025-12-31T21:17:58.547+0000] {dag.py:4180} INFO - Setting next_dagrun for example_time_delta_sensor_async to None, run_after=None
[2025-12-31T21:17:58.575+0000] {processor.py:208} INFO - Processing /home/airflow/.local/lib/python3.12/site-packages/airflow/example_dags/example_time_delta_sensor_async.py took 0.098 seconds
[2025-12-31T21:18:29.312+0000] {processor.py:186} INFO - Started process (PID=887) to work on /home/airflow/.local/lib/python3.12/site-packages/airflow/example_dags/example_time_delta_sensor_async.py
[2025-12-31T21:18:29.313+0000] {processor.py:914} INFO - Processing file /home/airflow/.local/lib/python3.12/site-packages/airflow/example_dags/example_time_delta_sensor_async.py for tasks to queue
[2025-12-31T21:18:29.316+0000] {logging_mixin.py:190} INFO - [2025-12-31T21:18:29.316+0000] {dagbag.py:588} INFO - Filling up the DagBag from /home/airflow/.local/lib/python3.12/site-packages/airflow/example_dags/example_time_delta_sensor_async.py
[2025-12-31T21:18:29.327+0000] {processor.py:925} INFO - DAG(s) 'example_time_delta_sensor_async' retrieved from /home/airflow/.local/lib/python3.12/site-packages/airflow/example_dags/example_time_delta_sensor_async.py
[2025-12-31T21:18:29.354+0000] {logging_mixin.py:190} INFO - [2025-12-31T21:18:29.354+0000] {dag.py:3239} INFO - Sync 1 DAGs
[2025-12-31T21:18:29.372+0000] {logging_mixin.py:190} INFO - [2025-12-31T21:18:29.372+0000] {dag.py:4180} INFO - Setting next_dagrun for example_time_delta_sensor_async to None, run_after=None
[2025-12-31T21:18:29.400+0000] {processor.py:208} INFO - Processing /home/airflow/.local/lib/python3.12/site-packages/airflow/example_dags/example_time_delta_sensor_async.py took 0.097 seconds
[2025-12-31T21:18:59.479+0000] {processor.py:186} INFO - Started process (PID=949) to work on /home/airflow/.local/lib/python3.12/site-packages/airflow/example_dags/example_time_delta_sensor_async.py
[2025-12-31T21:18:59.481+0000] {processor.py:914} INFO - Processing file /home/airflow/.local/lib/python3.12/site-packages/airflow/example_dags/example_time_delta_sensor_async.py for tasks to queue
[2025-12-31T21:18:59.485+0000] {logging_mixin.py:190} INFO - [2025-12-31T21:18:59.484+0000] {dagbag.py:588} INFO - Filling up the DagBag from /home/airflow/.local/lib/python3.12/site-packages/airflow/example_dags/example_time_delta_sensor_async.py
[2025-12-31T21:18:59.494+0000] {processor.py:925} INFO - DAG(s) 'example_time_delta_sensor_async' retrieved from /home/airflow/.local/lib/python3.12/site-packages/airflow/example_dags/example_time_delta_sensor_async.py
[2025-12-31T21:18:59.521+0000] {logging_mixin.py:190} INFO - [2025-12-31T21:18:59.520+0000] {dag.py:3239} INFO - Sync 1 DAGs
[2025-12-31T21:18:59.538+0000] {logging_mixin.py:190} INFO - [2025-12-31T21:18:59.538+0000] {dag.py:4180} INFO - Setting next_dagrun for example_time_delta_sensor_async to None, run_after=None
[2025-12-31T21:18:59.565+0000] {processor.py:208} INFO - Processing /home/airflow/.local/lib/python3.12/site-packages/airflow/example_dags/example_time_delta_sensor_async.py took 0.093 seconds
[2025-12-31T21:19:29.898+0000] {processor.py:186} INFO - Started process (PID=1011) to work on /home/airflow/.local/lib/python3.12/site-packages/airflow/example_dags/example_time_delta_sensor_async.py
[2025-12-31T21:19:29.900+0000] {processor.py:914} INFO - Processing file /home/airflow/.local/lib/python3.12/site-packages/airflow/example_dags/example_time_delta_sensor_async.py for tasks to queue
[2025-12-31T21:19:29.903+0000] {logging_mixin.py:190} INFO - [2025-12-31T21:19:29.903+0000] {dagbag.py:588} INFO - Filling up the DagBag from /home/airflow/.local/lib/python3.12/site-packages/airflow/example_dags/example_time_delta_sensor_async.py
[2025-12-31T21:19:29.915+0000] {processor.py:925} INFO - DAG(s) 'example_time_delta_sensor_async' retrieved from /home/airflow/.local/lib/python3.12/site-packages/airflow/example_dags/example_time_delta_sensor_async.py
[2025-12-31T21:19:29.951+0000] {logging_mixin.py:190} INFO - [2025-12-31T21:19:29.950+0000] {dag.py:3239} INFO - Sync 1 DAGs
[2025-12-31T21:19:29.981+0000] {logging_mixin.py:190} INFO - [2025-12-31T21:19:29.980+0000] {dag.py:4180} INFO - Setting next_dagrun for example_time_delta_sensor_async to None, run_after=None
[2025-12-31T21:19:30.019+0000] {processor.py:208} INFO - Processing /home/airflow/.local/lib/python3.12/site-packages/airflow/example_dags/example_time_delta_sensor_async.py took 0.132 seconds
[2025-12-31T21:20:00.099+0000] {processor.py:186} INFO - Started process (PID=1074) to work on /home/airflow/.local/lib/python3.12/site-packages/airflow/example_dags/example_time_delta_sensor_async.py
[2025-12-31T21:20:00.100+0000] {processor.py:914} INFO - Processing file /home/airflow/.local/lib/python3.12/site-packages/airflow/example_dags/example_time_delta_sensor_async.py for tasks to queue
[2025-12-31T21:20:00.103+0000] {logging_mixin.py:190} INFO - [2025-12-31T21:20:00.103+0000] {dagbag.py:588} INFO - Filling up the DagBag from /home/airflow/.local/lib/python3.12/site-packages/airflow/example_dags/example_time_delta_sensor_async.py
[2025-12-31T21:20:00.112+0000] {processor.py:925} INFO - DAG(s) 'example_time_delta_sensor_async' retrieved from /home/airflow/.local/lib/python3.12/site-packages/airflow/example_dags/example_time_delta_sensor_async.py
[2025-12-31T21:20:00.134+0000] {logging_mixin.py:190} INFO - [2025-12-31T21:20:00.134+0000] {dag.py:3239} INFO - Sync 1 DAGs
[2025-12-31T21:20:00.153+0000] {logging_mixin.py:190} INFO - [2025-12-31T21:20:00.153+0000] {dag.py:4180} INFO - Setting next_dagrun for example_time_delta_sensor_async to None, run_after=None
[2025-12-31T21:20:00.179+0000] {processor.py:208} INFO - Processing /home/airflow/.local/lib/python3.12/site-packages/airflow/example_dags/example_time_delta_sensor_async.py took 0.087 seconds
[2025-12-31T21:20:31.065+0000] {processor.py:186} INFO - Started process (PID=1137) to work on /home/airflow/.local/lib/python3.12/site-packages/airflow/example_dags/example_time_delta_sensor_async.py
[2025-12-31T21:20:31.066+0000] {processor.py:914} INFO - Processing file /home/airflow/.local/lib/python3.12/site-packages/airflow/example_dags/example_time_delta_sensor_async.py for tasks to queue
[2025-12-31T21:20:31.071+0000] {logging_mixin.py:190} INFO - [2025-12-31T21:20:31.070+0000] {dagbag.py:588} INFO - Filling up the DagBag from /home/airflow/.local/lib/python3.12/site-packages/airflow/example_dags/example_time_delta_sensor_async.py
[2025-12-31T21:20:31.080+0000] {processor.py:925} INFO - DAG(s) 'example_time_delta_sensor_async' retrieved from /home/airflow/.local/lib/python3.12/site-packages/airflow/example_dags/example_time_delta_sensor_async.py
[2025-12-31T21:20:31.102+0000] {logging_mixin.py:190} INFO - [2025-12-31T21:20:31.102+0000] {dag.py:3239} INFO - Sync 1 DAGs
[2025-12-31T21:20:31.121+0000] {logging_mixin.py:190} INFO - [2025-12-31T21:20:31.120+0000] {dag.py:4180} INFO - Setting next_dagrun for example_time_delta_sensor_async to None, run_after=None
[2025-12-31T21:20:31.148+0000] {processor.py:208} INFO - Processing /home/airflow/.local/lib/python3.12/site-packages/airflow/example_dags/example_time_delta_sensor_async.py took 0.092 seconds
[2025-12-31T21:21:01.709+0000] {processor.py:186} INFO - Started process (PID=1199) to work on /home/airflow/.local/lib/python3.12/site-packages/airflow/example_dags/example_time_delta_sensor_async.py
[2025-12-31T21:21:01.711+0000] {processor.py:914} INFO - Processing file /home/airflow/.local/lib/python3.12/site-packages/airflow/example_dags/example_time_delta_sensor_async.py for tasks to queue
[2025-12-31T21:21:01.715+0000] {logging_mixin.py:190} INFO - [2025-12-31T21:21:01.714+0000] {dagbag.py:588} INFO - Filling up the DagBag from /home/airflow/.local/lib/python3.12/site-packages/airflow/example_dags/example_time_delta_sensor_async.py
[2025-12-31T21:21:01.723+0000] {processor.py:925} INFO - DAG(s) 'example_time_delta_sensor_async' retrieved from /home/airflow/.local/lib/python3.12/site-packages/airflow/example_dags/example_time_delta_sensor_async.py
[2025-12-31T21:21:01.747+0000] {logging_mixin.py:190} INFO - [2025-12-31T21:21:01.747+0000] {dag.py:3239} INFO - Sync 1 DAGs
[2025-12-31T21:21:01.765+0000] {logging_mixin.py:190} INFO - [2025-12-31T21:21:01.764+0000] {dag.py:4180} INFO - Setting next_dagrun for example_time_delta_sensor_async to None, run_after=None
[2025-12-31T21:21:01.790+0000] {processor.py:208} INFO - Processing /home/airflow/.local/lib/python3.12/site-packages/airflow/example_dags/example_time_delta_sensor_async.py took 0.087 seconds
[2025-12-31T21:21:32.070+0000] {processor.py:186} INFO - Started process (PID=1264) to work on /home/airflow/.local/lib/python3.12/site-packages/airflow/example_dags/example_time_delta_sensor_async.py
[2025-12-31T21:21:32.082+0000] {processor.py:914} INFO - Processing file /home/airflow/.local/lib/python3.12/site-packages/airflow/example_dags/example_time_delta_sensor_async.py for tasks to queue
[2025-12-31T21:21:32.095+0000] {logging_mixin.py:190} INFO - [2025-12-31T21:21:32.094+0000] {dagbag.py:588} INFO - Filling up the DagBag from /home/airflow/.local/lib/python3.12/site-packages/airflow/example_dags/example_time_delta_sensor_async.py
[2025-12-31T21:21:32.131+0000] {processor.py:925} INFO - DAG(s) 'example_time_delta_sensor_async' retrieved from /home/airflow/.local/lib/python3.12/site-packages/airflow/example_dags/example_time_delta_sensor_async.py
[2025-12-31T21:21:32.209+0000] {logging_mixin.py:190} INFO - [2025-12-31T21:21:32.208+0000] {dag.py:3239} INFO - Sync 1 DAGs
[2025-12-31T21:21:32.262+0000] {logging_mixin.py:190} INFO - [2025-12-31T21:21:32.261+0000] {dag.py:4180} INFO - Setting next_dagrun for example_time_delta_sensor_async to None, run_after=None
[2025-12-31T21:21:32.320+0000] {processor.py:208} INFO - Processing /home/airflow/.local/lib/python3.12/site-packages/airflow/example_dags/example_time_delta_sensor_async.py took 0.278 seconds
