[2025-12-31T21:12:03.862+0000] {processor.py:186} INFO - Started process (PID=80) to work on /home/airflow/.local/lib/python3.12/site-packages/airflow/example_dags/example_python_decorator.py
[2025-12-31T21:12:03.865+0000] {processor.py:914} INFO - Processing file /home/airflow/.local/lib/python3.12/site-packages/airflow/example_dags/example_python_decorator.py for tasks to queue
[2025-12-31T21:12:03.871+0000] {logging_mixin.py:190} INFO - [2025-12-31T21:12:03.870+0000] {dagbag.py:588} INFO - Filling up the DagBag from /home/airflow/.local/lib/python3.12/site-packages/airflow/example_dags/example_python_decorator.py
[2025-12-31T21:12:03.909+0000] {processor.py:925} INFO - DAG(s) 'example_python_decorator' retrieved from /home/airflow/.local/lib/python3.12/site-packages/airflow/example_dags/example_python_decorator.py
[2025-12-31T21:12:04.179+0000] {logging_mixin.py:190} INFO - [2025-12-31T21:12:04.178+0000] {override.py:1912} INFO - Created Permission View: can read on DAG:example_python_decorator
[2025-12-31T21:12:04.194+0000] {logging_mixin.py:190} INFO - [2025-12-31T21:12:04.193+0000] {override.py:1912} INFO - Created Permission View: can delete on DAG:example_python_decorator
[2025-12-31T21:12:04.204+0000] {logging_mixin.py:190} INFO - [2025-12-31T21:12:04.203+0000] {override.py:1912} INFO - Created Permission View: can edit on DAG:example_python_decorator
[2025-12-31T21:12:04.215+0000] {logging_mixin.py:190} INFO - [2025-12-31T21:12:04.214+0000] {override.py:1912} INFO - Created Permission View: can read on DAG Run:example_python_decorator
[2025-12-31T21:12:04.224+0000] {logging_mixin.py:190} INFO - [2025-12-31T21:12:04.224+0000] {override.py:1912} INFO - Created Permission View: can create on DAG Run:example_python_decorator
[2025-12-31T21:12:04.234+0000] {logging_mixin.py:190} INFO - [2025-12-31T21:12:04.233+0000] {override.py:1912} INFO - Created Permission View: can delete on DAG Run:example_python_decorator
[2025-12-31T21:12:04.243+0000] {logging_mixin.py:190} INFO - [2025-12-31T21:12:04.243+0000] {override.py:1912} INFO - Created Permission View: menu access on DAG Run:example_python_decorator
[2025-12-31T21:12:04.244+0000] {logging_mixin.py:190} INFO - [2025-12-31T21:12:04.244+0000] {dag.py:3239} INFO - Sync 1 DAGs
[2025-12-31T21:12:04.264+0000] {logging_mixin.py:190} INFO - [2025-12-31T21:12:04.264+0000] {dag.py:3262} INFO - Creating ORM DAG for example_python_decorator
[2025-12-31T21:12:04.266+0000] {logging_mixin.py:190} INFO - [2025-12-31T21:12:04.266+0000] {dag.py:4180} INFO - Setting next_dagrun for example_python_decorator to None, run_after=None
[2025-12-31T21:12:04.292+0000] {processor.py:208} INFO - Processing /home/airflow/.local/lib/python3.12/site-packages/airflow/example_dags/example_python_decorator.py took 0.451 seconds
[2025-12-31T21:12:34.822+0000] {processor.py:186} INFO - Started process (PID=143) to work on /home/airflow/.local/lib/python3.12/site-packages/airflow/example_dags/example_python_decorator.py
[2025-12-31T21:12:34.824+0000] {processor.py:914} INFO - Processing file /home/airflow/.local/lib/python3.12/site-packages/airflow/example_dags/example_python_decorator.py for tasks to queue
[2025-12-31T21:12:34.826+0000] {logging_mixin.py:190} INFO - [2025-12-31T21:12:34.826+0000] {dagbag.py:588} INFO - Filling up the DagBag from /home/airflow/.local/lib/python3.12/site-packages/airflow/example_dags/example_python_decorator.py
[2025-12-31T21:12:34.848+0000] {processor.py:925} INFO - DAG(s) 'example_python_decorator' retrieved from /home/airflow/.local/lib/python3.12/site-packages/airflow/example_dags/example_python_decorator.py
[2025-12-31T21:12:34.879+0000] {logging_mixin.py:190} INFO - [2025-12-31T21:12:34.879+0000] {dag.py:3239} INFO - Sync 1 DAGs
[2025-12-31T21:12:34.905+0000] {logging_mixin.py:190} INFO - [2025-12-31T21:12:34.905+0000] {dag.py:4180} INFO - Setting next_dagrun for example_python_decorator to None, run_after=None
[2025-12-31T21:12:34.933+0000] {processor.py:208} INFO - Processing /home/airflow/.local/lib/python3.12/site-packages/airflow/example_dags/example_python_decorator.py took 0.120 seconds
[2025-12-31T21:13:05.144+0000] {processor.py:186} INFO - Started process (PID=206) to work on /home/airflow/.local/lib/python3.12/site-packages/airflow/example_dags/example_python_decorator.py
[2025-12-31T21:13:05.145+0000] {processor.py:914} INFO - Processing file /home/airflow/.local/lib/python3.12/site-packages/airflow/example_dags/example_python_decorator.py for tasks to queue
[2025-12-31T21:13:05.148+0000] {logging_mixin.py:190} INFO - [2025-12-31T21:13:05.148+0000] {dagbag.py:588} INFO - Filling up the DagBag from /home/airflow/.local/lib/python3.12/site-packages/airflow/example_dags/example_python_decorator.py
[2025-12-31T21:13:05.166+0000] {processor.py:925} INFO - DAG(s) 'example_python_decorator' retrieved from /home/airflow/.local/lib/python3.12/site-packages/airflow/example_dags/example_python_decorator.py
[2025-12-31T21:13:05.191+0000] {logging_mixin.py:190} INFO - [2025-12-31T21:13:05.191+0000] {dag.py:3239} INFO - Sync 1 DAGs
[2025-12-31T21:13:05.209+0000] {logging_mixin.py:190} INFO - [2025-12-31T21:13:05.208+0000] {dag.py:4180} INFO - Setting next_dagrun for example_python_decorator to None, run_after=None
[2025-12-31T21:13:05.234+0000] {processor.py:208} INFO - Processing /home/airflow/.local/lib/python3.12/site-packages/airflow/example_dags/example_python_decorator.py took 0.097 seconds
[2025-12-31T21:13:35.601+0000] {processor.py:186} INFO - Started process (PID=270) to work on /home/airflow/.local/lib/python3.12/site-packages/airflow/example_dags/example_python_decorator.py
[2025-12-31T21:13:35.603+0000] {processor.py:914} INFO - Processing file /home/airflow/.local/lib/python3.12/site-packages/airflow/example_dags/example_python_decorator.py for tasks to queue
[2025-12-31T21:13:35.606+0000] {logging_mixin.py:190} INFO - [2025-12-31T21:13:35.606+0000] {dagbag.py:588} INFO - Filling up the DagBag from /home/airflow/.local/lib/python3.12/site-packages/airflow/example_dags/example_python_decorator.py
[2025-12-31T21:13:35.626+0000] {processor.py:925} INFO - DAG(s) 'example_python_decorator' retrieved from /home/airflow/.local/lib/python3.12/site-packages/airflow/example_dags/example_python_decorator.py
[2025-12-31T21:13:35.655+0000] {logging_mixin.py:190} INFO - [2025-12-31T21:13:35.655+0000] {dag.py:3239} INFO - Sync 1 DAGs
[2025-12-31T21:13:35.674+0000] {logging_mixin.py:190} INFO - [2025-12-31T21:13:35.674+0000] {dag.py:4180} INFO - Setting next_dagrun for example_python_decorator to None, run_after=None
[2025-12-31T21:13:35.698+0000] {processor.py:208} INFO - Processing /home/airflow/.local/lib/python3.12/site-packages/airflow/example_dags/example_python_decorator.py took 0.106 seconds
[2025-12-31T21:14:05.985+0000] {processor.py:186} INFO - Started process (PID=333) to work on /home/airflow/.local/lib/python3.12/site-packages/airflow/example_dags/example_python_decorator.py
[2025-12-31T21:14:05.986+0000] {processor.py:914} INFO - Processing file /home/airflow/.local/lib/python3.12/site-packages/airflow/example_dags/example_python_decorator.py for tasks to queue
[2025-12-31T21:14:05.990+0000] {logging_mixin.py:190} INFO - [2025-12-31T21:14:05.989+0000] {dagbag.py:588} INFO - Filling up the DagBag from /home/airflow/.local/lib/python3.12/site-packages/airflow/example_dags/example_python_decorator.py
[2025-12-31T21:14:06.011+0000] {processor.py:925} INFO - DAG(s) 'example_python_decorator' retrieved from /home/airflow/.local/lib/python3.12/site-packages/airflow/example_dags/example_python_decorator.py
[2025-12-31T21:14:06.038+0000] {logging_mixin.py:190} INFO - [2025-12-31T21:14:06.038+0000] {dag.py:3239} INFO - Sync 1 DAGs
[2025-12-31T21:14:06.057+0000] {logging_mixin.py:190} INFO - [2025-12-31T21:14:06.057+0000] {dag.py:4180} INFO - Setting next_dagrun for example_python_decorator to None, run_after=None
[2025-12-31T21:14:06.080+0000] {processor.py:208} INFO - Processing /home/airflow/.local/lib/python3.12/site-packages/airflow/example_dags/example_python_decorator.py took 0.103 seconds
[2025-12-31T21:14:36.190+0000] {processor.py:186} INFO - Started process (PID=396) to work on /home/airflow/.local/lib/python3.12/site-packages/airflow/example_dags/example_python_decorator.py
[2025-12-31T21:14:36.192+0000] {processor.py:914} INFO - Processing file /home/airflow/.local/lib/python3.12/site-packages/airflow/example_dags/example_python_decorator.py for tasks to queue
[2025-12-31T21:14:36.195+0000] {logging_mixin.py:190} INFO - [2025-12-31T21:14:36.194+0000] {dagbag.py:588} INFO - Filling up the DagBag from /home/airflow/.local/lib/python3.12/site-packages/airflow/example_dags/example_python_decorator.py
[2025-12-31T21:14:36.213+0000] {processor.py:925} INFO - DAG(s) 'example_python_decorator' retrieved from /home/airflow/.local/lib/python3.12/site-packages/airflow/example_dags/example_python_decorator.py
[2025-12-31T21:14:36.236+0000] {logging_mixin.py:190} INFO - [2025-12-31T21:14:36.235+0000] {dag.py:3239} INFO - Sync 1 DAGs
[2025-12-31T21:14:36.252+0000] {logging_mixin.py:190} INFO - [2025-12-31T21:14:36.252+0000] {dag.py:4180} INFO - Setting next_dagrun for example_python_decorator to None, run_after=None
[2025-12-31T21:14:36.276+0000] {processor.py:208} INFO - Processing /home/airflow/.local/lib/python3.12/site-packages/airflow/example_dags/example_python_decorator.py took 0.093 seconds
[2025-12-31T21:15:06.846+0000] {processor.py:186} INFO - Started process (PID=459) to work on /home/airflow/.local/lib/python3.12/site-packages/airflow/example_dags/example_python_decorator.py
[2025-12-31T21:15:06.847+0000] {processor.py:914} INFO - Processing file /home/airflow/.local/lib/python3.12/site-packages/airflow/example_dags/example_python_decorator.py for tasks to queue
[2025-12-31T21:15:06.851+0000] {logging_mixin.py:190} INFO - [2025-12-31T21:15:06.850+0000] {dagbag.py:588} INFO - Filling up the DagBag from /home/airflow/.local/lib/python3.12/site-packages/airflow/example_dags/example_python_decorator.py
[2025-12-31T21:15:06.869+0000] {processor.py:925} INFO - DAG(s) 'example_python_decorator' retrieved from /home/airflow/.local/lib/python3.12/site-packages/airflow/example_dags/example_python_decorator.py
[2025-12-31T21:15:06.896+0000] {logging_mixin.py:190} INFO - [2025-12-31T21:15:06.895+0000] {dag.py:3239} INFO - Sync 1 DAGs
[2025-12-31T21:15:06.915+0000] {logging_mixin.py:190} INFO - [2025-12-31T21:15:06.914+0000] {dag.py:4180} INFO - Setting next_dagrun for example_python_decorator to None, run_after=None
[2025-12-31T21:15:06.941+0000] {processor.py:208} INFO - Processing /home/airflow/.local/lib/python3.12/site-packages/airflow/example_dags/example_python_decorator.py took 0.102 seconds
[2025-12-31T21:15:37.918+0000] {processor.py:186} INFO - Started process (PID=522) to work on /home/airflow/.local/lib/python3.12/site-packages/airflow/example_dags/example_python_decorator.py
[2025-12-31T21:15:37.919+0000] {processor.py:914} INFO - Processing file /home/airflow/.local/lib/python3.12/site-packages/airflow/example_dags/example_python_decorator.py for tasks to queue
[2025-12-31T21:15:37.923+0000] {logging_mixin.py:190} INFO - [2025-12-31T21:15:37.922+0000] {dagbag.py:588} INFO - Filling up the DagBag from /home/airflow/.local/lib/python3.12/site-packages/airflow/example_dags/example_python_decorator.py
[2025-12-31T21:15:37.945+0000] {processor.py:925} INFO - DAG(s) 'example_python_decorator' retrieved from /home/airflow/.local/lib/python3.12/site-packages/airflow/example_dags/example_python_decorator.py
[2025-12-31T21:15:37.973+0000] {logging_mixin.py:190} INFO - [2025-12-31T21:15:37.973+0000] {dag.py:3239} INFO - Sync 1 DAGs
[2025-12-31T21:15:37.997+0000] {logging_mixin.py:190} INFO - [2025-12-31T21:15:37.997+0000] {dag.py:4180} INFO - Setting next_dagrun for example_python_decorator to None, run_after=None
[2025-12-31T21:15:38.037+0000] {processor.py:208} INFO - Processing /home/airflow/.local/lib/python3.12/site-packages/airflow/example_dags/example_python_decorator.py took 0.127 seconds
[2025-12-31T21:16:08.759+0000] {processor.py:186} INFO - Started process (PID=586) to work on /home/airflow/.local/lib/python3.12/site-packages/airflow/example_dags/example_python_decorator.py
[2025-12-31T21:16:08.760+0000] {processor.py:914} INFO - Processing file /home/airflow/.local/lib/python3.12/site-packages/airflow/example_dags/example_python_decorator.py for tasks to queue
[2025-12-31T21:16:08.763+0000] {logging_mixin.py:190} INFO - [2025-12-31T21:16:08.763+0000] {dagbag.py:588} INFO - Filling up the DagBag from /home/airflow/.local/lib/python3.12/site-packages/airflow/example_dags/example_python_decorator.py
[2025-12-31T21:16:08.782+0000] {processor.py:925} INFO - DAG(s) 'example_python_decorator' retrieved from /home/airflow/.local/lib/python3.12/site-packages/airflow/example_dags/example_python_decorator.py
[2025-12-31T21:16:08.808+0000] {logging_mixin.py:190} INFO - [2025-12-31T21:16:08.808+0000] {dag.py:3239} INFO - Sync 1 DAGs
[2025-12-31T21:16:08.827+0000] {logging_mixin.py:190} INFO - [2025-12-31T21:16:08.827+0000] {dag.py:4180} INFO - Setting next_dagrun for example_python_decorator to None, run_after=None
[2025-12-31T21:16:08.852+0000] {processor.py:208} INFO - Processing /home/airflow/.local/lib/python3.12/site-packages/airflow/example_dags/example_python_decorator.py took 0.101 seconds
[2025-12-31T21:16:39.250+0000] {processor.py:186} INFO - Started process (PID=649) to work on /home/airflow/.local/lib/python3.12/site-packages/airflow/example_dags/example_python_decorator.py
[2025-12-31T21:16:39.251+0000] {processor.py:914} INFO - Processing file /home/airflow/.local/lib/python3.12/site-packages/airflow/example_dags/example_python_decorator.py for tasks to queue
[2025-12-31T21:16:39.254+0000] {logging_mixin.py:190} INFO - [2025-12-31T21:16:39.254+0000] {dagbag.py:588} INFO - Filling up the DagBag from /home/airflow/.local/lib/python3.12/site-packages/airflow/example_dags/example_python_decorator.py
[2025-12-31T21:16:39.272+0000] {processor.py:925} INFO - DAG(s) 'example_python_decorator' retrieved from /home/airflow/.local/lib/python3.12/site-packages/airflow/example_dags/example_python_decorator.py
[2025-12-31T21:16:39.295+0000] {logging_mixin.py:190} INFO - [2025-12-31T21:16:39.295+0000] {dag.py:3239} INFO - Sync 1 DAGs
[2025-12-31T21:16:39.311+0000] {logging_mixin.py:190} INFO - [2025-12-31T21:16:39.311+0000] {dag.py:4180} INFO - Setting next_dagrun for example_python_decorator to None, run_after=None
[2025-12-31T21:16:39.338+0000] {processor.py:208} INFO - Processing /home/airflow/.local/lib/python3.12/site-packages/airflow/example_dags/example_python_decorator.py took 0.095 seconds
[2025-12-31T21:17:09.664+0000] {processor.py:186} INFO - Started process (PID=712) to work on /home/airflow/.local/lib/python3.12/site-packages/airflow/example_dags/example_python_decorator.py
[2025-12-31T21:17:09.666+0000] {processor.py:914} INFO - Processing file /home/airflow/.local/lib/python3.12/site-packages/airflow/example_dags/example_python_decorator.py for tasks to queue
[2025-12-31T21:17:09.670+0000] {logging_mixin.py:190} INFO - [2025-12-31T21:17:09.669+0000] {dagbag.py:588} INFO - Filling up the DagBag from /home/airflow/.local/lib/python3.12/site-packages/airflow/example_dags/example_python_decorator.py
[2025-12-31T21:17:09.693+0000] {processor.py:925} INFO - DAG(s) 'example_python_decorator' retrieved from /home/airflow/.local/lib/python3.12/site-packages/airflow/example_dags/example_python_decorator.py
[2025-12-31T21:17:09.723+0000] {logging_mixin.py:190} INFO - [2025-12-31T21:17:09.723+0000] {dag.py:3239} INFO - Sync 1 DAGs
[2025-12-31T21:17:09.745+0000] {logging_mixin.py:190} INFO - [2025-12-31T21:17:09.744+0000] {dag.py:4180} INFO - Setting next_dagrun for example_python_decorator to None, run_after=None
[2025-12-31T21:17:09.773+0000] {processor.py:208} INFO - Processing /home/airflow/.local/lib/python3.12/site-packages/airflow/example_dags/example_python_decorator.py took 0.119 seconds
[2025-12-31T21:17:40.080+0000] {processor.py:186} INFO - Started process (PID=775) to work on /home/airflow/.local/lib/python3.12/site-packages/airflow/example_dags/example_python_decorator.py
[2025-12-31T21:17:40.081+0000] {processor.py:914} INFO - Processing file /home/airflow/.local/lib/python3.12/site-packages/airflow/example_dags/example_python_decorator.py for tasks to queue
[2025-12-31T21:17:40.084+0000] {logging_mixin.py:190} INFO - [2025-12-31T21:17:40.084+0000] {dagbag.py:588} INFO - Filling up the DagBag from /home/airflow/.local/lib/python3.12/site-packages/airflow/example_dags/example_python_decorator.py
[2025-12-31T21:17:40.102+0000] {processor.py:925} INFO - DAG(s) 'example_python_decorator' retrieved from /home/airflow/.local/lib/python3.12/site-packages/airflow/example_dags/example_python_decorator.py
[2025-12-31T21:17:40.127+0000] {logging_mixin.py:190} INFO - [2025-12-31T21:17:40.127+0000] {dag.py:3239} INFO - Sync 1 DAGs
[2025-12-31T21:17:40.145+0000] {logging_mixin.py:190} INFO - [2025-12-31T21:17:40.145+0000] {dag.py:4180} INFO - Setting next_dagrun for example_python_decorator to None, run_after=None
[2025-12-31T21:17:40.170+0000] {processor.py:208} INFO - Processing /home/airflow/.local/lib/python3.12/site-packages/airflow/example_dags/example_python_decorator.py took 0.097 seconds
[2025-12-31T21:18:10.644+0000] {processor.py:186} INFO - Started process (PID=839) to work on /home/airflow/.local/lib/python3.12/site-packages/airflow/example_dags/example_python_decorator.py
[2025-12-31T21:18:10.646+0000] {processor.py:914} INFO - Processing file /home/airflow/.local/lib/python3.12/site-packages/airflow/example_dags/example_python_decorator.py for tasks to queue
[2025-12-31T21:18:10.649+0000] {logging_mixin.py:190} INFO - [2025-12-31T21:18:10.648+0000] {dagbag.py:588} INFO - Filling up the DagBag from /home/airflow/.local/lib/python3.12/site-packages/airflow/example_dags/example_python_decorator.py
[2025-12-31T21:18:10.667+0000] {processor.py:925} INFO - DAG(s) 'example_python_decorator' retrieved from /home/airflow/.local/lib/python3.12/site-packages/airflow/example_dags/example_python_decorator.py
[2025-12-31T21:18:10.694+0000] {logging_mixin.py:190} INFO - [2025-12-31T21:18:10.693+0000] {dag.py:3239} INFO - Sync 1 DAGs
[2025-12-31T21:18:10.711+0000] {logging_mixin.py:190} INFO - [2025-12-31T21:18:10.710+0000] {dag.py:4180} INFO - Setting next_dagrun for example_python_decorator to None, run_after=None
[2025-12-31T21:18:10.738+0000] {processor.py:208} INFO - Processing /home/airflow/.local/lib/python3.12/site-packages/airflow/example_dags/example_python_decorator.py took 0.101 seconds
[2025-12-31T21:18:41.614+0000] {processor.py:186} INFO - Started process (PID=902) to work on /home/airflow/.local/lib/python3.12/site-packages/airflow/example_dags/example_python_decorator.py
[2025-12-31T21:18:41.615+0000] {processor.py:914} INFO - Processing file /home/airflow/.local/lib/python3.12/site-packages/airflow/example_dags/example_python_decorator.py for tasks to queue
[2025-12-31T21:18:41.618+0000] {logging_mixin.py:190} INFO - [2025-12-31T21:18:41.618+0000] {dagbag.py:588} INFO - Filling up the DagBag from /home/airflow/.local/lib/python3.12/site-packages/airflow/example_dags/example_python_decorator.py
[2025-12-31T21:18:41.637+0000] {processor.py:925} INFO - DAG(s) 'example_python_decorator' retrieved from /home/airflow/.local/lib/python3.12/site-packages/airflow/example_dags/example_python_decorator.py
[2025-12-31T21:18:41.672+0000] {logging_mixin.py:190} INFO - [2025-12-31T21:18:41.672+0000] {dag.py:3239} INFO - Sync 1 DAGs
[2025-12-31T21:18:41.695+0000] {logging_mixin.py:190} INFO - [2025-12-31T21:18:41.695+0000] {dag.py:4180} INFO - Setting next_dagrun for example_python_decorator to None, run_after=None
[2025-12-31T21:18:41.722+0000] {processor.py:208} INFO - Processing /home/airflow/.local/lib/python3.12/site-packages/airflow/example_dags/example_python_decorator.py took 0.115 seconds
[2025-12-31T21:19:11.819+0000] {processor.py:186} INFO - Started process (PID=964) to work on /home/airflow/.local/lib/python3.12/site-packages/airflow/example_dags/example_python_decorator.py
[2025-12-31T21:19:11.820+0000] {processor.py:914} INFO - Processing file /home/airflow/.local/lib/python3.12/site-packages/airflow/example_dags/example_python_decorator.py for tasks to queue
[2025-12-31T21:19:11.822+0000] {logging_mixin.py:190} INFO - [2025-12-31T21:19:11.822+0000] {dagbag.py:588} INFO - Filling up the DagBag from /home/airflow/.local/lib/python3.12/site-packages/airflow/example_dags/example_python_decorator.py
[2025-12-31T21:19:11.838+0000] {processor.py:925} INFO - DAG(s) 'example_python_decorator' retrieved from /home/airflow/.local/lib/python3.12/site-packages/airflow/example_dags/example_python_decorator.py
[2025-12-31T21:19:11.862+0000] {logging_mixin.py:190} INFO - [2025-12-31T21:19:11.862+0000] {dag.py:3239} INFO - Sync 1 DAGs
[2025-12-31T21:19:11.878+0000] {logging_mixin.py:190} INFO - [2025-12-31T21:19:11.878+0000] {dag.py:4180} INFO - Setting next_dagrun for example_python_decorator to None, run_after=None
[2025-12-31T21:19:11.904+0000] {processor.py:208} INFO - Processing /home/airflow/.local/lib/python3.12/site-packages/airflow/example_dags/example_python_decorator.py took 0.091 seconds
[2025-12-31T21:19:42.287+0000] {processor.py:186} INFO - Started process (PID=1027) to work on /home/airflow/.local/lib/python3.12/site-packages/airflow/example_dags/example_python_decorator.py
[2025-12-31T21:19:42.288+0000] {processor.py:914} INFO - Processing file /home/airflow/.local/lib/python3.12/site-packages/airflow/example_dags/example_python_decorator.py for tasks to queue
[2025-12-31T21:19:42.291+0000] {logging_mixin.py:190} INFO - [2025-12-31T21:19:42.291+0000] {dagbag.py:588} INFO - Filling up the DagBag from /home/airflow/.local/lib/python3.12/site-packages/airflow/example_dags/example_python_decorator.py
[2025-12-31T21:19:42.308+0000] {processor.py:925} INFO - DAG(s) 'example_python_decorator' retrieved from /home/airflow/.local/lib/python3.12/site-packages/airflow/example_dags/example_python_decorator.py
[2025-12-31T21:19:42.336+0000] {logging_mixin.py:190} INFO - [2025-12-31T21:19:42.336+0000] {dag.py:3239} INFO - Sync 1 DAGs
[2025-12-31T21:19:42.356+0000] {logging_mixin.py:190} INFO - [2025-12-31T21:19:42.355+0000] {dag.py:4180} INFO - Setting next_dagrun for example_python_decorator to None, run_after=None
[2025-12-31T21:19:42.389+0000] {processor.py:208} INFO - Processing /home/airflow/.local/lib/python3.12/site-packages/airflow/example_dags/example_python_decorator.py took 0.108 seconds
[2025-12-31T21:20:12.559+0000] {processor.py:186} INFO - Started process (PID=1090) to work on /home/airflow/.local/lib/python3.12/site-packages/airflow/example_dags/example_python_decorator.py
[2025-12-31T21:20:12.561+0000] {processor.py:914} INFO - Processing file /home/airflow/.local/lib/python3.12/site-packages/airflow/example_dags/example_python_decorator.py for tasks to queue
[2025-12-31T21:20:12.563+0000] {logging_mixin.py:190} INFO - [2025-12-31T21:20:12.563+0000] {dagbag.py:588} INFO - Filling up the DagBag from /home/airflow/.local/lib/python3.12/site-packages/airflow/example_dags/example_python_decorator.py
[2025-12-31T21:20:12.580+0000] {processor.py:925} INFO - DAG(s) 'example_python_decorator' retrieved from /home/airflow/.local/lib/python3.12/site-packages/airflow/example_dags/example_python_decorator.py
[2025-12-31T21:20:12.602+0000] {logging_mixin.py:190} INFO - [2025-12-31T21:20:12.602+0000] {dag.py:3239} INFO - Sync 1 DAGs
[2025-12-31T21:20:12.619+0000] {logging_mixin.py:190} INFO - [2025-12-31T21:20:12.618+0000] {dag.py:4180} INFO - Setting next_dagrun for example_python_decorator to None, run_after=None
[2025-12-31T21:20:12.647+0000] {processor.py:208} INFO - Processing /home/airflow/.local/lib/python3.12/site-packages/airflow/example_dags/example_python_decorator.py took 0.094 seconds
[2025-12-31T21:20:42.802+0000] {processor.py:186} INFO - Started process (PID=1153) to work on /home/airflow/.local/lib/python3.12/site-packages/airflow/example_dags/example_python_decorator.py
[2025-12-31T21:20:42.803+0000] {processor.py:914} INFO - Processing file /home/airflow/.local/lib/python3.12/site-packages/airflow/example_dags/example_python_decorator.py for tasks to queue
[2025-12-31T21:20:42.806+0000] {logging_mixin.py:190} INFO - [2025-12-31T21:20:42.806+0000] {dagbag.py:588} INFO - Filling up the DagBag from /home/airflow/.local/lib/python3.12/site-packages/airflow/example_dags/example_python_decorator.py
[2025-12-31T21:20:42.824+0000] {processor.py:925} INFO - DAG(s) 'example_python_decorator' retrieved from /home/airflow/.local/lib/python3.12/site-packages/airflow/example_dags/example_python_decorator.py
[2025-12-31T21:20:42.852+0000] {logging_mixin.py:190} INFO - [2025-12-31T21:20:42.851+0000] {dag.py:3239} INFO - Sync 1 DAGs
[2025-12-31T21:20:42.873+0000] {logging_mixin.py:190} INFO - [2025-12-31T21:20:42.873+0000] {dag.py:4180} INFO - Setting next_dagrun for example_python_decorator to None, run_after=None
[2025-12-31T21:20:42.900+0000] {processor.py:208} INFO - Processing /home/airflow/.local/lib/python3.12/site-packages/airflow/example_dags/example_python_decorator.py took 0.106 seconds
[2025-12-31T21:21:13.256+0000] {processor.py:186} INFO - Started process (PID=1216) to work on /home/airflow/.local/lib/python3.12/site-packages/airflow/example_dags/example_python_decorator.py
[2025-12-31T21:21:13.258+0000] {processor.py:914} INFO - Processing file /home/airflow/.local/lib/python3.12/site-packages/airflow/example_dags/example_python_decorator.py for tasks to queue
[2025-12-31T21:21:13.261+0000] {logging_mixin.py:190} INFO - [2025-12-31T21:21:13.260+0000] {dagbag.py:588} INFO - Filling up the DagBag from /home/airflow/.local/lib/python3.12/site-packages/airflow/example_dags/example_python_decorator.py
[2025-12-31T21:21:13.280+0000] {processor.py:925} INFO - DAG(s) 'example_python_decorator' retrieved from /home/airflow/.local/lib/python3.12/site-packages/airflow/example_dags/example_python_decorator.py
[2025-12-31T21:21:13.308+0000] {logging_mixin.py:190} INFO - [2025-12-31T21:21:13.308+0000] {dag.py:3239} INFO - Sync 1 DAGs
[2025-12-31T21:21:13.328+0000] {logging_mixin.py:190} INFO - [2025-12-31T21:21:13.327+0000] {dag.py:4180} INFO - Setting next_dagrun for example_python_decorator to None, run_after=None
[2025-12-31T21:21:13.352+0000] {processor.py:208} INFO - Processing /home/airflow/.local/lib/python3.12/site-packages/airflow/example_dags/example_python_decorator.py took 0.103 seconds
