[2025-12-31T21:12:11.618+0000] {processor.py:186} INFO - Started process (PID=104) to work on /home/airflow/.local/lib/python3.12/site-packages/airflow/example_dags/example_xcom.py
[2025-12-31T21:12:11.620+0000] {processor.py:914} INFO - Processing file /home/airflow/.local/lib/python3.12/site-packages/airflow/example_dags/example_xcom.py for tasks to queue
[2025-12-31T21:12:11.624+0000] {logging_mixin.py:190} INFO - [2025-12-31T21:12:11.623+0000] {dagbag.py:588} INFO - Filling up the DagBag from /home/airflow/.local/lib/python3.12/site-packages/airflow/example_dags/example_xcom.py
[2025-12-31T21:12:11.642+0000] {processor.py:925} INFO - DAG(s) 'example_xcom' retrieved from /home/airflow/.local/lib/python3.12/site-packages/airflow/example_dags/example_xcom.py
[2025-12-31T21:12:11.791+0000] {logging_mixin.py:190} INFO - [2025-12-31T21:12:11.789+0000] {override.py:1912} INFO - Created Permission View: can read on DAG:example_xcom
[2025-12-31T21:12:11.808+0000] {logging_mixin.py:190} INFO - [2025-12-31T21:12:11.807+0000] {override.py:1912} INFO - Created Permission View: can delete on DAG:example_xcom
[2025-12-31T21:12:11.819+0000] {logging_mixin.py:190} INFO - [2025-12-31T21:12:11.818+0000] {override.py:1912} INFO - Created Permission View: can edit on DAG:example_xcom
[2025-12-31T21:12:11.831+0000] {logging_mixin.py:190} INFO - [2025-12-31T21:12:11.830+0000] {override.py:1912} INFO - Created Permission View: can read on DAG Run:example_xcom
[2025-12-31T21:12:11.841+0000] {logging_mixin.py:190} INFO - [2025-12-31T21:12:11.841+0000] {override.py:1912} INFO - Created Permission View: can create on DAG Run:example_xcom
[2025-12-31T21:12:11.853+0000] {logging_mixin.py:190} INFO - [2025-12-31T21:12:11.853+0000] {override.py:1912} INFO - Created Permission View: can delete on DAG Run:example_xcom
[2025-12-31T21:12:11.865+0000] {logging_mixin.py:190} INFO - [2025-12-31T21:12:11.865+0000] {override.py:1912} INFO - Created Permission View: menu access on DAG Run:example_xcom
[2025-12-31T21:12:11.866+0000] {logging_mixin.py:190} INFO - [2025-12-31T21:12:11.866+0000] {dag.py:3239} INFO - Sync 1 DAGs
[2025-12-31T21:12:11.886+0000] {logging_mixin.py:190} INFO - [2025-12-31T21:12:11.886+0000] {dag.py:3262} INFO - Creating ORM DAG for example_xcom
[2025-12-31T21:12:11.900+0000] {logging_mixin.py:190} INFO - [2025-12-31T21:12:11.899+0000] {dag.py:4180} INFO - Setting next_dagrun for example_xcom to 2021-01-01 00:00:00+00:00, run_after=2021-01-01 00:00:00+00:00
[2025-12-31T21:12:11.922+0000] {processor.py:208} INFO - Processing /home/airflow/.local/lib/python3.12/site-packages/airflow/example_dags/example_xcom.py took 0.312 seconds
[2025-12-31T21:12:42.632+0000] {processor.py:186} INFO - Started process (PID=167) to work on /home/airflow/.local/lib/python3.12/site-packages/airflow/example_dags/example_xcom.py
[2025-12-31T21:12:42.633+0000] {processor.py:914} INFO - Processing file /home/airflow/.local/lib/python3.12/site-packages/airflow/example_dags/example_xcom.py for tasks to queue
[2025-12-31T21:12:42.636+0000] {logging_mixin.py:190} INFO - [2025-12-31T21:12:42.636+0000] {dagbag.py:588} INFO - Filling up the DagBag from /home/airflow/.local/lib/python3.12/site-packages/airflow/example_dags/example_xcom.py
[2025-12-31T21:12:42.647+0000] {processor.py:925} INFO - DAG(s) 'example_xcom' retrieved from /home/airflow/.local/lib/python3.12/site-packages/airflow/example_dags/example_xcom.py
[2025-12-31T21:12:42.672+0000] {logging_mixin.py:190} INFO - [2025-12-31T21:12:42.672+0000] {dag.py:3239} INFO - Sync 1 DAGs
[2025-12-31T21:12:42.698+0000] {logging_mixin.py:190} INFO - [2025-12-31T21:12:42.698+0000] {dag.py:4180} INFO - Setting next_dagrun for example_xcom to 2021-01-01 00:00:00+00:00, run_after=2021-01-01 00:00:00+00:00
[2025-12-31T21:12:42.724+0000] {processor.py:208} INFO - Processing /home/airflow/.local/lib/python3.12/site-packages/airflow/example_dags/example_xcom.py took 0.100 seconds
[2025-12-31T21:13:12.892+0000] {processor.py:186} INFO - Started process (PID=229) to work on /home/airflow/.local/lib/python3.12/site-packages/airflow/example_dags/example_xcom.py
[2025-12-31T21:13:12.893+0000] {processor.py:914} INFO - Processing file /home/airflow/.local/lib/python3.12/site-packages/airflow/example_dags/example_xcom.py for tasks to queue
[2025-12-31T21:13:12.896+0000] {logging_mixin.py:190} INFO - [2025-12-31T21:13:12.896+0000] {dagbag.py:588} INFO - Filling up the DagBag from /home/airflow/.local/lib/python3.12/site-packages/airflow/example_dags/example_xcom.py
[2025-12-31T21:13:12.908+0000] {processor.py:925} INFO - DAG(s) 'example_xcom' retrieved from /home/airflow/.local/lib/python3.12/site-packages/airflow/example_dags/example_xcom.py
[2025-12-31T21:13:12.934+0000] {logging_mixin.py:190} INFO - [2025-12-31T21:13:12.934+0000] {dag.py:3239} INFO - Sync 1 DAGs
[2025-12-31T21:13:12.961+0000] {logging_mixin.py:190} INFO - [2025-12-31T21:13:12.961+0000] {dag.py:4180} INFO - Setting next_dagrun for example_xcom to 2021-01-01 00:00:00+00:00, run_after=2021-01-01 00:00:00+00:00
[2025-12-31T21:13:12.989+0000] {processor.py:208} INFO - Processing /home/airflow/.local/lib/python3.12/site-packages/airflow/example_dags/example_xcom.py took 0.104 seconds
[2025-12-31T21:13:43.380+0000] {processor.py:186} INFO - Started process (PID=293) to work on /home/airflow/.local/lib/python3.12/site-packages/airflow/example_dags/example_xcom.py
[2025-12-31T21:13:43.381+0000] {processor.py:914} INFO - Processing file /home/airflow/.local/lib/python3.12/site-packages/airflow/example_dags/example_xcom.py for tasks to queue
[2025-12-31T21:13:43.384+0000] {logging_mixin.py:190} INFO - [2025-12-31T21:13:43.383+0000] {dagbag.py:588} INFO - Filling up the DagBag from /home/airflow/.local/lib/python3.12/site-packages/airflow/example_dags/example_xcom.py
[2025-12-31T21:13:43.396+0000] {processor.py:925} INFO - DAG(s) 'example_xcom' retrieved from /home/airflow/.local/lib/python3.12/site-packages/airflow/example_dags/example_xcom.py
[2025-12-31T21:13:43.421+0000] {logging_mixin.py:190} INFO - [2025-12-31T21:13:43.420+0000] {dag.py:3239} INFO - Sync 1 DAGs
[2025-12-31T21:13:43.447+0000] {logging_mixin.py:190} INFO - [2025-12-31T21:13:43.446+0000] {dag.py:4180} INFO - Setting next_dagrun for example_xcom to 2021-01-01 00:00:00+00:00, run_after=2021-01-01 00:00:00+00:00
[2025-12-31T21:13:43.473+0000] {processor.py:208} INFO - Processing /home/airflow/.local/lib/python3.12/site-packages/airflow/example_dags/example_xcom.py took 0.100 seconds
[2025-12-31T21:14:13.626+0000] {processor.py:186} INFO - Started process (PID=355) to work on /home/airflow/.local/lib/python3.12/site-packages/airflow/example_dags/example_xcom.py
[2025-12-31T21:14:13.627+0000] {processor.py:914} INFO - Processing file /home/airflow/.local/lib/python3.12/site-packages/airflow/example_dags/example_xcom.py for tasks to queue
[2025-12-31T21:14:13.630+0000] {logging_mixin.py:190} INFO - [2025-12-31T21:14:13.630+0000] {dagbag.py:588} INFO - Filling up the DagBag from /home/airflow/.local/lib/python3.12/site-packages/airflow/example_dags/example_xcom.py
[2025-12-31T21:14:13.642+0000] {processor.py:925} INFO - DAG(s) 'example_xcom' retrieved from /home/airflow/.local/lib/python3.12/site-packages/airflow/example_dags/example_xcom.py
[2025-12-31T21:14:13.669+0000] {logging_mixin.py:190} INFO - [2025-12-31T21:14:13.669+0000] {dag.py:3239} INFO - Sync 1 DAGs
[2025-12-31T21:14:13.698+0000] {logging_mixin.py:190} INFO - [2025-12-31T21:14:13.697+0000] {dag.py:4180} INFO - Setting next_dagrun for example_xcom to 2021-01-01 00:00:00+00:00, run_after=2021-01-01 00:00:00+00:00
[2025-12-31T21:14:13.725+0000] {processor.py:208} INFO - Processing /home/airflow/.local/lib/python3.12/site-packages/airflow/example_dags/example_xcom.py took 0.106 seconds
[2025-12-31T21:14:43.878+0000] {processor.py:186} INFO - Started process (PID=418) to work on /home/airflow/.local/lib/python3.12/site-packages/airflow/example_dags/example_xcom.py
[2025-12-31T21:14:43.879+0000] {processor.py:914} INFO - Processing file /home/airflow/.local/lib/python3.12/site-packages/airflow/example_dags/example_xcom.py for tasks to queue
[2025-12-31T21:14:43.882+0000] {logging_mixin.py:190} INFO - [2025-12-31T21:14:43.882+0000] {dagbag.py:588} INFO - Filling up the DagBag from /home/airflow/.local/lib/python3.12/site-packages/airflow/example_dags/example_xcom.py
[2025-12-31T21:14:43.896+0000] {processor.py:925} INFO - DAG(s) 'example_xcom' retrieved from /home/airflow/.local/lib/python3.12/site-packages/airflow/example_dags/example_xcom.py
[2025-12-31T21:14:43.928+0000] {logging_mixin.py:190} INFO - [2025-12-31T21:14:43.927+0000] {dag.py:3239} INFO - Sync 1 DAGs
[2025-12-31T21:14:43.977+0000] {logging_mixin.py:190} INFO - [2025-12-31T21:14:43.977+0000] {dag.py:4180} INFO - Setting next_dagrun for example_xcom to 2021-01-01 00:00:00+00:00, run_after=2021-01-01 00:00:00+00:00
[2025-12-31T21:14:44.025+0000] {processor.py:208} INFO - Processing /home/airflow/.local/lib/python3.12/site-packages/airflow/example_dags/example_xcom.py took 0.155 seconds
[2025-12-31T21:15:14.374+0000] {processor.py:186} INFO - Started process (PID=481) to work on /home/airflow/.local/lib/python3.12/site-packages/airflow/example_dags/example_xcom.py
[2025-12-31T21:15:14.375+0000] {processor.py:914} INFO - Processing file /home/airflow/.local/lib/python3.12/site-packages/airflow/example_dags/example_xcom.py for tasks to queue
[2025-12-31T21:15:14.378+0000] {logging_mixin.py:190} INFO - [2025-12-31T21:15:14.378+0000] {dagbag.py:588} INFO - Filling up the DagBag from /home/airflow/.local/lib/python3.12/site-packages/airflow/example_dags/example_xcom.py
[2025-12-31T21:15:14.389+0000] {processor.py:925} INFO - DAG(s) 'example_xcom' retrieved from /home/airflow/.local/lib/python3.12/site-packages/airflow/example_dags/example_xcom.py
[2025-12-31T21:15:14.412+0000] {logging_mixin.py:190} INFO - [2025-12-31T21:15:14.412+0000] {dag.py:3239} INFO - Sync 1 DAGs
[2025-12-31T21:15:14.440+0000] {logging_mixin.py:190} INFO - [2025-12-31T21:15:14.440+0000] {dag.py:4180} INFO - Setting next_dagrun for example_xcom to 2021-01-01 00:00:00+00:00, run_after=2021-01-01 00:00:00+00:00
[2025-12-31T21:15:14.465+0000] {processor.py:208} INFO - Processing /home/airflow/.local/lib/python3.12/site-packages/airflow/example_dags/example_xcom.py took 0.097 seconds
[2025-12-31T21:15:44.680+0000] {processor.py:186} INFO - Started process (PID=544) to work on /home/airflow/.local/lib/python3.12/site-packages/airflow/example_dags/example_xcom.py
[2025-12-31T21:15:44.681+0000] {processor.py:914} INFO - Processing file /home/airflow/.local/lib/python3.12/site-packages/airflow/example_dags/example_xcom.py for tasks to queue
[2025-12-31T21:15:44.685+0000] {logging_mixin.py:190} INFO - [2025-12-31T21:15:44.684+0000] {dagbag.py:588} INFO - Filling up the DagBag from /home/airflow/.local/lib/python3.12/site-packages/airflow/example_dags/example_xcom.py
[2025-12-31T21:15:44.698+0000] {processor.py:925} INFO - DAG(s) 'example_xcom' retrieved from /home/airflow/.local/lib/python3.12/site-packages/airflow/example_dags/example_xcom.py
[2025-12-31T21:15:44.724+0000] {logging_mixin.py:190} INFO - [2025-12-31T21:15:44.724+0000] {dag.py:3239} INFO - Sync 1 DAGs
[2025-12-31T21:15:44.753+0000] {logging_mixin.py:190} INFO - [2025-12-31T21:15:44.752+0000] {dag.py:4180} INFO - Setting next_dagrun for example_xcom to 2021-01-01 00:00:00+00:00, run_after=2021-01-01 00:00:00+00:00
[2025-12-31T21:15:44.814+0000] {processor.py:208} INFO - Processing /home/airflow/.local/lib/python3.12/site-packages/airflow/example_dags/example_xcom.py took 0.142 seconds
[2025-12-31T21:16:15.265+0000] {processor.py:186} INFO - Started process (PID=608) to work on /home/airflow/.local/lib/python3.12/site-packages/airflow/example_dags/example_xcom.py
[2025-12-31T21:16:15.266+0000] {processor.py:914} INFO - Processing file /home/airflow/.local/lib/python3.12/site-packages/airflow/example_dags/example_xcom.py for tasks to queue
[2025-12-31T21:16:15.271+0000] {logging_mixin.py:190} INFO - [2025-12-31T21:16:15.270+0000] {dagbag.py:588} INFO - Filling up the DagBag from /home/airflow/.local/lib/python3.12/site-packages/airflow/example_dags/example_xcom.py
[2025-12-31T21:16:15.291+0000] {processor.py:925} INFO - DAG(s) 'example_xcom' retrieved from /home/airflow/.local/lib/python3.12/site-packages/airflow/example_dags/example_xcom.py
[2025-12-31T21:16:15.318+0000] {logging_mixin.py:190} INFO - [2025-12-31T21:16:15.318+0000] {dag.py:3239} INFO - Sync 1 DAGs
[2025-12-31T21:16:15.349+0000] {logging_mixin.py:190} INFO - [2025-12-31T21:16:15.349+0000] {dag.py:4180} INFO - Setting next_dagrun for example_xcom to 2021-01-01 00:00:00+00:00, run_after=2021-01-01 00:00:00+00:00
[2025-12-31T21:16:15.377+0000] {processor.py:208} INFO - Processing /home/airflow/.local/lib/python3.12/site-packages/airflow/example_dags/example_xcom.py took 0.120 seconds
[2025-12-31T21:16:45.956+0000] {processor.py:186} INFO - Started process (PID=671) to work on /home/airflow/.local/lib/python3.12/site-packages/airflow/example_dags/example_xcom.py
[2025-12-31T21:16:45.958+0000] {processor.py:914} INFO - Processing file /home/airflow/.local/lib/python3.12/site-packages/airflow/example_dags/example_xcom.py for tasks to queue
[2025-12-31T21:16:45.960+0000] {logging_mixin.py:190} INFO - [2025-12-31T21:16:45.960+0000] {dagbag.py:588} INFO - Filling up the DagBag from /home/airflow/.local/lib/python3.12/site-packages/airflow/example_dags/example_xcom.py
[2025-12-31T21:16:45.971+0000] {processor.py:925} INFO - DAG(s) 'example_xcom' retrieved from /home/airflow/.local/lib/python3.12/site-packages/airflow/example_dags/example_xcom.py
[2025-12-31T21:16:45.993+0000] {logging_mixin.py:190} INFO - [2025-12-31T21:16:45.993+0000] {dag.py:3239} INFO - Sync 1 DAGs
[2025-12-31T21:16:46.017+0000] {logging_mixin.py:190} INFO - [2025-12-31T21:16:46.017+0000] {dag.py:4180} INFO - Setting next_dagrun for example_xcom to 2021-01-01 00:00:00+00:00, run_after=2021-01-01 00:00:00+00:00
[2025-12-31T21:16:46.042+0000] {processor.py:208} INFO - Processing /home/airflow/.local/lib/python3.12/site-packages/airflow/example_dags/example_xcom.py took 0.092 seconds
[2025-12-31T21:17:16.137+0000] {processor.py:186} INFO - Started process (PID=734) to work on /home/airflow/.local/lib/python3.12/site-packages/airflow/example_dags/example_xcom.py
[2025-12-31T21:17:16.138+0000] {processor.py:914} INFO - Processing file /home/airflow/.local/lib/python3.12/site-packages/airflow/example_dags/example_xcom.py for tasks to queue
[2025-12-31T21:17:16.142+0000] {logging_mixin.py:190} INFO - [2025-12-31T21:17:16.141+0000] {dagbag.py:588} INFO - Filling up the DagBag from /home/airflow/.local/lib/python3.12/site-packages/airflow/example_dags/example_xcom.py
[2025-12-31T21:17:16.154+0000] {processor.py:925} INFO - DAG(s) 'example_xcom' retrieved from /home/airflow/.local/lib/python3.12/site-packages/airflow/example_dags/example_xcom.py
[2025-12-31T21:17:16.178+0000] {logging_mixin.py:190} INFO - [2025-12-31T21:17:16.178+0000] {dag.py:3239} INFO - Sync 1 DAGs
[2025-12-31T21:17:16.204+0000] {logging_mixin.py:190} INFO - [2025-12-31T21:17:16.204+0000] {dag.py:4180} INFO - Setting next_dagrun for example_xcom to 2021-01-01 00:00:00+00:00, run_after=2021-01-01 00:00:00+00:00
[2025-12-31T21:17:16.230+0000] {processor.py:208} INFO - Processing /home/airflow/.local/lib/python3.12/site-packages/airflow/example_dags/example_xcom.py took 0.100 seconds
[2025-12-31T21:17:46.555+0000] {processor.py:186} INFO - Started process (PID=797) to work on /home/airflow/.local/lib/python3.12/site-packages/airflow/example_dags/example_xcom.py
[2025-12-31T21:17:46.556+0000] {processor.py:914} INFO - Processing file /home/airflow/.local/lib/python3.12/site-packages/airflow/example_dags/example_xcom.py for tasks to queue
[2025-12-31T21:17:46.562+0000] {logging_mixin.py:190} INFO - [2025-12-31T21:17:46.562+0000] {dagbag.py:588} INFO - Filling up the DagBag from /home/airflow/.local/lib/python3.12/site-packages/airflow/example_dags/example_xcom.py
[2025-12-31T21:17:46.588+0000] {processor.py:925} INFO - DAG(s) 'example_xcom' retrieved from /home/airflow/.local/lib/python3.12/site-packages/airflow/example_dags/example_xcom.py
[2025-12-31T21:17:46.629+0000] {logging_mixin.py:190} INFO - [2025-12-31T21:17:46.628+0000] {dag.py:3239} INFO - Sync 1 DAGs
[2025-12-31T21:17:46.664+0000] {logging_mixin.py:190} INFO - [2025-12-31T21:17:46.664+0000] {dag.py:4180} INFO - Setting next_dagrun for example_xcom to 2021-01-01 00:00:00+00:00, run_after=2021-01-01 00:00:00+00:00
[2025-12-31T21:17:46.689+0000] {processor.py:208} INFO - Processing /home/airflow/.local/lib/python3.12/site-packages/airflow/example_dags/example_xcom.py took 0.144 seconds
[2025-12-31T21:18:17.373+0000] {processor.py:186} INFO - Started process (PID=861) to work on /home/airflow/.local/lib/python3.12/site-packages/airflow/example_dags/example_xcom.py
[2025-12-31T21:18:17.374+0000] {processor.py:914} INFO - Processing file /home/airflow/.local/lib/python3.12/site-packages/airflow/example_dags/example_xcom.py for tasks to queue
[2025-12-31T21:18:17.377+0000] {logging_mixin.py:190} INFO - [2025-12-31T21:18:17.377+0000] {dagbag.py:588} INFO - Filling up the DagBag from /home/airflow/.local/lib/python3.12/site-packages/airflow/example_dags/example_xcom.py
[2025-12-31T21:18:17.389+0000] {processor.py:925} INFO - DAG(s) 'example_xcom' retrieved from /home/airflow/.local/lib/python3.12/site-packages/airflow/example_dags/example_xcom.py
[2025-12-31T21:18:17.411+0000] {logging_mixin.py:190} INFO - [2025-12-31T21:18:17.411+0000] {dag.py:3239} INFO - Sync 1 DAGs
[2025-12-31T21:18:17.438+0000] {logging_mixin.py:190} INFO - [2025-12-31T21:18:17.437+0000] {dag.py:4180} INFO - Setting next_dagrun for example_xcom to 2021-01-01 00:00:00+00:00, run_after=2021-01-01 00:00:00+00:00
[2025-12-31T21:18:17.460+0000] {processor.py:208} INFO - Processing /home/airflow/.local/lib/python3.12/site-packages/airflow/example_dags/example_xcom.py took 0.095 seconds
[2025-12-31T21:18:48.332+0000] {processor.py:186} INFO - Started process (PID=930) to work on /home/airflow/.local/lib/python3.12/site-packages/airflow/example_dags/example_xcom.py
[2025-12-31T21:18:48.333+0000] {processor.py:914} INFO - Processing file /home/airflow/.local/lib/python3.12/site-packages/airflow/example_dags/example_xcom.py for tasks to queue
[2025-12-31T21:18:48.337+0000] {logging_mixin.py:190} INFO - [2025-12-31T21:18:48.336+0000] {dagbag.py:588} INFO - Filling up the DagBag from /home/airflow/.local/lib/python3.12/site-packages/airflow/example_dags/example_xcom.py
[2025-12-31T21:18:48.361+0000] {processor.py:925} INFO - DAG(s) 'example_xcom' retrieved from /home/airflow/.local/lib/python3.12/site-packages/airflow/example_dags/example_xcom.py
[2025-12-31T21:18:48.418+0000] {logging_mixin.py:190} INFO - [2025-12-31T21:18:48.418+0000] {dag.py:3239} INFO - Sync 1 DAGs
[2025-12-31T21:18:48.447+0000] {logging_mixin.py:190} INFO - [2025-12-31T21:18:48.447+0000] {dag.py:4180} INFO - Setting next_dagrun for example_xcom to 2021-01-01 00:00:00+00:00, run_after=2021-01-01 00:00:00+00:00
[2025-12-31T21:18:48.471+0000] {processor.py:208} INFO - Processing /home/airflow/.local/lib/python3.12/site-packages/airflow/example_dags/example_xcom.py took 0.145 seconds
[2025-12-31T21:19:18.629+0000] {processor.py:186} INFO - Started process (PID=993) to work on /home/airflow/.local/lib/python3.12/site-packages/airflow/example_dags/example_xcom.py
[2025-12-31T21:19:18.630+0000] {processor.py:914} INFO - Processing file /home/airflow/.local/lib/python3.12/site-packages/airflow/example_dags/example_xcom.py for tasks to queue
[2025-12-31T21:19:18.633+0000] {logging_mixin.py:190} INFO - [2025-12-31T21:19:18.633+0000] {dagbag.py:588} INFO - Filling up the DagBag from /home/airflow/.local/lib/python3.12/site-packages/airflow/example_dags/example_xcom.py
[2025-12-31T21:19:18.645+0000] {processor.py:925} INFO - DAG(s) 'example_xcom' retrieved from /home/airflow/.local/lib/python3.12/site-packages/airflow/example_dags/example_xcom.py
[2025-12-31T21:19:18.671+0000] {logging_mixin.py:190} INFO - [2025-12-31T21:19:18.671+0000] {dag.py:3239} INFO - Sync 1 DAGs
[2025-12-31T21:19:18.697+0000] {logging_mixin.py:190} INFO - [2025-12-31T21:19:18.696+0000] {dag.py:4180} INFO - Setting next_dagrun for example_xcom to 2021-01-01 00:00:00+00:00, run_after=2021-01-01 00:00:00+00:00
[2025-12-31T21:19:18.723+0000] {processor.py:208} INFO - Processing /home/airflow/.local/lib/python3.12/site-packages/airflow/example_dags/example_xcom.py took 0.102 seconds
[2025-12-31T21:19:48.842+0000] {processor.py:186} INFO - Started process (PID=1056) to work on /home/airflow/.local/lib/python3.12/site-packages/airflow/example_dags/example_xcom.py
[2025-12-31T21:19:48.844+0000] {processor.py:914} INFO - Processing file /home/airflow/.local/lib/python3.12/site-packages/airflow/example_dags/example_xcom.py for tasks to queue
[2025-12-31T21:19:48.847+0000] {logging_mixin.py:190} INFO - [2025-12-31T21:19:48.846+0000] {dagbag.py:588} INFO - Filling up the DagBag from /home/airflow/.local/lib/python3.12/site-packages/airflow/example_dags/example_xcom.py
[2025-12-31T21:19:48.869+0000] {processor.py:925} INFO - DAG(s) 'example_xcom' retrieved from /home/airflow/.local/lib/python3.12/site-packages/airflow/example_dags/example_xcom.py
[2025-12-31T21:19:48.924+0000] {logging_mixin.py:190} INFO - [2025-12-31T21:19:48.924+0000] {dag.py:3239} INFO - Sync 1 DAGs
[2025-12-31T21:19:48.967+0000] {logging_mixin.py:190} INFO - [2025-12-31T21:19:48.966+0000] {dag.py:4180} INFO - Setting next_dagrun for example_xcom to 2021-01-01 00:00:00+00:00, run_after=2021-01-01 00:00:00+00:00
[2025-12-31T21:19:48.993+0000] {processor.py:208} INFO - Processing /home/airflow/.local/lib/python3.12/site-packages/airflow/example_dags/example_xcom.py took 0.158 seconds
[2025-12-31T21:20:19.869+0000] {processor.py:186} INFO - Started process (PID=1119) to work on /home/airflow/.local/lib/python3.12/site-packages/airflow/example_dags/example_xcom.py
[2025-12-31T21:20:19.870+0000] {processor.py:914} INFO - Processing file /home/airflow/.local/lib/python3.12/site-packages/airflow/example_dags/example_xcom.py for tasks to queue
[2025-12-31T21:20:19.873+0000] {logging_mixin.py:190} INFO - [2025-12-31T21:20:19.873+0000] {dagbag.py:588} INFO - Filling up the DagBag from /home/airflow/.local/lib/python3.12/site-packages/airflow/example_dags/example_xcom.py
[2025-12-31T21:20:19.883+0000] {processor.py:925} INFO - DAG(s) 'example_xcom' retrieved from /home/airflow/.local/lib/python3.12/site-packages/airflow/example_dags/example_xcom.py
[2025-12-31T21:20:19.906+0000] {logging_mixin.py:190} INFO - [2025-12-31T21:20:19.905+0000] {dag.py:3239} INFO - Sync 1 DAGs
[2025-12-31T21:20:19.930+0000] {logging_mixin.py:190} INFO - [2025-12-31T21:20:19.929+0000] {dag.py:4180} INFO - Setting next_dagrun for example_xcom to 2021-01-01 00:00:00+00:00, run_after=2021-01-01 00:00:00+00:00
[2025-12-31T21:20:19.951+0000] {processor.py:208} INFO - Processing /home/airflow/.local/lib/python3.12/site-packages/airflow/example_dags/example_xcom.py took 0.088 seconds
[2025-12-31T21:20:50.549+0000] {processor.py:186} INFO - Started process (PID=1182) to work on /home/airflow/.local/lib/python3.12/site-packages/airflow/example_dags/example_xcom.py
[2025-12-31T21:20:50.550+0000] {processor.py:914} INFO - Processing file /home/airflow/.local/lib/python3.12/site-packages/airflow/example_dags/example_xcom.py for tasks to queue
[2025-12-31T21:20:50.553+0000] {logging_mixin.py:190} INFO - [2025-12-31T21:20:50.552+0000] {dagbag.py:588} INFO - Filling up the DagBag from /home/airflow/.local/lib/python3.12/site-packages/airflow/example_dags/example_xcom.py
[2025-12-31T21:20:50.564+0000] {processor.py:925} INFO - DAG(s) 'example_xcom' retrieved from /home/airflow/.local/lib/python3.12/site-packages/airflow/example_dags/example_xcom.py
[2025-12-31T21:20:50.586+0000] {logging_mixin.py:190} INFO - [2025-12-31T21:20:50.585+0000] {dag.py:3239} INFO - Sync 1 DAGs
[2025-12-31T21:20:50.610+0000] {logging_mixin.py:190} INFO - [2025-12-31T21:20:50.610+0000] {dag.py:4180} INFO - Setting next_dagrun for example_xcom to 2021-01-01 00:00:00+00:00, run_after=2021-01-01 00:00:00+00:00
[2025-12-31T21:20:50.632+0000] {processor.py:208} INFO - Processing /home/airflow/.local/lib/python3.12/site-packages/airflow/example_dags/example_xcom.py took 0.090 seconds
[2025-12-31T21:21:21.060+0000] {processor.py:186} INFO - Started process (PID=1246) to work on /home/airflow/.local/lib/python3.12/site-packages/airflow/example_dags/example_xcom.py
[2025-12-31T21:21:21.061+0000] {processor.py:914} INFO - Processing file /home/airflow/.local/lib/python3.12/site-packages/airflow/example_dags/example_xcom.py for tasks to queue
[2025-12-31T21:21:21.064+0000] {logging_mixin.py:190} INFO - [2025-12-31T21:21:21.064+0000] {dagbag.py:588} INFO - Filling up the DagBag from /home/airflow/.local/lib/python3.12/site-packages/airflow/example_dags/example_xcom.py
[2025-12-31T21:21:21.076+0000] {processor.py:925} INFO - DAG(s) 'example_xcom' retrieved from /home/airflow/.local/lib/python3.12/site-packages/airflow/example_dags/example_xcom.py
[2025-12-31T21:21:21.099+0000] {logging_mixin.py:190} INFO - [2025-12-31T21:21:21.098+0000] {dag.py:3239} INFO - Sync 1 DAGs
[2025-12-31T21:21:21.131+0000] {logging_mixin.py:190} INFO - [2025-12-31T21:21:21.130+0000] {dag.py:4180} INFO - Setting next_dagrun for example_xcom to 2021-01-01 00:00:00+00:00, run_after=2021-01-01 00:00:00+00:00
[2025-12-31T21:21:21.154+0000] {processor.py:208} INFO - Processing /home/airflow/.local/lib/python3.12/site-packages/airflow/example_dags/example_xcom.py took 0.101 seconds
