[2025-12-31T21:12:13.899+0000] {processor.py:186} INFO - Started process (PID=113) to work on /home/airflow/.local/lib/python3.12/site-packages/airflow/example_dags/example_branch_day_of_week_operator.py
[2025-12-31T21:12:13.901+0000] {processor.py:914} INFO - Processing file /home/airflow/.local/lib/python3.12/site-packages/airflow/example_dags/example_branch_day_of_week_operator.py for tasks to queue
[2025-12-31T21:12:13.907+0000] {logging_mixin.py:190} INFO - [2025-12-31T21:12:13.906+0000] {dagbag.py:588} INFO - Filling up the DagBag from /home/airflow/.local/lib/python3.12/site-packages/airflow/example_dags/example_branch_day_of_week_operator.py
[2025-12-31T21:12:13.933+0000] {processor.py:925} INFO - DAG(s) 'example_weekday_branch_operator' retrieved from /home/airflow/.local/lib/python3.12/site-packages/airflow/example_dags/example_branch_day_of_week_operator.py
[2025-12-31T21:12:14.162+0000] {logging_mixin.py:190} INFO - [2025-12-31T21:12:14.161+0000] {override.py:1912} INFO - Created Permission View: can read on DAG:example_weekday_branch_operator
[2025-12-31T21:12:14.177+0000] {logging_mixin.py:190} INFO - [2025-12-31T21:12:14.176+0000] {override.py:1912} INFO - Created Permission View: can delete on DAG:example_weekday_branch_operator
[2025-12-31T21:12:14.187+0000] {logging_mixin.py:190} INFO - [2025-12-31T21:12:14.186+0000] {override.py:1912} INFO - Created Permission View: can edit on DAG:example_weekday_branch_operator
[2025-12-31T21:12:14.198+0000] {logging_mixin.py:190} INFO - [2025-12-31T21:12:14.198+0000] {override.py:1912} INFO - Created Permission View: can read on DAG Run:example_weekday_branch_operator
[2025-12-31T21:12:14.209+0000] {logging_mixin.py:190} INFO - [2025-12-31T21:12:14.209+0000] {override.py:1912} INFO - Created Permission View: can create on DAG Run:example_weekday_branch_operator
[2025-12-31T21:12:14.220+0000] {logging_mixin.py:190} INFO - [2025-12-31T21:12:14.219+0000] {override.py:1912} INFO - Created Permission View: can delete on DAG Run:example_weekday_branch_operator
[2025-12-31T21:12:14.230+0000] {logging_mixin.py:190} INFO - [2025-12-31T21:12:14.230+0000] {override.py:1912} INFO - Created Permission View: menu access on DAG Run:example_weekday_branch_operator
[2025-12-31T21:12:14.231+0000] {logging_mixin.py:190} INFO - [2025-12-31T21:12:14.231+0000] {dag.py:3239} INFO - Sync 1 DAGs
[2025-12-31T21:12:14.248+0000] {logging_mixin.py:190} INFO - [2025-12-31T21:12:14.248+0000] {dag.py:3262} INFO - Creating ORM DAG for example_weekday_branch_operator
[2025-12-31T21:12:14.263+0000] {logging_mixin.py:190} INFO - [2025-12-31T21:12:14.263+0000] {dag.py:4180} INFO - Setting next_dagrun for example_weekday_branch_operator to 2025-12-30 00:00:00+00:00, run_after=2025-12-31 00:00:00+00:00
[2025-12-31T21:12:14.287+0000] {processor.py:208} INFO - Processing /home/airflow/.local/lib/python3.12/site-packages/airflow/example_dags/example_branch_day_of_week_operator.py took 0.403 seconds
[2025-12-31T21:12:44.616+0000] {processor.py:186} INFO - Started process (PID=176) to work on /home/airflow/.local/lib/python3.12/site-packages/airflow/example_dags/example_branch_day_of_week_operator.py
[2025-12-31T21:12:44.617+0000] {processor.py:914} INFO - Processing file /home/airflow/.local/lib/python3.12/site-packages/airflow/example_dags/example_branch_day_of_week_operator.py for tasks to queue
[2025-12-31T21:12:44.620+0000] {logging_mixin.py:190} INFO - [2025-12-31T21:12:44.620+0000] {dagbag.py:588} INFO - Filling up the DagBag from /home/airflow/.local/lib/python3.12/site-packages/airflow/example_dags/example_branch_day_of_week_operator.py
[2025-12-31T21:12:44.632+0000] {processor.py:925} INFO - DAG(s) 'example_weekday_branch_operator' retrieved from /home/airflow/.local/lib/python3.12/site-packages/airflow/example_dags/example_branch_day_of_week_operator.py
[2025-12-31T21:12:44.655+0000] {logging_mixin.py:190} INFO - [2025-12-31T21:12:44.655+0000] {dag.py:3239} INFO - Sync 1 DAGs
[2025-12-31T21:12:44.684+0000] {logging_mixin.py:190} INFO - [2025-12-31T21:12:44.684+0000] {dag.py:4180} INFO - Setting next_dagrun for example_weekday_branch_operator to 2025-12-30 00:00:00+00:00, run_after=2025-12-31 00:00:00+00:00
[2025-12-31T21:12:44.708+0000] {processor.py:208} INFO - Processing /home/airflow/.local/lib/python3.12/site-packages/airflow/example_dags/example_branch_day_of_week_operator.py took 0.099 seconds
[2025-12-31T21:13:14.818+0000] {processor.py:186} INFO - Started process (PID=238) to work on /home/airflow/.local/lib/python3.12/site-packages/airflow/example_dags/example_branch_day_of_week_operator.py
[2025-12-31T21:13:14.819+0000] {processor.py:914} INFO - Processing file /home/airflow/.local/lib/python3.12/site-packages/airflow/example_dags/example_branch_day_of_week_operator.py for tasks to queue
[2025-12-31T21:13:14.823+0000] {logging_mixin.py:190} INFO - [2025-12-31T21:13:14.822+0000] {dagbag.py:588} INFO - Filling up the DagBag from /home/airflow/.local/lib/python3.12/site-packages/airflow/example_dags/example_branch_day_of_week_operator.py
[2025-12-31T21:13:14.837+0000] {processor.py:925} INFO - DAG(s) 'example_weekday_branch_operator' retrieved from /home/airflow/.local/lib/python3.12/site-packages/airflow/example_dags/example_branch_day_of_week_operator.py
[2025-12-31T21:13:14.864+0000] {logging_mixin.py:190} INFO - [2025-12-31T21:13:14.863+0000] {dag.py:3239} INFO - Sync 1 DAGs
[2025-12-31T21:13:14.893+0000] {logging_mixin.py:190} INFO - [2025-12-31T21:13:14.893+0000] {dag.py:4180} INFO - Setting next_dagrun for example_weekday_branch_operator to 2025-12-30 00:00:00+00:00, run_after=2025-12-31 00:00:00+00:00
[2025-12-31T21:13:14.920+0000] {processor.py:208} INFO - Processing /home/airflow/.local/lib/python3.12/site-packages/airflow/example_dags/example_branch_day_of_week_operator.py took 0.110 seconds
[2025-12-31T21:13:45.109+0000] {processor.py:186} INFO - Started process (PID=301) to work on /home/airflow/.local/lib/python3.12/site-packages/airflow/example_dags/example_branch_day_of_week_operator.py
[2025-12-31T21:13:45.110+0000] {processor.py:914} INFO - Processing file /home/airflow/.local/lib/python3.12/site-packages/airflow/example_dags/example_branch_day_of_week_operator.py for tasks to queue
[2025-12-31T21:13:45.113+0000] {logging_mixin.py:190} INFO - [2025-12-31T21:13:45.113+0000] {dagbag.py:588} INFO - Filling up the DagBag from /home/airflow/.local/lib/python3.12/site-packages/airflow/example_dags/example_branch_day_of_week_operator.py
[2025-12-31T21:13:45.127+0000] {processor.py:925} INFO - DAG(s) 'example_weekday_branch_operator' retrieved from /home/airflow/.local/lib/python3.12/site-packages/airflow/example_dags/example_branch_day_of_week_operator.py
[2025-12-31T21:13:45.150+0000] {logging_mixin.py:190} INFO - [2025-12-31T21:13:45.150+0000] {dag.py:3239} INFO - Sync 1 DAGs
[2025-12-31T21:13:45.182+0000] {logging_mixin.py:190} INFO - [2025-12-31T21:13:45.182+0000] {dag.py:4180} INFO - Setting next_dagrun for example_weekday_branch_operator to 2025-12-30 00:00:00+00:00, run_after=2025-12-31 00:00:00+00:00
[2025-12-31T21:13:45.214+0000] {processor.py:208} INFO - Processing /home/airflow/.local/lib/python3.12/site-packages/airflow/example_dags/example_branch_day_of_week_operator.py took 0.113 seconds
[2025-12-31T21:14:15.693+0000] {processor.py:186} INFO - Started process (PID=364) to work on /home/airflow/.local/lib/python3.12/site-packages/airflow/example_dags/example_branch_day_of_week_operator.py
[2025-12-31T21:14:15.695+0000] {processor.py:914} INFO - Processing file /home/airflow/.local/lib/python3.12/site-packages/airflow/example_dags/example_branch_day_of_week_operator.py for tasks to queue
[2025-12-31T21:14:15.698+0000] {logging_mixin.py:190} INFO - [2025-12-31T21:14:15.698+0000] {dagbag.py:588} INFO - Filling up the DagBag from /home/airflow/.local/lib/python3.12/site-packages/airflow/example_dags/example_branch_day_of_week_operator.py
[2025-12-31T21:14:15.712+0000] {processor.py:925} INFO - DAG(s) 'example_weekday_branch_operator' retrieved from /home/airflow/.local/lib/python3.12/site-packages/airflow/example_dags/example_branch_day_of_week_operator.py
[2025-12-31T21:14:15.737+0000] {logging_mixin.py:190} INFO - [2025-12-31T21:14:15.737+0000] {dag.py:3239} INFO - Sync 1 DAGs
[2025-12-31T21:14:15.769+0000] {logging_mixin.py:190} INFO - [2025-12-31T21:14:15.769+0000] {dag.py:4180} INFO - Setting next_dagrun for example_weekday_branch_operator to 2025-12-30 00:00:00+00:00, run_after=2025-12-31 00:00:00+00:00
[2025-12-31T21:14:15.803+0000] {processor.py:208} INFO - Processing /home/airflow/.local/lib/python3.12/site-packages/airflow/example_dags/example_branch_day_of_week_operator.py took 0.118 seconds
[2025-12-31T21:14:45.885+0000] {processor.py:186} INFO - Started process (PID=427) to work on /home/airflow/.local/lib/python3.12/site-packages/airflow/example_dags/example_branch_day_of_week_operator.py
[2025-12-31T21:14:45.887+0000] {processor.py:914} INFO - Processing file /home/airflow/.local/lib/python3.12/site-packages/airflow/example_dags/example_branch_day_of_week_operator.py for tasks to queue
[2025-12-31T21:14:45.891+0000] {logging_mixin.py:190} INFO - [2025-12-31T21:14:45.890+0000] {dagbag.py:588} INFO - Filling up the DagBag from /home/airflow/.local/lib/python3.12/site-packages/airflow/example_dags/example_branch_day_of_week_operator.py
[2025-12-31T21:14:45.909+0000] {processor.py:925} INFO - DAG(s) 'example_weekday_branch_operator' retrieved from /home/airflow/.local/lib/python3.12/site-packages/airflow/example_dags/example_branch_day_of_week_operator.py
[2025-12-31T21:14:45.945+0000] {logging_mixin.py:190} INFO - [2025-12-31T21:14:45.944+0000] {dag.py:3239} INFO - Sync 1 DAGs
[2025-12-31T21:14:45.981+0000] {logging_mixin.py:190} INFO - [2025-12-31T21:14:45.981+0000] {dag.py:4180} INFO - Setting next_dagrun for example_weekday_branch_operator to 2025-12-30 00:00:00+00:00, run_after=2025-12-31 00:00:00+00:00
[2025-12-31T21:14:46.010+0000] {processor.py:208} INFO - Processing /home/airflow/.local/lib/python3.12/site-packages/airflow/example_dags/example_branch_day_of_week_operator.py took 0.135 seconds
[2025-12-31T21:15:16.083+0000] {processor.py:186} INFO - Started process (PID=489) to work on /home/airflow/.local/lib/python3.12/site-packages/airflow/example_dags/example_branch_day_of_week_operator.py
[2025-12-31T21:15:16.084+0000] {processor.py:914} INFO - Processing file /home/airflow/.local/lib/python3.12/site-packages/airflow/example_dags/example_branch_day_of_week_operator.py for tasks to queue
[2025-12-31T21:15:16.087+0000] {logging_mixin.py:190} INFO - [2025-12-31T21:15:16.087+0000] {dagbag.py:588} INFO - Filling up the DagBag from /home/airflow/.local/lib/python3.12/site-packages/airflow/example_dags/example_branch_day_of_week_operator.py
[2025-12-31T21:15:16.114+0000] {processor.py:925} INFO - DAG(s) 'example_weekday_branch_operator' retrieved from /home/airflow/.local/lib/python3.12/site-packages/airflow/example_dags/example_branch_day_of_week_operator.py
[2025-12-31T21:15:16.148+0000] {logging_mixin.py:190} INFO - [2025-12-31T21:15:16.148+0000] {dag.py:3239} INFO - Sync 1 DAGs
[2025-12-31T21:15:16.184+0000] {logging_mixin.py:190} INFO - [2025-12-31T21:15:16.184+0000] {dag.py:4180} INFO - Setting next_dagrun for example_weekday_branch_operator to 2025-12-30 00:00:00+00:00, run_after=2025-12-31 00:00:00+00:00
[2025-12-31T21:15:16.222+0000] {processor.py:208} INFO - Processing /home/airflow/.local/lib/python3.12/site-packages/airflow/example_dags/example_branch_day_of_week_operator.py took 0.146 seconds
[2025-12-31T21:15:46.445+0000] {processor.py:186} INFO - Started process (PID=552) to work on /home/airflow/.local/lib/python3.12/site-packages/airflow/example_dags/example_branch_day_of_week_operator.py
[2025-12-31T21:15:46.446+0000] {processor.py:914} INFO - Processing file /home/airflow/.local/lib/python3.12/site-packages/airflow/example_dags/example_branch_day_of_week_operator.py for tasks to queue
[2025-12-31T21:15:46.458+0000] {logging_mixin.py:190} INFO - [2025-12-31T21:15:46.457+0000] {dagbag.py:588} INFO - Filling up the DagBag from /home/airflow/.local/lib/python3.12/site-packages/airflow/example_dags/example_branch_day_of_week_operator.py
[2025-12-31T21:15:46.473+0000] {processor.py:925} INFO - DAG(s) 'example_weekday_branch_operator' retrieved from /home/airflow/.local/lib/python3.12/site-packages/airflow/example_dags/example_branch_day_of_week_operator.py
[2025-12-31T21:15:46.499+0000] {logging_mixin.py:190} INFO - [2025-12-31T21:15:46.498+0000] {dag.py:3239} INFO - Sync 1 DAGs
[2025-12-31T21:15:46.531+0000] {logging_mixin.py:190} INFO - [2025-12-31T21:15:46.530+0000] {dag.py:4180} INFO - Setting next_dagrun for example_weekday_branch_operator to 2025-12-30 00:00:00+00:00, run_after=2025-12-31 00:00:00+00:00
[2025-12-31T21:15:46.567+0000] {processor.py:208} INFO - Processing /home/airflow/.local/lib/python3.12/site-packages/airflow/example_dags/example_branch_day_of_week_operator.py took 0.135 seconds
[2025-12-31T21:16:16.871+0000] {processor.py:186} INFO - Started process (PID=616) to work on /home/airflow/.local/lib/python3.12/site-packages/airflow/example_dags/example_branch_day_of_week_operator.py
[2025-12-31T21:16:16.872+0000] {processor.py:914} INFO - Processing file /home/airflow/.local/lib/python3.12/site-packages/airflow/example_dags/example_branch_day_of_week_operator.py for tasks to queue
[2025-12-31T21:16:16.875+0000] {logging_mixin.py:190} INFO - [2025-12-31T21:16:16.874+0000] {dagbag.py:588} INFO - Filling up the DagBag from /home/airflow/.local/lib/python3.12/site-packages/airflow/example_dags/example_branch_day_of_week_operator.py
[2025-12-31T21:16:16.886+0000] {processor.py:925} INFO - DAG(s) 'example_weekday_branch_operator' retrieved from /home/airflow/.local/lib/python3.12/site-packages/airflow/example_dags/example_branch_day_of_week_operator.py
[2025-12-31T21:16:16.907+0000] {logging_mixin.py:190} INFO - [2025-12-31T21:16:16.907+0000] {dag.py:3239} INFO - Sync 1 DAGs
[2025-12-31T21:16:16.935+0000] {logging_mixin.py:190} INFO - [2025-12-31T21:16:16.934+0000] {dag.py:4180} INFO - Setting next_dagrun for example_weekday_branch_operator to 2025-12-30 00:00:00+00:00, run_after=2025-12-31 00:00:00+00:00
[2025-12-31T21:16:16.957+0000] {processor.py:208} INFO - Processing /home/airflow/.local/lib/python3.12/site-packages/airflow/example_dags/example_branch_day_of_week_operator.py took 0.093 seconds
[2025-12-31T21:16:47.662+0000] {processor.py:186} INFO - Started process (PID=679) to work on /home/airflow/.local/lib/python3.12/site-packages/airflow/example_dags/example_branch_day_of_week_operator.py
[2025-12-31T21:16:47.663+0000] {processor.py:914} INFO - Processing file /home/airflow/.local/lib/python3.12/site-packages/airflow/example_dags/example_branch_day_of_week_operator.py for tasks to queue
[2025-12-31T21:16:47.665+0000] {logging_mixin.py:190} INFO - [2025-12-31T21:16:47.665+0000] {dagbag.py:588} INFO - Filling up the DagBag from /home/airflow/.local/lib/python3.12/site-packages/airflow/example_dags/example_branch_day_of_week_operator.py
[2025-12-31T21:16:47.676+0000] {processor.py:925} INFO - DAG(s) 'example_weekday_branch_operator' retrieved from /home/airflow/.local/lib/python3.12/site-packages/airflow/example_dags/example_branch_day_of_week_operator.py
[2025-12-31T21:16:47.698+0000] {logging_mixin.py:190} INFO - [2025-12-31T21:16:47.698+0000] {dag.py:3239} INFO - Sync 1 DAGs
[2025-12-31T21:16:47.731+0000] {logging_mixin.py:190} INFO - [2025-12-31T21:16:47.731+0000] {dag.py:4180} INFO - Setting next_dagrun for example_weekday_branch_operator to 2025-12-30 00:00:00+00:00, run_after=2025-12-31 00:00:00+00:00
[2025-12-31T21:16:47.753+0000] {processor.py:208} INFO - Processing /home/airflow/.local/lib/python3.12/site-packages/airflow/example_dags/example_branch_day_of_week_operator.py took 0.098 seconds
[2025-12-31T21:17:18.754+0000] {processor.py:186} INFO - Started process (PID=748) to work on /home/airflow/.local/lib/python3.12/site-packages/airflow/example_dags/example_branch_day_of_week_operator.py
[2025-12-31T21:17:18.756+0000] {processor.py:914} INFO - Processing file /home/airflow/.local/lib/python3.12/site-packages/airflow/example_dags/example_branch_day_of_week_operator.py for tasks to queue
[2025-12-31T21:17:18.758+0000] {logging_mixin.py:190} INFO - [2025-12-31T21:17:18.758+0000] {dagbag.py:588} INFO - Filling up the DagBag from /home/airflow/.local/lib/python3.12/site-packages/airflow/example_dags/example_branch_day_of_week_operator.py
[2025-12-31T21:17:18.773+0000] {processor.py:925} INFO - DAG(s) 'example_weekday_branch_operator' retrieved from /home/airflow/.local/lib/python3.12/site-packages/airflow/example_dags/example_branch_day_of_week_operator.py
[2025-12-31T21:17:18.798+0000] {logging_mixin.py:190} INFO - [2025-12-31T21:17:18.798+0000] {dag.py:3239} INFO - Sync 1 DAGs
[2025-12-31T21:17:18.841+0000] {logging_mixin.py:190} INFO - [2025-12-31T21:17:18.841+0000] {dag.py:4180} INFO - Setting next_dagrun for example_weekday_branch_operator to 2025-12-30 00:00:00+00:00, run_after=2025-12-31 00:00:00+00:00
[2025-12-31T21:17:18.866+0000] {processor.py:208} INFO - Processing /home/airflow/.local/lib/python3.12/site-packages/airflow/example_dags/example_branch_day_of_week_operator.py took 0.120 seconds
[2025-12-31T21:17:49.250+0000] {processor.py:186} INFO - Started process (PID=812) to work on /home/airflow/.local/lib/python3.12/site-packages/airflow/example_dags/example_branch_day_of_week_operator.py
[2025-12-31T21:17:49.251+0000] {processor.py:914} INFO - Processing file /home/airflow/.local/lib/python3.12/site-packages/airflow/example_dags/example_branch_day_of_week_operator.py for tasks to queue
[2025-12-31T21:17:49.255+0000] {logging_mixin.py:190} INFO - [2025-12-31T21:17:49.254+0000] {dagbag.py:588} INFO - Filling up the DagBag from /home/airflow/.local/lib/python3.12/site-packages/airflow/example_dags/example_branch_day_of_week_operator.py
[2025-12-31T21:17:49.271+0000] {processor.py:925} INFO - DAG(s) 'example_weekday_branch_operator' retrieved from /home/airflow/.local/lib/python3.12/site-packages/airflow/example_dags/example_branch_day_of_week_operator.py
[2025-12-31T21:17:49.300+0000] {logging_mixin.py:190} INFO - [2025-12-31T21:17:49.300+0000] {dag.py:3239} INFO - Sync 1 DAGs
[2025-12-31T21:17:49.333+0000] {logging_mixin.py:190} INFO - [2025-12-31T21:17:49.333+0000] {dag.py:4180} INFO - Setting next_dagrun for example_weekday_branch_operator to 2025-12-30 00:00:00+00:00, run_after=2025-12-31 00:00:00+00:00
[2025-12-31T21:17:49.363+0000] {processor.py:208} INFO - Processing /home/airflow/.local/lib/python3.12/site-packages/airflow/example_dags/example_branch_day_of_week_operator.py took 0.121 seconds
[2025-12-31T21:18:19.906+0000] {processor.py:186} INFO - Started process (PID=875) to work on /home/airflow/.local/lib/python3.12/site-packages/airflow/example_dags/example_branch_day_of_week_operator.py
[2025-12-31T21:18:19.907+0000] {processor.py:914} INFO - Processing file /home/airflow/.local/lib/python3.12/site-packages/airflow/example_dags/example_branch_day_of_week_operator.py for tasks to queue
[2025-12-31T21:18:19.910+0000] {logging_mixin.py:190} INFO - [2025-12-31T21:18:19.910+0000] {dagbag.py:588} INFO - Filling up the DagBag from /home/airflow/.local/lib/python3.12/site-packages/airflow/example_dags/example_branch_day_of_week_operator.py
[2025-12-31T21:18:19.925+0000] {processor.py:925} INFO - DAG(s) 'example_weekday_branch_operator' retrieved from /home/airflow/.local/lib/python3.12/site-packages/airflow/example_dags/example_branch_day_of_week_operator.py
[2025-12-31T21:18:19.948+0000] {logging_mixin.py:190} INFO - [2025-12-31T21:18:19.948+0000] {dag.py:3239} INFO - Sync 1 DAGs
[2025-12-31T21:18:19.976+0000] {logging_mixin.py:190} INFO - [2025-12-31T21:18:19.976+0000] {dag.py:4180} INFO - Setting next_dagrun for example_weekday_branch_operator to 2025-12-30 00:00:00+00:00, run_after=2025-12-31 00:00:00+00:00
[2025-12-31T21:18:20.002+0000] {processor.py:208} INFO - Processing /home/airflow/.local/lib/python3.12/site-packages/airflow/example_dags/example_branch_day_of_week_operator.py took 0.104 seconds
[2025-12-31T21:18:50.881+0000] {processor.py:186} INFO - Started process (PID=938) to work on /home/airflow/.local/lib/python3.12/site-packages/airflow/example_dags/example_branch_day_of_week_operator.py
[2025-12-31T21:18:50.882+0000] {processor.py:914} INFO - Processing file /home/airflow/.local/lib/python3.12/site-packages/airflow/example_dags/example_branch_day_of_week_operator.py for tasks to queue
[2025-12-31T21:18:50.885+0000] {logging_mixin.py:190} INFO - [2025-12-31T21:18:50.884+0000] {dagbag.py:588} INFO - Filling up the DagBag from /home/airflow/.local/lib/python3.12/site-packages/airflow/example_dags/example_branch_day_of_week_operator.py
[2025-12-31T21:18:50.897+0000] {processor.py:925} INFO - DAG(s) 'example_weekday_branch_operator' retrieved from /home/airflow/.local/lib/python3.12/site-packages/airflow/example_dags/example_branch_day_of_week_operator.py
[2025-12-31T21:18:50.921+0000] {logging_mixin.py:190} INFO - [2025-12-31T21:18:50.920+0000] {dag.py:3239} INFO - Sync 1 DAGs
[2025-12-31T21:18:50.949+0000] {logging_mixin.py:190} INFO - [2025-12-31T21:18:50.948+0000] {dag.py:4180} INFO - Setting next_dagrun for example_weekday_branch_operator to 2025-12-30 00:00:00+00:00, run_after=2025-12-31 00:00:00+00:00
[2025-12-31T21:18:50.971+0000] {processor.py:208} INFO - Processing /home/airflow/.local/lib/python3.12/site-packages/airflow/example_dags/example_branch_day_of_week_operator.py took 0.098 seconds
[2025-12-31T21:19:21.179+0000] {processor.py:186} INFO - Started process (PID=1001) to work on /home/airflow/.local/lib/python3.12/site-packages/airflow/example_dags/example_branch_day_of_week_operator.py
[2025-12-31T21:19:21.180+0000] {processor.py:914} INFO - Processing file /home/airflow/.local/lib/python3.12/site-packages/airflow/example_dags/example_branch_day_of_week_operator.py for tasks to queue
[2025-12-31T21:19:21.183+0000] {logging_mixin.py:190} INFO - [2025-12-31T21:19:21.183+0000] {dagbag.py:588} INFO - Filling up the DagBag from /home/airflow/.local/lib/python3.12/site-packages/airflow/example_dags/example_branch_day_of_week_operator.py
[2025-12-31T21:19:21.195+0000] {processor.py:925} INFO - DAG(s) 'example_weekday_branch_operator' retrieved from /home/airflow/.local/lib/python3.12/site-packages/airflow/example_dags/example_branch_day_of_week_operator.py
[2025-12-31T21:19:21.216+0000] {logging_mixin.py:190} INFO - [2025-12-31T21:19:21.216+0000] {dag.py:3239} INFO - Sync 1 DAGs
[2025-12-31T21:19:21.245+0000] {logging_mixin.py:190} INFO - [2025-12-31T21:19:21.245+0000] {dag.py:4180} INFO - Setting next_dagrun for example_weekday_branch_operator to 2025-12-30 00:00:00+00:00, run_after=2025-12-31 00:00:00+00:00
[2025-12-31T21:19:21.268+0000] {processor.py:208} INFO - Processing /home/airflow/.local/lib/python3.12/site-packages/airflow/example_dags/example_branch_day_of_week_operator.py took 0.096 seconds
[2025-12-31T21:19:51.557+0000] {processor.py:186} INFO - Started process (PID=1064) to work on /home/airflow/.local/lib/python3.12/site-packages/airflow/example_dags/example_branch_day_of_week_operator.py
[2025-12-31T21:19:51.559+0000] {processor.py:914} INFO - Processing file /home/airflow/.local/lib/python3.12/site-packages/airflow/example_dags/example_branch_day_of_week_operator.py for tasks to queue
[2025-12-31T21:19:51.562+0000] {logging_mixin.py:190} INFO - [2025-12-31T21:19:51.562+0000] {dagbag.py:588} INFO - Filling up the DagBag from /home/airflow/.local/lib/python3.12/site-packages/airflow/example_dags/example_branch_day_of_week_operator.py
[2025-12-31T21:19:51.582+0000] {processor.py:925} INFO - DAG(s) 'example_weekday_branch_operator' retrieved from /home/airflow/.local/lib/python3.12/site-packages/airflow/example_dags/example_branch_day_of_week_operator.py
[2025-12-31T21:19:51.615+0000] {logging_mixin.py:190} INFO - [2025-12-31T21:19:51.615+0000] {dag.py:3239} INFO - Sync 1 DAGs
[2025-12-31T21:19:51.654+0000] {logging_mixin.py:190} INFO - [2025-12-31T21:19:51.654+0000] {dag.py:4180} INFO - Setting next_dagrun for example_weekday_branch_operator to 2025-12-30 00:00:00+00:00, run_after=2025-12-31 00:00:00+00:00
[2025-12-31T21:19:51.688+0000] {processor.py:208} INFO - Processing /home/airflow/.local/lib/python3.12/site-packages/airflow/example_dags/example_branch_day_of_week_operator.py took 0.140 seconds
[2025-12-31T21:20:22.412+0000] {processor.py:186} INFO - Started process (PID=1127) to work on /home/airflow/.local/lib/python3.12/site-packages/airflow/example_dags/example_branch_day_of_week_operator.py
[2025-12-31T21:20:22.414+0000] {processor.py:914} INFO - Processing file /home/airflow/.local/lib/python3.12/site-packages/airflow/example_dags/example_branch_day_of_week_operator.py for tasks to queue
[2025-12-31T21:20:22.417+0000] {logging_mixin.py:190} INFO - [2025-12-31T21:20:22.416+0000] {dagbag.py:588} INFO - Filling up the DagBag from /home/airflow/.local/lib/python3.12/site-packages/airflow/example_dags/example_branch_day_of_week_operator.py
[2025-12-31T21:20:22.429+0000] {processor.py:925} INFO - DAG(s) 'example_weekday_branch_operator' retrieved from /home/airflow/.local/lib/python3.12/site-packages/airflow/example_dags/example_branch_day_of_week_operator.py
[2025-12-31T21:20:22.452+0000] {logging_mixin.py:190} INFO - [2025-12-31T21:20:22.452+0000] {dag.py:3239} INFO - Sync 1 DAGs
[2025-12-31T21:20:22.480+0000] {logging_mixin.py:190} INFO - [2025-12-31T21:20:22.480+0000] {dag.py:4180} INFO - Setting next_dagrun for example_weekday_branch_operator to 2025-12-30 00:00:00+00:00, run_after=2025-12-31 00:00:00+00:00
[2025-12-31T21:20:22.507+0000] {processor.py:208} INFO - Processing /home/airflow/.local/lib/python3.12/site-packages/airflow/example_dags/example_branch_day_of_week_operator.py took 0.103 seconds
[2025-12-31T21:20:53.088+0000] {processor.py:186} INFO - Started process (PID=1190) to work on /home/airflow/.local/lib/python3.12/site-packages/airflow/example_dags/example_branch_day_of_week_operator.py
[2025-12-31T21:20:53.089+0000] {processor.py:914} INFO - Processing file /home/airflow/.local/lib/python3.12/site-packages/airflow/example_dags/example_branch_day_of_week_operator.py for tasks to queue
[2025-12-31T21:20:53.092+0000] {logging_mixin.py:190} INFO - [2025-12-31T21:20:53.092+0000] {dagbag.py:588} INFO - Filling up the DagBag from /home/airflow/.local/lib/python3.12/site-packages/airflow/example_dags/example_branch_day_of_week_operator.py
[2025-12-31T21:20:53.106+0000] {processor.py:925} INFO - DAG(s) 'example_weekday_branch_operator' retrieved from /home/airflow/.local/lib/python3.12/site-packages/airflow/example_dags/example_branch_day_of_week_operator.py
[2025-12-31T21:20:53.130+0000] {logging_mixin.py:190} INFO - [2025-12-31T21:20:53.130+0000] {dag.py:3239} INFO - Sync 1 DAGs
[2025-12-31T21:20:53.157+0000] {logging_mixin.py:190} INFO - [2025-12-31T21:20:53.157+0000] {dag.py:4180} INFO - Setting next_dagrun for example_weekday_branch_operator to 2025-12-30 00:00:00+00:00, run_after=2025-12-31 00:00:00+00:00
[2025-12-31T21:20:53.179+0000] {processor.py:208} INFO - Processing /home/airflow/.local/lib/python3.12/site-packages/airflow/example_dags/example_branch_day_of_week_operator.py took 0.097 seconds
[2025-12-31T21:21:23.661+0000] {processor.py:186} INFO - Started process (PID=1254) to work on /home/airflow/.local/lib/python3.12/site-packages/airflow/example_dags/example_branch_day_of_week_operator.py
[2025-12-31T21:21:23.662+0000] {processor.py:914} INFO - Processing file /home/airflow/.local/lib/python3.12/site-packages/airflow/example_dags/example_branch_day_of_week_operator.py for tasks to queue
[2025-12-31T21:21:23.665+0000] {logging_mixin.py:190} INFO - [2025-12-31T21:21:23.665+0000] {dagbag.py:588} INFO - Filling up the DagBag from /home/airflow/.local/lib/python3.12/site-packages/airflow/example_dags/example_branch_day_of_week_operator.py
[2025-12-31T21:21:23.679+0000] {processor.py:925} INFO - DAG(s) 'example_weekday_branch_operator' retrieved from /home/airflow/.local/lib/python3.12/site-packages/airflow/example_dags/example_branch_day_of_week_operator.py
[2025-12-31T21:21:23.703+0000] {logging_mixin.py:190} INFO - [2025-12-31T21:21:23.703+0000] {dag.py:3239} INFO - Sync 1 DAGs
[2025-12-31T21:21:23.733+0000] {logging_mixin.py:190} INFO - [2025-12-31T21:21:23.733+0000] {dag.py:4180} INFO - Setting next_dagrun for example_weekday_branch_operator to 2025-12-30 00:00:00+00:00, run_after=2025-12-31 00:00:00+00:00
[2025-12-31T21:21:23.758+0000] {processor.py:208} INFO - Processing /home/airflow/.local/lib/python3.12/site-packages/airflow/example_dags/example_branch_day_of_week_operator.py took 0.105 seconds
