[2025-12-31T21:12:16.662+0000] {processor.py:186} INFO - Started process (PID=121) to work on /home/airflow/.local/lib/python3.12/site-packages/airflow/example_dags/example_sla_dag.py
[2025-12-31T21:12:16.663+0000] {processor.py:914} INFO - Processing file /home/airflow/.local/lib/python3.12/site-packages/airflow/example_dags/example_sla_dag.py for tasks to queue
[2025-12-31T21:12:16.667+0000] {logging_mixin.py:190} INFO - [2025-12-31T21:12:16.667+0000] {dagbag.py:588} INFO - Filling up the DagBag from /home/airflow/.local/lib/python3.12/site-packages/airflow/example_dags/example_sla_dag.py
[2025-12-31T21:12:16.685+0000] {processor.py:925} INFO - DAG(s) 'example_sla_dag' retrieved from /home/airflow/.local/lib/python3.12/site-packages/airflow/example_dags/example_sla_dag.py
[2025-12-31T21:12:16.959+0000] {logging_mixin.py:190} INFO - [2025-12-31T21:12:16.958+0000] {override.py:1912} INFO - Created Permission View: can read on DAG:example_sla_dag
[2025-12-31T21:12:16.978+0000] {logging_mixin.py:190} INFO - [2025-12-31T21:12:16.977+0000] {override.py:1912} INFO - Created Permission View: can delete on DAG:example_sla_dag
[2025-12-31T21:12:16.990+0000] {logging_mixin.py:190} INFO - [2025-12-31T21:12:16.990+0000] {override.py:1912} INFO - Created Permission View: can edit on DAG:example_sla_dag
[2025-12-31T21:12:17.005+0000] {logging_mixin.py:190} INFO - [2025-12-31T21:12:17.004+0000] {override.py:1912} INFO - Created Permission View: can read on DAG Run:example_sla_dag
[2025-12-31T21:12:17.015+0000] {logging_mixin.py:190} INFO - [2025-12-31T21:12:17.015+0000] {override.py:1912} INFO - Created Permission View: can create on DAG Run:example_sla_dag
[2025-12-31T21:12:17.033+0000] {logging_mixin.py:190} INFO - [2025-12-31T21:12:17.033+0000] {override.py:1912} INFO - Created Permission View: can delete on DAG Run:example_sla_dag
[2025-12-31T21:12:17.057+0000] {logging_mixin.py:190} INFO - [2025-12-31T21:12:17.056+0000] {override.py:1912} INFO - Created Permission View: menu access on DAG Run:example_sla_dag
[2025-12-31T21:12:17.058+0000] {logging_mixin.py:190} INFO - [2025-12-31T21:12:17.058+0000] {dag.py:3239} INFO - Sync 1 DAGs
[2025-12-31T21:12:17.095+0000] {logging_mixin.py:190} INFO - [2025-12-31T21:12:17.094+0000] {dag.py:3262} INFO - Creating ORM DAG for example_sla_dag
[2025-12-31T21:12:17.128+0000] {logging_mixin.py:190} INFO - [2025-12-31T21:12:17.127+0000] {dag.py:4180} INFO - Setting next_dagrun for example_sla_dag to 2025-12-31 21:10:00+00:00, run_after=2025-12-31 21:12:00+00:00
[2025-12-31T21:12:17.158+0000] {processor.py:208} INFO - Processing /home/airflow/.local/lib/python3.12/site-packages/airflow/example_dags/example_sla_dag.py took 0.505 seconds
[2025-12-31T21:12:47.407+0000] {processor.py:186} INFO - Started process (PID=190) to work on /home/airflow/.local/lib/python3.12/site-packages/airflow/example_dags/example_sla_dag.py
[2025-12-31T21:12:47.409+0000] {processor.py:914} INFO - Processing file /home/airflow/.local/lib/python3.12/site-packages/airflow/example_dags/example_sla_dag.py for tasks to queue
[2025-12-31T21:12:47.412+0000] {logging_mixin.py:190} INFO - [2025-12-31T21:12:47.412+0000] {dagbag.py:588} INFO - Filling up the DagBag from /home/airflow/.local/lib/python3.12/site-packages/airflow/example_dags/example_sla_dag.py
[2025-12-31T21:12:47.427+0000] {processor.py:925} INFO - DAG(s) 'example_sla_dag' retrieved from /home/airflow/.local/lib/python3.12/site-packages/airflow/example_dags/example_sla_dag.py
[2025-12-31T21:12:47.449+0000] {logging_mixin.py:190} INFO - [2025-12-31T21:12:47.449+0000] {dag.py:3239} INFO - Sync 1 DAGs
[2025-12-31T21:12:47.479+0000] {logging_mixin.py:190} INFO - [2025-12-31T21:12:47.479+0000] {dag.py:4180} INFO - Setting next_dagrun for example_sla_dag to 2025-12-31 21:10:00+00:00, run_after=2025-12-31 21:12:00+00:00
[2025-12-31T21:12:47.505+0000] {processor.py:208} INFO - Processing /home/airflow/.local/lib/python3.12/site-packages/airflow/example_dags/example_sla_dag.py took 0.106 seconds
[2025-12-31T21:13:17.575+0000] {processor.py:186} INFO - Started process (PID=253) to work on /home/airflow/.local/lib/python3.12/site-packages/airflow/example_dags/example_sla_dag.py
[2025-12-31T21:13:17.577+0000] {processor.py:914} INFO - Processing file /home/airflow/.local/lib/python3.12/site-packages/airflow/example_dags/example_sla_dag.py for tasks to queue
[2025-12-31T21:13:17.580+0000] {logging_mixin.py:190} INFO - [2025-12-31T21:13:17.579+0000] {dagbag.py:588} INFO - Filling up the DagBag from /home/airflow/.local/lib/python3.12/site-packages/airflow/example_dags/example_sla_dag.py
[2025-12-31T21:13:17.592+0000] {processor.py:925} INFO - DAG(s) 'example_sla_dag' retrieved from /home/airflow/.local/lib/python3.12/site-packages/airflow/example_dags/example_sla_dag.py
[2025-12-31T21:13:17.614+0000] {logging_mixin.py:190} INFO - [2025-12-31T21:13:17.614+0000] {dag.py:3239} INFO - Sync 1 DAGs
[2025-12-31T21:13:17.642+0000] {logging_mixin.py:190} INFO - [2025-12-31T21:13:17.642+0000] {dag.py:4180} INFO - Setting next_dagrun for example_sla_dag to 2025-12-31 21:10:00+00:00, run_after=2025-12-31 21:12:00+00:00
[2025-12-31T21:13:17.669+0000] {processor.py:208} INFO - Processing /home/airflow/.local/lib/python3.12/site-packages/airflow/example_dags/example_sla_dag.py took 0.101 seconds
[2025-12-31T21:13:47.786+0000] {processor.py:186} INFO - Started process (PID=315) to work on /home/airflow/.local/lib/python3.12/site-packages/airflow/example_dags/example_sla_dag.py
[2025-12-31T21:13:47.787+0000] {processor.py:914} INFO - Processing file /home/airflow/.local/lib/python3.12/site-packages/airflow/example_dags/example_sla_dag.py for tasks to queue
[2025-12-31T21:13:47.790+0000] {logging_mixin.py:190} INFO - [2025-12-31T21:13:47.789+0000] {dagbag.py:588} INFO - Filling up the DagBag from /home/airflow/.local/lib/python3.12/site-packages/airflow/example_dags/example_sla_dag.py
[2025-12-31T21:13:47.803+0000] {processor.py:925} INFO - DAG(s) 'example_sla_dag' retrieved from /home/airflow/.local/lib/python3.12/site-packages/airflow/example_dags/example_sla_dag.py
[2025-12-31T21:13:47.824+0000] {logging_mixin.py:190} INFO - [2025-12-31T21:13:47.823+0000] {dag.py:3239} INFO - Sync 1 DAGs
[2025-12-31T21:13:47.852+0000] {logging_mixin.py:190} INFO - [2025-12-31T21:13:47.851+0000] {dag.py:4180} INFO - Setting next_dagrun for example_sla_dag to 2025-12-31 21:10:00+00:00, run_after=2025-12-31 21:12:00+00:00
[2025-12-31T21:13:47.876+0000] {processor.py:208} INFO - Processing /home/airflow/.local/lib/python3.12/site-packages/airflow/example_dags/example_sla_dag.py took 0.097 seconds
[2025-12-31T21:14:17.979+0000] {processor.py:186} INFO - Started process (PID=377) to work on /home/airflow/.local/lib/python3.12/site-packages/airflow/example_dags/example_sla_dag.py
[2025-12-31T21:14:17.980+0000] {processor.py:914} INFO - Processing file /home/airflow/.local/lib/python3.12/site-packages/airflow/example_dags/example_sla_dag.py for tasks to queue
[2025-12-31T21:14:17.984+0000] {logging_mixin.py:190} INFO - [2025-12-31T21:14:17.983+0000] {dagbag.py:588} INFO - Filling up the DagBag from /home/airflow/.local/lib/python3.12/site-packages/airflow/example_dags/example_sla_dag.py
[2025-12-31T21:14:17.999+0000] {processor.py:925} INFO - DAG(s) 'example_sla_dag' retrieved from /home/airflow/.local/lib/python3.12/site-packages/airflow/example_dags/example_sla_dag.py
[2025-12-31T21:14:18.024+0000] {logging_mixin.py:190} INFO - [2025-12-31T21:14:18.023+0000] {dag.py:3239} INFO - Sync 1 DAGs
[2025-12-31T21:14:18.054+0000] {logging_mixin.py:190} INFO - [2025-12-31T21:14:18.053+0000] {dag.py:4180} INFO - Setting next_dagrun for example_sla_dag to 2025-12-31 21:12:00+00:00, run_after=2025-12-31 21:14:00+00:00
[2025-12-31T21:14:18.080+0000] {processor.py:208} INFO - Processing /home/airflow/.local/lib/python3.12/site-packages/airflow/example_dags/example_sla_dag.py took 0.111 seconds
[2025-12-31T21:14:48.595+0000] {processor.py:186} INFO - Started process (PID=440) to work on /home/airflow/.local/lib/python3.12/site-packages/airflow/example_dags/example_sla_dag.py
[2025-12-31T21:14:48.597+0000] {processor.py:914} INFO - Processing file /home/airflow/.local/lib/python3.12/site-packages/airflow/example_dags/example_sla_dag.py for tasks to queue
[2025-12-31T21:14:48.600+0000] {logging_mixin.py:190} INFO - [2025-12-31T21:14:48.600+0000] {dagbag.py:588} INFO - Filling up the DagBag from /home/airflow/.local/lib/python3.12/site-packages/airflow/example_dags/example_sla_dag.py
[2025-12-31T21:14:48.616+0000] {processor.py:925} INFO - DAG(s) 'example_sla_dag' retrieved from /home/airflow/.local/lib/python3.12/site-packages/airflow/example_dags/example_sla_dag.py
[2025-12-31T21:14:48.640+0000] {logging_mixin.py:190} INFO - [2025-12-31T21:14:48.640+0000] {dag.py:3239} INFO - Sync 1 DAGs
[2025-12-31T21:14:48.669+0000] {logging_mixin.py:190} INFO - [2025-12-31T21:14:48.669+0000] {dag.py:4180} INFO - Setting next_dagrun for example_sla_dag to 2025-12-31 21:12:00+00:00, run_after=2025-12-31 21:14:00+00:00
[2025-12-31T21:14:48.692+0000] {processor.py:208} INFO - Processing /home/airflow/.local/lib/python3.12/site-packages/airflow/example_dags/example_sla_dag.py took 0.105 seconds
[2025-12-31T21:15:19.299+0000] {processor.py:186} INFO - Started process (PID=502) to work on /home/airflow/.local/lib/python3.12/site-packages/airflow/example_dags/example_sla_dag.py
[2025-12-31T21:15:19.301+0000] {processor.py:914} INFO - Processing file /home/airflow/.local/lib/python3.12/site-packages/airflow/example_dags/example_sla_dag.py for tasks to queue
[2025-12-31T21:15:19.304+0000] {logging_mixin.py:190} INFO - [2025-12-31T21:15:19.303+0000] {dagbag.py:588} INFO - Filling up the DagBag from /home/airflow/.local/lib/python3.12/site-packages/airflow/example_dags/example_sla_dag.py
[2025-12-31T21:15:19.318+0000] {processor.py:925} INFO - DAG(s) 'example_sla_dag' retrieved from /home/airflow/.local/lib/python3.12/site-packages/airflow/example_dags/example_sla_dag.py
[2025-12-31T21:15:19.344+0000] {logging_mixin.py:190} INFO - [2025-12-31T21:15:19.343+0000] {dag.py:3239} INFO - Sync 1 DAGs
[2025-12-31T21:15:19.375+0000] {logging_mixin.py:190} INFO - [2025-12-31T21:15:19.375+0000] {dag.py:4180} INFO - Setting next_dagrun for example_sla_dag to 2025-12-31 21:12:00+00:00, run_after=2025-12-31 21:14:00+00:00
[2025-12-31T21:15:19.404+0000] {processor.py:208} INFO - Processing /home/airflow/.local/lib/python3.12/site-packages/airflow/example_dags/example_sla_dag.py took 0.113 seconds
[2025-12-31T21:15:49.963+0000] {processor.py:186} INFO - Started process (PID=566) to work on /home/airflow/.local/lib/python3.12/site-packages/airflow/example_dags/example_sla_dag.py
[2025-12-31T21:15:49.964+0000] {processor.py:914} INFO - Processing file /home/airflow/.local/lib/python3.12/site-packages/airflow/example_dags/example_sla_dag.py for tasks to queue
[2025-12-31T21:15:49.968+0000] {logging_mixin.py:190} INFO - [2025-12-31T21:15:49.967+0000] {dagbag.py:588} INFO - Filling up the DagBag from /home/airflow/.local/lib/python3.12/site-packages/airflow/example_dags/example_sla_dag.py
[2025-12-31T21:15:49.985+0000] {processor.py:925} INFO - DAG(s) 'example_sla_dag' retrieved from /home/airflow/.local/lib/python3.12/site-packages/airflow/example_dags/example_sla_dag.py
[2025-12-31T21:15:50.016+0000] {logging_mixin.py:190} INFO - [2025-12-31T21:15:50.016+0000] {dag.py:3239} INFO - Sync 1 DAGs
[2025-12-31T21:15:50.066+0000] {logging_mixin.py:190} INFO - [2025-12-31T21:15:50.066+0000] {dag.py:4180} INFO - Setting next_dagrun for example_sla_dag to 2025-12-31 21:12:00+00:00, run_after=2025-12-31 21:14:00+00:00
[2025-12-31T21:15:50.128+0000] {processor.py:208} INFO - Processing /home/airflow/.local/lib/python3.12/site-packages/airflow/example_dags/example_sla_dag.py took 0.175 seconds
[2025-12-31T21:16:20.337+0000] {processor.py:186} INFO - Started process (PID=629) to work on /home/airflow/.local/lib/python3.12/site-packages/airflow/example_dags/example_sla_dag.py
[2025-12-31T21:16:20.338+0000] {processor.py:914} INFO - Processing file /home/airflow/.local/lib/python3.12/site-packages/airflow/example_dags/example_sla_dag.py for tasks to queue
[2025-12-31T21:16:20.342+0000] {logging_mixin.py:190} INFO - [2025-12-31T21:16:20.341+0000] {dagbag.py:588} INFO - Filling up the DagBag from /home/airflow/.local/lib/python3.12/site-packages/airflow/example_dags/example_sla_dag.py
[2025-12-31T21:16:20.357+0000] {processor.py:925} INFO - DAG(s) 'example_sla_dag' retrieved from /home/airflow/.local/lib/python3.12/site-packages/airflow/example_dags/example_sla_dag.py
[2025-12-31T21:16:20.380+0000] {logging_mixin.py:190} INFO - [2025-12-31T21:16:20.379+0000] {dag.py:3239} INFO - Sync 1 DAGs
[2025-12-31T21:16:20.408+0000] {logging_mixin.py:190} INFO - [2025-12-31T21:16:20.408+0000] {dag.py:4180} INFO - Setting next_dagrun for example_sla_dag to 2025-12-31 21:14:00+00:00, run_after=2025-12-31 21:16:00+00:00
[2025-12-31T21:16:20.434+0000] {processor.py:208} INFO - Processing /home/airflow/.local/lib/python3.12/site-packages/airflow/example_dags/example_sla_dag.py took 0.106 seconds
[2025-12-31T21:16:51.025+0000] {processor.py:186} INFO - Started process (PID=691) to work on /home/airflow/.local/lib/python3.12/site-packages/airflow/example_dags/example_sla_dag.py
[2025-12-31T21:16:51.027+0000] {processor.py:914} INFO - Processing file /home/airflow/.local/lib/python3.12/site-packages/airflow/example_dags/example_sla_dag.py for tasks to queue
[2025-12-31T21:16:51.030+0000] {logging_mixin.py:190} INFO - [2025-12-31T21:16:51.030+0000] {dagbag.py:588} INFO - Filling up the DagBag from /home/airflow/.local/lib/python3.12/site-packages/airflow/example_dags/example_sla_dag.py
[2025-12-31T21:16:51.044+0000] {processor.py:925} INFO - DAG(s) 'example_sla_dag' retrieved from /home/airflow/.local/lib/python3.12/site-packages/airflow/example_dags/example_sla_dag.py
[2025-12-31T21:16:51.067+0000] {logging_mixin.py:190} INFO - [2025-12-31T21:16:51.067+0000] {dag.py:3239} INFO - Sync 1 DAGs
[2025-12-31T21:16:51.098+0000] {logging_mixin.py:190} INFO - [2025-12-31T21:16:51.098+0000] {dag.py:4180} INFO - Setting next_dagrun for example_sla_dag to 2025-12-31 21:14:00+00:00, run_after=2025-12-31 21:16:00+00:00
[2025-12-31T21:16:51.121+0000] {processor.py:208} INFO - Processing /home/airflow/.local/lib/python3.12/site-packages/airflow/example_dags/example_sla_dag.py took 0.105 seconds
[2025-12-31T21:17:21.363+0000] {processor.py:186} INFO - Started process (PID=754) to work on /home/airflow/.local/lib/python3.12/site-packages/airflow/example_dags/example_sla_dag.py
[2025-12-31T21:17:21.364+0000] {processor.py:914} INFO - Processing file /home/airflow/.local/lib/python3.12/site-packages/airflow/example_dags/example_sla_dag.py for tasks to queue
[2025-12-31T21:17:21.368+0000] {logging_mixin.py:190} INFO - [2025-12-31T21:17:21.367+0000] {dagbag.py:588} INFO - Filling up the DagBag from /home/airflow/.local/lib/python3.12/site-packages/airflow/example_dags/example_sla_dag.py
[2025-12-31T21:17:21.385+0000] {processor.py:925} INFO - DAG(s) 'example_sla_dag' retrieved from /home/airflow/.local/lib/python3.12/site-packages/airflow/example_dags/example_sla_dag.py
[2025-12-31T21:17:21.412+0000] {logging_mixin.py:190} INFO - [2025-12-31T21:17:21.412+0000] {dag.py:3239} INFO - Sync 1 DAGs
[2025-12-31T21:17:21.447+0000] {logging_mixin.py:190} INFO - [2025-12-31T21:17:21.446+0000] {dag.py:4180} INFO - Setting next_dagrun for example_sla_dag to 2025-12-31 21:14:00+00:00, run_after=2025-12-31 21:16:00+00:00
[2025-12-31T21:17:21.480+0000] {processor.py:208} INFO - Processing /home/airflow/.local/lib/python3.12/site-packages/airflow/example_dags/example_sla_dag.py took 0.126 seconds
[2025-12-31T21:17:51.727+0000] {processor.py:186} INFO - Started process (PID=818) to work on /home/airflow/.local/lib/python3.12/site-packages/airflow/example_dags/example_sla_dag.py
[2025-12-31T21:17:51.728+0000] {processor.py:914} INFO - Processing file /home/airflow/.local/lib/python3.12/site-packages/airflow/example_dags/example_sla_dag.py for tasks to queue
[2025-12-31T21:17:51.731+0000] {logging_mixin.py:190} INFO - [2025-12-31T21:17:51.730+0000] {dagbag.py:588} INFO - Filling up the DagBag from /home/airflow/.local/lib/python3.12/site-packages/airflow/example_dags/example_sla_dag.py
[2025-12-31T21:17:51.746+0000] {processor.py:925} INFO - DAG(s) 'example_sla_dag' retrieved from /home/airflow/.local/lib/python3.12/site-packages/airflow/example_dags/example_sla_dag.py
[2025-12-31T21:17:51.769+0000] {logging_mixin.py:190} INFO - [2025-12-31T21:17:51.769+0000] {dag.py:3239} INFO - Sync 1 DAGs
[2025-12-31T21:17:51.800+0000] {logging_mixin.py:190} INFO - [2025-12-31T21:17:51.800+0000] {dag.py:4180} INFO - Setting next_dagrun for example_sla_dag to 2025-12-31 21:14:00+00:00, run_after=2025-12-31 21:16:00+00:00
[2025-12-31T21:17:51.825+0000] {processor.py:208} INFO - Processing /home/airflow/.local/lib/python3.12/site-packages/airflow/example_dags/example_sla_dag.py took 0.109 seconds
[2025-12-31T21:18:22.237+0000] {processor.py:186} INFO - Started process (PID=881) to work on /home/airflow/.local/lib/python3.12/site-packages/airflow/example_dags/example_sla_dag.py
[2025-12-31T21:18:22.238+0000] {processor.py:914} INFO - Processing file /home/airflow/.local/lib/python3.12/site-packages/airflow/example_dags/example_sla_dag.py for tasks to queue
[2025-12-31T21:18:22.241+0000] {logging_mixin.py:190} INFO - [2025-12-31T21:18:22.241+0000] {dagbag.py:588} INFO - Filling up the DagBag from /home/airflow/.local/lib/python3.12/site-packages/airflow/example_dags/example_sla_dag.py
[2025-12-31T21:18:22.254+0000] {processor.py:925} INFO - DAG(s) 'example_sla_dag' retrieved from /home/airflow/.local/lib/python3.12/site-packages/airflow/example_dags/example_sla_dag.py
[2025-12-31T21:18:22.279+0000] {logging_mixin.py:190} INFO - [2025-12-31T21:18:22.279+0000] {dag.py:3239} INFO - Sync 1 DAGs
[2025-12-31T21:18:22.308+0000] {logging_mixin.py:190} INFO - [2025-12-31T21:18:22.308+0000] {dag.py:4180} INFO - Setting next_dagrun for example_sla_dag to 2025-12-31 21:16:00+00:00, run_after=2025-12-31 21:18:00+00:00
[2025-12-31T21:18:22.335+0000] {processor.py:208} INFO - Processing /home/airflow/.local/lib/python3.12/site-packages/airflow/example_dags/example_sla_dag.py took 0.106 seconds
[2025-12-31T21:18:53.224+0000] {processor.py:186} INFO - Started process (PID=944) to work on /home/airflow/.local/lib/python3.12/site-packages/airflow/example_dags/example_sla_dag.py
[2025-12-31T21:18:53.225+0000] {processor.py:914} INFO - Processing file /home/airflow/.local/lib/python3.12/site-packages/airflow/example_dags/example_sla_dag.py for tasks to queue
[2025-12-31T21:18:53.228+0000] {logging_mixin.py:190} INFO - [2025-12-31T21:18:53.228+0000] {dagbag.py:588} INFO - Filling up the DagBag from /home/airflow/.local/lib/python3.12/site-packages/airflow/example_dags/example_sla_dag.py
[2025-12-31T21:18:53.243+0000] {processor.py:925} INFO - DAG(s) 'example_sla_dag' retrieved from /home/airflow/.local/lib/python3.12/site-packages/airflow/example_dags/example_sla_dag.py
[2025-12-31T21:18:53.288+0000] {logging_mixin.py:190} INFO - [2025-12-31T21:18:53.288+0000] {dag.py:3239} INFO - Sync 1 DAGs
[2025-12-31T21:18:53.327+0000] {logging_mixin.py:190} INFO - [2025-12-31T21:18:53.326+0000] {dag.py:4180} INFO - Setting next_dagrun for example_sla_dag to 2025-12-31 21:16:00+00:00, run_after=2025-12-31 21:18:00+00:00
[2025-12-31T21:18:53.359+0000] {processor.py:208} INFO - Processing /home/airflow/.local/lib/python3.12/site-packages/airflow/example_dags/example_sla_dag.py took 0.141 seconds
[2025-12-31T21:19:23.504+0000] {processor.py:186} INFO - Started process (PID=1007) to work on /home/airflow/.local/lib/python3.12/site-packages/airflow/example_dags/example_sla_dag.py
[2025-12-31T21:19:23.505+0000] {processor.py:914} INFO - Processing file /home/airflow/.local/lib/python3.12/site-packages/airflow/example_dags/example_sla_dag.py for tasks to queue
[2025-12-31T21:19:23.508+0000] {logging_mixin.py:190} INFO - [2025-12-31T21:19:23.508+0000] {dagbag.py:588} INFO - Filling up the DagBag from /home/airflow/.local/lib/python3.12/site-packages/airflow/example_dags/example_sla_dag.py
[2025-12-31T21:19:23.521+0000] {processor.py:925} INFO - DAG(s) 'example_sla_dag' retrieved from /home/airflow/.local/lib/python3.12/site-packages/airflow/example_dags/example_sla_dag.py
[2025-12-31T21:19:23.544+0000] {logging_mixin.py:190} INFO - [2025-12-31T21:19:23.544+0000] {dag.py:3239} INFO - Sync 1 DAGs
[2025-12-31T21:19:23.574+0000] {logging_mixin.py:190} INFO - [2025-12-31T21:19:23.574+0000] {dag.py:4180} INFO - Setting next_dagrun for example_sla_dag to 2025-12-31 21:16:00+00:00, run_after=2025-12-31 21:18:00+00:00
[2025-12-31T21:19:23.603+0000] {processor.py:208} INFO - Processing /home/airflow/.local/lib/python3.12/site-packages/airflow/example_dags/example_sla_dag.py took 0.106 seconds
[2025-12-31T21:19:53.977+0000] {processor.py:186} INFO - Started process (PID=1070) to work on /home/airflow/.local/lib/python3.12/site-packages/airflow/example_dags/example_sla_dag.py
[2025-12-31T21:19:53.978+0000] {processor.py:914} INFO - Processing file /home/airflow/.local/lib/python3.12/site-packages/airflow/example_dags/example_sla_dag.py for tasks to queue
[2025-12-31T21:19:53.983+0000] {logging_mixin.py:190} INFO - [2025-12-31T21:19:53.982+0000] {dagbag.py:588} INFO - Filling up the DagBag from /home/airflow/.local/lib/python3.12/site-packages/airflow/example_dags/example_sla_dag.py
[2025-12-31T21:19:54.002+0000] {processor.py:925} INFO - DAG(s) 'example_sla_dag' retrieved from /home/airflow/.local/lib/python3.12/site-packages/airflow/example_dags/example_sla_dag.py
[2025-12-31T21:19:54.033+0000] {logging_mixin.py:190} INFO - [2025-12-31T21:19:54.032+0000] {dag.py:3239} INFO - Sync 1 DAGs
[2025-12-31T21:19:54.072+0000] {logging_mixin.py:190} INFO - [2025-12-31T21:19:54.072+0000] {dag.py:4180} INFO - Setting next_dagrun for example_sla_dag to 2025-12-31 21:16:00+00:00, run_after=2025-12-31 21:18:00+00:00
[2025-12-31T21:19:54.098+0000] {processor.py:208} INFO - Processing /home/airflow/.local/lib/python3.12/site-packages/airflow/example_dags/example_sla_dag.py took 0.133 seconds
[2025-12-31T21:20:24.742+0000] {processor.py:186} INFO - Started process (PID=1133) to work on /home/airflow/.local/lib/python3.12/site-packages/airflow/example_dags/example_sla_dag.py
[2025-12-31T21:20:24.743+0000] {processor.py:914} INFO - Processing file /home/airflow/.local/lib/python3.12/site-packages/airflow/example_dags/example_sla_dag.py for tasks to queue
[2025-12-31T21:20:24.746+0000] {logging_mixin.py:190} INFO - [2025-12-31T21:20:24.746+0000] {dagbag.py:588} INFO - Filling up the DagBag from /home/airflow/.local/lib/python3.12/site-packages/airflow/example_dags/example_sla_dag.py
[2025-12-31T21:20:24.760+0000] {processor.py:925} INFO - DAG(s) 'example_sla_dag' retrieved from /home/airflow/.local/lib/python3.12/site-packages/airflow/example_dags/example_sla_dag.py
[2025-12-31T21:20:24.781+0000] {logging_mixin.py:190} INFO - [2025-12-31T21:20:24.781+0000] {dag.py:3239} INFO - Sync 1 DAGs
[2025-12-31T21:20:24.813+0000] {logging_mixin.py:190} INFO - [2025-12-31T21:20:24.813+0000] {dag.py:4180} INFO - Setting next_dagrun for example_sla_dag to 2025-12-31 21:18:00+00:00, run_after=2025-12-31 21:20:00+00:00
[2025-12-31T21:20:24.838+0000] {processor.py:208} INFO - Processing /home/airflow/.local/lib/python3.12/site-packages/airflow/example_dags/example_sla_dag.py took 0.104 seconds
[2025-12-31T21:20:55.424+0000] {processor.py:186} INFO - Started process (PID=1196) to work on /home/airflow/.local/lib/python3.12/site-packages/airflow/example_dags/example_sla_dag.py
[2025-12-31T21:20:55.425+0000] {processor.py:914} INFO - Processing file /home/airflow/.local/lib/python3.12/site-packages/airflow/example_dags/example_sla_dag.py for tasks to queue
[2025-12-31T21:20:55.428+0000] {logging_mixin.py:190} INFO - [2025-12-31T21:20:55.428+0000] {dagbag.py:588} INFO - Filling up the DagBag from /home/airflow/.local/lib/python3.12/site-packages/airflow/example_dags/example_sla_dag.py
[2025-12-31T21:20:55.440+0000] {processor.py:925} INFO - DAG(s) 'example_sla_dag' retrieved from /home/airflow/.local/lib/python3.12/site-packages/airflow/example_dags/example_sla_dag.py
[2025-12-31T21:20:55.462+0000] {logging_mixin.py:190} INFO - [2025-12-31T21:20:55.461+0000] {dag.py:3239} INFO - Sync 1 DAGs
[2025-12-31T21:20:55.492+0000] {logging_mixin.py:190} INFO - [2025-12-31T21:20:55.492+0000] {dag.py:4180} INFO - Setting next_dagrun for example_sla_dag to 2025-12-31 21:18:00+00:00, run_after=2025-12-31 21:20:00+00:00
[2025-12-31T21:20:55.517+0000] {processor.py:208} INFO - Processing /home/airflow/.local/lib/python3.12/site-packages/airflow/example_dags/example_sla_dag.py took 0.099 seconds
[2025-12-31T21:21:26.268+0000] {processor.py:186} INFO - Started process (PID=1260) to work on /home/airflow/.local/lib/python3.12/site-packages/airflow/example_dags/example_sla_dag.py
[2025-12-31T21:21:26.269+0000] {processor.py:914} INFO - Processing file /home/airflow/.local/lib/python3.12/site-packages/airflow/example_dags/example_sla_dag.py for tasks to queue
[2025-12-31T21:21:26.272+0000] {logging_mixin.py:190} INFO - [2025-12-31T21:21:26.272+0000] {dagbag.py:588} INFO - Filling up the DagBag from /home/airflow/.local/lib/python3.12/site-packages/airflow/example_dags/example_sla_dag.py
[2025-12-31T21:21:26.284+0000] {processor.py:925} INFO - DAG(s) 'example_sla_dag' retrieved from /home/airflow/.local/lib/python3.12/site-packages/airflow/example_dags/example_sla_dag.py
[2025-12-31T21:21:26.306+0000] {logging_mixin.py:190} INFO - [2025-12-31T21:21:26.306+0000] {dag.py:3239} INFO - Sync 1 DAGs
[2025-12-31T21:21:26.334+0000] {logging_mixin.py:190} INFO - [2025-12-31T21:21:26.334+0000] {dag.py:4180} INFO - Setting next_dagrun for example_sla_dag to 2025-12-31 21:18:00+00:00, run_after=2025-12-31 21:20:00+00:00
[2025-12-31T21:21:26.361+0000] {processor.py:208} INFO - Processing /home/airflow/.local/lib/python3.12/site-packages/airflow/example_dags/example_sla_dag.py took 0.099 seconds
