[2025-12-31T21:12:01.144+0000] {processor.py:186} INFO - Started process (PID=72) to work on /home/airflow/.local/lib/python3.12/site-packages/airflow/example_dags/example_external_task_marker_dag.py
[2025-12-31T21:12:01.146+0000] {processor.py:914} INFO - Processing file /home/airflow/.local/lib/python3.12/site-packages/airflow/example_dags/example_external_task_marker_dag.py for tasks to queue
[2025-12-31T21:12:01.150+0000] {logging_mixin.py:190} INFO - [2025-12-31T21:12:01.149+0000] {dagbag.py:588} INFO - Filling up the DagBag from /home/airflow/.local/lib/python3.12/site-packages/airflow/example_dags/example_external_task_marker_dag.py
[2025-12-31T21:12:01.173+0000] {processor.py:925} INFO - DAG(s) 'example_external_task_marker_child', 'example_external_task_marker_parent' retrieved from /home/airflow/.local/lib/python3.12/site-packages/airflow/example_dags/example_external_task_marker_dag.py
[2025-12-31T21:12:01.619+0000] {logging_mixin.py:190} INFO - [2025-12-31T21:12:01.618+0000] {override.py:1912} INFO - Created Permission View: can read on DAG:example_external_task_marker_child
[2025-12-31T21:12:01.641+0000] {logging_mixin.py:190} INFO - [2025-12-31T21:12:01.641+0000] {override.py:1912} INFO - Created Permission View: can delete on DAG:example_external_task_marker_child
[2025-12-31T21:12:01.652+0000] {logging_mixin.py:190} INFO - [2025-12-31T21:12:01.652+0000] {override.py:1912} INFO - Created Permission View: can edit on DAG:example_external_task_marker_child
[2025-12-31T21:12:01.669+0000] {logging_mixin.py:190} INFO - [2025-12-31T21:12:01.668+0000] {override.py:1912} INFO - Created Permission View: can read on DAG Run:example_external_task_marker_child
[2025-12-31T21:12:01.682+0000] {logging_mixin.py:190} INFO - [2025-12-31T21:12:01.682+0000] {override.py:1912} INFO - Created Permission View: can create on DAG Run:example_external_task_marker_child
[2025-12-31T21:12:01.696+0000] {logging_mixin.py:190} INFO - [2025-12-31T21:12:01.695+0000] {override.py:1912} INFO - Created Permission View: can delete on DAG Run:example_external_task_marker_child
[2025-12-31T21:12:01.711+0000] {logging_mixin.py:190} INFO - [2025-12-31T21:12:01.711+0000] {override.py:1912} INFO - Created Permission View: menu access on DAG Run:example_external_task_marker_child
[2025-12-31T21:12:01.738+0000] {logging_mixin.py:190} INFO - [2025-12-31T21:12:01.737+0000] {override.py:1912} INFO - Created Permission View: can read on DAG:example_external_task_marker_parent
[2025-12-31T21:12:01.755+0000] {logging_mixin.py:190} INFO - [2025-12-31T21:12:01.754+0000] {override.py:1912} INFO - Created Permission View: can delete on DAG:example_external_task_marker_parent
[2025-12-31T21:12:01.792+0000] {logging_mixin.py:190} INFO - [2025-12-31T21:12:01.792+0000] {override.py:1912} INFO - Created Permission View: can edit on DAG:example_external_task_marker_parent
[2025-12-31T21:12:01.886+0000] {logging_mixin.py:190} INFO - [2025-12-31T21:12:01.885+0000] {override.py:1912} INFO - Created Permission View: can read on DAG Run:example_external_task_marker_parent
[2025-12-31T21:12:01.902+0000] {logging_mixin.py:190} INFO - [2025-12-31T21:12:01.901+0000] {override.py:1912} INFO - Created Permission View: can create on DAG Run:example_external_task_marker_parent
[2025-12-31T21:12:01.930+0000] {logging_mixin.py:190} INFO - [2025-12-31T21:12:01.930+0000] {override.py:1912} INFO - Created Permission View: can delete on DAG Run:example_external_task_marker_parent
[2025-12-31T21:12:01.977+0000] {logging_mixin.py:190} INFO - [2025-12-31T21:12:01.976+0000] {override.py:1912} INFO - Created Permission View: menu access on DAG Run:example_external_task_marker_parent
[2025-12-31T21:12:01.978+0000] {logging_mixin.py:190} INFO - [2025-12-31T21:12:01.978+0000] {dag.py:3239} INFO - Sync 2 DAGs
[2025-12-31T21:12:02.010+0000] {logging_mixin.py:190} INFO - [2025-12-31T21:12:02.009+0000] {dag.py:3262} INFO - Creating ORM DAG for example_external_task_marker_parent
[2025-12-31T21:12:02.011+0000] {logging_mixin.py:190} INFO - [2025-12-31T21:12:02.011+0000] {dag.py:3262} INFO - Creating ORM DAG for example_external_task_marker_child
[2025-12-31T21:12:02.013+0000] {logging_mixin.py:190} INFO - [2025-12-31T21:12:02.013+0000] {dag.py:4180} INFO - Setting next_dagrun for example_external_task_marker_child to None, run_after=None
[2025-12-31T21:12:02.017+0000] {logging_mixin.py:190} INFO - [2025-12-31T21:12:02.017+0000] {dag.py:4180} INFO - Setting next_dagrun for example_external_task_marker_parent to None, run_after=None
[2025-12-31T21:12:02.060+0000] {processor.py:208} INFO - Processing /home/airflow/.local/lib/python3.12/site-packages/airflow/example_dags/example_external_task_marker_dag.py took 0.926 seconds
[2025-12-31T21:12:32.217+0000] {processor.py:186} INFO - Started process (PID=135) to work on /home/airflow/.local/lib/python3.12/site-packages/airflow/example_dags/example_external_task_marker_dag.py
[2025-12-31T21:12:32.218+0000] {processor.py:914} INFO - Processing file /home/airflow/.local/lib/python3.12/site-packages/airflow/example_dags/example_external_task_marker_dag.py for tasks to queue
[2025-12-31T21:12:32.222+0000] {logging_mixin.py:190} INFO - [2025-12-31T21:12:32.221+0000] {dagbag.py:588} INFO - Filling up the DagBag from /home/airflow/.local/lib/python3.12/site-packages/airflow/example_dags/example_external_task_marker_dag.py
[2025-12-31T21:12:32.232+0000] {processor.py:925} INFO - DAG(s) 'example_external_task_marker_parent', 'example_external_task_marker_child' retrieved from /home/airflow/.local/lib/python3.12/site-packages/airflow/example_dags/example_external_task_marker_dag.py
[2025-12-31T21:12:32.261+0000] {logging_mixin.py:190} INFO - [2025-12-31T21:12:32.261+0000] {dag.py:3239} INFO - Sync 2 DAGs
[2025-12-31T21:12:32.279+0000] {logging_mixin.py:190} INFO - [2025-12-31T21:12:32.279+0000] {dag.py:4180} INFO - Setting next_dagrun for example_external_task_marker_child to None, run_after=None
[2025-12-31T21:12:32.284+0000] {logging_mixin.py:190} INFO - [2025-12-31T21:12:32.283+0000] {dag.py:4180} INFO - Setting next_dagrun for example_external_task_marker_parent to None, run_after=None
[2025-12-31T21:12:32.308+0000] {processor.py:208} INFO - Processing /home/airflow/.local/lib/python3.12/site-packages/airflow/example_dags/example_external_task_marker_dag.py took 0.098 seconds
[2025-12-31T21:13:02.396+0000] {processor.py:186} INFO - Started process (PID=198) to work on /home/airflow/.local/lib/python3.12/site-packages/airflow/example_dags/example_external_task_marker_dag.py
[2025-12-31T21:13:02.398+0000] {processor.py:914} INFO - Processing file /home/airflow/.local/lib/python3.12/site-packages/airflow/example_dags/example_external_task_marker_dag.py for tasks to queue
[2025-12-31T21:13:02.401+0000] {logging_mixin.py:190} INFO - [2025-12-31T21:13:02.401+0000] {dagbag.py:588} INFO - Filling up the DagBag from /home/airflow/.local/lib/python3.12/site-packages/airflow/example_dags/example_external_task_marker_dag.py
[2025-12-31T21:13:02.412+0000] {processor.py:925} INFO - DAG(s) 'example_external_task_marker_parent', 'example_external_task_marker_child' retrieved from /home/airflow/.local/lib/python3.12/site-packages/airflow/example_dags/example_external_task_marker_dag.py
[2025-12-31T21:13:02.440+0000] {logging_mixin.py:190} INFO - [2025-12-31T21:13:02.440+0000] {dag.py:3239} INFO - Sync 2 DAGs
[2025-12-31T21:13:02.459+0000] {logging_mixin.py:190} INFO - [2025-12-31T21:13:02.459+0000] {dag.py:4180} INFO - Setting next_dagrun for example_external_task_marker_child to None, run_after=None
[2025-12-31T21:13:02.464+0000] {logging_mixin.py:190} INFO - [2025-12-31T21:13:02.463+0000] {dag.py:4180} INFO - Setting next_dagrun for example_external_task_marker_parent to None, run_after=None
[2025-12-31T21:13:02.485+0000] {processor.py:208} INFO - Processing /home/airflow/.local/lib/python3.12/site-packages/airflow/example_dags/example_external_task_marker_dag.py took 0.099 seconds
[2025-12-31T21:13:32.555+0000] {processor.py:186} INFO - Started process (PID=262) to work on /home/airflow/.local/lib/python3.12/site-packages/airflow/example_dags/example_external_task_marker_dag.py
[2025-12-31T21:13:32.556+0000] {processor.py:914} INFO - Processing file /home/airflow/.local/lib/python3.12/site-packages/airflow/example_dags/example_external_task_marker_dag.py for tasks to queue
[2025-12-31T21:13:32.559+0000] {logging_mixin.py:190} INFO - [2025-12-31T21:13:32.559+0000] {dagbag.py:588} INFO - Filling up the DagBag from /home/airflow/.local/lib/python3.12/site-packages/airflow/example_dags/example_external_task_marker_dag.py
[2025-12-31T21:13:32.571+0000] {processor.py:925} INFO - DAG(s) 'example_external_task_marker_child', 'example_external_task_marker_parent' retrieved from /home/airflow/.local/lib/python3.12/site-packages/airflow/example_dags/example_external_task_marker_dag.py
[2025-12-31T21:13:32.602+0000] {logging_mixin.py:190} INFO - [2025-12-31T21:13:32.601+0000] {dag.py:3239} INFO - Sync 2 DAGs
[2025-12-31T21:13:32.623+0000] {logging_mixin.py:190} INFO - [2025-12-31T21:13:32.622+0000] {dag.py:4180} INFO - Setting next_dagrun for example_external_task_marker_child to None, run_after=None
[2025-12-31T21:13:32.629+0000] {logging_mixin.py:190} INFO - [2025-12-31T21:13:32.628+0000] {dag.py:4180} INFO - Setting next_dagrun for example_external_task_marker_parent to None, run_after=None
[2025-12-31T21:13:32.655+0000] {processor.py:208} INFO - Processing /home/airflow/.local/lib/python3.12/site-packages/airflow/example_dags/example_external_task_marker_dag.py took 0.107 seconds
[2025-12-31T21:14:03.075+0000] {processor.py:186} INFO - Started process (PID=325) to work on /home/airflow/.local/lib/python3.12/site-packages/airflow/example_dags/example_external_task_marker_dag.py
[2025-12-31T21:14:03.076+0000] {processor.py:914} INFO - Processing file /home/airflow/.local/lib/python3.12/site-packages/airflow/example_dags/example_external_task_marker_dag.py for tasks to queue
[2025-12-31T21:14:03.080+0000] {logging_mixin.py:190} INFO - [2025-12-31T21:14:03.080+0000] {dagbag.py:588} INFO - Filling up the DagBag from /home/airflow/.local/lib/python3.12/site-packages/airflow/example_dags/example_external_task_marker_dag.py
[2025-12-31T21:14:03.096+0000] {processor.py:925} INFO - DAG(s) 'example_external_task_marker_child', 'example_external_task_marker_parent' retrieved from /home/airflow/.local/lib/python3.12/site-packages/airflow/example_dags/example_external_task_marker_dag.py
[2025-12-31T21:14:03.144+0000] {logging_mixin.py:190} INFO - [2025-12-31T21:14:03.143+0000] {dag.py:3239} INFO - Sync 2 DAGs
[2025-12-31T21:14:03.171+0000] {logging_mixin.py:190} INFO - [2025-12-31T21:14:03.171+0000] {dag.py:4180} INFO - Setting next_dagrun for example_external_task_marker_child to None, run_after=None
[2025-12-31T21:14:03.178+0000] {logging_mixin.py:190} INFO - [2025-12-31T21:14:03.177+0000] {dag.py:4180} INFO - Setting next_dagrun for example_external_task_marker_parent to None, run_after=None
[2025-12-31T21:14:03.209+0000] {processor.py:208} INFO - Processing /home/airflow/.local/lib/python3.12/site-packages/airflow/example_dags/example_external_task_marker_dag.py took 0.147 seconds
[2025-12-31T21:14:33.432+0000] {processor.py:186} INFO - Started process (PID=388) to work on /home/airflow/.local/lib/python3.12/site-packages/airflow/example_dags/example_external_task_marker_dag.py
[2025-12-31T21:14:33.433+0000] {processor.py:914} INFO - Processing file /home/airflow/.local/lib/python3.12/site-packages/airflow/example_dags/example_external_task_marker_dag.py for tasks to queue
[2025-12-31T21:14:33.436+0000] {logging_mixin.py:190} INFO - [2025-12-31T21:14:33.435+0000] {dagbag.py:588} INFO - Filling up the DagBag from /home/airflow/.local/lib/python3.12/site-packages/airflow/example_dags/example_external_task_marker_dag.py
[2025-12-31T21:14:33.445+0000] {processor.py:925} INFO - DAG(s) 'example_external_task_marker_child', 'example_external_task_marker_parent' retrieved from /home/airflow/.local/lib/python3.12/site-packages/airflow/example_dags/example_external_task_marker_dag.py
[2025-12-31T21:14:33.474+0000] {logging_mixin.py:190} INFO - [2025-12-31T21:14:33.474+0000] {dag.py:3239} INFO - Sync 2 DAGs
[2025-12-31T21:14:33.492+0000] {logging_mixin.py:190} INFO - [2025-12-31T21:14:33.491+0000] {dag.py:4180} INFO - Setting next_dagrun for example_external_task_marker_child to None, run_after=None
[2025-12-31T21:14:33.496+0000] {logging_mixin.py:190} INFO - [2025-12-31T21:14:33.496+0000] {dag.py:4180} INFO - Setting next_dagrun for example_external_task_marker_parent to None, run_after=None
[2025-12-31T21:14:33.519+0000] {processor.py:208} INFO - Processing /home/airflow/.local/lib/python3.12/site-packages/airflow/example_dags/example_external_task_marker_dag.py took 0.095 seconds
[2025-12-31T21:15:04.144+0000] {processor.py:186} INFO - Started process (PID=451) to work on /home/airflow/.local/lib/python3.12/site-packages/airflow/example_dags/example_external_task_marker_dag.py
[2025-12-31T21:15:04.145+0000] {processor.py:914} INFO - Processing file /home/airflow/.local/lib/python3.12/site-packages/airflow/example_dags/example_external_task_marker_dag.py for tasks to queue
[2025-12-31T21:15:04.147+0000] {logging_mixin.py:190} INFO - [2025-12-31T21:15:04.147+0000] {dagbag.py:588} INFO - Filling up the DagBag from /home/airflow/.local/lib/python3.12/site-packages/airflow/example_dags/example_external_task_marker_dag.py
[2025-12-31T21:15:04.157+0000] {processor.py:925} INFO - DAG(s) 'example_external_task_marker_parent', 'example_external_task_marker_child' retrieved from /home/airflow/.local/lib/python3.12/site-packages/airflow/example_dags/example_external_task_marker_dag.py
[2025-12-31T21:15:04.184+0000] {logging_mixin.py:190} INFO - [2025-12-31T21:15:04.184+0000] {dag.py:3239} INFO - Sync 2 DAGs
[2025-12-31T21:15:04.201+0000] {logging_mixin.py:190} INFO - [2025-12-31T21:15:04.200+0000] {dag.py:4180} INFO - Setting next_dagrun for example_external_task_marker_child to None, run_after=None
[2025-12-31T21:15:04.205+0000] {logging_mixin.py:190} INFO - [2025-12-31T21:15:04.205+0000] {dag.py:4180} INFO - Setting next_dagrun for example_external_task_marker_parent to None, run_after=None
[2025-12-31T21:15:04.231+0000] {processor.py:208} INFO - Processing /home/airflow/.local/lib/python3.12/site-packages/airflow/example_dags/example_external_task_marker_dag.py took 0.094 seconds
[2025-12-31T21:15:34.290+0000] {processor.py:186} INFO - Started process (PID=514) to work on /home/airflow/.local/lib/python3.12/site-packages/airflow/example_dags/example_external_task_marker_dag.py
[2025-12-31T21:15:34.291+0000] {processor.py:914} INFO - Processing file /home/airflow/.local/lib/python3.12/site-packages/airflow/example_dags/example_external_task_marker_dag.py for tasks to queue
[2025-12-31T21:15:34.294+0000] {logging_mixin.py:190} INFO - [2025-12-31T21:15:34.293+0000] {dagbag.py:588} INFO - Filling up the DagBag from /home/airflow/.local/lib/python3.12/site-packages/airflow/example_dags/example_external_task_marker_dag.py
[2025-12-31T21:15:34.304+0000] {processor.py:925} INFO - DAG(s) 'example_external_task_marker_child', 'example_external_task_marker_parent' retrieved from /home/airflow/.local/lib/python3.12/site-packages/airflow/example_dags/example_external_task_marker_dag.py
[2025-12-31T21:15:34.329+0000] {logging_mixin.py:190} INFO - [2025-12-31T21:15:34.329+0000] {dag.py:3239} INFO - Sync 2 DAGs
[2025-12-31T21:15:34.344+0000] {logging_mixin.py:190} INFO - [2025-12-31T21:15:34.344+0000] {dag.py:4180} INFO - Setting next_dagrun for example_external_task_marker_child to None, run_after=None
[2025-12-31T21:15:34.349+0000] {logging_mixin.py:190} INFO - [2025-12-31T21:15:34.349+0000] {dag.py:4180} INFO - Setting next_dagrun for example_external_task_marker_parent to None, run_after=None
[2025-12-31T21:15:34.373+0000] {processor.py:208} INFO - Processing /home/airflow/.local/lib/python3.12/site-packages/airflow/example_dags/example_external_task_marker_dag.py took 0.091 seconds
[2025-12-31T21:16:04.962+0000] {processor.py:186} INFO - Started process (PID=578) to work on /home/airflow/.local/lib/python3.12/site-packages/airflow/example_dags/example_external_task_marker_dag.py
[2025-12-31T21:16:04.963+0000] {processor.py:914} INFO - Processing file /home/airflow/.local/lib/python3.12/site-packages/airflow/example_dags/example_external_task_marker_dag.py for tasks to queue
[2025-12-31T21:16:04.967+0000] {logging_mixin.py:190} INFO - [2025-12-31T21:16:04.966+0000] {dagbag.py:588} INFO - Filling up the DagBag from /home/airflow/.local/lib/python3.12/site-packages/airflow/example_dags/example_external_task_marker_dag.py
[2025-12-31T21:16:04.978+0000] {processor.py:925} INFO - DAG(s) 'example_external_task_marker_parent', 'example_external_task_marker_child' retrieved from /home/airflow/.local/lib/python3.12/site-packages/airflow/example_dags/example_external_task_marker_dag.py
[2025-12-31T21:16:05.006+0000] {logging_mixin.py:190} INFO - [2025-12-31T21:16:05.006+0000] {dag.py:3239} INFO - Sync 2 DAGs
[2025-12-31T21:16:05.024+0000] {logging_mixin.py:190} INFO - [2025-12-31T21:16:05.024+0000] {dag.py:4180} INFO - Setting next_dagrun for example_external_task_marker_child to None, run_after=None
[2025-12-31T21:16:05.029+0000] {logging_mixin.py:190} INFO - [2025-12-31T21:16:05.029+0000] {dag.py:4180} INFO - Setting next_dagrun for example_external_task_marker_parent to None, run_after=None
[2025-12-31T21:16:05.051+0000] {processor.py:208} INFO - Processing /home/airflow/.local/lib/python3.12/site-packages/airflow/example_dags/example_external_task_marker_dag.py took 0.096 seconds
[2025-12-31T21:16:35.174+0000] {processor.py:186} INFO - Started process (PID=641) to work on /home/airflow/.local/lib/python3.12/site-packages/airflow/example_dags/example_external_task_marker_dag.py
[2025-12-31T21:16:35.175+0000] {processor.py:914} INFO - Processing file /home/airflow/.local/lib/python3.12/site-packages/airflow/example_dags/example_external_task_marker_dag.py for tasks to queue
[2025-12-31T21:16:35.178+0000] {logging_mixin.py:190} INFO - [2025-12-31T21:16:35.177+0000] {dagbag.py:588} INFO - Filling up the DagBag from /home/airflow/.local/lib/python3.12/site-packages/airflow/example_dags/example_external_task_marker_dag.py
[2025-12-31T21:16:35.188+0000] {processor.py:925} INFO - DAG(s) 'example_external_task_marker_parent', 'example_external_task_marker_child' retrieved from /home/airflow/.local/lib/python3.12/site-packages/airflow/example_dags/example_external_task_marker_dag.py
[2025-12-31T21:16:35.219+0000] {logging_mixin.py:190} INFO - [2025-12-31T21:16:35.218+0000] {dag.py:3239} INFO - Sync 2 DAGs
[2025-12-31T21:16:35.238+0000] {logging_mixin.py:190} INFO - [2025-12-31T21:16:35.238+0000] {dag.py:4180} INFO - Setting next_dagrun for example_external_task_marker_child to None, run_after=None
[2025-12-31T21:16:35.244+0000] {logging_mixin.py:190} INFO - [2025-12-31T21:16:35.244+0000] {dag.py:4180} INFO - Setting next_dagrun for example_external_task_marker_parent to None, run_after=None
[2025-12-31T21:16:35.268+0000] {processor.py:208} INFO - Processing /home/airflow/.local/lib/python3.12/site-packages/airflow/example_dags/example_external_task_marker_dag.py took 0.100 seconds
[2025-12-31T21:17:05.776+0000] {processor.py:186} INFO - Started process (PID=704) to work on /home/airflow/.local/lib/python3.12/site-packages/airflow/example_dags/example_external_task_marker_dag.py
[2025-12-31T21:17:05.777+0000] {processor.py:914} INFO - Processing file /home/airflow/.local/lib/python3.12/site-packages/airflow/example_dags/example_external_task_marker_dag.py for tasks to queue
[2025-12-31T21:17:05.780+0000] {logging_mixin.py:190} INFO - [2025-12-31T21:17:05.780+0000] {dagbag.py:588} INFO - Filling up the DagBag from /home/airflow/.local/lib/python3.12/site-packages/airflow/example_dags/example_external_task_marker_dag.py
[2025-12-31T21:17:05.790+0000] {processor.py:925} INFO - DAG(s) 'example_external_task_marker_child', 'example_external_task_marker_parent' retrieved from /home/airflow/.local/lib/python3.12/site-packages/airflow/example_dags/example_external_task_marker_dag.py
[2025-12-31T21:17:05.816+0000] {logging_mixin.py:190} INFO - [2025-12-31T21:17:05.816+0000] {dag.py:3239} INFO - Sync 2 DAGs
[2025-12-31T21:17:05.837+0000] {logging_mixin.py:190} INFO - [2025-12-31T21:17:05.837+0000] {dag.py:4180} INFO - Setting next_dagrun for example_external_task_marker_child to None, run_after=None
[2025-12-31T21:17:05.842+0000] {logging_mixin.py:190} INFO - [2025-12-31T21:17:05.842+0000] {dag.py:4180} INFO - Setting next_dagrun for example_external_task_marker_parent to None, run_after=None
[2025-12-31T21:17:05.868+0000] {processor.py:208} INFO - Processing /home/airflow/.local/lib/python3.12/site-packages/airflow/example_dags/example_external_task_marker_dag.py took 0.098 seconds
[2025-12-31T21:17:36.387+0000] {processor.py:186} INFO - Started process (PID=767) to work on /home/airflow/.local/lib/python3.12/site-packages/airflow/example_dags/example_external_task_marker_dag.py
[2025-12-31T21:17:36.388+0000] {processor.py:914} INFO - Processing file /home/airflow/.local/lib/python3.12/site-packages/airflow/example_dags/example_external_task_marker_dag.py for tasks to queue
[2025-12-31T21:17:36.391+0000] {logging_mixin.py:190} INFO - [2025-12-31T21:17:36.391+0000] {dagbag.py:588} INFO - Filling up the DagBag from /home/airflow/.local/lib/python3.12/site-packages/airflow/example_dags/example_external_task_marker_dag.py
[2025-12-31T21:17:36.400+0000] {processor.py:925} INFO - DAG(s) 'example_external_task_marker_child', 'example_external_task_marker_parent' retrieved from /home/airflow/.local/lib/python3.12/site-packages/airflow/example_dags/example_external_task_marker_dag.py
[2025-12-31T21:17:36.427+0000] {logging_mixin.py:190} INFO - [2025-12-31T21:17:36.426+0000] {dag.py:3239} INFO - Sync 2 DAGs
[2025-12-31T21:17:36.443+0000] {logging_mixin.py:190} INFO - [2025-12-31T21:17:36.443+0000] {dag.py:4180} INFO - Setting next_dagrun for example_external_task_marker_child to None, run_after=None
[2025-12-31T21:17:36.447+0000] {logging_mixin.py:190} INFO - [2025-12-31T21:17:36.447+0000] {dag.py:4180} INFO - Setting next_dagrun for example_external_task_marker_parent to None, run_after=None
[2025-12-31T21:17:36.468+0000] {processor.py:208} INFO - Processing /home/airflow/.local/lib/python3.12/site-packages/airflow/example_dags/example_external_task_marker_dag.py took 0.088 seconds
[2025-12-31T21:18:06.692+0000] {processor.py:186} INFO - Started process (PID=831) to work on /home/airflow/.local/lib/python3.12/site-packages/airflow/example_dags/example_external_task_marker_dag.py
[2025-12-31T21:18:06.693+0000] {processor.py:914} INFO - Processing file /home/airflow/.local/lib/python3.12/site-packages/airflow/example_dags/example_external_task_marker_dag.py for tasks to queue
[2025-12-31T21:18:06.696+0000] {logging_mixin.py:190} INFO - [2025-12-31T21:18:06.696+0000] {dagbag.py:588} INFO - Filling up the DagBag from /home/airflow/.local/lib/python3.12/site-packages/airflow/example_dags/example_external_task_marker_dag.py
[2025-12-31T21:18:06.708+0000] {processor.py:925} INFO - DAG(s) 'example_external_task_marker_parent', 'example_external_task_marker_child' retrieved from /home/airflow/.local/lib/python3.12/site-packages/airflow/example_dags/example_external_task_marker_dag.py
[2025-12-31T21:18:06.744+0000] {logging_mixin.py:190} INFO - [2025-12-31T21:18:06.743+0000] {dag.py:3239} INFO - Sync 2 DAGs
[2025-12-31T21:18:06.774+0000] {logging_mixin.py:190} INFO - [2025-12-31T21:18:06.774+0000] {dag.py:4180} INFO - Setting next_dagrun for example_external_task_marker_child to None, run_after=None
[2025-12-31T21:18:06.780+0000] {logging_mixin.py:190} INFO - [2025-12-31T21:18:06.779+0000] {dag.py:4180} INFO - Setting next_dagrun for example_external_task_marker_parent to None, run_after=None
[2025-12-31T21:18:06.809+0000] {processor.py:208} INFO - Processing /home/airflow/.local/lib/python3.12/site-packages/airflow/example_dags/example_external_task_marker_dag.py took 0.125 seconds
[2025-12-31T21:18:36.874+0000] {processor.py:186} INFO - Started process (PID=894) to work on /home/airflow/.local/lib/python3.12/site-packages/airflow/example_dags/example_external_task_marker_dag.py
[2025-12-31T21:18:36.875+0000] {processor.py:914} INFO - Processing file /home/airflow/.local/lib/python3.12/site-packages/airflow/example_dags/example_external_task_marker_dag.py for tasks to queue
[2025-12-31T21:18:36.881+0000] {logging_mixin.py:190} INFO - [2025-12-31T21:18:36.880+0000] {dagbag.py:588} INFO - Filling up the DagBag from /home/airflow/.local/lib/python3.12/site-packages/airflow/example_dags/example_external_task_marker_dag.py
[2025-12-31T21:18:36.898+0000] {processor.py:925} INFO - DAG(s) 'example_external_task_marker_child', 'example_external_task_marker_parent' retrieved from /home/airflow/.local/lib/python3.12/site-packages/airflow/example_dags/example_external_task_marker_dag.py
[2025-12-31T21:18:36.928+0000] {logging_mixin.py:190} INFO - [2025-12-31T21:18:36.928+0000] {dag.py:3239} INFO - Sync 2 DAGs
[2025-12-31T21:18:36.945+0000] {logging_mixin.py:190} INFO - [2025-12-31T21:18:36.944+0000] {dag.py:4180} INFO - Setting next_dagrun for example_external_task_marker_child to None, run_after=None
[2025-12-31T21:18:36.949+0000] {logging_mixin.py:190} INFO - [2025-12-31T21:18:36.949+0000] {dag.py:4180} INFO - Setting next_dagrun for example_external_task_marker_parent to None, run_after=None
[2025-12-31T21:18:36.974+0000] {processor.py:208} INFO - Processing /home/airflow/.local/lib/python3.12/site-packages/airflow/example_dags/example_external_task_marker_dag.py took 0.107 seconds
[2025-12-31T21:19:07.246+0000] {processor.py:186} INFO - Started process (PID=957) to work on /home/airflow/.local/lib/python3.12/site-packages/airflow/example_dags/example_external_task_marker_dag.py
[2025-12-31T21:19:07.247+0000] {processor.py:914} INFO - Processing file /home/airflow/.local/lib/python3.12/site-packages/airflow/example_dags/example_external_task_marker_dag.py for tasks to queue
[2025-12-31T21:19:07.250+0000] {logging_mixin.py:190} INFO - [2025-12-31T21:19:07.250+0000] {dagbag.py:588} INFO - Filling up the DagBag from /home/airflow/.local/lib/python3.12/site-packages/airflow/example_dags/example_external_task_marker_dag.py
[2025-12-31T21:19:07.260+0000] {processor.py:925} INFO - DAG(s) 'example_external_task_marker_child', 'example_external_task_marker_parent' retrieved from /home/airflow/.local/lib/python3.12/site-packages/airflow/example_dags/example_external_task_marker_dag.py
[2025-12-31T21:19:07.287+0000] {logging_mixin.py:190} INFO - [2025-12-31T21:19:07.286+0000] {dag.py:3239} INFO - Sync 2 DAGs
[2025-12-31T21:19:07.304+0000] {logging_mixin.py:190} INFO - [2025-12-31T21:19:07.304+0000] {dag.py:4180} INFO - Setting next_dagrun for example_external_task_marker_child to None, run_after=None
[2025-12-31T21:19:07.308+0000] {logging_mixin.py:190} INFO - [2025-12-31T21:19:07.308+0000] {dag.py:4180} INFO - Setting next_dagrun for example_external_task_marker_parent to None, run_after=None
[2025-12-31T21:19:07.329+0000] {processor.py:208} INFO - Processing /home/airflow/.local/lib/python3.12/site-packages/airflow/example_dags/example_external_task_marker_dag.py took 0.091 seconds
[2025-12-31T21:19:37.736+0000] {processor.py:186} INFO - Started process (PID=1020) to work on /home/airflow/.local/lib/python3.12/site-packages/airflow/example_dags/example_external_task_marker_dag.py
[2025-12-31T21:19:37.738+0000] {processor.py:914} INFO - Processing file /home/airflow/.local/lib/python3.12/site-packages/airflow/example_dags/example_external_task_marker_dag.py for tasks to queue
[2025-12-31T21:19:37.741+0000] {logging_mixin.py:190} INFO - [2025-12-31T21:19:37.740+0000] {dagbag.py:588} INFO - Filling up the DagBag from /home/airflow/.local/lib/python3.12/site-packages/airflow/example_dags/example_external_task_marker_dag.py
[2025-12-31T21:19:37.751+0000] {processor.py:925} INFO - DAG(s) 'example_external_task_marker_parent', 'example_external_task_marker_child' retrieved from /home/airflow/.local/lib/python3.12/site-packages/airflow/example_dags/example_external_task_marker_dag.py
[2025-12-31T21:19:37.780+0000] {logging_mixin.py:190} INFO - [2025-12-31T21:19:37.780+0000] {dag.py:3239} INFO - Sync 2 DAGs
[2025-12-31T21:19:37.798+0000] {logging_mixin.py:190} INFO - [2025-12-31T21:19:37.798+0000] {dag.py:4180} INFO - Setting next_dagrun for example_external_task_marker_child to None, run_after=None
[2025-12-31T21:19:37.803+0000] {logging_mixin.py:190} INFO - [2025-12-31T21:19:37.803+0000] {dag.py:4180} INFO - Setting next_dagrun for example_external_task_marker_parent to None, run_after=None
[2025-12-31T21:19:37.823+0000] {processor.py:208} INFO - Processing /home/airflow/.local/lib/python3.12/site-packages/airflow/example_dags/example_external_task_marker_dag.py took 0.093 seconds
[2025-12-31T21:20:07.928+0000] {processor.py:186} INFO - Started process (PID=1083) to work on /home/airflow/.local/lib/python3.12/site-packages/airflow/example_dags/example_external_task_marker_dag.py
[2025-12-31T21:20:07.929+0000] {processor.py:914} INFO - Processing file /home/airflow/.local/lib/python3.12/site-packages/airflow/example_dags/example_external_task_marker_dag.py for tasks to queue
[2025-12-31T21:20:07.932+0000] {logging_mixin.py:190} INFO - [2025-12-31T21:20:07.932+0000] {dagbag.py:588} INFO - Filling up the DagBag from /home/airflow/.local/lib/python3.12/site-packages/airflow/example_dags/example_external_task_marker_dag.py
[2025-12-31T21:20:07.942+0000] {processor.py:925} INFO - DAG(s) 'example_external_task_marker_child', 'example_external_task_marker_parent' retrieved from /home/airflow/.local/lib/python3.12/site-packages/airflow/example_dags/example_external_task_marker_dag.py
[2025-12-31T21:20:07.971+0000] {logging_mixin.py:190} INFO - [2025-12-31T21:20:07.970+0000] {dag.py:3239} INFO - Sync 2 DAGs
[2025-12-31T21:20:07.992+0000] {logging_mixin.py:190} INFO - [2025-12-31T21:20:07.992+0000] {dag.py:4180} INFO - Setting next_dagrun for example_external_task_marker_child to None, run_after=None
[2025-12-31T21:20:07.996+0000] {logging_mixin.py:190} INFO - [2025-12-31T21:20:07.996+0000] {dag.py:4180} INFO - Setting next_dagrun for example_external_task_marker_parent to None, run_after=None
[2025-12-31T21:20:08.024+0000] {processor.py:208} INFO - Processing /home/airflow/.local/lib/python3.12/site-packages/airflow/example_dags/example_external_task_marker_dag.py took 0.101 seconds
[2025-12-31T21:20:38.188+0000] {processor.py:186} INFO - Started process (PID=1146) to work on /home/airflow/.local/lib/python3.12/site-packages/airflow/example_dags/example_external_task_marker_dag.py
[2025-12-31T21:20:38.188+0000] {processor.py:914} INFO - Processing file /home/airflow/.local/lib/python3.12/site-packages/airflow/example_dags/example_external_task_marker_dag.py for tasks to queue
[2025-12-31T21:20:38.191+0000] {logging_mixin.py:190} INFO - [2025-12-31T21:20:38.191+0000] {dagbag.py:588} INFO - Filling up the DagBag from /home/airflow/.local/lib/python3.12/site-packages/airflow/example_dags/example_external_task_marker_dag.py
[2025-12-31T21:20:38.201+0000] {processor.py:925} INFO - DAG(s) 'example_external_task_marker_parent', 'example_external_task_marker_child' retrieved from /home/airflow/.local/lib/python3.12/site-packages/airflow/example_dags/example_external_task_marker_dag.py
[2025-12-31T21:20:38.229+0000] {logging_mixin.py:190} INFO - [2025-12-31T21:20:38.229+0000] {dag.py:3239} INFO - Sync 2 DAGs
[2025-12-31T21:20:38.247+0000] {logging_mixin.py:190} INFO - [2025-12-31T21:20:38.247+0000] {dag.py:4180} INFO - Setting next_dagrun for example_external_task_marker_child to None, run_after=None
[2025-12-31T21:20:38.252+0000] {logging_mixin.py:190} INFO - [2025-12-31T21:20:38.252+0000] {dag.py:4180} INFO - Setting next_dagrun for example_external_task_marker_parent to None, run_after=None
[2025-12-31T21:20:38.275+0000] {processor.py:208} INFO - Processing /home/airflow/.local/lib/python3.12/site-packages/airflow/example_dags/example_external_task_marker_dag.py took 0.094 seconds
[2025-12-31T21:21:08.750+0000] {processor.py:186} INFO - Started process (PID=1209) to work on /home/airflow/.local/lib/python3.12/site-packages/airflow/example_dags/example_external_task_marker_dag.py
[2025-12-31T21:21:08.751+0000] {processor.py:914} INFO - Processing file /home/airflow/.local/lib/python3.12/site-packages/airflow/example_dags/example_external_task_marker_dag.py for tasks to queue
[2025-12-31T21:21:08.755+0000] {logging_mixin.py:190} INFO - [2025-12-31T21:21:08.754+0000] {dagbag.py:588} INFO - Filling up the DagBag from /home/airflow/.local/lib/python3.12/site-packages/airflow/example_dags/example_external_task_marker_dag.py
[2025-12-31T21:21:08.769+0000] {processor.py:925} INFO - DAG(s) 'example_external_task_marker_parent', 'example_external_task_marker_child' retrieved from /home/airflow/.local/lib/python3.12/site-packages/airflow/example_dags/example_external_task_marker_dag.py
[2025-12-31T21:21:08.799+0000] {logging_mixin.py:190} INFO - [2025-12-31T21:21:08.799+0000] {dag.py:3239} INFO - Sync 2 DAGs
[2025-12-31T21:21:08.818+0000] {logging_mixin.py:190} INFO - [2025-12-31T21:21:08.818+0000] {dag.py:4180} INFO - Setting next_dagrun for example_external_task_marker_child to None, run_after=None
[2025-12-31T21:21:08.824+0000] {logging_mixin.py:190} INFO - [2025-12-31T21:21:08.823+0000] {dag.py:4180} INFO - Setting next_dagrun for example_external_task_marker_parent to None, run_after=None
[2025-12-31T21:21:08.849+0000] {processor.py:208} INFO - Processing /home/airflow/.local/lib/python3.12/site-packages/airflow/example_dags/example_external_task_marker_dag.py took 0.107 seconds
