[2025-12-31T21:12:15.149+0000] {processor.py:186} INFO - Started process (PID=118) to work on /home/airflow/.local/lib/python3.12/site-packages/airflow/example_dags/example_dataset_alias_with_no_taskflow.py
[2025-12-31T21:12:15.151+0000] {processor.py:914} INFO - Processing file /home/airflow/.local/lib/python3.12/site-packages/airflow/example_dags/example_dataset_alias_with_no_taskflow.py for tasks to queue
[2025-12-31T21:12:15.154+0000] {logging_mixin.py:190} INFO - [2025-12-31T21:12:15.154+0000] {dagbag.py:588} INFO - Filling up the DagBag from /home/airflow/.local/lib/python3.12/site-packages/airflow/example_dags/example_dataset_alias_with_no_taskflow.py
[2025-12-31T21:12:15.965+0000] {processor.py:925} INFO - DAG(s) 'dataset_alias_example_alias_consumer_with_no_taskflow', 'dataset_s3_bucket_producer_with_no_taskflow', 'dataset_alias_example_alias_producer_with_no_taskflow', 'dataset_s3_bucket_consumer_with_no_taskflow' retrieved from /home/airflow/.local/lib/python3.12/site-packages/airflow/example_dags/example_dataset_alias_with_no_taskflow.py
[2025-12-31T21:12:16.137+0000] {logging_mixin.py:190} INFO - [2025-12-31T21:12:16.136+0000] {override.py:1912} INFO - Created Permission View: can read on DAG:dataset_alias_example_alias_consumer_with_no_taskflow
[2025-12-31T21:12:16.156+0000] {logging_mixin.py:190} INFO - [2025-12-31T21:12:16.155+0000] {override.py:1912} INFO - Created Permission View: can delete on DAG:dataset_alias_example_alias_consumer_with_no_taskflow
[2025-12-31T21:12:16.169+0000] {logging_mixin.py:190} INFO - [2025-12-31T21:12:16.168+0000] {override.py:1912} INFO - Created Permission View: can edit on DAG:dataset_alias_example_alias_consumer_with_no_taskflow
[2025-12-31T21:12:16.184+0000] {logging_mixin.py:190} INFO - [2025-12-31T21:12:16.184+0000] {override.py:1912} INFO - Created Permission View: can read on DAG Run:dataset_alias_example_alias_consumer_with_no_taskflow
[2025-12-31T21:12:16.196+0000] {logging_mixin.py:190} INFO - [2025-12-31T21:12:16.195+0000] {override.py:1912} INFO - Created Permission View: can create on DAG Run:dataset_alias_example_alias_consumer_with_no_taskflow
[2025-12-31T21:12:16.209+0000] {logging_mixin.py:190} INFO - [2025-12-31T21:12:16.208+0000] {override.py:1912} INFO - Created Permission View: can delete on DAG Run:dataset_alias_example_alias_consumer_with_no_taskflow
[2025-12-31T21:12:16.221+0000] {logging_mixin.py:190} INFO - [2025-12-31T21:12:16.220+0000] {override.py:1912} INFO - Created Permission View: menu access on DAG Run:dataset_alias_example_alias_consumer_with_no_taskflow
[2025-12-31T21:12:16.244+0000] {logging_mixin.py:190} INFO - [2025-12-31T21:12:16.243+0000] {override.py:1912} INFO - Created Permission View: can read on DAG:dataset_s3_bucket_producer_with_no_taskflow
[2025-12-31T21:12:16.258+0000] {logging_mixin.py:190} INFO - [2025-12-31T21:12:16.257+0000] {override.py:1912} INFO - Created Permission View: can delete on DAG:dataset_s3_bucket_producer_with_no_taskflow
[2025-12-31T21:12:16.269+0000] {logging_mixin.py:190} INFO - [2025-12-31T21:12:16.269+0000] {override.py:1912} INFO - Created Permission View: can edit on DAG:dataset_s3_bucket_producer_with_no_taskflow
[2025-12-31T21:12:16.283+0000] {logging_mixin.py:190} INFO - [2025-12-31T21:12:16.282+0000] {override.py:1912} INFO - Created Permission View: can read on DAG Run:dataset_s3_bucket_producer_with_no_taskflow
[2025-12-31T21:12:16.296+0000] {logging_mixin.py:190} INFO - [2025-12-31T21:12:16.295+0000] {override.py:1912} INFO - Created Permission View: can create on DAG Run:dataset_s3_bucket_producer_with_no_taskflow
[2025-12-31T21:12:16.310+0000] {logging_mixin.py:190} INFO - [2025-12-31T21:12:16.309+0000] {override.py:1912} INFO - Created Permission View: can delete on DAG Run:dataset_s3_bucket_producer_with_no_taskflow
[2025-12-31T21:12:16.323+0000] {logging_mixin.py:190} INFO - [2025-12-31T21:12:16.322+0000] {override.py:1912} INFO - Created Permission View: menu access on DAG Run:dataset_s3_bucket_producer_with_no_taskflow
[2025-12-31T21:12:16.342+0000] {logging_mixin.py:190} INFO - [2025-12-31T21:12:16.342+0000] {override.py:1912} INFO - Created Permission View: can read on DAG:dataset_alias_example_alias_producer_with_no_taskflow
[2025-12-31T21:12:16.352+0000] {logging_mixin.py:190} INFO - [2025-12-31T21:12:16.351+0000] {override.py:1912} INFO - Created Permission View: can delete on DAG:dataset_alias_example_alias_producer_with_no_taskflow
[2025-12-31T21:12:16.361+0000] {logging_mixin.py:190} INFO - [2025-12-31T21:12:16.360+0000] {override.py:1912} INFO - Created Permission View: can edit on DAG:dataset_alias_example_alias_producer_with_no_taskflow
[2025-12-31T21:12:16.371+0000] {logging_mixin.py:190} INFO - [2025-12-31T21:12:16.371+0000] {override.py:1912} INFO - Created Permission View: can read on DAG Run:dataset_alias_example_alias_producer_with_no_taskflow
[2025-12-31T21:12:16.381+0000] {logging_mixin.py:190} INFO - [2025-12-31T21:12:16.380+0000] {override.py:1912} INFO - Created Permission View: can create on DAG Run:dataset_alias_example_alias_producer_with_no_taskflow
[2025-12-31T21:12:16.390+0000] {logging_mixin.py:190} INFO - [2025-12-31T21:12:16.389+0000] {override.py:1912} INFO - Created Permission View: can delete on DAG Run:dataset_alias_example_alias_producer_with_no_taskflow
[2025-12-31T21:12:16.401+0000] {logging_mixin.py:190} INFO - [2025-12-31T21:12:16.401+0000] {override.py:1912} INFO - Created Permission View: menu access on DAG Run:dataset_alias_example_alias_producer_with_no_taskflow
[2025-12-31T21:12:16.417+0000] {logging_mixin.py:190} INFO - [2025-12-31T21:12:16.417+0000] {override.py:1912} INFO - Created Permission View: can read on DAG:dataset_s3_bucket_consumer_with_no_taskflow
[2025-12-31T21:12:16.426+0000] {logging_mixin.py:190} INFO - [2025-12-31T21:12:16.426+0000] {override.py:1912} INFO - Created Permission View: can delete on DAG:dataset_s3_bucket_consumer_with_no_taskflow
[2025-12-31T21:12:16.436+0000] {logging_mixin.py:190} INFO - [2025-12-31T21:12:16.435+0000] {override.py:1912} INFO - Created Permission View: can edit on DAG:dataset_s3_bucket_consumer_with_no_taskflow
[2025-12-31T21:12:16.448+0000] {logging_mixin.py:190} INFO - [2025-12-31T21:12:16.447+0000] {override.py:1912} INFO - Created Permission View: can read on DAG Run:dataset_s3_bucket_consumer_with_no_taskflow
[2025-12-31T21:12:16.458+0000] {logging_mixin.py:190} INFO - [2025-12-31T21:12:16.458+0000] {override.py:1912} INFO - Created Permission View: can create on DAG Run:dataset_s3_bucket_consumer_with_no_taskflow
[2025-12-31T21:12:16.469+0000] {logging_mixin.py:190} INFO - [2025-12-31T21:12:16.468+0000] {override.py:1912} INFO - Created Permission View: can delete on DAG Run:dataset_s3_bucket_consumer_with_no_taskflow
[2025-12-31T21:12:16.479+0000] {logging_mixin.py:190} INFO - [2025-12-31T21:12:16.479+0000] {override.py:1912} INFO - Created Permission View: menu access on DAG Run:dataset_s3_bucket_consumer_with_no_taskflow
[2025-12-31T21:12:16.481+0000] {logging_mixin.py:190} INFO - [2025-12-31T21:12:16.480+0000] {dag.py:3239} INFO - Sync 4 DAGs
[2025-12-31T21:12:16.499+0000] {logging_mixin.py:190} INFO - [2025-12-31T21:12:16.498+0000] {dag.py:3262} INFO - Creating ORM DAG for dataset_alias_example_alias_consumer_with_no_taskflow
[2025-12-31T21:12:16.500+0000] {logging_mixin.py:190} INFO - [2025-12-31T21:12:16.500+0000] {dag.py:3262} INFO - Creating ORM DAG for dataset_s3_bucket_producer_with_no_taskflow
[2025-12-31T21:12:16.501+0000] {logging_mixin.py:190} INFO - [2025-12-31T21:12:16.501+0000] {dag.py:3262} INFO - Creating ORM DAG for dataset_alias_example_alias_producer_with_no_taskflow
[2025-12-31T21:12:16.502+0000] {logging_mixin.py:190} INFO - [2025-12-31T21:12:16.502+0000] {dag.py:3262} INFO - Creating ORM DAG for dataset_s3_bucket_consumer_with_no_taskflow
[2025-12-31T21:12:16.516+0000] {logging_mixin.py:190} INFO - [2025-12-31T21:12:16.516+0000] {dag.py:4180} INFO - Setting next_dagrun for dataset_alias_example_alias_consumer_with_no_taskflow to None, run_after=None
[2025-12-31T21:12:16.518+0000] {logging_mixin.py:190} INFO - [2025-12-31T21:12:16.517+0000] {dag.py:4180} INFO - Setting next_dagrun for dataset_alias_example_alias_producer_with_no_taskflow to None, run_after=None
[2025-12-31T21:12:16.519+0000] {logging_mixin.py:190} INFO - [2025-12-31T21:12:16.519+0000] {dag.py:4180} INFO - Setting next_dagrun for dataset_s3_bucket_consumer_with_no_taskflow to None, run_after=None
[2025-12-31T21:12:16.520+0000] {logging_mixin.py:190} INFO - [2025-12-31T21:12:16.520+0000] {dag.py:4180} INFO - Setting next_dagrun for dataset_s3_bucket_producer_with_no_taskflow to None, run_after=None
[2025-12-31T21:12:16.560+0000] {processor.py:208} INFO - Processing /home/airflow/.local/lib/python3.12/site-packages/airflow/example_dags/example_dataset_alias_with_no_taskflow.py took 1.420 seconds
[2025-12-31T21:12:47.125+0000] {processor.py:186} INFO - Started process (PID=187) to work on /home/airflow/.local/lib/python3.12/site-packages/airflow/example_dags/example_dataset_alias_with_no_taskflow.py
[2025-12-31T21:12:47.126+0000] {processor.py:914} INFO - Processing file /home/airflow/.local/lib/python3.12/site-packages/airflow/example_dags/example_dataset_alias_with_no_taskflow.py for tasks to queue
[2025-12-31T21:12:47.129+0000] {logging_mixin.py:190} INFO - [2025-12-31T21:12:47.128+0000] {dagbag.py:588} INFO - Filling up the DagBag from /home/airflow/.local/lib/python3.12/site-packages/airflow/example_dags/example_dataset_alias_with_no_taskflow.py
[2025-12-31T21:12:47.834+0000] {processor.py:925} INFO - DAG(s) 'dataset_s3_bucket_producer_with_no_taskflow', 'dataset_alias_example_alias_producer_with_no_taskflow', 'dataset_s3_bucket_consumer_with_no_taskflow', 'dataset_alias_example_alias_consumer_with_no_taskflow' retrieved from /home/airflow/.local/lib/python3.12/site-packages/airflow/example_dags/example_dataset_alias_with_no_taskflow.py
[2025-12-31T21:12:47.859+0000] {logging_mixin.py:190} INFO - [2025-12-31T21:12:47.859+0000] {dag.py:3239} INFO - Sync 4 DAGs
[2025-12-31T21:12:47.886+0000] {logging_mixin.py:190} INFO - [2025-12-31T21:12:47.885+0000] {dag.py:4180} INFO - Setting next_dagrun for dataset_alias_example_alias_consumer_with_no_taskflow to None, run_after=None
[2025-12-31T21:12:47.889+0000] {logging_mixin.py:190} INFO - [2025-12-31T21:12:47.889+0000] {dag.py:4180} INFO - Setting next_dagrun for dataset_alias_example_alias_producer_with_no_taskflow to None, run_after=None
[2025-12-31T21:12:47.892+0000] {logging_mixin.py:190} INFO - [2025-12-31T21:12:47.891+0000] {dag.py:4180} INFO - Setting next_dagrun for dataset_s3_bucket_consumer_with_no_taskflow to None, run_after=None
[2025-12-31T21:12:47.894+0000] {logging_mixin.py:190} INFO - [2025-12-31T21:12:47.893+0000] {dag.py:4180} INFO - Setting next_dagrun for dataset_s3_bucket_producer_with_no_taskflow to None, run_after=None
[2025-12-31T21:12:47.924+0000] {processor.py:208} INFO - Processing /home/airflow/.local/lib/python3.12/site-packages/airflow/example_dags/example_dataset_alias_with_no_taskflow.py took 0.808 seconds
[2025-12-31T21:13:18.113+0000] {processor.py:186} INFO - Started process (PID=256) to work on /home/airflow/.local/lib/python3.12/site-packages/airflow/example_dags/example_dataset_alias_with_no_taskflow.py
[2025-12-31T21:13:18.115+0000] {processor.py:914} INFO - Processing file /home/airflow/.local/lib/python3.12/site-packages/airflow/example_dags/example_dataset_alias_with_no_taskflow.py for tasks to queue
[2025-12-31T21:13:18.118+0000] {logging_mixin.py:190} INFO - [2025-12-31T21:13:18.117+0000] {dagbag.py:588} INFO - Filling up the DagBag from /home/airflow/.local/lib/python3.12/site-packages/airflow/example_dags/example_dataset_alias_with_no_taskflow.py
[2025-12-31T21:13:18.765+0000] {processor.py:925} INFO - DAG(s) 'dataset_s3_bucket_producer_with_no_taskflow', 'dataset_s3_bucket_consumer_with_no_taskflow', 'dataset_alias_example_alias_producer_with_no_taskflow', 'dataset_alias_example_alias_consumer_with_no_taskflow' retrieved from /home/airflow/.local/lib/python3.12/site-packages/airflow/example_dags/example_dataset_alias_with_no_taskflow.py
[2025-12-31T21:13:18.792+0000] {logging_mixin.py:190} INFO - [2025-12-31T21:13:18.792+0000] {dag.py:3239} INFO - Sync 4 DAGs
[2025-12-31T21:13:18.817+0000] {logging_mixin.py:190} INFO - [2025-12-31T21:13:18.817+0000] {dag.py:4180} INFO - Setting next_dagrun for dataset_alias_example_alias_consumer_with_no_taskflow to None, run_after=None
[2025-12-31T21:13:18.821+0000] {logging_mixin.py:190} INFO - [2025-12-31T21:13:18.821+0000] {dag.py:4180} INFO - Setting next_dagrun for dataset_alias_example_alias_producer_with_no_taskflow to None, run_after=None
[2025-12-31T21:13:18.823+0000] {logging_mixin.py:190} INFO - [2025-12-31T21:13:18.823+0000] {dag.py:4180} INFO - Setting next_dagrun for dataset_s3_bucket_consumer_with_no_taskflow to None, run_after=None
[2025-12-31T21:13:18.825+0000] {logging_mixin.py:190} INFO - [2025-12-31T21:13:18.825+0000] {dag.py:4180} INFO - Setting next_dagrun for dataset_s3_bucket_producer_with_no_taskflow to None, run_after=None
[2025-12-31T21:13:18.857+0000] {processor.py:208} INFO - Processing /home/airflow/.local/lib/python3.12/site-packages/airflow/example_dags/example_dataset_alias_with_no_taskflow.py took 0.750 seconds
[2025-12-31T21:13:49.042+0000] {processor.py:186} INFO - Started process (PID=319) to work on /home/airflow/.local/lib/python3.12/site-packages/airflow/example_dags/example_dataset_alias_with_no_taskflow.py
[2025-12-31T21:13:49.043+0000] {processor.py:914} INFO - Processing file /home/airflow/.local/lib/python3.12/site-packages/airflow/example_dags/example_dataset_alias_with_no_taskflow.py for tasks to queue
[2025-12-31T21:13:49.047+0000] {logging_mixin.py:190} INFO - [2025-12-31T21:13:49.047+0000] {dagbag.py:588} INFO - Filling up the DagBag from /home/airflow/.local/lib/python3.12/site-packages/airflow/example_dags/example_dataset_alias_with_no_taskflow.py
[2025-12-31T21:13:49.745+0000] {processor.py:925} INFO - DAG(s) 'dataset_alias_example_alias_consumer_with_no_taskflow', 'dataset_alias_example_alias_producer_with_no_taskflow', 'dataset_s3_bucket_producer_with_no_taskflow', 'dataset_s3_bucket_consumer_with_no_taskflow' retrieved from /home/airflow/.local/lib/python3.12/site-packages/airflow/example_dags/example_dataset_alias_with_no_taskflow.py
[2025-12-31T21:13:49.772+0000] {logging_mixin.py:190} INFO - [2025-12-31T21:13:49.772+0000] {dag.py:3239} INFO - Sync 4 DAGs
[2025-12-31T21:13:49.798+0000] {logging_mixin.py:190} INFO - [2025-12-31T21:13:49.797+0000] {dag.py:4180} INFO - Setting next_dagrun for dataset_alias_example_alias_consumer_with_no_taskflow to None, run_after=None
[2025-12-31T21:13:49.801+0000] {logging_mixin.py:190} INFO - [2025-12-31T21:13:49.801+0000] {dag.py:4180} INFO - Setting next_dagrun for dataset_alias_example_alias_producer_with_no_taskflow to None, run_after=None
[2025-12-31T21:13:49.804+0000] {logging_mixin.py:190} INFO - [2025-12-31T21:13:49.803+0000] {dag.py:4180} INFO - Setting next_dagrun for dataset_s3_bucket_consumer_with_no_taskflow to None, run_after=None
[2025-12-31T21:13:49.806+0000] {logging_mixin.py:190} INFO - [2025-12-31T21:13:49.805+0000] {dag.py:4180} INFO - Setting next_dagrun for dataset_s3_bucket_producer_with_no_taskflow to None, run_after=None
[2025-12-31T21:13:49.836+0000] {processor.py:208} INFO - Processing /home/airflow/.local/lib/python3.12/site-packages/airflow/example_dags/example_dataset_alias_with_no_taskflow.py took 0.804 seconds
[2025-12-31T21:14:19.953+0000] {processor.py:186} INFO - Started process (PID=383) to work on /home/airflow/.local/lib/python3.12/site-packages/airflow/example_dags/example_dataset_alias_with_no_taskflow.py
[2025-12-31T21:14:19.956+0000] {processor.py:914} INFO - Processing file /home/airflow/.local/lib/python3.12/site-packages/airflow/example_dags/example_dataset_alias_with_no_taskflow.py for tasks to queue
[2025-12-31T21:14:19.960+0000] {logging_mixin.py:190} INFO - [2025-12-31T21:14:19.960+0000] {dagbag.py:588} INFO - Filling up the DagBag from /home/airflow/.local/lib/python3.12/site-packages/airflow/example_dags/example_dataset_alias_with_no_taskflow.py
[2025-12-31T21:14:20.709+0000] {processor.py:925} INFO - DAG(s) 'dataset_s3_bucket_consumer_with_no_taskflow', 'dataset_s3_bucket_producer_with_no_taskflow', 'dataset_alias_example_alias_producer_with_no_taskflow', 'dataset_alias_example_alias_consumer_with_no_taskflow' retrieved from /home/airflow/.local/lib/python3.12/site-packages/airflow/example_dags/example_dataset_alias_with_no_taskflow.py
[2025-12-31T21:14:20.735+0000] {logging_mixin.py:190} INFO - [2025-12-31T21:14:20.735+0000] {dag.py:3239} INFO - Sync 4 DAGs
[2025-12-31T21:14:20.764+0000] {logging_mixin.py:190} INFO - [2025-12-31T21:14:20.764+0000] {dag.py:4180} INFO - Setting next_dagrun for dataset_alias_example_alias_consumer_with_no_taskflow to None, run_after=None
[2025-12-31T21:14:20.767+0000] {logging_mixin.py:190} INFO - [2025-12-31T21:14:20.767+0000] {dag.py:4180} INFO - Setting next_dagrun for dataset_alias_example_alias_producer_with_no_taskflow to None, run_after=None
[2025-12-31T21:14:20.771+0000] {logging_mixin.py:190} INFO - [2025-12-31T21:14:20.770+0000] {dag.py:4180} INFO - Setting next_dagrun for dataset_s3_bucket_consumer_with_no_taskflow to None, run_after=None
[2025-12-31T21:14:20.774+0000] {logging_mixin.py:190} INFO - [2025-12-31T21:14:20.774+0000] {dag.py:4180} INFO - Setting next_dagrun for dataset_s3_bucket_producer_with_no_taskflow to None, run_after=None
[2025-12-31T21:14:20.804+0000] {processor.py:208} INFO - Processing /home/airflow/.local/lib/python3.12/site-packages/airflow/example_dags/example_dataset_alias_with_no_taskflow.py took 0.861 seconds
[2025-12-31T21:14:51.163+0000] {processor.py:186} INFO - Started process (PID=448) to work on /home/airflow/.local/lib/python3.12/site-packages/airflow/example_dags/example_dataset_alias_with_no_taskflow.py
[2025-12-31T21:14:51.165+0000] {processor.py:914} INFO - Processing file /home/airflow/.local/lib/python3.12/site-packages/airflow/example_dags/example_dataset_alias_with_no_taskflow.py for tasks to queue
[2025-12-31T21:14:51.168+0000] {logging_mixin.py:190} INFO - [2025-12-31T21:14:51.167+0000] {dagbag.py:588} INFO - Filling up the DagBag from /home/airflow/.local/lib/python3.12/site-packages/airflow/example_dags/example_dataset_alias_with_no_taskflow.py
[2025-12-31T21:14:51.835+0000] {processor.py:925} INFO - DAG(s) 'dataset_s3_bucket_consumer_with_no_taskflow', 'dataset_s3_bucket_producer_with_no_taskflow', 'dataset_alias_example_alias_consumer_with_no_taskflow', 'dataset_alias_example_alias_producer_with_no_taskflow' retrieved from /home/airflow/.local/lib/python3.12/site-packages/airflow/example_dags/example_dataset_alias_with_no_taskflow.py
[2025-12-31T21:14:51.871+0000] {logging_mixin.py:190} INFO - [2025-12-31T21:14:51.870+0000] {dag.py:3239} INFO - Sync 4 DAGs
[2025-12-31T21:14:51.900+0000] {logging_mixin.py:190} INFO - [2025-12-31T21:14:51.900+0000] {dag.py:4180} INFO - Setting next_dagrun for dataset_alias_example_alias_consumer_with_no_taskflow to None, run_after=None
[2025-12-31T21:14:51.903+0000] {logging_mixin.py:190} INFO - [2025-12-31T21:14:51.903+0000] {dag.py:4180} INFO - Setting next_dagrun for dataset_alias_example_alias_producer_with_no_taskflow to None, run_after=None
[2025-12-31T21:14:51.905+0000] {logging_mixin.py:190} INFO - [2025-12-31T21:14:51.905+0000] {dag.py:4180} INFO - Setting next_dagrun for dataset_s3_bucket_consumer_with_no_taskflow to None, run_after=None
[2025-12-31T21:14:51.907+0000] {logging_mixin.py:190} INFO - [2025-12-31T21:14:51.907+0000] {dag.py:4180} INFO - Setting next_dagrun for dataset_s3_bucket_producer_with_no_taskflow to None, run_after=None
[2025-12-31T21:14:51.932+0000] {processor.py:208} INFO - Processing /home/airflow/.local/lib/python3.12/site-packages/airflow/example_dags/example_dataset_alias_with_no_taskflow.py took 0.777 seconds
[2025-12-31T21:15:22.324+0000] {processor.py:186} INFO - Started process (PID=512) to work on /home/airflow/.local/lib/python3.12/site-packages/airflow/example_dags/example_dataset_alias_with_no_taskflow.py
[2025-12-31T21:15:22.325+0000] {processor.py:914} INFO - Processing file /home/airflow/.local/lib/python3.12/site-packages/airflow/example_dags/example_dataset_alias_with_no_taskflow.py for tasks to queue
[2025-12-31T21:15:22.329+0000] {logging_mixin.py:190} INFO - [2025-12-31T21:15:22.328+0000] {dagbag.py:588} INFO - Filling up the DagBag from /home/airflow/.local/lib/python3.12/site-packages/airflow/example_dags/example_dataset_alias_with_no_taskflow.py
[2025-12-31T21:15:22.988+0000] {processor.py:925} INFO - DAG(s) 'dataset_alias_example_alias_producer_with_no_taskflow', 'dataset_s3_bucket_producer_with_no_taskflow', 'dataset_s3_bucket_consumer_with_no_taskflow', 'dataset_alias_example_alias_consumer_with_no_taskflow' retrieved from /home/airflow/.local/lib/python3.12/site-packages/airflow/example_dags/example_dataset_alias_with_no_taskflow.py
[2025-12-31T21:15:23.014+0000] {logging_mixin.py:190} INFO - [2025-12-31T21:15:23.013+0000] {dag.py:3239} INFO - Sync 4 DAGs
[2025-12-31T21:15:23.039+0000] {logging_mixin.py:190} INFO - [2025-12-31T21:15:23.038+0000] {dag.py:4180} INFO - Setting next_dagrun for dataset_alias_example_alias_consumer_with_no_taskflow to None, run_after=None
[2025-12-31T21:15:23.042+0000] {logging_mixin.py:190} INFO - [2025-12-31T21:15:23.042+0000] {dag.py:4180} INFO - Setting next_dagrun for dataset_alias_example_alias_producer_with_no_taskflow to None, run_after=None
[2025-12-31T21:15:23.045+0000] {logging_mixin.py:190} INFO - [2025-12-31T21:15:23.044+0000] {dag.py:4180} INFO - Setting next_dagrun for dataset_s3_bucket_consumer_with_no_taskflow to None, run_after=None
[2025-12-31T21:15:23.047+0000] {logging_mixin.py:190} INFO - [2025-12-31T21:15:23.047+0000] {dag.py:4180} INFO - Setting next_dagrun for dataset_s3_bucket_producer_with_no_taskflow to None, run_after=None
[2025-12-31T21:15:23.078+0000] {processor.py:208} INFO - Processing /home/airflow/.local/lib/python3.12/site-packages/airflow/example_dags/example_dataset_alias_with_no_taskflow.py took 0.763 seconds
[2025-12-31T21:15:53.717+0000] {processor.py:186} INFO - Started process (PID=572) to work on /home/airflow/.local/lib/python3.12/site-packages/airflow/example_dags/example_dataset_alias_with_no_taskflow.py
[2025-12-31T21:15:53.718+0000] {processor.py:914} INFO - Processing file /home/airflow/.local/lib/python3.12/site-packages/airflow/example_dags/example_dataset_alias_with_no_taskflow.py for tasks to queue
[2025-12-31T21:15:53.730+0000] {logging_mixin.py:190} INFO - [2025-12-31T21:15:53.729+0000] {dagbag.py:588} INFO - Filling up the DagBag from /home/airflow/.local/lib/python3.12/site-packages/airflow/example_dags/example_dataset_alias_with_no_taskflow.py
[2025-12-31T21:15:54.926+0000] {processor.py:925} INFO - DAG(s) 'dataset_alias_example_alias_consumer_with_no_taskflow', 'dataset_s3_bucket_consumer_with_no_taskflow', 'dataset_alias_example_alias_producer_with_no_taskflow', 'dataset_s3_bucket_producer_with_no_taskflow' retrieved from /home/airflow/.local/lib/python3.12/site-packages/airflow/example_dags/example_dataset_alias_with_no_taskflow.py
[2025-12-31T21:15:54.963+0000] {logging_mixin.py:190} INFO - [2025-12-31T21:15:54.962+0000] {dag.py:3239} INFO - Sync 4 DAGs
[2025-12-31T21:15:55.000+0000] {logging_mixin.py:190} INFO - [2025-12-31T21:15:54.999+0000] {dag.py:4180} INFO - Setting next_dagrun for dataset_alias_example_alias_consumer_with_no_taskflow to None, run_after=None
[2025-12-31T21:15:55.005+0000] {logging_mixin.py:190} INFO - [2025-12-31T21:15:55.004+0000] {dag.py:4180} INFO - Setting next_dagrun for dataset_alias_example_alias_producer_with_no_taskflow to None, run_after=None
[2025-12-31T21:15:55.008+0000] {logging_mixin.py:190} INFO - [2025-12-31T21:15:55.007+0000] {dag.py:4180} INFO - Setting next_dagrun for dataset_s3_bucket_consumer_with_no_taskflow to None, run_after=None
[2025-12-31T21:15:55.011+0000] {logging_mixin.py:190} INFO - [2025-12-31T21:15:55.011+0000] {dag.py:4180} INFO - Setting next_dagrun for dataset_s3_bucket_producer_with_no_taskflow to None, run_after=None
[2025-12-31T21:15:55.047+0000] {processor.py:208} INFO - Processing /home/airflow/.local/lib/python3.12/site-packages/airflow/example_dags/example_dataset_alias_with_no_taskflow.py took 1.340 seconds
[2025-12-31T21:16:25.195+0000] {processor.py:186} INFO - Started process (PID=639) to work on /home/airflow/.local/lib/python3.12/site-packages/airflow/example_dags/example_dataset_alias_with_no_taskflow.py
[2025-12-31T21:16:25.197+0000] {processor.py:914} INFO - Processing file /home/airflow/.local/lib/python3.12/site-packages/airflow/example_dags/example_dataset_alias_with_no_taskflow.py for tasks to queue
[2025-12-31T21:16:25.200+0000] {logging_mixin.py:190} INFO - [2025-12-31T21:16:25.200+0000] {dagbag.py:588} INFO - Filling up the DagBag from /home/airflow/.local/lib/python3.12/site-packages/airflow/example_dags/example_dataset_alias_with_no_taskflow.py
[2025-12-31T21:16:25.900+0000] {processor.py:925} INFO - DAG(s) 'dataset_s3_bucket_producer_with_no_taskflow', 'dataset_alias_example_alias_producer_with_no_taskflow', 'dataset_s3_bucket_consumer_with_no_taskflow', 'dataset_alias_example_alias_consumer_with_no_taskflow' retrieved from /home/airflow/.local/lib/python3.12/site-packages/airflow/example_dags/example_dataset_alias_with_no_taskflow.py
[2025-12-31T21:16:25.928+0000] {logging_mixin.py:190} INFO - [2025-12-31T21:16:25.927+0000] {dag.py:3239} INFO - Sync 4 DAGs
[2025-12-31T21:16:25.952+0000] {logging_mixin.py:190} INFO - [2025-12-31T21:16:25.952+0000] {dag.py:4180} INFO - Setting next_dagrun for dataset_alias_example_alias_consumer_with_no_taskflow to None, run_after=None
[2025-12-31T21:16:25.955+0000] {logging_mixin.py:190} INFO - [2025-12-31T21:16:25.955+0000] {dag.py:4180} INFO - Setting next_dagrun for dataset_alias_example_alias_producer_with_no_taskflow to None, run_after=None
[2025-12-31T21:16:25.957+0000] {logging_mixin.py:190} INFO - [2025-12-31T21:16:25.957+0000] {dag.py:4180} INFO - Setting next_dagrun for dataset_s3_bucket_consumer_with_no_taskflow to None, run_after=None
[2025-12-31T21:16:25.959+0000] {logging_mixin.py:190} INFO - [2025-12-31T21:16:25.959+0000] {dag.py:4180} INFO - Setting next_dagrun for dataset_s3_bucket_producer_with_no_taskflow to None, run_after=None
[2025-12-31T21:16:25.990+0000] {processor.py:208} INFO - Processing /home/airflow/.local/lib/python3.12/site-packages/airflow/example_dags/example_dataset_alias_with_no_taskflow.py took 0.802 seconds
[2025-12-31T21:16:56.135+0000] {processor.py:186} INFO - Started process (PID=702) to work on /home/airflow/.local/lib/python3.12/site-packages/airflow/example_dags/example_dataset_alias_with_no_taskflow.py
[2025-12-31T21:16:56.136+0000] {processor.py:914} INFO - Processing file /home/airflow/.local/lib/python3.12/site-packages/airflow/example_dags/example_dataset_alias_with_no_taskflow.py for tasks to queue
[2025-12-31T21:16:56.139+0000] {logging_mixin.py:190} INFO - [2025-12-31T21:16:56.138+0000] {dagbag.py:588} INFO - Filling up the DagBag from /home/airflow/.local/lib/python3.12/site-packages/airflow/example_dags/example_dataset_alias_with_no_taskflow.py
[2025-12-31T21:16:56.794+0000] {processor.py:925} INFO - DAG(s) 'dataset_alias_example_alias_producer_with_no_taskflow', 'dataset_alias_example_alias_consumer_with_no_taskflow', 'dataset_s3_bucket_consumer_with_no_taskflow', 'dataset_s3_bucket_producer_with_no_taskflow' retrieved from /home/airflow/.local/lib/python3.12/site-packages/airflow/example_dags/example_dataset_alias_with_no_taskflow.py
[2025-12-31T21:16:56.821+0000] {logging_mixin.py:190} INFO - [2025-12-31T21:16:56.821+0000] {dag.py:3239} INFO - Sync 4 DAGs
[2025-12-31T21:16:56.853+0000] {logging_mixin.py:190} INFO - [2025-12-31T21:16:56.853+0000] {dag.py:4180} INFO - Setting next_dagrun for dataset_alias_example_alias_consumer_with_no_taskflow to None, run_after=None
[2025-12-31T21:16:56.857+0000] {logging_mixin.py:190} INFO - [2025-12-31T21:16:56.857+0000] {dag.py:4180} INFO - Setting next_dagrun for dataset_alias_example_alias_producer_with_no_taskflow to None, run_after=None
[2025-12-31T21:16:56.859+0000] {logging_mixin.py:190} INFO - [2025-12-31T21:16:56.859+0000] {dag.py:4180} INFO - Setting next_dagrun for dataset_s3_bucket_consumer_with_no_taskflow to None, run_after=None
[2025-12-31T21:16:56.862+0000] {logging_mixin.py:190} INFO - [2025-12-31T21:16:56.861+0000] {dag.py:4180} INFO - Setting next_dagrun for dataset_s3_bucket_producer_with_no_taskflow to None, run_after=None
[2025-12-31T21:16:56.891+0000] {processor.py:208} INFO - Processing /home/airflow/.local/lib/python3.12/site-packages/airflow/example_dags/example_dataset_alias_with_no_taskflow.py took 0.763 seconds
[2025-12-31T21:17:27.879+0000] {processor.py:186} INFO - Started process (PID=765) to work on /home/airflow/.local/lib/python3.12/site-packages/airflow/example_dags/example_dataset_alias_with_no_taskflow.py
[2025-12-31T21:17:27.880+0000] {processor.py:914} INFO - Processing file /home/airflow/.local/lib/python3.12/site-packages/airflow/example_dags/example_dataset_alias_with_no_taskflow.py for tasks to queue
[2025-12-31T21:17:27.883+0000] {logging_mixin.py:190} INFO - [2025-12-31T21:17:27.882+0000] {dagbag.py:588} INFO - Filling up the DagBag from /home/airflow/.local/lib/python3.12/site-packages/airflow/example_dags/example_dataset_alias_with_no_taskflow.py
[2025-12-31T21:17:28.580+0000] {processor.py:925} INFO - DAG(s) 'dataset_alias_example_alias_producer_with_no_taskflow', 'dataset_s3_bucket_producer_with_no_taskflow', 'dataset_s3_bucket_consumer_with_no_taskflow', 'dataset_alias_example_alias_consumer_with_no_taskflow' retrieved from /home/airflow/.local/lib/python3.12/site-packages/airflow/example_dags/example_dataset_alias_with_no_taskflow.py
[2025-12-31T21:17:28.606+0000] {logging_mixin.py:190} INFO - [2025-12-31T21:17:28.606+0000] {dag.py:3239} INFO - Sync 4 DAGs
[2025-12-31T21:17:28.633+0000] {logging_mixin.py:190} INFO - [2025-12-31T21:17:28.632+0000] {dag.py:4180} INFO - Setting next_dagrun for dataset_alias_example_alias_consumer_with_no_taskflow to None, run_after=None
[2025-12-31T21:17:28.636+0000] {logging_mixin.py:190} INFO - [2025-12-31T21:17:28.636+0000] {dag.py:4180} INFO - Setting next_dagrun for dataset_alias_example_alias_producer_with_no_taskflow to None, run_after=None
[2025-12-31T21:17:28.639+0000] {logging_mixin.py:190} INFO - [2025-12-31T21:17:28.638+0000] {dag.py:4180} INFO - Setting next_dagrun for dataset_s3_bucket_consumer_with_no_taskflow to None, run_after=None
[2025-12-31T21:17:28.641+0000] {logging_mixin.py:190} INFO - [2025-12-31T21:17:28.641+0000] {dag.py:4180} INFO - Setting next_dagrun for dataset_s3_bucket_producer_with_no_taskflow to None, run_after=None
[2025-12-31T21:17:28.675+0000] {processor.py:208} INFO - Processing /home/airflow/.local/lib/python3.12/site-packages/airflow/example_dags/example_dataset_alias_with_no_taskflow.py took 0.804 seconds
[2025-12-31T21:17:58.762+0000] {processor.py:186} INFO - Started process (PID=829) to work on /home/airflow/.local/lib/python3.12/site-packages/airflow/example_dags/example_dataset_alias_with_no_taskflow.py
[2025-12-31T21:17:58.763+0000] {processor.py:914} INFO - Processing file /home/airflow/.local/lib/python3.12/site-packages/airflow/example_dags/example_dataset_alias_with_no_taskflow.py for tasks to queue
[2025-12-31T21:17:58.766+0000] {logging_mixin.py:190} INFO - [2025-12-31T21:17:58.766+0000] {dagbag.py:588} INFO - Filling up the DagBag from /home/airflow/.local/lib/python3.12/site-packages/airflow/example_dags/example_dataset_alias_with_no_taskflow.py
[2025-12-31T21:17:59.491+0000] {processor.py:925} INFO - DAG(s) 'dataset_alias_example_alias_consumer_with_no_taskflow', 'dataset_s3_bucket_consumer_with_no_taskflow', 'dataset_alias_example_alias_producer_with_no_taskflow', 'dataset_s3_bucket_producer_with_no_taskflow' retrieved from /home/airflow/.local/lib/python3.12/site-packages/airflow/example_dags/example_dataset_alias_with_no_taskflow.py
[2025-12-31T21:17:59.520+0000] {logging_mixin.py:190} INFO - [2025-12-31T21:17:59.519+0000] {dag.py:3239} INFO - Sync 4 DAGs
[2025-12-31T21:17:59.546+0000] {logging_mixin.py:190} INFO - [2025-12-31T21:17:59.546+0000] {dag.py:4180} INFO - Setting next_dagrun for dataset_alias_example_alias_consumer_with_no_taskflow to None, run_after=None
[2025-12-31T21:17:59.549+0000] {logging_mixin.py:190} INFO - [2025-12-31T21:17:59.549+0000] {dag.py:4180} INFO - Setting next_dagrun for dataset_alias_example_alias_producer_with_no_taskflow to None, run_after=None
[2025-12-31T21:17:59.551+0000] {logging_mixin.py:190} INFO - [2025-12-31T21:17:59.551+0000] {dag.py:4180} INFO - Setting next_dagrun for dataset_s3_bucket_consumer_with_no_taskflow to None, run_after=None
[2025-12-31T21:17:59.553+0000] {logging_mixin.py:190} INFO - [2025-12-31T21:17:59.553+0000] {dag.py:4180} INFO - Setting next_dagrun for dataset_s3_bucket_producer_with_no_taskflow to None, run_after=None
[2025-12-31T21:17:59.578+0000] {processor.py:208} INFO - Processing /home/airflow/.local/lib/python3.12/site-packages/airflow/example_dags/example_dataset_alias_with_no_taskflow.py took 0.823 seconds
[2025-12-31T21:18:30.531+0000] {processor.py:186} INFO - Started process (PID=892) to work on /home/airflow/.local/lib/python3.12/site-packages/airflow/example_dags/example_dataset_alias_with_no_taskflow.py
[2025-12-31T21:18:30.532+0000] {processor.py:914} INFO - Processing file /home/airflow/.local/lib/python3.12/site-packages/airflow/example_dags/example_dataset_alias_with_no_taskflow.py for tasks to queue
[2025-12-31T21:18:30.536+0000] {logging_mixin.py:190} INFO - [2025-12-31T21:18:30.535+0000] {dagbag.py:588} INFO - Filling up the DagBag from /home/airflow/.local/lib/python3.12/site-packages/airflow/example_dags/example_dataset_alias_with_no_taskflow.py
[2025-12-31T21:18:31.304+0000] {processor.py:925} INFO - DAG(s) 'dataset_alias_example_alias_producer_with_no_taskflow', 'dataset_s3_bucket_producer_with_no_taskflow', 'dataset_alias_example_alias_consumer_with_no_taskflow', 'dataset_s3_bucket_consumer_with_no_taskflow' retrieved from /home/airflow/.local/lib/python3.12/site-packages/airflow/example_dags/example_dataset_alias_with_no_taskflow.py
[2025-12-31T21:18:31.332+0000] {logging_mixin.py:190} INFO - [2025-12-31T21:18:31.331+0000] {dag.py:3239} INFO - Sync 4 DAGs
[2025-12-31T21:18:31.359+0000] {logging_mixin.py:190} INFO - [2025-12-31T21:18:31.359+0000] {dag.py:4180} INFO - Setting next_dagrun for dataset_alias_example_alias_consumer_with_no_taskflow to None, run_after=None
[2025-12-31T21:18:31.363+0000] {logging_mixin.py:190} INFO - [2025-12-31T21:18:31.363+0000] {dag.py:4180} INFO - Setting next_dagrun for dataset_alias_example_alias_producer_with_no_taskflow to None, run_after=None
[2025-12-31T21:18:31.365+0000] {logging_mixin.py:190} INFO - [2025-12-31T21:18:31.365+0000] {dag.py:4180} INFO - Setting next_dagrun for dataset_s3_bucket_consumer_with_no_taskflow to None, run_after=None
[2025-12-31T21:18:31.367+0000] {logging_mixin.py:190} INFO - [2025-12-31T21:18:31.367+0000] {dag.py:4180} INFO - Setting next_dagrun for dataset_s3_bucket_producer_with_no_taskflow to None, run_after=None
[2025-12-31T21:18:31.402+0000] {processor.py:208} INFO - Processing /home/airflow/.local/lib/python3.12/site-packages/airflow/example_dags/example_dataset_alias_with_no_taskflow.py took 0.884 seconds
[2025-12-31T21:19:01.692+0000] {processor.py:186} INFO - Started process (PID=955) to work on /home/airflow/.local/lib/python3.12/site-packages/airflow/example_dags/example_dataset_alias_with_no_taskflow.py
[2025-12-31T21:19:01.693+0000] {processor.py:914} INFO - Processing file /home/airflow/.local/lib/python3.12/site-packages/airflow/example_dags/example_dataset_alias_with_no_taskflow.py for tasks to queue
[2025-12-31T21:19:01.696+0000] {logging_mixin.py:190} INFO - [2025-12-31T21:19:01.696+0000] {dagbag.py:588} INFO - Filling up the DagBag from /home/airflow/.local/lib/python3.12/site-packages/airflow/example_dags/example_dataset_alias_with_no_taskflow.py
[2025-12-31T21:19:02.360+0000] {processor.py:925} INFO - DAG(s) 'dataset_alias_example_alias_consumer_with_no_taskflow', 'dataset_s3_bucket_consumer_with_no_taskflow', 'dataset_s3_bucket_producer_with_no_taskflow', 'dataset_alias_example_alias_producer_with_no_taskflow' retrieved from /home/airflow/.local/lib/python3.12/site-packages/airflow/example_dags/example_dataset_alias_with_no_taskflow.py
[2025-12-31T21:19:02.384+0000] {logging_mixin.py:190} INFO - [2025-12-31T21:19:02.384+0000] {dag.py:3239} INFO - Sync 4 DAGs
[2025-12-31T21:19:02.410+0000] {logging_mixin.py:190} INFO - [2025-12-31T21:19:02.410+0000] {dag.py:4180} INFO - Setting next_dagrun for dataset_alias_example_alias_consumer_with_no_taskflow to None, run_after=None
[2025-12-31T21:19:02.413+0000] {logging_mixin.py:190} INFO - [2025-12-31T21:19:02.413+0000] {dag.py:4180} INFO - Setting next_dagrun for dataset_alias_example_alias_producer_with_no_taskflow to None, run_after=None
[2025-12-31T21:19:02.415+0000] {logging_mixin.py:190} INFO - [2025-12-31T21:19:02.415+0000] {dag.py:4180} INFO - Setting next_dagrun for dataset_s3_bucket_consumer_with_no_taskflow to None, run_after=None
[2025-12-31T21:19:02.417+0000] {logging_mixin.py:190} INFO - [2025-12-31T21:19:02.417+0000] {dag.py:4180} INFO - Setting next_dagrun for dataset_s3_bucket_producer_with_no_taskflow to None, run_after=None
[2025-12-31T21:19:02.445+0000] {processor.py:208} INFO - Processing /home/airflow/.local/lib/python3.12/site-packages/airflow/example_dags/example_dataset_alias_with_no_taskflow.py took 0.759 seconds
[2025-12-31T21:19:32.781+0000] {processor.py:186} INFO - Started process (PID=1018) to work on /home/airflow/.local/lib/python3.12/site-packages/airflow/example_dags/example_dataset_alias_with_no_taskflow.py
[2025-12-31T21:19:32.782+0000] {processor.py:914} INFO - Processing file /home/airflow/.local/lib/python3.12/site-packages/airflow/example_dags/example_dataset_alias_with_no_taskflow.py for tasks to queue
[2025-12-31T21:19:32.785+0000] {logging_mixin.py:190} INFO - [2025-12-31T21:19:32.785+0000] {dagbag.py:588} INFO - Filling up the DagBag from /home/airflow/.local/lib/python3.12/site-packages/airflow/example_dags/example_dataset_alias_with_no_taskflow.py
[2025-12-31T21:19:33.535+0000] {processor.py:925} INFO - DAG(s) 'dataset_alias_example_alias_consumer_with_no_taskflow', 'dataset_alias_example_alias_producer_with_no_taskflow', 'dataset_s3_bucket_producer_with_no_taskflow', 'dataset_s3_bucket_consumer_with_no_taskflow' retrieved from /home/airflow/.local/lib/python3.12/site-packages/airflow/example_dags/example_dataset_alias_with_no_taskflow.py
[2025-12-31T21:19:33.565+0000] {logging_mixin.py:190} INFO - [2025-12-31T21:19:33.565+0000] {dag.py:3239} INFO - Sync 4 DAGs
[2025-12-31T21:19:33.592+0000] {logging_mixin.py:190} INFO - [2025-12-31T21:19:33.592+0000] {dag.py:4180} INFO - Setting next_dagrun for dataset_alias_example_alias_consumer_with_no_taskflow to None, run_after=None
[2025-12-31T21:19:33.595+0000] {logging_mixin.py:190} INFO - [2025-12-31T21:19:33.595+0000] {dag.py:4180} INFO - Setting next_dagrun for dataset_alias_example_alias_producer_with_no_taskflow to None, run_after=None
[2025-12-31T21:19:33.597+0000] {logging_mixin.py:190} INFO - [2025-12-31T21:19:33.597+0000] {dag.py:4180} INFO - Setting next_dagrun for dataset_s3_bucket_consumer_with_no_taskflow to None, run_after=None
[2025-12-31T21:19:33.598+0000] {logging_mixin.py:190} INFO - [2025-12-31T21:19:33.598+0000] {dag.py:4180} INFO - Setting next_dagrun for dataset_s3_bucket_producer_with_no_taskflow to None, run_after=None
[2025-12-31T21:19:33.627+0000] {processor.py:208} INFO - Processing /home/airflow/.local/lib/python3.12/site-packages/airflow/example_dags/example_dataset_alias_with_no_taskflow.py took 0.853 seconds
[2025-12-31T21:20:03.845+0000] {processor.py:186} INFO - Started process (PID=1081) to work on /home/airflow/.local/lib/python3.12/site-packages/airflow/example_dags/example_dataset_alias_with_no_taskflow.py
[2025-12-31T21:20:03.846+0000] {processor.py:914} INFO - Processing file /home/airflow/.local/lib/python3.12/site-packages/airflow/example_dags/example_dataset_alias_with_no_taskflow.py for tasks to queue
[2025-12-31T21:20:03.850+0000] {logging_mixin.py:190} INFO - [2025-12-31T21:20:03.849+0000] {dagbag.py:588} INFO - Filling up the DagBag from /home/airflow/.local/lib/python3.12/site-packages/airflow/example_dags/example_dataset_alias_with_no_taskflow.py
[2025-12-31T21:20:04.491+0000] {processor.py:925} INFO - DAG(s) 'dataset_alias_example_alias_producer_with_no_taskflow', 'dataset_alias_example_alias_consumer_with_no_taskflow', 'dataset_s3_bucket_producer_with_no_taskflow', 'dataset_s3_bucket_consumer_with_no_taskflow' retrieved from /home/airflow/.local/lib/python3.12/site-packages/airflow/example_dags/example_dataset_alias_with_no_taskflow.py
[2025-12-31T21:20:04.516+0000] {logging_mixin.py:190} INFO - [2025-12-31T21:20:04.516+0000] {dag.py:3239} INFO - Sync 4 DAGs
[2025-12-31T21:20:04.543+0000] {logging_mixin.py:190} INFO - [2025-12-31T21:20:04.543+0000] {dag.py:4180} INFO - Setting next_dagrun for dataset_alias_example_alias_consumer_with_no_taskflow to None, run_after=None
[2025-12-31T21:20:04.547+0000] {logging_mixin.py:190} INFO - [2025-12-31T21:20:04.547+0000] {dag.py:4180} INFO - Setting next_dagrun for dataset_alias_example_alias_producer_with_no_taskflow to None, run_after=None
[2025-12-31T21:20:04.549+0000] {logging_mixin.py:190} INFO - [2025-12-31T21:20:04.549+0000] {dag.py:4180} INFO - Setting next_dagrun for dataset_s3_bucket_consumer_with_no_taskflow to None, run_after=None
[2025-12-31T21:20:04.551+0000] {logging_mixin.py:190} INFO - [2025-12-31T21:20:04.551+0000] {dag.py:4180} INFO - Setting next_dagrun for dataset_s3_bucket_producer_with_no_taskflow to None, run_after=None
[2025-12-31T21:20:04.576+0000] {processor.py:208} INFO - Processing /home/airflow/.local/lib/python3.12/site-packages/airflow/example_dags/example_dataset_alias_with_no_taskflow.py took 0.738 seconds
[2025-12-31T21:20:35.317+0000] {processor.py:186} INFO - Started process (PID=1144) to work on /home/airflow/.local/lib/python3.12/site-packages/airflow/example_dags/example_dataset_alias_with_no_taskflow.py
[2025-12-31T21:20:35.319+0000] {processor.py:914} INFO - Processing file /home/airflow/.local/lib/python3.12/site-packages/airflow/example_dags/example_dataset_alias_with_no_taskflow.py for tasks to queue
[2025-12-31T21:20:35.323+0000] {logging_mixin.py:190} INFO - [2025-12-31T21:20:35.323+0000] {dagbag.py:588} INFO - Filling up the DagBag from /home/airflow/.local/lib/python3.12/site-packages/airflow/example_dags/example_dataset_alias_with_no_taskflow.py
[2025-12-31T21:20:36.000+0000] {processor.py:925} INFO - DAG(s) 'dataset_alias_example_alias_producer_with_no_taskflow', 'dataset_s3_bucket_producer_with_no_taskflow', 'dataset_s3_bucket_consumer_with_no_taskflow', 'dataset_alias_example_alias_consumer_with_no_taskflow' retrieved from /home/airflow/.local/lib/python3.12/site-packages/airflow/example_dags/example_dataset_alias_with_no_taskflow.py
[2025-12-31T21:20:36.024+0000] {logging_mixin.py:190} INFO - [2025-12-31T21:20:36.024+0000] {dag.py:3239} INFO - Sync 4 DAGs
[2025-12-31T21:20:36.050+0000] {logging_mixin.py:190} INFO - [2025-12-31T21:20:36.050+0000] {dag.py:4180} INFO - Setting next_dagrun for dataset_alias_example_alias_consumer_with_no_taskflow to None, run_after=None
[2025-12-31T21:20:36.054+0000] {logging_mixin.py:190} INFO - [2025-12-31T21:20:36.054+0000] {dag.py:4180} INFO - Setting next_dagrun for dataset_alias_example_alias_producer_with_no_taskflow to None, run_after=None
[2025-12-31T21:20:36.058+0000] {logging_mixin.py:190} INFO - [2025-12-31T21:20:36.057+0000] {dag.py:4180} INFO - Setting next_dagrun for dataset_s3_bucket_consumer_with_no_taskflow to None, run_after=None
[2025-12-31T21:20:36.060+0000] {logging_mixin.py:190} INFO - [2025-12-31T21:20:36.059+0000] {dag.py:4180} INFO - Setting next_dagrun for dataset_s3_bucket_producer_with_no_taskflow to None, run_after=None
[2025-12-31T21:20:36.087+0000] {processor.py:208} INFO - Processing /home/airflow/.local/lib/python3.12/site-packages/airflow/example_dags/example_dataset_alias_with_no_taskflow.py took 0.778 seconds
[2025-12-31T21:21:06.354+0000] {processor.py:186} INFO - Started process (PID=1207) to work on /home/airflow/.local/lib/python3.12/site-packages/airflow/example_dags/example_dataset_alias_with_no_taskflow.py
[2025-12-31T21:21:06.355+0000] {processor.py:914} INFO - Processing file /home/airflow/.local/lib/python3.12/site-packages/airflow/example_dags/example_dataset_alias_with_no_taskflow.py for tasks to queue
[2025-12-31T21:21:06.359+0000] {logging_mixin.py:190} INFO - [2025-12-31T21:21:06.358+0000] {dagbag.py:588} INFO - Filling up the DagBag from /home/airflow/.local/lib/python3.12/site-packages/airflow/example_dags/example_dataset_alias_with_no_taskflow.py
[2025-12-31T21:21:07.033+0000] {processor.py:925} INFO - DAG(s) 'dataset_s3_bucket_producer_with_no_taskflow', 'dataset_alias_example_alias_consumer_with_no_taskflow', 'dataset_alias_example_alias_producer_with_no_taskflow', 'dataset_s3_bucket_consumer_with_no_taskflow' retrieved from /home/airflow/.local/lib/python3.12/site-packages/airflow/example_dags/example_dataset_alias_with_no_taskflow.py
[2025-12-31T21:21:07.058+0000] {logging_mixin.py:190} INFO - [2025-12-31T21:21:07.058+0000] {dag.py:3239} INFO - Sync 4 DAGs
[2025-12-31T21:21:07.085+0000] {logging_mixin.py:190} INFO - [2025-12-31T21:21:07.085+0000] {dag.py:4180} INFO - Setting next_dagrun for dataset_alias_example_alias_consumer_with_no_taskflow to None, run_after=None
[2025-12-31T21:21:07.089+0000] {logging_mixin.py:190} INFO - [2025-12-31T21:21:07.088+0000] {dag.py:4180} INFO - Setting next_dagrun for dataset_alias_example_alias_producer_with_no_taskflow to None, run_after=None
[2025-12-31T21:21:07.091+0000] {logging_mixin.py:190} INFO - [2025-12-31T21:21:07.091+0000] {dag.py:4180} INFO - Setting next_dagrun for dataset_s3_bucket_consumer_with_no_taskflow to None, run_after=None
[2025-12-31T21:21:07.094+0000] {logging_mixin.py:190} INFO - [2025-12-31T21:21:07.093+0000] {dag.py:4180} INFO - Setting next_dagrun for dataset_s3_bucket_producer_with_no_taskflow to None, run_after=None
[2025-12-31T21:21:07.129+0000] {processor.py:208} INFO - Processing /home/airflow/.local/lib/python3.12/site-packages/airflow/example_dags/example_dataset_alias_with_no_taskflow.py took 0.782 seconds
