[2025-12-31T21:12:09.598+0000] {processor.py:186} INFO - Started process (PID=102) to work on /home/airflow/.local/lib/python3.12/site-packages/airflow/example_dags/example_datasets.py
[2025-12-31T21:12:09.600+0000] {processor.py:914} INFO - Processing file /home/airflow/.local/lib/python3.12/site-packages/airflow/example_dags/example_datasets.py for tasks to queue
[2025-12-31T21:12:09.604+0000] {logging_mixin.py:190} INFO - [2025-12-31T21:12:09.604+0000] {dagbag.py:588} INFO - Filling up the DagBag from /home/airflow/.local/lib/python3.12/site-packages/airflow/example_dags/example_datasets.py
[2025-12-31T21:12:10.554+0000] {processor.py:925} INFO - DAG(s) 'dataset_consumes_1_and_2', 'consume_1_and_2_with_dataset_expressions', 'dataset_consumes_1_never_scheduled', 'dataset_produces_2', 'dataset_consumes_unknown_never_scheduled', 'conditional_dataset_and_time_based_timetable', 'dataset_produces_1', 'dataset_consumes_1', 'consume_1_or_both_2_and_3_with_dataset_expressions', 'consume_1_or_2_with_dataset_expressions' retrieved from /home/airflow/.local/lib/python3.12/site-packages/airflow/example_dags/example_datasets.py
[2025-12-31T21:12:10.832+0000] {logging_mixin.py:190} INFO - [2025-12-31T21:12:10.831+0000] {override.py:1912} INFO - Created Permission View: can read on DAG:dataset_consumes_1_and_2
[2025-12-31T21:12:10.860+0000] {logging_mixin.py:190} INFO - [2025-12-31T21:12:10.859+0000] {override.py:1912} INFO - Created Permission View: can delete on DAG:dataset_consumes_1_and_2
[2025-12-31T21:12:10.877+0000] {logging_mixin.py:190} INFO - [2025-12-31T21:12:10.876+0000] {override.py:1912} INFO - Created Permission View: can edit on DAG:dataset_consumes_1_and_2
[2025-12-31T21:12:10.897+0000] {logging_mixin.py:190} INFO - [2025-12-31T21:12:10.896+0000] {override.py:1912} INFO - Created Permission View: can read on DAG Run:dataset_consumes_1_and_2
[2025-12-31T21:12:10.911+0000] {logging_mixin.py:190} INFO - [2025-12-31T21:12:10.911+0000] {override.py:1912} INFO - Created Permission View: can create on DAG Run:dataset_consumes_1_and_2
[2025-12-31T21:12:10.930+0000] {logging_mixin.py:190} INFO - [2025-12-31T21:12:10.930+0000] {override.py:1912} INFO - Created Permission View: can delete on DAG Run:dataset_consumes_1_and_2
[2025-12-31T21:12:10.947+0000] {logging_mixin.py:190} INFO - [2025-12-31T21:12:10.945+0000] {override.py:1912} INFO - Created Permission View: menu access on DAG Run:dataset_consumes_1_and_2
[2025-12-31T21:12:10.974+0000] {logging_mixin.py:190} INFO - [2025-12-31T21:12:10.973+0000] {override.py:1912} INFO - Created Permission View: can read on DAG:consume_1_and_2_with_dataset_expressions
[2025-12-31T21:12:10.985+0000] {logging_mixin.py:190} INFO - [2025-12-31T21:12:10.984+0000] {override.py:1912} INFO - Created Permission View: can delete on DAG:consume_1_and_2_with_dataset_expressions
[2025-12-31T21:12:10.996+0000] {logging_mixin.py:190} INFO - [2025-12-31T21:12:10.995+0000] {override.py:1912} INFO - Created Permission View: can edit on DAG:consume_1_and_2_with_dataset_expressions
[2025-12-31T21:12:11.007+0000] {logging_mixin.py:190} INFO - [2025-12-31T21:12:11.007+0000] {override.py:1912} INFO - Created Permission View: can read on DAG Run:consume_1_and_2_with_dataset_expressions
[2025-12-31T21:12:11.018+0000] {logging_mixin.py:190} INFO - [2025-12-31T21:12:11.018+0000] {override.py:1912} INFO - Created Permission View: can create on DAG Run:consume_1_and_2_with_dataset_expressions
[2025-12-31T21:12:11.028+0000] {logging_mixin.py:190} INFO - [2025-12-31T21:12:11.028+0000] {override.py:1912} INFO - Created Permission View: can delete on DAG Run:consume_1_and_2_with_dataset_expressions
[2025-12-31T21:12:11.039+0000] {logging_mixin.py:190} INFO - [2025-12-31T21:12:11.038+0000] {override.py:1912} INFO - Created Permission View: menu access on DAG Run:consume_1_and_2_with_dataset_expressions
[2025-12-31T21:12:11.057+0000] {logging_mixin.py:190} INFO - [2025-12-31T21:12:11.057+0000] {override.py:1912} INFO - Created Permission View: can read on DAG:dataset_consumes_1_never_scheduled
[2025-12-31T21:12:11.070+0000] {logging_mixin.py:190} INFO - [2025-12-31T21:12:11.070+0000] {override.py:1912} INFO - Created Permission View: can delete on DAG:dataset_consumes_1_never_scheduled
[2025-12-31T21:12:11.082+0000] {logging_mixin.py:190} INFO - [2025-12-31T21:12:11.081+0000] {override.py:1912} INFO - Created Permission View: can edit on DAG:dataset_consumes_1_never_scheduled
[2025-12-31T21:12:11.095+0000] {logging_mixin.py:190} INFO - [2025-12-31T21:12:11.095+0000] {override.py:1912} INFO - Created Permission View: can read on DAG Run:dataset_consumes_1_never_scheduled
[2025-12-31T21:12:11.108+0000] {logging_mixin.py:190} INFO - [2025-12-31T21:12:11.107+0000] {override.py:1912} INFO - Created Permission View: can create on DAG Run:dataset_consumes_1_never_scheduled
[2025-12-31T21:12:11.120+0000] {logging_mixin.py:190} INFO - [2025-12-31T21:12:11.120+0000] {override.py:1912} INFO - Created Permission View: can delete on DAG Run:dataset_consumes_1_never_scheduled
[2025-12-31T21:12:11.130+0000] {logging_mixin.py:190} INFO - [2025-12-31T21:12:11.130+0000] {override.py:1912} INFO - Created Permission View: menu access on DAG Run:dataset_consumes_1_never_scheduled
[2025-12-31T21:12:11.148+0000] {logging_mixin.py:190} INFO - [2025-12-31T21:12:11.148+0000] {override.py:1912} INFO - Created Permission View: can read on DAG:dataset_produces_2
[2025-12-31T21:12:11.158+0000] {logging_mixin.py:190} INFO - [2025-12-31T21:12:11.157+0000] {override.py:1912} INFO - Created Permission View: can delete on DAG:dataset_produces_2
[2025-12-31T21:12:11.174+0000] {logging_mixin.py:190} INFO - [2025-12-31T21:12:11.174+0000] {override.py:1912} INFO - Created Permission View: can edit on DAG:dataset_produces_2
[2025-12-31T21:12:11.185+0000] {logging_mixin.py:190} INFO - [2025-12-31T21:12:11.185+0000] {override.py:1912} INFO - Created Permission View: can read on DAG Run:dataset_produces_2
[2025-12-31T21:12:11.194+0000] {logging_mixin.py:190} INFO - [2025-12-31T21:12:11.194+0000] {override.py:1912} INFO - Created Permission View: can create on DAG Run:dataset_produces_2
[2025-12-31T21:12:11.203+0000] {logging_mixin.py:190} INFO - [2025-12-31T21:12:11.203+0000] {override.py:1912} INFO - Created Permission View: can delete on DAG Run:dataset_produces_2
[2025-12-31T21:12:11.212+0000] {logging_mixin.py:190} INFO - [2025-12-31T21:12:11.211+0000] {override.py:1912} INFO - Created Permission View: menu access on DAG Run:dataset_produces_2
[2025-12-31T21:12:11.229+0000] {logging_mixin.py:190} INFO - [2025-12-31T21:12:11.229+0000] {override.py:1912} INFO - Created Permission View: can read on DAG:dataset_consumes_unknown_never_scheduled
[2025-12-31T21:12:11.238+0000] {logging_mixin.py:190} INFO - [2025-12-31T21:12:11.238+0000] {override.py:1912} INFO - Created Permission View: can delete on DAG:dataset_consumes_unknown_never_scheduled
[2025-12-31T21:12:11.249+0000] {logging_mixin.py:190} INFO - [2025-12-31T21:12:11.248+0000] {override.py:1912} INFO - Created Permission View: can edit on DAG:dataset_consumes_unknown_never_scheduled
[2025-12-31T21:12:11.261+0000] {logging_mixin.py:190} INFO - [2025-12-31T21:12:11.261+0000] {override.py:1912} INFO - Created Permission View: can read on DAG Run:dataset_consumes_unknown_never_scheduled
[2025-12-31T21:12:11.271+0000] {logging_mixin.py:190} INFO - [2025-12-31T21:12:11.271+0000] {override.py:1912} INFO - Created Permission View: can create on DAG Run:dataset_consumes_unknown_never_scheduled
[2025-12-31T21:12:11.281+0000] {logging_mixin.py:190} INFO - [2025-12-31T21:12:11.281+0000] {override.py:1912} INFO - Created Permission View: can delete on DAG Run:dataset_consumes_unknown_never_scheduled
[2025-12-31T21:12:11.290+0000] {logging_mixin.py:190} INFO - [2025-12-31T21:12:11.290+0000] {override.py:1912} INFO - Created Permission View: menu access on DAG Run:dataset_consumes_unknown_never_scheduled
[2025-12-31T21:12:11.308+0000] {logging_mixin.py:190} INFO - [2025-12-31T21:12:11.307+0000] {override.py:1912} INFO - Created Permission View: can read on DAG:conditional_dataset_and_time_based_timetable
[2025-12-31T21:12:11.318+0000] {logging_mixin.py:190} INFO - [2025-12-31T21:12:11.318+0000] {override.py:1912} INFO - Created Permission View: can delete on DAG:conditional_dataset_and_time_based_timetable
[2025-12-31T21:12:11.328+0000] {logging_mixin.py:190} INFO - [2025-12-31T21:12:11.328+0000] {override.py:1912} INFO - Created Permission View: can edit on DAG:conditional_dataset_and_time_based_timetable
[2025-12-31T21:12:11.340+0000] {logging_mixin.py:190} INFO - [2025-12-31T21:12:11.339+0000] {override.py:1912} INFO - Created Permission View: can read on DAG Run:conditional_dataset_and_time_based_timetable
[2025-12-31T21:12:11.349+0000] {logging_mixin.py:190} INFO - [2025-12-31T21:12:11.348+0000] {override.py:1912} INFO - Created Permission View: can create on DAG Run:conditional_dataset_and_time_based_timetable
[2025-12-31T21:12:11.359+0000] {logging_mixin.py:190} INFO - [2025-12-31T21:12:11.359+0000] {override.py:1912} INFO - Created Permission View: can delete on DAG Run:conditional_dataset_and_time_based_timetable
[2025-12-31T21:12:11.370+0000] {logging_mixin.py:190} INFO - [2025-12-31T21:12:11.369+0000] {override.py:1912} INFO - Created Permission View: menu access on DAG Run:conditional_dataset_and_time_based_timetable
[2025-12-31T21:12:11.390+0000] {logging_mixin.py:190} INFO - [2025-12-31T21:12:11.389+0000] {override.py:1912} INFO - Created Permission View: can read on DAG:dataset_produces_1
[2025-12-31T21:12:11.401+0000] {logging_mixin.py:190} INFO - [2025-12-31T21:12:11.400+0000] {override.py:1912} INFO - Created Permission View: can delete on DAG:dataset_produces_1
[2025-12-31T21:12:11.412+0000] {logging_mixin.py:190} INFO - [2025-12-31T21:12:11.411+0000] {override.py:1912} INFO - Created Permission View: can edit on DAG:dataset_produces_1
[2025-12-31T21:12:11.425+0000] {logging_mixin.py:190} INFO - [2025-12-31T21:12:11.425+0000] {override.py:1912} INFO - Created Permission View: can read on DAG Run:dataset_produces_1
[2025-12-31T21:12:11.436+0000] {logging_mixin.py:190} INFO - [2025-12-31T21:12:11.436+0000] {override.py:1912} INFO - Created Permission View: can create on DAG Run:dataset_produces_1
[2025-12-31T21:12:11.446+0000] {logging_mixin.py:190} INFO - [2025-12-31T21:12:11.446+0000] {override.py:1912} INFO - Created Permission View: can delete on DAG Run:dataset_produces_1
[2025-12-31T21:12:11.456+0000] {logging_mixin.py:190} INFO - [2025-12-31T21:12:11.456+0000] {override.py:1912} INFO - Created Permission View: menu access on DAG Run:dataset_produces_1
[2025-12-31T21:12:11.476+0000] {logging_mixin.py:190} INFO - [2025-12-31T21:12:11.476+0000] {override.py:1912} INFO - Created Permission View: can read on DAG:dataset_consumes_1
[2025-12-31T21:12:11.487+0000] {logging_mixin.py:190} INFO - [2025-12-31T21:12:11.486+0000] {override.py:1912} INFO - Created Permission View: can delete on DAG:dataset_consumes_1
[2025-12-31T21:12:11.497+0000] {logging_mixin.py:190} INFO - [2025-12-31T21:12:11.497+0000] {override.py:1912} INFO - Created Permission View: can edit on DAG:dataset_consumes_1
[2025-12-31T21:12:11.511+0000] {logging_mixin.py:190} INFO - [2025-12-31T21:12:11.510+0000] {override.py:1912} INFO - Created Permission View: can read on DAG Run:dataset_consumes_1
[2025-12-31T21:12:11.521+0000] {logging_mixin.py:190} INFO - [2025-12-31T21:12:11.521+0000] {override.py:1912} INFO - Created Permission View: can create on DAG Run:dataset_consumes_1
[2025-12-31T21:12:11.531+0000] {logging_mixin.py:190} INFO - [2025-12-31T21:12:11.531+0000] {override.py:1912} INFO - Created Permission View: can delete on DAG Run:dataset_consumes_1
[2025-12-31T21:12:11.540+0000] {logging_mixin.py:190} INFO - [2025-12-31T21:12:11.540+0000] {override.py:1912} INFO - Created Permission View: menu access on DAG Run:dataset_consumes_1
[2025-12-31T21:12:11.558+0000] {logging_mixin.py:190} INFO - [2025-12-31T21:12:11.557+0000] {override.py:1912} INFO - Created Permission View: can read on DAG:consume_1_or_both_2_and_3_with_dataset_expressions
[2025-12-31T21:12:11.567+0000] {logging_mixin.py:190} INFO - [2025-12-31T21:12:11.566+0000] {override.py:1912} INFO - Created Permission View: can delete on DAG:consume_1_or_both_2_and_3_with_dataset_expressions
[2025-12-31T21:12:11.577+0000] {logging_mixin.py:190} INFO - [2025-12-31T21:12:11.576+0000] {override.py:1912} INFO - Created Permission View: can edit on DAG:consume_1_or_both_2_and_3_with_dataset_expressions
[2025-12-31T21:12:11.588+0000] {logging_mixin.py:190} INFO - [2025-12-31T21:12:11.588+0000] {override.py:1912} INFO - Created Permission View: can read on DAG Run:consume_1_or_both_2_and_3_with_dataset_expressions
[2025-12-31T21:12:11.597+0000] {logging_mixin.py:190} INFO - [2025-12-31T21:12:11.596+0000] {override.py:1912} INFO - Created Permission View: can create on DAG Run:consume_1_or_both_2_and_3_with_dataset_expressions
[2025-12-31T21:12:11.610+0000] {logging_mixin.py:190} INFO - [2025-12-31T21:12:11.610+0000] {override.py:1912} INFO - Created Permission View: can delete on DAG Run:consume_1_or_both_2_and_3_with_dataset_expressions
[2025-12-31T21:12:11.619+0000] {logging_mixin.py:190} INFO - [2025-12-31T21:12:11.619+0000] {override.py:1912} INFO - Created Permission View: menu access on DAG Run:consume_1_or_both_2_and_3_with_dataset_expressions
[2025-12-31T21:12:11.639+0000] {logging_mixin.py:190} INFO - [2025-12-31T21:12:11.639+0000] {override.py:1912} INFO - Created Permission View: can read on DAG:consume_1_or_2_with_dataset_expressions
[2025-12-31T21:12:11.650+0000] {logging_mixin.py:190} INFO - [2025-12-31T21:12:11.649+0000] {override.py:1912} INFO - Created Permission View: can delete on DAG:consume_1_or_2_with_dataset_expressions
[2025-12-31T21:12:11.659+0000] {logging_mixin.py:190} INFO - [2025-12-31T21:12:11.658+0000] {override.py:1912} INFO - Created Permission View: can edit on DAG:consume_1_or_2_with_dataset_expressions
[2025-12-31T21:12:11.669+0000] {logging_mixin.py:190} INFO - [2025-12-31T21:12:11.669+0000] {override.py:1912} INFO - Created Permission View: can read on DAG Run:consume_1_or_2_with_dataset_expressions
[2025-12-31T21:12:11.680+0000] {logging_mixin.py:190} INFO - [2025-12-31T21:12:11.680+0000] {override.py:1912} INFO - Created Permission View: can create on DAG Run:consume_1_or_2_with_dataset_expressions
[2025-12-31T21:12:11.691+0000] {logging_mixin.py:190} INFO - [2025-12-31T21:12:11.690+0000] {override.py:1912} INFO - Created Permission View: can delete on DAG Run:consume_1_or_2_with_dataset_expressions
[2025-12-31T21:12:11.704+0000] {logging_mixin.py:190} INFO - [2025-12-31T21:12:11.704+0000] {override.py:1912} INFO - Created Permission View: menu access on DAG Run:consume_1_or_2_with_dataset_expressions
[2025-12-31T21:12:11.705+0000] {logging_mixin.py:190} INFO - [2025-12-31T21:12:11.705+0000] {dag.py:3239} INFO - Sync 10 DAGs
[2025-12-31T21:12:11.722+0000] {logging_mixin.py:190} INFO - [2025-12-31T21:12:11.721+0000] {dag.py:3262} INFO - Creating ORM DAG for dataset_consumes_unknown_never_scheduled
[2025-12-31T21:12:11.723+0000] {logging_mixin.py:190} INFO - [2025-12-31T21:12:11.723+0000] {dag.py:3262} INFO - Creating ORM DAG for consume_1_or_both_2_and_3_with_dataset_expressions
[2025-12-31T21:12:11.724+0000] {logging_mixin.py:190} INFO - [2025-12-31T21:12:11.724+0000] {dag.py:3262} INFO - Creating ORM DAG for dataset_produces_2
[2025-12-31T21:12:11.725+0000] {logging_mixin.py:190} INFO - [2025-12-31T21:12:11.725+0000] {dag.py:3262} INFO - Creating ORM DAG for consume_1_or_2_with_dataset_expressions
[2025-12-31T21:12:11.726+0000] {logging_mixin.py:190} INFO - [2025-12-31T21:12:11.726+0000] {dag.py:3262} INFO - Creating ORM DAG for dataset_consumes_1_never_scheduled
[2025-12-31T21:12:11.728+0000] {logging_mixin.py:190} INFO - [2025-12-31T21:12:11.727+0000] {dag.py:3262} INFO - Creating ORM DAG for dataset_consumes_1
[2025-12-31T21:12:11.729+0000] {logging_mixin.py:190} INFO - [2025-12-31T21:12:11.729+0000] {dag.py:3262} INFO - Creating ORM DAG for dataset_produces_1
[2025-12-31T21:12:11.730+0000] {logging_mixin.py:190} INFO - [2025-12-31T21:12:11.730+0000] {dag.py:3262} INFO - Creating ORM DAG for consume_1_and_2_with_dataset_expressions
[2025-12-31T21:12:11.731+0000] {logging_mixin.py:190} INFO - [2025-12-31T21:12:11.731+0000] {dag.py:3262} INFO - Creating ORM DAG for conditional_dataset_and_time_based_timetable
[2025-12-31T21:12:11.732+0000] {logging_mixin.py:190} INFO - [2025-12-31T21:12:11.732+0000] {dag.py:3262} INFO - Creating ORM DAG for dataset_consumes_1_and_2
[2025-12-31T21:12:11.747+0000] {logging_mixin.py:190} INFO - [2025-12-31T21:12:11.746+0000] {dag.py:4180} INFO - Setting next_dagrun for conditional_dataset_and_time_based_timetable to 2025-12-31 01:00:00+00:00, run_after=2025-12-31 01:00:00+00:00
[2025-12-31T21:12:11.748+0000] {logging_mixin.py:190} INFO - [2025-12-31T21:12:11.748+0000] {dag.py:4180} INFO - Setting next_dagrun for consume_1_and_2_with_dataset_expressions to None, run_after=None
[2025-12-31T21:12:11.749+0000] {logging_mixin.py:190} INFO - [2025-12-31T21:12:11.749+0000] {dag.py:4180} INFO - Setting next_dagrun for consume_1_or_2_with_dataset_expressions to None, run_after=None
[2025-12-31T21:12:11.750+0000] {logging_mixin.py:190} INFO - [2025-12-31T21:12:11.750+0000] {dag.py:4180} INFO - Setting next_dagrun for consume_1_or_both_2_and_3_with_dataset_expressions to None, run_after=None
[2025-12-31T21:12:11.751+0000] {logging_mixin.py:190} INFO - [2025-12-31T21:12:11.750+0000] {dag.py:4180} INFO - Setting next_dagrun for dataset_consumes_1 to None, run_after=None
[2025-12-31T21:12:11.752+0000] {logging_mixin.py:190} INFO - [2025-12-31T21:12:11.751+0000] {dag.py:4180} INFO - Setting next_dagrun for dataset_consumes_1_and_2 to None, run_after=None
[2025-12-31T21:12:11.753+0000] {logging_mixin.py:190} INFO - [2025-12-31T21:12:11.753+0000] {dag.py:4180} INFO - Setting next_dagrun for dataset_consumes_1_never_scheduled to None, run_after=None
[2025-12-31T21:12:11.754+0000] {logging_mixin.py:190} INFO - [2025-12-31T21:12:11.754+0000] {dag.py:4180} INFO - Setting next_dagrun for dataset_consumes_unknown_never_scheduled to None, run_after=None
[2025-12-31T21:12:11.756+0000] {logging_mixin.py:190} INFO - [2025-12-31T21:12:11.756+0000] {dag.py:4180} INFO - Setting next_dagrun for dataset_produces_1 to 2025-12-30 00:00:00+00:00, run_after=2025-12-31 00:00:00+00:00
[2025-12-31T21:12:11.758+0000] {logging_mixin.py:190} INFO - [2025-12-31T21:12:11.758+0000] {dag.py:4180} INFO - Setting next_dagrun for dataset_produces_2 to None, run_after=None
[2025-12-31T21:12:11.827+0000] {processor.py:208} INFO - Processing /home/airflow/.local/lib/python3.12/site-packages/airflow/example_dags/example_datasets.py took 2.240 seconds
[2025-12-31T21:12:42.630+0000] {processor.py:186} INFO - Started process (PID=166) to work on /home/airflow/.local/lib/python3.12/site-packages/airflow/example_dags/example_datasets.py
[2025-12-31T21:12:42.632+0000] {processor.py:914} INFO - Processing file /home/airflow/.local/lib/python3.12/site-packages/airflow/example_dags/example_datasets.py for tasks to queue
[2025-12-31T21:12:42.635+0000] {logging_mixin.py:190} INFO - [2025-12-31T21:12:42.634+0000] {dagbag.py:588} INFO - Filling up the DagBag from /home/airflow/.local/lib/python3.12/site-packages/airflow/example_dags/example_datasets.py
[2025-12-31T21:12:43.261+0000] {processor.py:925} INFO - DAG(s) 'consume_1_and_2_with_dataset_expressions', 'consume_1_or_2_with_dataset_expressions', 'consume_1_or_both_2_and_3_with_dataset_expressions', 'dataset_consumes_1_never_scheduled', 'dataset_consumes_1', 'dataset_produces_1', 'dataset_consumes_unknown_never_scheduled', 'dataset_produces_2', 'dataset_consumes_1_and_2', 'conditional_dataset_and_time_based_timetable' retrieved from /home/airflow/.local/lib/python3.12/site-packages/airflow/example_dags/example_datasets.py
[2025-12-31T21:12:43.316+0000] {logging_mixin.py:190} INFO - [2025-12-31T21:12:43.315+0000] {dag.py:3239} INFO - Sync 10 DAGs
[2025-12-31T21:12:43.345+0000] {logging_mixin.py:190} INFO - [2025-12-31T21:12:43.344+0000] {dag.py:4180} INFO - Setting next_dagrun for conditional_dataset_and_time_based_timetable to 2025-12-31 01:00:00+00:00, run_after=2025-12-31 01:00:00+00:00
[2025-12-31T21:12:43.349+0000] {logging_mixin.py:190} INFO - [2025-12-31T21:12:43.349+0000] {dag.py:4180} INFO - Setting next_dagrun for consume_1_and_2_with_dataset_expressions to None, run_after=None
[2025-12-31T21:12:43.351+0000] {logging_mixin.py:190} INFO - [2025-12-31T21:12:43.351+0000] {dag.py:4180} INFO - Setting next_dagrun for consume_1_or_2_with_dataset_expressions to None, run_after=None
[2025-12-31T21:12:43.353+0000] {logging_mixin.py:190} INFO - [2025-12-31T21:12:43.353+0000] {dag.py:4180} INFO - Setting next_dagrun for consume_1_or_both_2_and_3_with_dataset_expressions to None, run_after=None
[2025-12-31T21:12:43.355+0000] {logging_mixin.py:190} INFO - [2025-12-31T21:12:43.355+0000] {dag.py:4180} INFO - Setting next_dagrun for dataset_consumes_1 to None, run_after=None
[2025-12-31T21:12:43.357+0000] {logging_mixin.py:190} INFO - [2025-12-31T21:12:43.357+0000] {dag.py:4180} INFO - Setting next_dagrun for dataset_consumes_1_and_2 to None, run_after=None
[2025-12-31T21:12:43.359+0000] {logging_mixin.py:190} INFO - [2025-12-31T21:12:43.359+0000] {dag.py:4180} INFO - Setting next_dagrun for dataset_consumes_1_never_scheduled to None, run_after=None
[2025-12-31T21:12:43.361+0000] {logging_mixin.py:190} INFO - [2025-12-31T21:12:43.361+0000] {dag.py:4180} INFO - Setting next_dagrun for dataset_consumes_unknown_never_scheduled to None, run_after=None
[2025-12-31T21:12:43.365+0000] {logging_mixin.py:190} INFO - [2025-12-31T21:12:43.364+0000] {dag.py:4180} INFO - Setting next_dagrun for dataset_produces_1 to 2025-12-30 00:00:00+00:00, run_after=2025-12-31 00:00:00+00:00
[2025-12-31T21:12:43.367+0000] {logging_mixin.py:190} INFO - [2025-12-31T21:12:43.366+0000] {dag.py:4180} INFO - Setting next_dagrun for dataset_produces_2 to None, run_after=None
[2025-12-31T21:12:43.419+0000] {processor.py:208} INFO - Processing /home/airflow/.local/lib/python3.12/site-packages/airflow/example_dags/example_datasets.py took 0.796 seconds
[2025-12-31T21:13:14.288+0000] {processor.py:186} INFO - Started process (PID=233) to work on /home/airflow/.local/lib/python3.12/site-packages/airflow/example_dags/example_datasets.py
[2025-12-31T21:13:14.289+0000] {processor.py:914} INFO - Processing file /home/airflow/.local/lib/python3.12/site-packages/airflow/example_dags/example_datasets.py for tasks to queue
[2025-12-31T21:13:14.292+0000] {logging_mixin.py:190} INFO - [2025-12-31T21:13:14.292+0000] {dagbag.py:588} INFO - Filling up the DagBag from /home/airflow/.local/lib/python3.12/site-packages/airflow/example_dags/example_datasets.py
[2025-12-31T21:13:14.917+0000] {processor.py:925} INFO - DAG(s) 'dataset_produces_2', 'consume_1_or_both_2_and_3_with_dataset_expressions', 'consume_1_or_2_with_dataset_expressions', 'conditional_dataset_and_time_based_timetable', 'dataset_consumes_1_and_2', 'dataset_produces_1', 'dataset_consumes_1', 'consume_1_and_2_with_dataset_expressions', 'dataset_consumes_unknown_never_scheduled', 'dataset_consumes_1_never_scheduled' retrieved from /home/airflow/.local/lib/python3.12/site-packages/airflow/example_dags/example_datasets.py
[2025-12-31T21:13:14.972+0000] {logging_mixin.py:190} INFO - [2025-12-31T21:13:14.972+0000] {dag.py:3239} INFO - Sync 10 DAGs
[2025-12-31T21:13:15.002+0000] {logging_mixin.py:190} INFO - [2025-12-31T21:13:15.001+0000] {dag.py:4180} INFO - Setting next_dagrun for conditional_dataset_and_time_based_timetable to 2025-12-31 01:00:00+00:00, run_after=2025-12-31 01:00:00+00:00
[2025-12-31T21:13:15.006+0000] {logging_mixin.py:190} INFO - [2025-12-31T21:13:15.006+0000] {dag.py:4180} INFO - Setting next_dagrun for consume_1_and_2_with_dataset_expressions to None, run_after=None
[2025-12-31T21:13:15.009+0000] {logging_mixin.py:190} INFO - [2025-12-31T21:13:15.008+0000] {dag.py:4180} INFO - Setting next_dagrun for consume_1_or_2_with_dataset_expressions to None, run_after=None
[2025-12-31T21:13:15.011+0000] {logging_mixin.py:190} INFO - [2025-12-31T21:13:15.011+0000] {dag.py:4180} INFO - Setting next_dagrun for consume_1_or_both_2_and_3_with_dataset_expressions to None, run_after=None
[2025-12-31T21:13:15.013+0000] {logging_mixin.py:190} INFO - [2025-12-31T21:13:15.012+0000] {dag.py:4180} INFO - Setting next_dagrun for dataset_consumes_1 to None, run_after=None
[2025-12-31T21:13:15.015+0000] {logging_mixin.py:190} INFO - [2025-12-31T21:13:15.014+0000] {dag.py:4180} INFO - Setting next_dagrun for dataset_consumes_1_and_2 to None, run_after=None
[2025-12-31T21:13:15.016+0000] {logging_mixin.py:190} INFO - [2025-12-31T21:13:15.016+0000] {dag.py:4180} INFO - Setting next_dagrun for dataset_consumes_1_never_scheduled to None, run_after=None
[2025-12-31T21:13:15.018+0000] {logging_mixin.py:190} INFO - [2025-12-31T21:13:15.018+0000] {dag.py:4180} INFO - Setting next_dagrun for dataset_consumes_unknown_never_scheduled to None, run_after=None
[2025-12-31T21:13:15.023+0000] {logging_mixin.py:190} INFO - [2025-12-31T21:13:15.023+0000] {dag.py:4180} INFO - Setting next_dagrun for dataset_produces_1 to 2025-12-30 00:00:00+00:00, run_after=2025-12-31 00:00:00+00:00
[2025-12-31T21:13:15.025+0000] {logging_mixin.py:190} INFO - [2025-12-31T21:13:15.025+0000] {dag.py:4180} INFO - Setting next_dagrun for dataset_produces_2 to None, run_after=None
[2025-12-31T21:13:15.069+0000] {processor.py:208} INFO - Processing /home/airflow/.local/lib/python3.12/site-packages/airflow/example_dags/example_datasets.py took 0.789 seconds
[2025-12-31T21:13:45.259+0000] {processor.py:186} INFO - Started process (PID=303) to work on /home/airflow/.local/lib/python3.12/site-packages/airflow/example_dags/example_datasets.py
[2025-12-31T21:13:45.260+0000] {processor.py:914} INFO - Processing file /home/airflow/.local/lib/python3.12/site-packages/airflow/example_dags/example_datasets.py for tasks to queue
[2025-12-31T21:13:45.264+0000] {logging_mixin.py:190} INFO - [2025-12-31T21:13:45.263+0000] {dagbag.py:588} INFO - Filling up the DagBag from /home/airflow/.local/lib/python3.12/site-packages/airflow/example_dags/example_datasets.py
[2025-12-31T21:13:45.953+0000] {processor.py:925} INFO - DAG(s) 'consume_1_and_2_with_dataset_expressions', 'consume_1_or_2_with_dataset_expressions', 'dataset_consumes_1_and_2', 'consume_1_or_both_2_and_3_with_dataset_expressions', 'dataset_consumes_1_never_scheduled', 'dataset_consumes_1', 'conditional_dataset_and_time_based_timetable', 'dataset_produces_2', 'dataset_produces_1', 'dataset_consumes_unknown_never_scheduled' retrieved from /home/airflow/.local/lib/python3.12/site-packages/airflow/example_dags/example_datasets.py
[2025-12-31T21:13:46.007+0000] {logging_mixin.py:190} INFO - [2025-12-31T21:13:46.007+0000] {dag.py:3239} INFO - Sync 10 DAGs
[2025-12-31T21:13:46.039+0000] {logging_mixin.py:190} INFO - [2025-12-31T21:13:46.039+0000] {dag.py:4180} INFO - Setting next_dagrun for conditional_dataset_and_time_based_timetable to 2025-12-31 01:00:00+00:00, run_after=2025-12-31 01:00:00+00:00
[2025-12-31T21:13:46.044+0000] {logging_mixin.py:190} INFO - [2025-12-31T21:13:46.043+0000] {dag.py:4180} INFO - Setting next_dagrun for consume_1_and_2_with_dataset_expressions to None, run_after=None
[2025-12-31T21:13:46.046+0000] {logging_mixin.py:190} INFO - [2025-12-31T21:13:46.046+0000] {dag.py:4180} INFO - Setting next_dagrun for consume_1_or_2_with_dataset_expressions to None, run_after=None
[2025-12-31T21:13:46.048+0000] {logging_mixin.py:190} INFO - [2025-12-31T21:13:46.048+0000] {dag.py:4180} INFO - Setting next_dagrun for consume_1_or_both_2_and_3_with_dataset_expressions to None, run_after=None
[2025-12-31T21:13:46.051+0000] {logging_mixin.py:190} INFO - [2025-12-31T21:13:46.051+0000] {dag.py:4180} INFO - Setting next_dagrun for dataset_consumes_1 to None, run_after=None
[2025-12-31T21:13:46.054+0000] {logging_mixin.py:190} INFO - [2025-12-31T21:13:46.053+0000] {dag.py:4180} INFO - Setting next_dagrun for dataset_consumes_1_and_2 to None, run_after=None
[2025-12-31T21:13:46.056+0000] {logging_mixin.py:190} INFO - [2025-12-31T21:13:46.055+0000] {dag.py:4180} INFO - Setting next_dagrun for dataset_consumes_1_never_scheduled to None, run_after=None
[2025-12-31T21:13:46.058+0000] {logging_mixin.py:190} INFO - [2025-12-31T21:13:46.057+0000] {dag.py:4180} INFO - Setting next_dagrun for dataset_consumes_unknown_never_scheduled to None, run_after=None
[2025-12-31T21:13:46.061+0000] {logging_mixin.py:190} INFO - [2025-12-31T21:13:46.061+0000] {dag.py:4180} INFO - Setting next_dagrun for dataset_produces_1 to 2025-12-30 00:00:00+00:00, run_after=2025-12-31 00:00:00+00:00
[2025-12-31T21:13:46.065+0000] {logging_mixin.py:190} INFO - [2025-12-31T21:13:46.064+0000] {dag.py:4180} INFO - Setting next_dagrun for dataset_produces_2 to None, run_after=None
[2025-12-31T21:13:46.123+0000] {processor.py:208} INFO - Processing /home/airflow/.local/lib/python3.12/site-packages/airflow/example_dags/example_datasets.py took 0.872 seconds
[2025-12-31T21:14:16.891+0000] {processor.py:186} INFO - Started process (PID=366) to work on /home/airflow/.local/lib/python3.12/site-packages/airflow/example_dags/example_datasets.py
[2025-12-31T21:14:16.892+0000] {processor.py:914} INFO - Processing file /home/airflow/.local/lib/python3.12/site-packages/airflow/example_dags/example_datasets.py for tasks to queue
[2025-12-31T21:14:16.895+0000] {logging_mixin.py:190} INFO - [2025-12-31T21:14:16.894+0000] {dagbag.py:588} INFO - Filling up the DagBag from /home/airflow/.local/lib/python3.12/site-packages/airflow/example_dags/example_datasets.py
[2025-12-31T21:14:17.613+0000] {processor.py:925} INFO - DAG(s) 'conditional_dataset_and_time_based_timetable', 'dataset_consumes_1_and_2', 'dataset_consumes_1_never_scheduled', 'dataset_consumes_1', 'consume_1_and_2_with_dataset_expressions', 'consume_1_or_2_with_dataset_expressions', 'dataset_produces_1', 'consume_1_or_both_2_and_3_with_dataset_expressions', 'dataset_consumes_unknown_never_scheduled', 'dataset_produces_2' retrieved from /home/airflow/.local/lib/python3.12/site-packages/airflow/example_dags/example_datasets.py
[2025-12-31T21:14:17.667+0000] {logging_mixin.py:190} INFO - [2025-12-31T21:14:17.667+0000] {dag.py:3239} INFO - Sync 10 DAGs
[2025-12-31T21:14:17.702+0000] {logging_mixin.py:190} INFO - [2025-12-31T21:14:17.702+0000] {dag.py:4180} INFO - Setting next_dagrun for conditional_dataset_and_time_based_timetable to 2025-12-31 01:00:00+00:00, run_after=2025-12-31 01:00:00+00:00
[2025-12-31T21:14:17.708+0000] {logging_mixin.py:190} INFO - [2025-12-31T21:14:17.708+0000] {dag.py:4180} INFO - Setting next_dagrun for consume_1_and_2_with_dataset_expressions to None, run_after=None
[2025-12-31T21:14:17.711+0000] {logging_mixin.py:190} INFO - [2025-12-31T21:14:17.711+0000] {dag.py:4180} INFO - Setting next_dagrun for consume_1_or_2_with_dataset_expressions to None, run_after=None
[2025-12-31T21:14:17.713+0000] {logging_mixin.py:190} INFO - [2025-12-31T21:14:17.713+0000] {dag.py:4180} INFO - Setting next_dagrun for consume_1_or_both_2_and_3_with_dataset_expressions to None, run_after=None
[2025-12-31T21:14:17.715+0000] {logging_mixin.py:190} INFO - [2025-12-31T21:14:17.715+0000] {dag.py:4180} INFO - Setting next_dagrun for dataset_consumes_1 to None, run_after=None
[2025-12-31T21:14:17.717+0000] {logging_mixin.py:190} INFO - [2025-12-31T21:14:17.717+0000] {dag.py:4180} INFO - Setting next_dagrun for dataset_consumes_1_and_2 to None, run_after=None
[2025-12-31T21:14:17.719+0000] {logging_mixin.py:190} INFO - [2025-12-31T21:14:17.719+0000] {dag.py:4180} INFO - Setting next_dagrun for dataset_consumes_1_never_scheduled to None, run_after=None
[2025-12-31T21:14:17.721+0000] {logging_mixin.py:190} INFO - [2025-12-31T21:14:17.720+0000] {dag.py:4180} INFO - Setting next_dagrun for dataset_consumes_unknown_never_scheduled to None, run_after=None
[2025-12-31T21:14:17.725+0000] {logging_mixin.py:190} INFO - [2025-12-31T21:14:17.724+0000] {dag.py:4180} INFO - Setting next_dagrun for dataset_produces_1 to 2025-12-30 00:00:00+00:00, run_after=2025-12-31 00:00:00+00:00
[2025-12-31T21:14:17.727+0000] {logging_mixin.py:190} INFO - [2025-12-31T21:14:17.727+0000] {dag.py:4180} INFO - Setting next_dagrun for dataset_produces_2 to None, run_after=None
[2025-12-31T21:14:17.776+0000] {processor.py:208} INFO - Processing /home/airflow/.local/lib/python3.12/site-packages/airflow/example_dags/example_datasets.py took 0.893 seconds
[2025-12-31T21:14:48.316+0000] {processor.py:186} INFO - Started process (PID=437) to work on /home/airflow/.local/lib/python3.12/site-packages/airflow/example_dags/example_datasets.py
[2025-12-31T21:14:48.317+0000] {processor.py:914} INFO - Processing file /home/airflow/.local/lib/python3.12/site-packages/airflow/example_dags/example_datasets.py for tasks to queue
[2025-12-31T21:14:48.320+0000] {logging_mixin.py:190} INFO - [2025-12-31T21:14:48.319+0000] {dagbag.py:588} INFO - Filling up the DagBag from /home/airflow/.local/lib/python3.12/site-packages/airflow/example_dags/example_datasets.py
[2025-12-31T21:14:49.045+0000] {processor.py:925} INFO - DAG(s) 'dataset_consumes_1', 'dataset_produces_2', 'dataset_produces_1', 'consume_1_or_2_with_dataset_expressions', 'consume_1_and_2_with_dataset_expressions', 'conditional_dataset_and_time_based_timetable', 'dataset_consumes_1_never_scheduled', 'consume_1_or_both_2_and_3_with_dataset_expressions', 'dataset_consumes_1_and_2', 'dataset_consumes_unknown_never_scheduled' retrieved from /home/airflow/.local/lib/python3.12/site-packages/airflow/example_dags/example_datasets.py
[2025-12-31T21:14:49.099+0000] {logging_mixin.py:190} INFO - [2025-12-31T21:14:49.099+0000] {dag.py:3239} INFO - Sync 10 DAGs
[2025-12-31T21:14:49.131+0000] {logging_mixin.py:190} INFO - [2025-12-31T21:14:49.131+0000] {dag.py:4180} INFO - Setting next_dagrun for conditional_dataset_and_time_based_timetable to 2025-12-31 01:00:00+00:00, run_after=2025-12-31 01:00:00+00:00
[2025-12-31T21:14:49.135+0000] {logging_mixin.py:190} INFO - [2025-12-31T21:14:49.135+0000] {dag.py:4180} INFO - Setting next_dagrun for consume_1_and_2_with_dataset_expressions to None, run_after=None
[2025-12-31T21:14:49.137+0000] {logging_mixin.py:190} INFO - [2025-12-31T21:14:49.137+0000] {dag.py:4180} INFO - Setting next_dagrun for consume_1_or_2_with_dataset_expressions to None, run_after=None
[2025-12-31T21:14:49.140+0000] {logging_mixin.py:190} INFO - [2025-12-31T21:14:49.139+0000] {dag.py:4180} INFO - Setting next_dagrun for consume_1_or_both_2_and_3_with_dataset_expressions to None, run_after=None
[2025-12-31T21:14:49.141+0000] {logging_mixin.py:190} INFO - [2025-12-31T21:14:49.141+0000] {dag.py:4180} INFO - Setting next_dagrun for dataset_consumes_1 to None, run_after=None
[2025-12-31T21:14:49.143+0000] {logging_mixin.py:190} INFO - [2025-12-31T21:14:49.143+0000] {dag.py:4180} INFO - Setting next_dagrun for dataset_consumes_1_and_2 to None, run_after=None
[2025-12-31T21:14:49.144+0000] {logging_mixin.py:190} INFO - [2025-12-31T21:14:49.144+0000] {dag.py:4180} INFO - Setting next_dagrun for dataset_consumes_1_never_scheduled to None, run_after=None
[2025-12-31T21:14:49.146+0000] {logging_mixin.py:190} INFO - [2025-12-31T21:14:49.146+0000] {dag.py:4180} INFO - Setting next_dagrun for dataset_consumes_unknown_never_scheduled to None, run_after=None
[2025-12-31T21:14:49.149+0000] {logging_mixin.py:190} INFO - [2025-12-31T21:14:49.149+0000] {dag.py:4180} INFO - Setting next_dagrun for dataset_produces_1 to 2025-12-30 00:00:00+00:00, run_after=2025-12-31 00:00:00+00:00
[2025-12-31T21:14:49.151+0000] {logging_mixin.py:190} INFO - [2025-12-31T21:14:49.150+0000] {dag.py:4180} INFO - Setting next_dagrun for dataset_produces_2 to None, run_after=None
[2025-12-31T21:14:49.195+0000] {processor.py:208} INFO - Processing /home/airflow/.local/lib/python3.12/site-packages/airflow/example_dags/example_datasets.py took 0.887 seconds
[2025-12-31T21:15:19.525+0000] {processor.py:186} INFO - Started process (PID=505) to work on /home/airflow/.local/lib/python3.12/site-packages/airflow/example_dags/example_datasets.py
[2025-12-31T21:15:19.527+0000] {processor.py:914} INFO - Processing file /home/airflow/.local/lib/python3.12/site-packages/airflow/example_dags/example_datasets.py for tasks to queue
[2025-12-31T21:15:19.530+0000] {logging_mixin.py:190} INFO - [2025-12-31T21:15:19.529+0000] {dagbag.py:588} INFO - Filling up the DagBag from /home/airflow/.local/lib/python3.12/site-packages/airflow/example_dags/example_datasets.py
[2025-12-31T21:15:20.183+0000] {processor.py:925} INFO - DAG(s) 'dataset_produces_1', 'consume_1_or_both_2_and_3_with_dataset_expressions', 'dataset_consumes_1_and_2', 'dataset_consumes_unknown_never_scheduled', 'dataset_produces_2', 'dataset_consumes_1', 'consume_1_or_2_with_dataset_expressions', 'conditional_dataset_and_time_based_timetable', 'dataset_consumes_1_never_scheduled', 'consume_1_and_2_with_dataset_expressions' retrieved from /home/airflow/.local/lib/python3.12/site-packages/airflow/example_dags/example_datasets.py
[2025-12-31T21:15:20.234+0000] {logging_mixin.py:190} INFO - [2025-12-31T21:15:20.234+0000] {dag.py:3239} INFO - Sync 10 DAGs
[2025-12-31T21:15:20.264+0000] {logging_mixin.py:190} INFO - [2025-12-31T21:15:20.264+0000] {dag.py:4180} INFO - Setting next_dagrun for conditional_dataset_and_time_based_timetable to 2025-12-31 01:00:00+00:00, run_after=2025-12-31 01:00:00+00:00
[2025-12-31T21:15:20.269+0000] {logging_mixin.py:190} INFO - [2025-12-31T21:15:20.269+0000] {dag.py:4180} INFO - Setting next_dagrun for consume_1_and_2_with_dataset_expressions to None, run_after=None
[2025-12-31T21:15:20.271+0000] {logging_mixin.py:190} INFO - [2025-12-31T21:15:20.271+0000] {dag.py:4180} INFO - Setting next_dagrun for consume_1_or_2_with_dataset_expressions to None, run_after=None
[2025-12-31T21:15:20.273+0000] {logging_mixin.py:190} INFO - [2025-12-31T21:15:20.273+0000] {dag.py:4180} INFO - Setting next_dagrun for consume_1_or_both_2_and_3_with_dataset_expressions to None, run_after=None
[2025-12-31T21:15:20.275+0000] {logging_mixin.py:190} INFO - [2025-12-31T21:15:20.275+0000] {dag.py:4180} INFO - Setting next_dagrun for dataset_consumes_1 to None, run_after=None
[2025-12-31T21:15:20.277+0000] {logging_mixin.py:190} INFO - [2025-12-31T21:15:20.277+0000] {dag.py:4180} INFO - Setting next_dagrun for dataset_consumes_1_and_2 to None, run_after=None
[2025-12-31T21:15:20.279+0000] {logging_mixin.py:190} INFO - [2025-12-31T21:15:20.279+0000] {dag.py:4180} INFO - Setting next_dagrun for dataset_consumes_1_never_scheduled to None, run_after=None
[2025-12-31T21:15:20.281+0000] {logging_mixin.py:190} INFO - [2025-12-31T21:15:20.281+0000] {dag.py:4180} INFO - Setting next_dagrun for dataset_consumes_unknown_never_scheduled to None, run_after=None
[2025-12-31T21:15:20.284+0000] {logging_mixin.py:190} INFO - [2025-12-31T21:15:20.284+0000] {dag.py:4180} INFO - Setting next_dagrun for dataset_produces_1 to 2025-12-30 00:00:00+00:00, run_after=2025-12-31 00:00:00+00:00
[2025-12-31T21:15:20.286+0000] {logging_mixin.py:190} INFO - [2025-12-31T21:15:20.286+0000] {dag.py:4180} INFO - Setting next_dagrun for dataset_produces_2 to None, run_after=None
[2025-12-31T21:15:20.338+0000] {processor.py:208} INFO - Processing /home/airflow/.local/lib/python3.12/site-packages/airflow/example_dags/example_datasets.py took 0.819 seconds
[2025-12-31T21:15:51.132+0000] {processor.py:186} INFO - Started process (PID=569) to work on /home/airflow/.local/lib/python3.12/site-packages/airflow/example_dags/example_datasets.py
[2025-12-31T21:15:51.134+0000] {processor.py:914} INFO - Processing file /home/airflow/.local/lib/python3.12/site-packages/airflow/example_dags/example_datasets.py for tasks to queue
[2025-12-31T21:15:51.140+0000] {logging_mixin.py:190} INFO - [2025-12-31T21:15:51.140+0000] {dagbag.py:588} INFO - Filling up the DagBag from /home/airflow/.local/lib/python3.12/site-packages/airflow/example_dags/example_datasets.py
[2025-12-31T21:15:52.557+0000] {processor.py:925} INFO - DAG(s) 'dataset_consumes_1_and_2', 'consume_1_or_2_with_dataset_expressions', 'dataset_produces_2', 'dataset_consumes_unknown_never_scheduled', 'dataset_consumes_1', 'dataset_produces_1', 'consume_1_or_both_2_and_3_with_dataset_expressions', 'consume_1_and_2_with_dataset_expressions', 'conditional_dataset_and_time_based_timetable', 'dataset_consumes_1_never_scheduled' retrieved from /home/airflow/.local/lib/python3.12/site-packages/airflow/example_dags/example_datasets.py
[2025-12-31T21:15:52.651+0000] {logging_mixin.py:190} INFO - [2025-12-31T21:15:52.651+0000] {dag.py:3239} INFO - Sync 10 DAGs
[2025-12-31T21:15:52.710+0000] {logging_mixin.py:190} INFO - [2025-12-31T21:15:52.709+0000] {dag.py:4180} INFO - Setting next_dagrun for conditional_dataset_and_time_based_timetable to 2025-12-31 01:00:00+00:00, run_after=2025-12-31 01:00:00+00:00
[2025-12-31T21:15:52.726+0000] {logging_mixin.py:190} INFO - [2025-12-31T21:15:52.725+0000] {dag.py:4180} INFO - Setting next_dagrun for consume_1_and_2_with_dataset_expressions to None, run_after=None
[2025-12-31T21:15:52.730+0000] {logging_mixin.py:190} INFO - [2025-12-31T21:15:52.729+0000] {dag.py:4180} INFO - Setting next_dagrun for consume_1_or_2_with_dataset_expressions to None, run_after=None
[2025-12-31T21:15:52.733+0000] {logging_mixin.py:190} INFO - [2025-12-31T21:15:52.733+0000] {dag.py:4180} INFO - Setting next_dagrun for consume_1_or_both_2_and_3_with_dataset_expressions to None, run_after=None
[2025-12-31T21:15:52.737+0000] {logging_mixin.py:190} INFO - [2025-12-31T21:15:52.737+0000] {dag.py:4180} INFO - Setting next_dagrun for dataset_consumes_1 to None, run_after=None
[2025-12-31T21:15:52.741+0000] {logging_mixin.py:190} INFO - [2025-12-31T21:15:52.740+0000] {dag.py:4180} INFO - Setting next_dagrun for dataset_consumes_1_and_2 to None, run_after=None
[2025-12-31T21:15:52.745+0000] {logging_mixin.py:190} INFO - [2025-12-31T21:15:52.744+0000] {dag.py:4180} INFO - Setting next_dagrun for dataset_consumes_1_never_scheduled to None, run_after=None
[2025-12-31T21:15:52.750+0000] {logging_mixin.py:190} INFO - [2025-12-31T21:15:52.750+0000] {dag.py:4180} INFO - Setting next_dagrun for dataset_consumes_unknown_never_scheduled to None, run_after=None
[2025-12-31T21:15:52.758+0000] {logging_mixin.py:190} INFO - [2025-12-31T21:15:52.758+0000] {dag.py:4180} INFO - Setting next_dagrun for dataset_produces_1 to 2025-12-30 00:00:00+00:00, run_after=2025-12-31 00:00:00+00:00
[2025-12-31T21:15:52.762+0000] {logging_mixin.py:190} INFO - [2025-12-31T21:15:52.762+0000] {dag.py:4180} INFO - Setting next_dagrun for dataset_produces_2 to None, run_after=None
[2025-12-31T21:15:52.851+0000] {processor.py:208} INFO - Processing /home/airflow/.local/lib/python3.12/site-packages/airflow/example_dags/example_datasets.py took 1.732 seconds
[2025-12-31T21:16:23.633+0000] {processor.py:186} INFO - Started process (PID=632) to work on /home/airflow/.local/lib/python3.12/site-packages/airflow/example_dags/example_datasets.py
[2025-12-31T21:16:23.635+0000] {processor.py:914} INFO - Processing file /home/airflow/.local/lib/python3.12/site-packages/airflow/example_dags/example_datasets.py for tasks to queue
[2025-12-31T21:16:23.638+0000] {logging_mixin.py:190} INFO - [2025-12-31T21:16:23.638+0000] {dagbag.py:588} INFO - Filling up the DagBag from /home/airflow/.local/lib/python3.12/site-packages/airflow/example_dags/example_datasets.py
[2025-12-31T21:16:24.367+0000] {processor.py:925} INFO - DAG(s) 'consume_1_or_2_with_dataset_expressions', 'dataset_produces_1', 'dataset_produces_2', 'dataset_consumes_unknown_never_scheduled', 'dataset_consumes_1', 'conditional_dataset_and_time_based_timetable', 'consume_1_and_2_with_dataset_expressions', 'dataset_consumes_1_and_2', 'consume_1_or_both_2_and_3_with_dataset_expressions', 'dataset_consumes_1_never_scheduled' retrieved from /home/airflow/.local/lib/python3.12/site-packages/airflow/example_dags/example_datasets.py
[2025-12-31T21:16:24.454+0000] {logging_mixin.py:190} INFO - [2025-12-31T21:16:24.453+0000] {dag.py:3239} INFO - Sync 10 DAGs
[2025-12-31T21:16:24.494+0000] {logging_mixin.py:190} INFO - [2025-12-31T21:16:24.494+0000] {dag.py:4180} INFO - Setting next_dagrun for conditional_dataset_and_time_based_timetable to 2025-12-31 01:00:00+00:00, run_after=2025-12-31 01:00:00+00:00
[2025-12-31T21:16:24.499+0000] {logging_mixin.py:190} INFO - [2025-12-31T21:16:24.499+0000] {dag.py:4180} INFO - Setting next_dagrun for consume_1_and_2_with_dataset_expressions to None, run_after=None
[2025-12-31T21:16:24.501+0000] {logging_mixin.py:190} INFO - [2025-12-31T21:16:24.501+0000] {dag.py:4180} INFO - Setting next_dagrun for consume_1_or_2_with_dataset_expressions to None, run_after=None
[2025-12-31T21:16:24.503+0000] {logging_mixin.py:190} INFO - [2025-12-31T21:16:24.503+0000] {dag.py:4180} INFO - Setting next_dagrun for consume_1_or_both_2_and_3_with_dataset_expressions to None, run_after=None
[2025-12-31T21:16:24.505+0000] {logging_mixin.py:190} INFO - [2025-12-31T21:16:24.505+0000] {dag.py:4180} INFO - Setting next_dagrun for dataset_consumes_1 to None, run_after=None
[2025-12-31T21:16:24.507+0000] {logging_mixin.py:190} INFO - [2025-12-31T21:16:24.507+0000] {dag.py:4180} INFO - Setting next_dagrun for dataset_consumes_1_and_2 to None, run_after=None
[2025-12-31T21:16:24.509+0000] {logging_mixin.py:190} INFO - [2025-12-31T21:16:24.509+0000] {dag.py:4180} INFO - Setting next_dagrun for dataset_consumes_1_never_scheduled to None, run_after=None
[2025-12-31T21:16:24.512+0000] {logging_mixin.py:190} INFO - [2025-12-31T21:16:24.512+0000] {dag.py:4180} INFO - Setting next_dagrun for dataset_consumes_unknown_never_scheduled to None, run_after=None
[2025-12-31T21:16:24.515+0000] {logging_mixin.py:190} INFO - [2025-12-31T21:16:24.515+0000] {dag.py:4180} INFO - Setting next_dagrun for dataset_produces_1 to 2025-12-30 00:00:00+00:00, run_after=2025-12-31 00:00:00+00:00
[2025-12-31T21:16:24.517+0000] {logging_mixin.py:190} INFO - [2025-12-31T21:16:24.517+0000] {dag.py:4180} INFO - Setting next_dagrun for dataset_produces_2 to None, run_after=None
[2025-12-31T21:16:24.566+0000] {processor.py:208} INFO - Processing /home/airflow/.local/lib/python3.12/site-packages/airflow/example_dags/example_datasets.py took 0.939 seconds
[2025-12-31T21:16:55.035+0000] {processor.py:186} INFO - Started process (PID=695) to work on /home/airflow/.local/lib/python3.12/site-packages/airflow/example_dags/example_datasets.py
[2025-12-31T21:16:55.036+0000] {processor.py:914} INFO - Processing file /home/airflow/.local/lib/python3.12/site-packages/airflow/example_dags/example_datasets.py for tasks to queue
[2025-12-31T21:16:55.039+0000] {logging_mixin.py:190} INFO - [2025-12-31T21:16:55.038+0000] {dagbag.py:588} INFO - Filling up the DagBag from /home/airflow/.local/lib/python3.12/site-packages/airflow/example_dags/example_datasets.py
[2025-12-31T21:16:55.679+0000] {processor.py:925} INFO - DAG(s) 'consume_1_and_2_with_dataset_expressions', 'conditional_dataset_and_time_based_timetable', 'dataset_consumes_1', 'consume_1_or_2_with_dataset_expressions', 'dataset_produces_1', 'consume_1_or_both_2_and_3_with_dataset_expressions', 'dataset_consumes_1_and_2', 'dataset_consumes_1_never_scheduled', 'dataset_consumes_unknown_never_scheduled', 'dataset_produces_2' retrieved from /home/airflow/.local/lib/python3.12/site-packages/airflow/example_dags/example_datasets.py
[2025-12-31T21:16:55.732+0000] {logging_mixin.py:190} INFO - [2025-12-31T21:16:55.732+0000] {dag.py:3239} INFO - Sync 10 DAGs
[2025-12-31T21:16:55.763+0000] {logging_mixin.py:190} INFO - [2025-12-31T21:16:55.763+0000] {dag.py:4180} INFO - Setting next_dagrun for conditional_dataset_and_time_based_timetable to 2025-12-31 01:00:00+00:00, run_after=2025-12-31 01:00:00+00:00
[2025-12-31T21:16:55.768+0000] {logging_mixin.py:190} INFO - [2025-12-31T21:16:55.767+0000] {dag.py:4180} INFO - Setting next_dagrun for consume_1_and_2_with_dataset_expressions to None, run_after=None
[2025-12-31T21:16:55.769+0000] {logging_mixin.py:190} INFO - [2025-12-31T21:16:55.769+0000] {dag.py:4180} INFO - Setting next_dagrun for consume_1_or_2_with_dataset_expressions to None, run_after=None
[2025-12-31T21:16:55.771+0000] {logging_mixin.py:190} INFO - [2025-12-31T21:16:55.771+0000] {dag.py:4180} INFO - Setting next_dagrun for consume_1_or_both_2_and_3_with_dataset_expressions to None, run_after=None
[2025-12-31T21:16:55.773+0000] {logging_mixin.py:190} INFO - [2025-12-31T21:16:55.773+0000] {dag.py:4180} INFO - Setting next_dagrun for dataset_consumes_1 to None, run_after=None
[2025-12-31T21:16:55.775+0000] {logging_mixin.py:190} INFO - [2025-12-31T21:16:55.775+0000] {dag.py:4180} INFO - Setting next_dagrun for dataset_consumes_1_and_2 to None, run_after=None
[2025-12-31T21:16:55.777+0000] {logging_mixin.py:190} INFO - [2025-12-31T21:16:55.777+0000] {dag.py:4180} INFO - Setting next_dagrun for dataset_consumes_1_never_scheduled to None, run_after=None
[2025-12-31T21:16:55.779+0000] {logging_mixin.py:190} INFO - [2025-12-31T21:16:55.779+0000] {dag.py:4180} INFO - Setting next_dagrun for dataset_consumes_unknown_never_scheduled to None, run_after=None
[2025-12-31T21:16:55.782+0000] {logging_mixin.py:190} INFO - [2025-12-31T21:16:55.782+0000] {dag.py:4180} INFO - Setting next_dagrun for dataset_produces_1 to 2025-12-30 00:00:00+00:00, run_after=2025-12-31 00:00:00+00:00
[2025-12-31T21:16:55.784+0000] {logging_mixin.py:190} INFO - [2025-12-31T21:16:55.784+0000] {dag.py:4180} INFO - Setting next_dagrun for dataset_produces_2 to None, run_after=None
[2025-12-31T21:16:55.824+0000] {processor.py:208} INFO - Processing /home/airflow/.local/lib/python3.12/site-packages/airflow/example_dags/example_datasets.py took 0.796 seconds
[2025-12-31T21:17:26.706+0000] {processor.py:186} INFO - Started process (PID=758) to work on /home/airflow/.local/lib/python3.12/site-packages/airflow/example_dags/example_datasets.py
[2025-12-31T21:17:26.708+0000] {processor.py:914} INFO - Processing file /home/airflow/.local/lib/python3.12/site-packages/airflow/example_dags/example_datasets.py for tasks to queue
[2025-12-31T21:17:26.711+0000] {logging_mixin.py:190} INFO - [2025-12-31T21:17:26.710+0000] {dagbag.py:588} INFO - Filling up the DagBag from /home/airflow/.local/lib/python3.12/site-packages/airflow/example_dags/example_datasets.py
[2025-12-31T21:17:27.383+0000] {processor.py:925} INFO - DAG(s) 'dataset_consumes_1', 'dataset_consumes_1_and_2', 'consume_1_or_2_with_dataset_expressions', 'dataset_consumes_unknown_never_scheduled', 'conditional_dataset_and_time_based_timetable', 'consume_1_or_both_2_and_3_with_dataset_expressions', 'dataset_consumes_1_never_scheduled', 'dataset_produces_1', 'dataset_produces_2', 'consume_1_and_2_with_dataset_expressions' retrieved from /home/airflow/.local/lib/python3.12/site-packages/airflow/example_dags/example_datasets.py
[2025-12-31T21:17:27.432+0000] {logging_mixin.py:190} INFO - [2025-12-31T21:17:27.432+0000] {dag.py:3239} INFO - Sync 10 DAGs
[2025-12-31T21:17:27.462+0000] {logging_mixin.py:190} INFO - [2025-12-31T21:17:27.462+0000] {dag.py:4180} INFO - Setting next_dagrun for conditional_dataset_and_time_based_timetable to 2025-12-31 01:00:00+00:00, run_after=2025-12-31 01:00:00+00:00
[2025-12-31T21:17:27.467+0000] {logging_mixin.py:190} INFO - [2025-12-31T21:17:27.466+0000] {dag.py:4180} INFO - Setting next_dagrun for consume_1_and_2_with_dataset_expressions to None, run_after=None
[2025-12-31T21:17:27.469+0000] {logging_mixin.py:190} INFO - [2025-12-31T21:17:27.469+0000] {dag.py:4180} INFO - Setting next_dagrun for consume_1_or_2_with_dataset_expressions to None, run_after=None
[2025-12-31T21:17:27.472+0000] {logging_mixin.py:190} INFO - [2025-12-31T21:17:27.471+0000] {dag.py:4180} INFO - Setting next_dagrun for consume_1_or_both_2_and_3_with_dataset_expressions to None, run_after=None
[2025-12-31T21:17:27.473+0000] {logging_mixin.py:190} INFO - [2025-12-31T21:17:27.473+0000] {dag.py:4180} INFO - Setting next_dagrun for dataset_consumes_1 to None, run_after=None
[2025-12-31T21:17:27.476+0000] {logging_mixin.py:190} INFO - [2025-12-31T21:17:27.475+0000] {dag.py:4180} INFO - Setting next_dagrun for dataset_consumes_1_and_2 to None, run_after=None
[2025-12-31T21:17:27.478+0000] {logging_mixin.py:190} INFO - [2025-12-31T21:17:27.478+0000] {dag.py:4180} INFO - Setting next_dagrun for dataset_consumes_1_never_scheduled to None, run_after=None
[2025-12-31T21:17:27.480+0000] {logging_mixin.py:190} INFO - [2025-12-31T21:17:27.480+0000] {dag.py:4180} INFO - Setting next_dagrun for dataset_consumes_unknown_never_scheduled to None, run_after=None
[2025-12-31T21:17:27.484+0000] {logging_mixin.py:190} INFO - [2025-12-31T21:17:27.484+0000] {dag.py:4180} INFO - Setting next_dagrun for dataset_produces_1 to 2025-12-30 00:00:00+00:00, run_after=2025-12-31 00:00:00+00:00
[2025-12-31T21:17:27.486+0000] {logging_mixin.py:190} INFO - [2025-12-31T21:17:27.486+0000] {dag.py:4180} INFO - Setting next_dagrun for dataset_produces_2 to None, run_after=None
[2025-12-31T21:17:27.533+0000] {processor.py:208} INFO - Processing /home/airflow/.local/lib/python3.12/site-packages/airflow/example_dags/example_datasets.py took 0.833 seconds
[2025-12-31T21:17:57.700+0000] {processor.py:186} INFO - Started process (PID=822) to work on /home/airflow/.local/lib/python3.12/site-packages/airflow/example_dags/example_datasets.py
[2025-12-31T21:17:57.701+0000] {processor.py:914} INFO - Processing file /home/airflow/.local/lib/python3.12/site-packages/airflow/example_dags/example_datasets.py for tasks to queue
[2025-12-31T21:17:57.705+0000] {logging_mixin.py:190} INFO - [2025-12-31T21:17:57.704+0000] {dagbag.py:588} INFO - Filling up the DagBag from /home/airflow/.local/lib/python3.12/site-packages/airflow/example_dags/example_datasets.py
[2025-12-31T21:17:58.346+0000] {processor.py:925} INFO - DAG(s) 'dataset_produces_1', 'dataset_consumes_1_never_scheduled', 'dataset_consumes_1_and_2', 'conditional_dataset_and_time_based_timetable', 'consume_1_or_both_2_and_3_with_dataset_expressions', 'consume_1_and_2_with_dataset_expressions', 'dataset_consumes_1', 'consume_1_or_2_with_dataset_expressions', 'dataset_consumes_unknown_never_scheduled', 'dataset_produces_2' retrieved from /home/airflow/.local/lib/python3.12/site-packages/airflow/example_dags/example_datasets.py
[2025-12-31T21:17:58.402+0000] {logging_mixin.py:190} INFO - [2025-12-31T21:17:58.401+0000] {dag.py:3239} INFO - Sync 10 DAGs
[2025-12-31T21:17:58.432+0000] {logging_mixin.py:190} INFO - [2025-12-31T21:17:58.432+0000] {dag.py:4180} INFO - Setting next_dagrun for conditional_dataset_and_time_based_timetable to 2025-12-31 01:00:00+00:00, run_after=2025-12-31 01:00:00+00:00
[2025-12-31T21:17:58.438+0000] {logging_mixin.py:190} INFO - [2025-12-31T21:17:58.438+0000] {dag.py:4180} INFO - Setting next_dagrun for consume_1_and_2_with_dataset_expressions to None, run_after=None
[2025-12-31T21:17:58.440+0000] {logging_mixin.py:190} INFO - [2025-12-31T21:17:58.440+0000] {dag.py:4180} INFO - Setting next_dagrun for consume_1_or_2_with_dataset_expressions to None, run_after=None
[2025-12-31T21:17:58.443+0000] {logging_mixin.py:190} INFO - [2025-12-31T21:17:58.442+0000] {dag.py:4180} INFO - Setting next_dagrun for consume_1_or_both_2_and_3_with_dataset_expressions to None, run_after=None
[2025-12-31T21:17:58.445+0000] {logging_mixin.py:190} INFO - [2025-12-31T21:17:58.444+0000] {dag.py:4180} INFO - Setting next_dagrun for dataset_consumes_1 to None, run_after=None
[2025-12-31T21:17:58.447+0000] {logging_mixin.py:190} INFO - [2025-12-31T21:17:58.447+0000] {dag.py:4180} INFO - Setting next_dagrun for dataset_consumes_1_and_2 to None, run_after=None
[2025-12-31T21:17:58.450+0000] {logging_mixin.py:190} INFO - [2025-12-31T21:17:58.450+0000] {dag.py:4180} INFO - Setting next_dagrun for dataset_consumes_1_never_scheduled to None, run_after=None
[2025-12-31T21:17:58.452+0000] {logging_mixin.py:190} INFO - [2025-12-31T21:17:58.452+0000] {dag.py:4180} INFO - Setting next_dagrun for dataset_consumes_unknown_never_scheduled to None, run_after=None
[2025-12-31T21:17:58.456+0000] {logging_mixin.py:190} INFO - [2025-12-31T21:17:58.455+0000] {dag.py:4180} INFO - Setting next_dagrun for dataset_produces_1 to 2025-12-30 00:00:00+00:00, run_after=2025-12-31 00:00:00+00:00
[2025-12-31T21:17:58.457+0000] {logging_mixin.py:190} INFO - [2025-12-31T21:17:58.457+0000] {dag.py:4180} INFO - Setting next_dagrun for dataset_produces_2 to None, run_after=None
[2025-12-31T21:17:58.504+0000] {processor.py:208} INFO - Processing /home/airflow/.local/lib/python3.12/site-packages/airflow/example_dags/example_datasets.py took 0.811 seconds
[2025-12-31T21:18:29.306+0000] {processor.py:186} INFO - Started process (PID=886) to work on /home/airflow/.local/lib/python3.12/site-packages/airflow/example_dags/example_datasets.py
[2025-12-31T21:18:29.307+0000] {processor.py:914} INFO - Processing file /home/airflow/.local/lib/python3.12/site-packages/airflow/example_dags/example_datasets.py for tasks to queue
[2025-12-31T21:18:29.311+0000] {logging_mixin.py:190} INFO - [2025-12-31T21:18:29.311+0000] {dagbag.py:588} INFO - Filling up the DagBag from /home/airflow/.local/lib/python3.12/site-packages/airflow/example_dags/example_datasets.py
[2025-12-31T21:18:30.239+0000] {processor.py:925} INFO - DAG(s) 'conditional_dataset_and_time_based_timetable', 'dataset_produces_2', 'dataset_consumes_1_never_scheduled', 'dataset_consumes_unknown_never_scheduled', 'consume_1_and_2_with_dataset_expressions', 'dataset_produces_1', 'dataset_consumes_1_and_2', 'consume_1_or_both_2_and_3_with_dataset_expressions', 'consume_1_or_2_with_dataset_expressions', 'dataset_consumes_1' retrieved from /home/airflow/.local/lib/python3.12/site-packages/airflow/example_dags/example_datasets.py
[2025-12-31T21:18:30.323+0000] {logging_mixin.py:190} INFO - [2025-12-31T21:18:30.322+0000] {dag.py:3239} INFO - Sync 10 DAGs
[2025-12-31T21:18:30.366+0000] {logging_mixin.py:190} INFO - [2025-12-31T21:18:30.366+0000] {dag.py:4180} INFO - Setting next_dagrun for conditional_dataset_and_time_based_timetable to 2025-12-31 01:00:00+00:00, run_after=2025-12-31 01:00:00+00:00
[2025-12-31T21:18:30.373+0000] {logging_mixin.py:190} INFO - [2025-12-31T21:18:30.373+0000] {dag.py:4180} INFO - Setting next_dagrun for consume_1_and_2_with_dataset_expressions to None, run_after=None
[2025-12-31T21:18:30.376+0000] {logging_mixin.py:190} INFO - [2025-12-31T21:18:30.376+0000] {dag.py:4180} INFO - Setting next_dagrun for consume_1_or_2_with_dataset_expressions to None, run_after=None
[2025-12-31T21:18:30.380+0000] {logging_mixin.py:190} INFO - [2025-12-31T21:18:30.379+0000] {dag.py:4180} INFO - Setting next_dagrun for consume_1_or_both_2_and_3_with_dataset_expressions to None, run_after=None
[2025-12-31T21:18:30.382+0000] {logging_mixin.py:190} INFO - [2025-12-31T21:18:30.381+0000] {dag.py:4180} INFO - Setting next_dagrun for dataset_consumes_1 to None, run_after=None
[2025-12-31T21:18:30.384+0000] {logging_mixin.py:190} INFO - [2025-12-31T21:18:30.384+0000] {dag.py:4180} INFO - Setting next_dagrun for dataset_consumes_1_and_2 to None, run_after=None
[2025-12-31T21:18:30.386+0000] {logging_mixin.py:190} INFO - [2025-12-31T21:18:30.385+0000] {dag.py:4180} INFO - Setting next_dagrun for dataset_consumes_1_never_scheduled to None, run_after=None
[2025-12-31T21:18:30.388+0000] {logging_mixin.py:190} INFO - [2025-12-31T21:18:30.388+0000] {dag.py:4180} INFO - Setting next_dagrun for dataset_consumes_unknown_never_scheduled to None, run_after=None
[2025-12-31T21:18:30.391+0000] {logging_mixin.py:190} INFO - [2025-12-31T21:18:30.391+0000] {dag.py:4180} INFO - Setting next_dagrun for dataset_produces_1 to 2025-12-30 00:00:00+00:00, run_after=2025-12-31 00:00:00+00:00
[2025-12-31T21:18:30.395+0000] {logging_mixin.py:190} INFO - [2025-12-31T21:18:30.394+0000] {dag.py:4180} INFO - Setting next_dagrun for dataset_produces_2 to None, run_after=None
[2025-12-31T21:18:30.464+0000] {processor.py:208} INFO - Processing /home/airflow/.local/lib/python3.12/site-packages/airflow/example_dags/example_datasets.py took 1.166 seconds
[2025-12-31T21:19:00.813+0000] {processor.py:186} INFO - Started process (PID=953) to work on /home/airflow/.local/lib/python3.12/site-packages/airflow/example_dags/example_datasets.py
[2025-12-31T21:19:00.815+0000] {processor.py:914} INFO - Processing file /home/airflow/.local/lib/python3.12/site-packages/airflow/example_dags/example_datasets.py for tasks to queue
[2025-12-31T21:19:00.818+0000] {logging_mixin.py:190} INFO - [2025-12-31T21:19:00.817+0000] {dagbag.py:588} INFO - Filling up the DagBag from /home/airflow/.local/lib/python3.12/site-packages/airflow/example_dags/example_datasets.py
[2025-12-31T21:19:01.483+0000] {processor.py:925} INFO - DAG(s) 'consume_1_or_2_with_dataset_expressions', 'consume_1_and_2_with_dataset_expressions', 'dataset_consumes_unknown_never_scheduled', 'dataset_consumes_1', 'conditional_dataset_and_time_based_timetable', 'dataset_consumes_1_and_2', 'dataset_consumes_1_never_scheduled', 'dataset_produces_2', 'dataset_produces_1', 'consume_1_or_both_2_and_3_with_dataset_expressions' retrieved from /home/airflow/.local/lib/python3.12/site-packages/airflow/example_dags/example_datasets.py
[2025-12-31T21:19:01.541+0000] {logging_mixin.py:190} INFO - [2025-12-31T21:19:01.540+0000] {dag.py:3239} INFO - Sync 10 DAGs
[2025-12-31T21:19:01.573+0000] {logging_mixin.py:190} INFO - [2025-12-31T21:19:01.572+0000] {dag.py:4180} INFO - Setting next_dagrun for conditional_dataset_and_time_based_timetable to 2025-12-31 01:00:00+00:00, run_after=2025-12-31 01:00:00+00:00
[2025-12-31T21:19:01.577+0000] {logging_mixin.py:190} INFO - [2025-12-31T21:19:01.577+0000] {dag.py:4180} INFO - Setting next_dagrun for consume_1_and_2_with_dataset_expressions to None, run_after=None
[2025-12-31T21:19:01.580+0000] {logging_mixin.py:190} INFO - [2025-12-31T21:19:01.579+0000] {dag.py:4180} INFO - Setting next_dagrun for consume_1_or_2_with_dataset_expressions to None, run_after=None
[2025-12-31T21:19:01.582+0000] {logging_mixin.py:190} INFO - [2025-12-31T21:19:01.582+0000] {dag.py:4180} INFO - Setting next_dagrun for consume_1_or_both_2_and_3_with_dataset_expressions to None, run_after=None
[2025-12-31T21:19:01.584+0000] {logging_mixin.py:190} INFO - [2025-12-31T21:19:01.584+0000] {dag.py:4180} INFO - Setting next_dagrun for dataset_consumes_1 to None, run_after=None
[2025-12-31T21:19:01.586+0000] {logging_mixin.py:190} INFO - [2025-12-31T21:19:01.586+0000] {dag.py:4180} INFO - Setting next_dagrun for dataset_consumes_1_and_2 to None, run_after=None
[2025-12-31T21:19:01.588+0000] {logging_mixin.py:190} INFO - [2025-12-31T21:19:01.588+0000] {dag.py:4180} INFO - Setting next_dagrun for dataset_consumes_1_never_scheduled to None, run_after=None
[2025-12-31T21:19:01.590+0000] {logging_mixin.py:190} INFO - [2025-12-31T21:19:01.590+0000] {dag.py:4180} INFO - Setting next_dagrun for dataset_consumes_unknown_never_scheduled to None, run_after=None
[2025-12-31T21:19:01.593+0000] {logging_mixin.py:190} INFO - [2025-12-31T21:19:01.593+0000] {dag.py:4180} INFO - Setting next_dagrun for dataset_produces_1 to 2025-12-30 00:00:00+00:00, run_after=2025-12-31 00:00:00+00:00
[2025-12-31T21:19:01.595+0000] {logging_mixin.py:190} INFO - [2025-12-31T21:19:01.595+0000] {dag.py:4180} INFO - Setting next_dagrun for dataset_produces_2 to None, run_after=None
[2025-12-31T21:19:01.642+0000] {processor.py:208} INFO - Processing /home/airflow/.local/lib/python3.12/site-packages/airflow/example_dags/example_datasets.py took 0.836 seconds
[2025-12-31T21:19:31.925+0000] {processor.py:186} INFO - Started process (PID=1016) to work on /home/airflow/.local/lib/python3.12/site-packages/airflow/example_dags/example_datasets.py
[2025-12-31T21:19:31.927+0000] {processor.py:914} INFO - Processing file /home/airflow/.local/lib/python3.12/site-packages/airflow/example_dags/example_datasets.py for tasks to queue
[2025-12-31T21:19:31.931+0000] {logging_mixin.py:190} INFO - [2025-12-31T21:19:31.930+0000] {dagbag.py:588} INFO - Filling up the DagBag from /home/airflow/.local/lib/python3.12/site-packages/airflow/example_dags/example_datasets.py
[2025-12-31T21:19:32.574+0000] {processor.py:925} INFO - DAG(s) 'dataset_produces_1', 'conditional_dataset_and_time_based_timetable', 'consume_1_or_both_2_and_3_with_dataset_expressions', 'dataset_consumes_unknown_never_scheduled', 'consume_1_and_2_with_dataset_expressions', 'dataset_consumes_1_never_scheduled', 'dataset_consumes_1', 'dataset_consumes_1_and_2', 'consume_1_or_2_with_dataset_expressions', 'dataset_produces_2' retrieved from /home/airflow/.local/lib/python3.12/site-packages/airflow/example_dags/example_datasets.py
[2025-12-31T21:19:32.624+0000] {logging_mixin.py:190} INFO - [2025-12-31T21:19:32.624+0000] {dag.py:3239} INFO - Sync 10 DAGs
[2025-12-31T21:19:32.657+0000] {logging_mixin.py:190} INFO - [2025-12-31T21:19:32.657+0000] {dag.py:4180} INFO - Setting next_dagrun for conditional_dataset_and_time_based_timetable to 2025-12-31 01:00:00+00:00, run_after=2025-12-31 01:00:00+00:00
[2025-12-31T21:19:32.663+0000] {logging_mixin.py:190} INFO - [2025-12-31T21:19:32.663+0000] {dag.py:4180} INFO - Setting next_dagrun for consume_1_and_2_with_dataset_expressions to None, run_after=None
[2025-12-31T21:19:32.665+0000] {logging_mixin.py:190} INFO - [2025-12-31T21:19:32.665+0000] {dag.py:4180} INFO - Setting next_dagrun for consume_1_or_2_with_dataset_expressions to None, run_after=None
[2025-12-31T21:19:32.668+0000] {logging_mixin.py:190} INFO - [2025-12-31T21:19:32.667+0000] {dag.py:4180} INFO - Setting next_dagrun for consume_1_or_both_2_and_3_with_dataset_expressions to None, run_after=None
[2025-12-31T21:19:32.670+0000] {logging_mixin.py:190} INFO - [2025-12-31T21:19:32.670+0000] {dag.py:4180} INFO - Setting next_dagrun for dataset_consumes_1 to None, run_after=None
[2025-12-31T21:19:32.673+0000] {logging_mixin.py:190} INFO - [2025-12-31T21:19:32.672+0000] {dag.py:4180} INFO - Setting next_dagrun for dataset_consumes_1_and_2 to None, run_after=None
[2025-12-31T21:19:32.675+0000] {logging_mixin.py:190} INFO - [2025-12-31T21:19:32.675+0000] {dag.py:4180} INFO - Setting next_dagrun for dataset_consumes_1_never_scheduled to None, run_after=None
[2025-12-31T21:19:32.677+0000] {logging_mixin.py:190} INFO - [2025-12-31T21:19:32.677+0000] {dag.py:4180} INFO - Setting next_dagrun for dataset_consumes_unknown_never_scheduled to None, run_after=None
[2025-12-31T21:19:32.681+0000] {logging_mixin.py:190} INFO - [2025-12-31T21:19:32.681+0000] {dag.py:4180} INFO - Setting next_dagrun for dataset_produces_1 to 2025-12-30 00:00:00+00:00, run_after=2025-12-31 00:00:00+00:00
[2025-12-31T21:19:32.683+0000] {logging_mixin.py:190} INFO - [2025-12-31T21:19:32.683+0000] {dag.py:4180} INFO - Setting next_dagrun for dataset_produces_2 to None, run_after=None
[2025-12-31T21:19:32.734+0000] {processor.py:208} INFO - Processing /home/airflow/.local/lib/python3.12/site-packages/airflow/example_dags/example_datasets.py took 0.817 seconds
[2025-12-31T21:20:03.052+0000] {processor.py:186} INFO - Started process (PID=1079) to work on /home/airflow/.local/lib/python3.12/site-packages/airflow/example_dags/example_datasets.py
[2025-12-31T21:20:03.053+0000] {processor.py:914} INFO - Processing file /home/airflow/.local/lib/python3.12/site-packages/airflow/example_dags/example_datasets.py for tasks to queue
[2025-12-31T21:20:03.056+0000] {logging_mixin.py:190} INFO - [2025-12-31T21:20:03.056+0000] {dagbag.py:588} INFO - Filling up the DagBag from /home/airflow/.local/lib/python3.12/site-packages/airflow/example_dags/example_datasets.py
[2025-12-31T21:20:03.687+0000] {processor.py:925} INFO - DAG(s) 'consume_1_and_2_with_dataset_expressions', 'dataset_consumes_unknown_never_scheduled', 'dataset_consumes_1_and_2', 'dataset_consumes_1', 'consume_1_or_2_with_dataset_expressions', 'conditional_dataset_and_time_based_timetable', 'consume_1_or_both_2_and_3_with_dataset_expressions', 'dataset_produces_2', 'dataset_produces_1', 'dataset_consumes_1_never_scheduled' retrieved from /home/airflow/.local/lib/python3.12/site-packages/airflow/example_dags/example_datasets.py
[2025-12-31T21:20:03.734+0000] {logging_mixin.py:190} INFO - [2025-12-31T21:20:03.734+0000] {dag.py:3239} INFO - Sync 10 DAGs
[2025-12-31T21:20:03.765+0000] {logging_mixin.py:190} INFO - [2025-12-31T21:20:03.764+0000] {dag.py:4180} INFO - Setting next_dagrun for conditional_dataset_and_time_based_timetable to 2025-12-31 01:00:00+00:00, run_after=2025-12-31 01:00:00+00:00
[2025-12-31T21:20:03.769+0000] {logging_mixin.py:190} INFO - [2025-12-31T21:20:03.769+0000] {dag.py:4180} INFO - Setting next_dagrun for consume_1_and_2_with_dataset_expressions to None, run_after=None
[2025-12-31T21:20:03.772+0000] {logging_mixin.py:190} INFO - [2025-12-31T21:20:03.771+0000] {dag.py:4180} INFO - Setting next_dagrun for consume_1_or_2_with_dataset_expressions to None, run_after=None
[2025-12-31T21:20:03.774+0000] {logging_mixin.py:190} INFO - [2025-12-31T21:20:03.774+0000] {dag.py:4180} INFO - Setting next_dagrun for consume_1_or_both_2_and_3_with_dataset_expressions to None, run_after=None
[2025-12-31T21:20:03.776+0000] {logging_mixin.py:190} INFO - [2025-12-31T21:20:03.776+0000] {dag.py:4180} INFO - Setting next_dagrun for dataset_consumes_1 to None, run_after=None
[2025-12-31T21:20:03.778+0000] {logging_mixin.py:190} INFO - [2025-12-31T21:20:03.778+0000] {dag.py:4180} INFO - Setting next_dagrun for dataset_consumes_1_and_2 to None, run_after=None
[2025-12-31T21:20:03.780+0000] {logging_mixin.py:190} INFO - [2025-12-31T21:20:03.779+0000] {dag.py:4180} INFO - Setting next_dagrun for dataset_consumes_1_never_scheduled to None, run_after=None
[2025-12-31T21:20:03.781+0000] {logging_mixin.py:190} INFO - [2025-12-31T21:20:03.781+0000] {dag.py:4180} INFO - Setting next_dagrun for dataset_consumes_unknown_never_scheduled to None, run_after=None
[2025-12-31T21:20:03.785+0000] {logging_mixin.py:190} INFO - [2025-12-31T21:20:03.785+0000] {dag.py:4180} INFO - Setting next_dagrun for dataset_produces_1 to 2025-12-30 00:00:00+00:00, run_after=2025-12-31 00:00:00+00:00
[2025-12-31T21:20:03.787+0000] {logging_mixin.py:190} INFO - [2025-12-31T21:20:03.787+0000] {dag.py:4180} INFO - Setting next_dagrun for dataset_produces_2 to None, run_after=None
[2025-12-31T21:20:03.829+0000] {processor.py:208} INFO - Processing /home/airflow/.local/lib/python3.12/site-packages/airflow/example_dags/example_datasets.py took 0.784 seconds
[2025-12-31T21:20:34.056+0000] {processor.py:186} INFO - Started process (PID=1142) to work on /home/airflow/.local/lib/python3.12/site-packages/airflow/example_dags/example_datasets.py
[2025-12-31T21:20:34.059+0000] {processor.py:914} INFO - Processing file /home/airflow/.local/lib/python3.12/site-packages/airflow/example_dags/example_datasets.py for tasks to queue
[2025-12-31T21:20:34.074+0000] {logging_mixin.py:190} INFO - [2025-12-31T21:20:34.074+0000] {dagbag.py:588} INFO - Filling up the DagBag from /home/airflow/.local/lib/python3.12/site-packages/airflow/example_dags/example_datasets.py
[2025-12-31T21:20:35.031+0000] {processor.py:925} INFO - DAG(s) 'dataset_consumes_1_and_2', 'consume_1_or_both_2_and_3_with_dataset_expressions', 'dataset_produces_1', 'dataset_consumes_unknown_never_scheduled', 'consume_1_and_2_with_dataset_expressions', 'dataset_consumes_1_never_scheduled', 'consume_1_or_2_with_dataset_expressions', 'conditional_dataset_and_time_based_timetable', 'dataset_consumes_1', 'dataset_produces_2' retrieved from /home/airflow/.local/lib/python3.12/site-packages/airflow/example_dags/example_datasets.py
[2025-12-31T21:20:35.145+0000] {logging_mixin.py:190} INFO - [2025-12-31T21:20:35.145+0000] {dag.py:3239} INFO - Sync 10 DAGs
[2025-12-31T21:20:35.186+0000] {logging_mixin.py:190} INFO - [2025-12-31T21:20:35.185+0000] {dag.py:4180} INFO - Setting next_dagrun for conditional_dataset_and_time_based_timetable to 2025-12-31 01:00:00+00:00, run_after=2025-12-31 01:00:00+00:00
[2025-12-31T21:20:35.191+0000] {logging_mixin.py:190} INFO - [2025-12-31T21:20:35.190+0000] {dag.py:4180} INFO - Setting next_dagrun for consume_1_and_2_with_dataset_expressions to None, run_after=None
[2025-12-31T21:20:35.194+0000] {logging_mixin.py:190} INFO - [2025-12-31T21:20:35.194+0000] {dag.py:4180} INFO - Setting next_dagrun for consume_1_or_2_with_dataset_expressions to None, run_after=None
[2025-12-31T21:20:35.196+0000] {logging_mixin.py:190} INFO - [2025-12-31T21:20:35.196+0000] {dag.py:4180} INFO - Setting next_dagrun for consume_1_or_both_2_and_3_with_dataset_expressions to None, run_after=None
[2025-12-31T21:20:35.198+0000] {logging_mixin.py:190} INFO - [2025-12-31T21:20:35.198+0000] {dag.py:4180} INFO - Setting next_dagrun for dataset_consumes_1 to None, run_after=None
[2025-12-31T21:20:35.201+0000] {logging_mixin.py:190} INFO - [2025-12-31T21:20:35.201+0000] {dag.py:4180} INFO - Setting next_dagrun for dataset_consumes_1_and_2 to None, run_after=None
[2025-12-31T21:20:35.204+0000] {logging_mixin.py:190} INFO - [2025-12-31T21:20:35.203+0000] {dag.py:4180} INFO - Setting next_dagrun for dataset_consumes_1_never_scheduled to None, run_after=None
[2025-12-31T21:20:35.206+0000] {logging_mixin.py:190} INFO - [2025-12-31T21:20:35.206+0000] {dag.py:4180} INFO - Setting next_dagrun for dataset_consumes_unknown_never_scheduled to None, run_after=None
[2025-12-31T21:20:35.210+0000] {logging_mixin.py:190} INFO - [2025-12-31T21:20:35.209+0000] {dag.py:4180} INFO - Setting next_dagrun for dataset_produces_1 to 2025-12-30 00:00:00+00:00, run_after=2025-12-31 00:00:00+00:00
[2025-12-31T21:20:35.212+0000] {logging_mixin.py:190} INFO - [2025-12-31T21:20:35.212+0000] {dag.py:4180} INFO - Setting next_dagrun for dataset_produces_2 to None, run_after=None
[2025-12-31T21:20:35.262+0000] {processor.py:208} INFO - Processing /home/airflow/.local/lib/python3.12/site-packages/airflow/example_dags/example_datasets.py took 1.219 seconds
[2025-12-31T21:21:05.540+0000] {processor.py:186} INFO - Started process (PID=1205) to work on /home/airflow/.local/lib/python3.12/site-packages/airflow/example_dags/example_datasets.py
[2025-12-31T21:21:05.541+0000] {processor.py:914} INFO - Processing file /home/airflow/.local/lib/python3.12/site-packages/airflow/example_dags/example_datasets.py for tasks to queue
[2025-12-31T21:21:05.544+0000] {logging_mixin.py:190} INFO - [2025-12-31T21:21:05.544+0000] {dagbag.py:588} INFO - Filling up the DagBag from /home/airflow/.local/lib/python3.12/site-packages/airflow/example_dags/example_datasets.py
[2025-12-31T21:21:06.154+0000] {processor.py:925} INFO - DAG(s) 'consume_1_and_2_with_dataset_expressions', 'dataset_produces_2', 'dataset_consumes_1_and_2', 'dataset_produces_1', 'dataset_consumes_1', 'consume_1_or_both_2_and_3_with_dataset_expressions', 'dataset_consumes_1_never_scheduled', 'dataset_consumes_unknown_never_scheduled', 'conditional_dataset_and_time_based_timetable', 'consume_1_or_2_with_dataset_expressions' retrieved from /home/airflow/.local/lib/python3.12/site-packages/airflow/example_dags/example_datasets.py
[2025-12-31T21:21:06.204+0000] {logging_mixin.py:190} INFO - [2025-12-31T21:21:06.204+0000] {dag.py:3239} INFO - Sync 10 DAGs
[2025-12-31T21:21:06.233+0000] {logging_mixin.py:190} INFO - [2025-12-31T21:21:06.233+0000] {dag.py:4180} INFO - Setting next_dagrun for conditional_dataset_and_time_based_timetable to 2025-12-31 01:00:00+00:00, run_after=2025-12-31 01:00:00+00:00
[2025-12-31T21:21:06.237+0000] {logging_mixin.py:190} INFO - [2025-12-31T21:21:06.237+0000] {dag.py:4180} INFO - Setting next_dagrun for consume_1_and_2_with_dataset_expressions to None, run_after=None
[2025-12-31T21:21:06.240+0000] {logging_mixin.py:190} INFO - [2025-12-31T21:21:06.240+0000] {dag.py:4180} INFO - Setting next_dagrun for consume_1_or_2_with_dataset_expressions to None, run_after=None
[2025-12-31T21:21:06.242+0000] {logging_mixin.py:190} INFO - [2025-12-31T21:21:06.242+0000] {dag.py:4180} INFO - Setting next_dagrun for consume_1_or_both_2_and_3_with_dataset_expressions to None, run_after=None
[2025-12-31T21:21:06.244+0000] {logging_mixin.py:190} INFO - [2025-12-31T21:21:06.244+0000] {dag.py:4180} INFO - Setting next_dagrun for dataset_consumes_1 to None, run_after=None
[2025-12-31T21:21:06.246+0000] {logging_mixin.py:190} INFO - [2025-12-31T21:21:06.245+0000] {dag.py:4180} INFO - Setting next_dagrun for dataset_consumes_1_and_2 to None, run_after=None
[2025-12-31T21:21:06.247+0000] {logging_mixin.py:190} INFO - [2025-12-31T21:21:06.247+0000] {dag.py:4180} INFO - Setting next_dagrun for dataset_consumes_1_never_scheduled to None, run_after=None
[2025-12-31T21:21:06.250+0000] {logging_mixin.py:190} INFO - [2025-12-31T21:21:06.250+0000] {dag.py:4180} INFO - Setting next_dagrun for dataset_consumes_unknown_never_scheduled to None, run_after=None
[2025-12-31T21:21:06.253+0000] {logging_mixin.py:190} INFO - [2025-12-31T21:21:06.253+0000] {dag.py:4180} INFO - Setting next_dagrun for dataset_produces_1 to 2025-12-30 00:00:00+00:00, run_after=2025-12-31 00:00:00+00:00
[2025-12-31T21:21:06.255+0000] {logging_mixin.py:190} INFO - [2025-12-31T21:21:06.255+0000] {dag.py:4180} INFO - Setting next_dagrun for dataset_produces_2 to None, run_after=None
[2025-12-31T21:21:06.303+0000] {processor.py:208} INFO - Processing /home/airflow/.local/lib/python3.12/site-packages/airflow/example_dags/example_datasets.py took 0.771 seconds
