[2025-12-31T21:12:02.131+0000] {processor.py:186} INFO - Started process (PID=74) to work on /home/airflow/.local/lib/python3.12/site-packages/airflow/example_dags/example_branch_datetime_operator.py
[2025-12-31T21:12:02.132+0000] {processor.py:914} INFO - Processing file /home/airflow/.local/lib/python3.12/site-packages/airflow/example_dags/example_branch_datetime_operator.py for tasks to queue
[2025-12-31T21:12:02.136+0000] {logging_mixin.py:190} INFO - [2025-12-31T21:12:02.136+0000] {dagbag.py:588} INFO - Filling up the DagBag from /home/airflow/.local/lib/python3.12/site-packages/airflow/example_dags/example_branch_datetime_operator.py
[2025-12-31T21:12:02.168+0000] {processor.py:925} INFO - DAG(s) 'example_branch_datetime_operator', 'example_branch_datetime_operator_2', 'example_branch_datetime_operator_3' retrieved from /home/airflow/.local/lib/python3.12/site-packages/airflow/example_dags/example_branch_datetime_operator.py
[2025-12-31T21:12:02.389+0000] {logging_mixin.py:190} INFO - [2025-12-31T21:12:02.389+0000] {override.py:1912} INFO - Created Permission View: can read on DAG:example_branch_datetime_operator
[2025-12-31T21:12:02.407+0000] {logging_mixin.py:190} INFO - [2025-12-31T21:12:02.406+0000] {override.py:1912} INFO - Created Permission View: can delete on DAG:example_branch_datetime_operator
[2025-12-31T21:12:02.417+0000] {logging_mixin.py:190} INFO - [2025-12-31T21:12:02.417+0000] {override.py:1912} INFO - Created Permission View: can edit on DAG:example_branch_datetime_operator
[2025-12-31T21:12:02.431+0000] {logging_mixin.py:190} INFO - [2025-12-31T21:12:02.430+0000] {override.py:1912} INFO - Created Permission View: can read on DAG Run:example_branch_datetime_operator
[2025-12-31T21:12:02.442+0000] {logging_mixin.py:190} INFO - [2025-12-31T21:12:02.442+0000] {override.py:1912} INFO - Created Permission View: can create on DAG Run:example_branch_datetime_operator
[2025-12-31T21:12:02.453+0000] {logging_mixin.py:190} INFO - [2025-12-31T21:12:02.453+0000] {override.py:1912} INFO - Created Permission View: can delete on DAG Run:example_branch_datetime_operator
[2025-12-31T21:12:02.466+0000] {logging_mixin.py:190} INFO - [2025-12-31T21:12:02.466+0000] {override.py:1912} INFO - Created Permission View: menu access on DAG Run:example_branch_datetime_operator
[2025-12-31T21:12:02.524+0000] {logging_mixin.py:190} INFO - [2025-12-31T21:12:02.523+0000] {override.py:1912} INFO - Created Permission View: can read on DAG:example_branch_datetime_operator_2
[2025-12-31T21:12:02.548+0000] {logging_mixin.py:190} INFO - [2025-12-31T21:12:02.547+0000] {override.py:1912} INFO - Created Permission View: can delete on DAG:example_branch_datetime_operator_2
[2025-12-31T21:12:02.565+0000] {logging_mixin.py:190} INFO - [2025-12-31T21:12:02.564+0000] {override.py:1912} INFO - Created Permission View: can edit on DAG:example_branch_datetime_operator_2
[2025-12-31T21:12:02.582+0000] {logging_mixin.py:190} INFO - [2025-12-31T21:12:02.581+0000] {override.py:1912} INFO - Created Permission View: can read on DAG Run:example_branch_datetime_operator_2
[2025-12-31T21:12:02.596+0000] {logging_mixin.py:190} INFO - [2025-12-31T21:12:02.596+0000] {override.py:1912} INFO - Created Permission View: can create on DAG Run:example_branch_datetime_operator_2
[2025-12-31T21:12:02.610+0000] {logging_mixin.py:190} INFO - [2025-12-31T21:12:02.609+0000] {override.py:1912} INFO - Created Permission View: can delete on DAG Run:example_branch_datetime_operator_2
[2025-12-31T21:12:02.622+0000] {logging_mixin.py:190} INFO - [2025-12-31T21:12:02.621+0000] {override.py:1912} INFO - Created Permission View: menu access on DAG Run:example_branch_datetime_operator_2
[2025-12-31T21:12:02.644+0000] {logging_mixin.py:190} INFO - [2025-12-31T21:12:02.644+0000] {override.py:1912} INFO - Created Permission View: can read on DAG:example_branch_datetime_operator_3
[2025-12-31T21:12:02.654+0000] {logging_mixin.py:190} INFO - [2025-12-31T21:12:02.654+0000] {override.py:1912} INFO - Created Permission View: can delete on DAG:example_branch_datetime_operator_3
[2025-12-31T21:12:02.664+0000] {logging_mixin.py:190} INFO - [2025-12-31T21:12:02.664+0000] {override.py:1912} INFO - Created Permission View: can edit on DAG:example_branch_datetime_operator_3
[2025-12-31T21:12:02.678+0000] {logging_mixin.py:190} INFO - [2025-12-31T21:12:02.678+0000] {override.py:1912} INFO - Created Permission View: can read on DAG Run:example_branch_datetime_operator_3
[2025-12-31T21:12:02.688+0000] {logging_mixin.py:190} INFO - [2025-12-31T21:12:02.687+0000] {override.py:1912} INFO - Created Permission View: can create on DAG Run:example_branch_datetime_operator_3
[2025-12-31T21:12:02.697+0000] {logging_mixin.py:190} INFO - [2025-12-31T21:12:02.697+0000] {override.py:1912} INFO - Created Permission View: can delete on DAG Run:example_branch_datetime_operator_3
[2025-12-31T21:12:02.708+0000] {logging_mixin.py:190} INFO - [2025-12-31T21:12:02.707+0000] {override.py:1912} INFO - Created Permission View: menu access on DAG Run:example_branch_datetime_operator_3
[2025-12-31T21:12:02.709+0000] {logging_mixin.py:190} INFO - [2025-12-31T21:12:02.708+0000] {dag.py:3239} INFO - Sync 3 DAGs
[2025-12-31T21:12:02.727+0000] {logging_mixin.py:190} INFO - [2025-12-31T21:12:02.727+0000] {dag.py:3262} INFO - Creating ORM DAG for example_branch_datetime_operator
[2025-12-31T21:12:02.729+0000] {logging_mixin.py:190} INFO - [2025-12-31T21:12:02.728+0000] {dag.py:3262} INFO - Creating ORM DAG for example_branch_datetime_operator_3
[2025-12-31T21:12:02.730+0000] {logging_mixin.py:190} INFO - [2025-12-31T21:12:02.730+0000] {dag.py:3262} INFO - Creating ORM DAG for example_branch_datetime_operator_2
[2025-12-31T21:12:02.749+0000] {logging_mixin.py:190} INFO - [2025-12-31T21:12:02.749+0000] {dag.py:4180} INFO - Setting next_dagrun for example_branch_datetime_operator to 2025-12-30 00:00:00+00:00, run_after=2025-12-31 00:00:00+00:00
[2025-12-31T21:12:02.752+0000] {logging_mixin.py:190} INFO - [2025-12-31T21:12:02.752+0000] {dag.py:4180} INFO - Setting next_dagrun for example_branch_datetime_operator_2 to 2025-12-30 00:00:00+00:00, run_after=2025-12-31 00:00:00+00:00
[2025-12-31T21:12:02.755+0000] {logging_mixin.py:190} INFO - [2025-12-31T21:12:02.755+0000] {dag.py:4180} INFO - Setting next_dagrun for example_branch_datetime_operator_3 to 2025-12-30 00:00:00+00:00, run_after=2025-12-31 00:00:00+00:00
[2025-12-31T21:12:02.782+0000] {processor.py:208} INFO - Processing /home/airflow/.local/lib/python3.12/site-packages/airflow/example_dags/example_branch_datetime_operator.py took 0.661 seconds
[2025-12-31T21:12:33.239+0000] {processor.py:186} INFO - Started process (PID=137) to work on /home/airflow/.local/lib/python3.12/site-packages/airflow/example_dags/example_branch_datetime_operator.py
[2025-12-31T21:12:33.240+0000] {processor.py:914} INFO - Processing file /home/airflow/.local/lib/python3.12/site-packages/airflow/example_dags/example_branch_datetime_operator.py for tasks to queue
[2025-12-31T21:12:33.243+0000] {logging_mixin.py:190} INFO - [2025-12-31T21:12:33.243+0000] {dagbag.py:588} INFO - Filling up the DagBag from /home/airflow/.local/lib/python3.12/site-packages/airflow/example_dags/example_branch_datetime_operator.py
[2025-12-31T21:12:33.256+0000] {processor.py:925} INFO - DAG(s) 'example_branch_datetime_operator', 'example_branch_datetime_operator_2', 'example_branch_datetime_operator_3' retrieved from /home/airflow/.local/lib/python3.12/site-packages/airflow/example_dags/example_branch_datetime_operator.py
[2025-12-31T21:12:33.289+0000] {logging_mixin.py:190} INFO - [2025-12-31T21:12:33.288+0000] {dag.py:3239} INFO - Sync 3 DAGs
[2025-12-31T21:12:33.318+0000] {logging_mixin.py:190} INFO - [2025-12-31T21:12:33.317+0000] {dag.py:4180} INFO - Setting next_dagrun for example_branch_datetime_operator to 2025-12-30 00:00:00+00:00, run_after=2025-12-31 00:00:00+00:00
[2025-12-31T21:12:33.323+0000] {logging_mixin.py:190} INFO - [2025-12-31T21:12:33.323+0000] {dag.py:4180} INFO - Setting next_dagrun for example_branch_datetime_operator_2 to 2025-12-30 00:00:00+00:00, run_after=2025-12-31 00:00:00+00:00
[2025-12-31T21:12:33.327+0000] {logging_mixin.py:190} INFO - [2025-12-31T21:12:33.326+0000] {dag.py:4180} INFO - Setting next_dagrun for example_branch_datetime_operator_3 to 2025-12-30 00:00:00+00:00, run_after=2025-12-31 00:00:00+00:00
[2025-12-31T21:12:33.349+0000] {processor.py:208} INFO - Processing /home/airflow/.local/lib/python3.12/site-packages/airflow/example_dags/example_branch_datetime_operator.py took 0.118 seconds
[2025-12-31T21:13:03.411+0000] {processor.py:186} INFO - Started process (PID=199) to work on /home/airflow/.local/lib/python3.12/site-packages/airflow/example_dags/example_branch_datetime_operator.py
[2025-12-31T21:13:03.412+0000] {processor.py:914} INFO - Processing file /home/airflow/.local/lib/python3.12/site-packages/airflow/example_dags/example_branch_datetime_operator.py for tasks to queue
[2025-12-31T21:13:03.416+0000] {logging_mixin.py:190} INFO - [2025-12-31T21:13:03.415+0000] {dagbag.py:588} INFO - Filling up the DagBag from /home/airflow/.local/lib/python3.12/site-packages/airflow/example_dags/example_branch_datetime_operator.py
[2025-12-31T21:13:03.430+0000] {processor.py:925} INFO - DAG(s) 'example_branch_datetime_operator', 'example_branch_datetime_operator_3', 'example_branch_datetime_operator_2' retrieved from /home/airflow/.local/lib/python3.12/site-packages/airflow/example_dags/example_branch_datetime_operator.py
[2025-12-31T21:13:03.463+0000] {logging_mixin.py:190} INFO - [2025-12-31T21:13:03.463+0000] {dag.py:3239} INFO - Sync 3 DAGs
[2025-12-31T21:13:03.493+0000] {logging_mixin.py:190} INFO - [2025-12-31T21:13:03.493+0000] {dag.py:4180} INFO - Setting next_dagrun for example_branch_datetime_operator to 2025-12-30 00:00:00+00:00, run_after=2025-12-31 00:00:00+00:00
[2025-12-31T21:13:03.499+0000] {logging_mixin.py:190} INFO - [2025-12-31T21:13:03.499+0000] {dag.py:4180} INFO - Setting next_dagrun for example_branch_datetime_operator_2 to 2025-12-30 00:00:00+00:00, run_after=2025-12-31 00:00:00+00:00
[2025-12-31T21:13:03.502+0000] {logging_mixin.py:190} INFO - [2025-12-31T21:13:03.502+0000] {dag.py:4180} INFO - Setting next_dagrun for example_branch_datetime_operator_3 to 2025-12-30 00:00:00+00:00, run_after=2025-12-31 00:00:00+00:00
[2025-12-31T21:13:03.525+0000] {processor.py:208} INFO - Processing /home/airflow/.local/lib/python3.12/site-packages/airflow/example_dags/example_branch_datetime_operator.py took 0.121 seconds
[2025-12-31T21:13:33.639+0000] {processor.py:186} INFO - Started process (PID=263) to work on /home/airflow/.local/lib/python3.12/site-packages/airflow/example_dags/example_branch_datetime_operator.py
[2025-12-31T21:13:33.642+0000] {processor.py:914} INFO - Processing file /home/airflow/.local/lib/python3.12/site-packages/airflow/example_dags/example_branch_datetime_operator.py for tasks to queue
[2025-12-31T21:13:33.646+0000] {logging_mixin.py:190} INFO - [2025-12-31T21:13:33.646+0000] {dagbag.py:588} INFO - Filling up the DagBag from /home/airflow/.local/lib/python3.12/site-packages/airflow/example_dags/example_branch_datetime_operator.py
[2025-12-31T21:13:33.667+0000] {processor.py:925} INFO - DAG(s) 'example_branch_datetime_operator', 'example_branch_datetime_operator_2', 'example_branch_datetime_operator_3' retrieved from /home/airflow/.local/lib/python3.12/site-packages/airflow/example_dags/example_branch_datetime_operator.py
[2025-12-31T21:13:33.722+0000] {logging_mixin.py:190} INFO - [2025-12-31T21:13:33.722+0000] {dag.py:3239} INFO - Sync 3 DAGs
[2025-12-31T21:13:33.767+0000] {logging_mixin.py:190} INFO - [2025-12-31T21:13:33.766+0000] {dag.py:4180} INFO - Setting next_dagrun for example_branch_datetime_operator to 2025-12-30 00:00:00+00:00, run_after=2025-12-31 00:00:00+00:00
[2025-12-31T21:13:33.778+0000] {logging_mixin.py:190} INFO - [2025-12-31T21:13:33.778+0000] {dag.py:4180} INFO - Setting next_dagrun for example_branch_datetime_operator_2 to 2025-12-30 00:00:00+00:00, run_after=2025-12-31 00:00:00+00:00
[2025-12-31T21:13:33.782+0000] {logging_mixin.py:190} INFO - [2025-12-31T21:13:33.782+0000] {dag.py:4180} INFO - Setting next_dagrun for example_branch_datetime_operator_3 to 2025-12-30 00:00:00+00:00, run_after=2025-12-31 00:00:00+00:00
[2025-12-31T21:13:33.810+0000] {processor.py:208} INFO - Processing /home/airflow/.local/lib/python3.12/site-packages/airflow/example_dags/example_branch_datetime_operator.py took 0.185 seconds
[2025-12-31T21:14:04.294+0000] {processor.py:186} INFO - Started process (PID=326) to work on /home/airflow/.local/lib/python3.12/site-packages/airflow/example_dags/example_branch_datetime_operator.py
[2025-12-31T21:14:04.296+0000] {processor.py:914} INFO - Processing file /home/airflow/.local/lib/python3.12/site-packages/airflow/example_dags/example_branch_datetime_operator.py for tasks to queue
[2025-12-31T21:14:04.300+0000] {logging_mixin.py:190} INFO - [2025-12-31T21:14:04.299+0000] {dagbag.py:588} INFO - Filling up the DagBag from /home/airflow/.local/lib/python3.12/site-packages/airflow/example_dags/example_branch_datetime_operator.py
[2025-12-31T21:14:04.333+0000] {processor.py:925} INFO - DAG(s) 'example_branch_datetime_operator_2', 'example_branch_datetime_operator_3', 'example_branch_datetime_operator' retrieved from /home/airflow/.local/lib/python3.12/site-packages/airflow/example_dags/example_branch_datetime_operator.py
[2025-12-31T21:14:04.391+0000] {logging_mixin.py:190} INFO - [2025-12-31T21:14:04.391+0000] {dag.py:3239} INFO - Sync 3 DAGs
[2025-12-31T21:14:04.451+0000] {logging_mixin.py:190} INFO - [2025-12-31T21:14:04.451+0000] {dag.py:4180} INFO - Setting next_dagrun for example_branch_datetime_operator to 2025-12-30 00:00:00+00:00, run_after=2025-12-31 00:00:00+00:00
[2025-12-31T21:14:04.460+0000] {logging_mixin.py:190} INFO - [2025-12-31T21:14:04.459+0000] {dag.py:4180} INFO - Setting next_dagrun for example_branch_datetime_operator_2 to 2025-12-30 00:00:00+00:00, run_after=2025-12-31 00:00:00+00:00
[2025-12-31T21:14:04.464+0000] {logging_mixin.py:190} INFO - [2025-12-31T21:14:04.464+0000] {dag.py:4180} INFO - Setting next_dagrun for example_branch_datetime_operator_3 to 2025-12-30 00:00:00+00:00, run_after=2025-12-31 00:00:00+00:00
[2025-12-31T21:14:04.505+0000] {processor.py:208} INFO - Processing /home/airflow/.local/lib/python3.12/site-packages/airflow/example_dags/example_branch_datetime_operator.py took 0.219 seconds
[2025-12-31T21:14:34.572+0000] {processor.py:186} INFO - Started process (PID=389) to work on /home/airflow/.local/lib/python3.12/site-packages/airflow/example_dags/example_branch_datetime_operator.py
[2025-12-31T21:14:34.573+0000] {processor.py:914} INFO - Processing file /home/airflow/.local/lib/python3.12/site-packages/airflow/example_dags/example_branch_datetime_operator.py for tasks to queue
[2025-12-31T21:14:34.576+0000] {logging_mixin.py:190} INFO - [2025-12-31T21:14:34.576+0000] {dagbag.py:588} INFO - Filling up the DagBag from /home/airflow/.local/lib/python3.12/site-packages/airflow/example_dags/example_branch_datetime_operator.py
[2025-12-31T21:14:34.589+0000] {processor.py:925} INFO - DAG(s) 'example_branch_datetime_operator_2', 'example_branch_datetime_operator', 'example_branch_datetime_operator_3' retrieved from /home/airflow/.local/lib/python3.12/site-packages/airflow/example_dags/example_branch_datetime_operator.py
[2025-12-31T21:14:34.620+0000] {logging_mixin.py:190} INFO - [2025-12-31T21:14:34.619+0000] {dag.py:3239} INFO - Sync 3 DAGs
[2025-12-31T21:14:34.647+0000] {logging_mixin.py:190} INFO - [2025-12-31T21:14:34.646+0000] {dag.py:4180} INFO - Setting next_dagrun for example_branch_datetime_operator to 2025-12-30 00:00:00+00:00, run_after=2025-12-31 00:00:00+00:00
[2025-12-31T21:14:34.653+0000] {logging_mixin.py:190} INFO - [2025-12-31T21:14:34.653+0000] {dag.py:4180} INFO - Setting next_dagrun for example_branch_datetime_operator_2 to 2025-12-30 00:00:00+00:00, run_after=2025-12-31 00:00:00+00:00
[2025-12-31T21:14:34.656+0000] {logging_mixin.py:190} INFO - [2025-12-31T21:14:34.656+0000] {dag.py:4180} INFO - Setting next_dagrun for example_branch_datetime_operator_3 to 2025-12-30 00:00:00+00:00, run_after=2025-12-31 00:00:00+00:00
[2025-12-31T21:14:34.677+0000] {processor.py:208} INFO - Processing /home/airflow/.local/lib/python3.12/site-packages/airflow/example_dags/example_branch_datetime_operator.py took 0.112 seconds
[2025-12-31T21:15:05.311+0000] {processor.py:186} INFO - Started process (PID=452) to work on /home/airflow/.local/lib/python3.12/site-packages/airflow/example_dags/example_branch_datetime_operator.py
[2025-12-31T21:15:05.312+0000] {processor.py:914} INFO - Processing file /home/airflow/.local/lib/python3.12/site-packages/airflow/example_dags/example_branch_datetime_operator.py for tasks to queue
[2025-12-31T21:15:05.315+0000] {logging_mixin.py:190} INFO - [2025-12-31T21:15:05.315+0000] {dagbag.py:588} INFO - Filling up the DagBag from /home/airflow/.local/lib/python3.12/site-packages/airflow/example_dags/example_branch_datetime_operator.py
[2025-12-31T21:15:05.330+0000] {processor.py:925} INFO - DAG(s) 'example_branch_datetime_operator_3', 'example_branch_datetime_operator_2', 'example_branch_datetime_operator' retrieved from /home/airflow/.local/lib/python3.12/site-packages/airflow/example_dags/example_branch_datetime_operator.py
[2025-12-31T21:15:05.359+0000] {logging_mixin.py:190} INFO - [2025-12-31T21:15:05.359+0000] {dag.py:3239} INFO - Sync 3 DAGs
[2025-12-31T21:15:05.388+0000] {logging_mixin.py:190} INFO - [2025-12-31T21:15:05.388+0000] {dag.py:4180} INFO - Setting next_dagrun for example_branch_datetime_operator to 2025-12-30 00:00:00+00:00, run_after=2025-12-31 00:00:00+00:00
[2025-12-31T21:15:05.394+0000] {logging_mixin.py:190} INFO - [2025-12-31T21:15:05.394+0000] {dag.py:4180} INFO - Setting next_dagrun for example_branch_datetime_operator_2 to 2025-12-30 00:00:00+00:00, run_after=2025-12-31 00:00:00+00:00
[2025-12-31T21:15:05.398+0000] {logging_mixin.py:190} INFO - [2025-12-31T21:15:05.398+0000] {dag.py:4180} INFO - Setting next_dagrun for example_branch_datetime_operator_3 to 2025-12-30 00:00:00+00:00, run_after=2025-12-31 00:00:00+00:00
[2025-12-31T21:15:05.420+0000] {processor.py:208} INFO - Processing /home/airflow/.local/lib/python3.12/site-packages/airflow/example_dags/example_branch_datetime_operator.py took 0.115 seconds
[2025-12-31T21:15:36.349+0000] {processor.py:186} INFO - Started process (PID=515) to work on /home/airflow/.local/lib/python3.12/site-packages/airflow/example_dags/example_branch_datetime_operator.py
[2025-12-31T21:15:36.351+0000] {processor.py:914} INFO - Processing file /home/airflow/.local/lib/python3.12/site-packages/airflow/example_dags/example_branch_datetime_operator.py for tasks to queue
[2025-12-31T21:15:36.355+0000] {logging_mixin.py:190} INFO - [2025-12-31T21:15:36.354+0000] {dagbag.py:588} INFO - Filling up the DagBag from /home/airflow/.local/lib/python3.12/site-packages/airflow/example_dags/example_branch_datetime_operator.py
[2025-12-31T21:15:36.370+0000] {processor.py:925} INFO - DAG(s) 'example_branch_datetime_operator_3', 'example_branch_datetime_operator_2', 'example_branch_datetime_operator' retrieved from /home/airflow/.local/lib/python3.12/site-packages/airflow/example_dags/example_branch_datetime_operator.py
[2025-12-31T21:15:36.399+0000] {logging_mixin.py:190} INFO - [2025-12-31T21:15:36.399+0000] {dag.py:3239} INFO - Sync 3 DAGs
[2025-12-31T21:15:36.430+0000] {logging_mixin.py:190} INFO - [2025-12-31T21:15:36.429+0000] {dag.py:4180} INFO - Setting next_dagrun for example_branch_datetime_operator to 2025-12-30 00:00:00+00:00, run_after=2025-12-31 00:00:00+00:00
[2025-12-31T21:15:36.439+0000] {logging_mixin.py:190} INFO - [2025-12-31T21:15:36.439+0000] {dag.py:4180} INFO - Setting next_dagrun for example_branch_datetime_operator_2 to 2025-12-30 00:00:00+00:00, run_after=2025-12-31 00:00:00+00:00
[2025-12-31T21:15:36.443+0000] {logging_mixin.py:190} INFO - [2025-12-31T21:15:36.443+0000] {dag.py:4180} INFO - Setting next_dagrun for example_branch_datetime_operator_3 to 2025-12-30 00:00:00+00:00, run_after=2025-12-31 00:00:00+00:00
[2025-12-31T21:15:36.469+0000] {processor.py:208} INFO - Processing /home/airflow/.local/lib/python3.12/site-packages/airflow/example_dags/example_branch_datetime_operator.py took 0.128 seconds
[2025-12-31T21:16:07.124+0000] {processor.py:186} INFO - Started process (PID=579) to work on /home/airflow/.local/lib/python3.12/site-packages/airflow/example_dags/example_branch_datetime_operator.py
[2025-12-31T21:16:07.126+0000] {processor.py:914} INFO - Processing file /home/airflow/.local/lib/python3.12/site-packages/airflow/example_dags/example_branch_datetime_operator.py for tasks to queue
[2025-12-31T21:16:07.130+0000] {logging_mixin.py:190} INFO - [2025-12-31T21:16:07.129+0000] {dagbag.py:588} INFO - Filling up the DagBag from /home/airflow/.local/lib/python3.12/site-packages/airflow/example_dags/example_branch_datetime_operator.py
[2025-12-31T21:16:07.154+0000] {processor.py:925} INFO - DAG(s) 'example_branch_datetime_operator_2', 'example_branch_datetime_operator_3', 'example_branch_datetime_operator' retrieved from /home/airflow/.local/lib/python3.12/site-packages/airflow/example_dags/example_branch_datetime_operator.py
[2025-12-31T21:16:07.204+0000] {logging_mixin.py:190} INFO - [2025-12-31T21:16:07.203+0000] {dag.py:3239} INFO - Sync 3 DAGs
[2025-12-31T21:16:07.250+0000] {logging_mixin.py:190} INFO - [2025-12-31T21:16:07.249+0000] {dag.py:4180} INFO - Setting next_dagrun for example_branch_datetime_operator to 2025-12-30 00:00:00+00:00, run_after=2025-12-31 00:00:00+00:00
[2025-12-31T21:16:07.258+0000] {logging_mixin.py:190} INFO - [2025-12-31T21:16:07.258+0000] {dag.py:4180} INFO - Setting next_dagrun for example_branch_datetime_operator_2 to 2025-12-30 00:00:00+00:00, run_after=2025-12-31 00:00:00+00:00
[2025-12-31T21:16:07.263+0000] {logging_mixin.py:190} INFO - [2025-12-31T21:16:07.262+0000] {dag.py:4180} INFO - Setting next_dagrun for example_branch_datetime_operator_3 to 2025-12-30 00:00:00+00:00, run_after=2025-12-31 00:00:00+00:00
[2025-12-31T21:16:07.294+0000] {processor.py:208} INFO - Processing /home/airflow/.local/lib/python3.12/site-packages/airflow/example_dags/example_branch_datetime_operator.py took 0.179 seconds
[2025-12-31T21:16:37.344+0000] {processor.py:186} INFO - Started process (PID=642) to work on /home/airflow/.local/lib/python3.12/site-packages/airflow/example_dags/example_branch_datetime_operator.py
[2025-12-31T21:16:37.345+0000] {processor.py:914} INFO - Processing file /home/airflow/.local/lib/python3.12/site-packages/airflow/example_dags/example_branch_datetime_operator.py for tasks to queue
[2025-12-31T21:16:37.350+0000] {logging_mixin.py:190} INFO - [2025-12-31T21:16:37.349+0000] {dagbag.py:588} INFO - Filling up the DagBag from /home/airflow/.local/lib/python3.12/site-packages/airflow/example_dags/example_branch_datetime_operator.py
[2025-12-31T21:16:37.365+0000] {processor.py:925} INFO - DAG(s) 'example_branch_datetime_operator_3', 'example_branch_datetime_operator', 'example_branch_datetime_operator_2' retrieved from /home/airflow/.local/lib/python3.12/site-packages/airflow/example_dags/example_branch_datetime_operator.py
[2025-12-31T21:16:37.393+0000] {logging_mixin.py:190} INFO - [2025-12-31T21:16:37.392+0000] {dag.py:3239} INFO - Sync 3 DAGs
[2025-12-31T21:16:37.421+0000] {logging_mixin.py:190} INFO - [2025-12-31T21:16:37.420+0000] {dag.py:4180} INFO - Setting next_dagrun for example_branch_datetime_operator to 2025-12-30 00:00:00+00:00, run_after=2025-12-31 00:00:00+00:00
[2025-12-31T21:16:37.426+0000] {logging_mixin.py:190} INFO - [2025-12-31T21:16:37.426+0000] {dag.py:4180} INFO - Setting next_dagrun for example_branch_datetime_operator_2 to 2025-12-30 00:00:00+00:00, run_after=2025-12-31 00:00:00+00:00
[2025-12-31T21:16:37.430+0000] {logging_mixin.py:190} INFO - [2025-12-31T21:16:37.429+0000] {dag.py:4180} INFO - Setting next_dagrun for example_branch_datetime_operator_3 to 2025-12-30 00:00:00+00:00, run_after=2025-12-31 00:00:00+00:00
[2025-12-31T21:16:37.450+0000] {processor.py:208} INFO - Processing /home/airflow/.local/lib/python3.12/site-packages/airflow/example_dags/example_branch_datetime_operator.py took 0.113 seconds
[2025-12-31T21:17:07.847+0000] {processor.py:186} INFO - Started process (PID=705) to work on /home/airflow/.local/lib/python3.12/site-packages/airflow/example_dags/example_branch_datetime_operator.py
[2025-12-31T21:17:07.848+0000] {processor.py:914} INFO - Processing file /home/airflow/.local/lib/python3.12/site-packages/airflow/example_dags/example_branch_datetime_operator.py for tasks to queue
[2025-12-31T21:17:07.852+0000] {logging_mixin.py:190} INFO - [2025-12-31T21:17:07.851+0000] {dagbag.py:588} INFO - Filling up the DagBag from /home/airflow/.local/lib/python3.12/site-packages/airflow/example_dags/example_branch_datetime_operator.py
[2025-12-31T21:17:07.868+0000] {processor.py:925} INFO - DAG(s) 'example_branch_datetime_operator', 'example_branch_datetime_operator_3', 'example_branch_datetime_operator_2' retrieved from /home/airflow/.local/lib/python3.12/site-packages/airflow/example_dags/example_branch_datetime_operator.py
[2025-12-31T21:17:07.900+0000] {logging_mixin.py:190} INFO - [2025-12-31T21:17:07.899+0000] {dag.py:3239} INFO - Sync 3 DAGs
[2025-12-31T21:17:07.932+0000] {logging_mixin.py:190} INFO - [2025-12-31T21:17:07.931+0000] {dag.py:4180} INFO - Setting next_dagrun for example_branch_datetime_operator to 2025-12-30 00:00:00+00:00, run_after=2025-12-31 00:00:00+00:00
[2025-12-31T21:17:07.938+0000] {logging_mixin.py:190} INFO - [2025-12-31T21:17:07.938+0000] {dag.py:4180} INFO - Setting next_dagrun for example_branch_datetime_operator_2 to 2025-12-30 00:00:00+00:00, run_after=2025-12-31 00:00:00+00:00
[2025-12-31T21:17:07.944+0000] {logging_mixin.py:190} INFO - [2025-12-31T21:17:07.944+0000] {dag.py:4180} INFO - Setting next_dagrun for example_branch_datetime_operator_3 to 2025-12-30 00:00:00+00:00, run_after=2025-12-31 00:00:00+00:00
[2025-12-31T21:17:07.970+0000] {processor.py:208} INFO - Processing /home/airflow/.local/lib/python3.12/site-packages/airflow/example_dags/example_branch_datetime_operator.py took 0.130 seconds
[2025-12-31T21:17:38.559+0000] {processor.py:186} INFO - Started process (PID=768) to work on /home/airflow/.local/lib/python3.12/site-packages/airflow/example_dags/example_branch_datetime_operator.py
[2025-12-31T21:17:38.561+0000] {processor.py:914} INFO - Processing file /home/airflow/.local/lib/python3.12/site-packages/airflow/example_dags/example_branch_datetime_operator.py for tasks to queue
[2025-12-31T21:17:38.564+0000] {logging_mixin.py:190} INFO - [2025-12-31T21:17:38.563+0000] {dagbag.py:588} INFO - Filling up the DagBag from /home/airflow/.local/lib/python3.12/site-packages/airflow/example_dags/example_branch_datetime_operator.py
[2025-12-31T21:17:38.578+0000] {processor.py:925} INFO - DAG(s) 'example_branch_datetime_operator', 'example_branch_datetime_operator_2', 'example_branch_datetime_operator_3' retrieved from /home/airflow/.local/lib/python3.12/site-packages/airflow/example_dags/example_branch_datetime_operator.py
[2025-12-31T21:17:38.607+0000] {logging_mixin.py:190} INFO - [2025-12-31T21:17:38.607+0000] {dag.py:3239} INFO - Sync 3 DAGs
[2025-12-31T21:17:38.637+0000] {logging_mixin.py:190} INFO - [2025-12-31T21:17:38.637+0000] {dag.py:4180} INFO - Setting next_dagrun for example_branch_datetime_operator to 2025-12-30 00:00:00+00:00, run_after=2025-12-31 00:00:00+00:00
[2025-12-31T21:17:38.643+0000] {logging_mixin.py:190} INFO - [2025-12-31T21:17:38.643+0000] {dag.py:4180} INFO - Setting next_dagrun for example_branch_datetime_operator_2 to 2025-12-30 00:00:00+00:00, run_after=2025-12-31 00:00:00+00:00
[2025-12-31T21:17:38.648+0000] {logging_mixin.py:190} INFO - [2025-12-31T21:17:38.648+0000] {dag.py:4180} INFO - Setting next_dagrun for example_branch_datetime_operator_3 to 2025-12-30 00:00:00+00:00, run_after=2025-12-31 00:00:00+00:00
[2025-12-31T21:17:38.670+0000] {processor.py:208} INFO - Processing /home/airflow/.local/lib/python3.12/site-packages/airflow/example_dags/example_branch_datetime_operator.py took 0.118 seconds
[2025-12-31T21:18:08.881+0000] {processor.py:186} INFO - Started process (PID=832) to work on /home/airflow/.local/lib/python3.12/site-packages/airflow/example_dags/example_branch_datetime_operator.py
[2025-12-31T21:18:08.882+0000] {processor.py:914} INFO - Processing file /home/airflow/.local/lib/python3.12/site-packages/airflow/example_dags/example_branch_datetime_operator.py for tasks to queue
[2025-12-31T21:18:08.885+0000] {logging_mixin.py:190} INFO - [2025-12-31T21:18:08.884+0000] {dagbag.py:588} INFO - Filling up the DagBag from /home/airflow/.local/lib/python3.12/site-packages/airflow/example_dags/example_branch_datetime_operator.py
[2025-12-31T21:18:08.899+0000] {processor.py:925} INFO - DAG(s) 'example_branch_datetime_operator_2', 'example_branch_datetime_operator', 'example_branch_datetime_operator_3' retrieved from /home/airflow/.local/lib/python3.12/site-packages/airflow/example_dags/example_branch_datetime_operator.py
[2025-12-31T21:18:08.930+0000] {logging_mixin.py:190} INFO - [2025-12-31T21:18:08.930+0000] {dag.py:3239} INFO - Sync 3 DAGs
[2025-12-31T21:18:08.960+0000] {logging_mixin.py:190} INFO - [2025-12-31T21:18:08.960+0000] {dag.py:4180} INFO - Setting next_dagrun for example_branch_datetime_operator to 2025-12-30 00:00:00+00:00, run_after=2025-12-31 00:00:00+00:00
[2025-12-31T21:18:08.967+0000] {logging_mixin.py:190} INFO - [2025-12-31T21:18:08.966+0000] {dag.py:4180} INFO - Setting next_dagrun for example_branch_datetime_operator_2 to 2025-12-30 00:00:00+00:00, run_after=2025-12-31 00:00:00+00:00
[2025-12-31T21:18:08.970+0000] {logging_mixin.py:190} INFO - [2025-12-31T21:18:08.970+0000] {dag.py:4180} INFO - Setting next_dagrun for example_branch_datetime_operator_3 to 2025-12-30 00:00:00+00:00, run_after=2025-12-31 00:00:00+00:00
[2025-12-31T21:18:08.997+0000] {processor.py:208} INFO - Processing /home/airflow/.local/lib/python3.12/site-packages/airflow/example_dags/example_branch_datetime_operator.py took 0.124 seconds
[2025-12-31T21:18:39.089+0000] {processor.py:186} INFO - Started process (PID=896) to work on /home/airflow/.local/lib/python3.12/site-packages/airflow/example_dags/example_branch_datetime_operator.py
[2025-12-31T21:18:39.090+0000] {processor.py:914} INFO - Processing file /home/airflow/.local/lib/python3.12/site-packages/airflow/example_dags/example_branch_datetime_operator.py for tasks to queue
[2025-12-31T21:18:39.095+0000] {logging_mixin.py:190} INFO - [2025-12-31T21:18:39.095+0000] {dagbag.py:588} INFO - Filling up the DagBag from /home/airflow/.local/lib/python3.12/site-packages/airflow/example_dags/example_branch_datetime_operator.py
[2025-12-31T21:18:39.124+0000] {processor.py:925} INFO - DAG(s) 'example_branch_datetime_operator_2', 'example_branch_datetime_operator_3', 'example_branch_datetime_operator' retrieved from /home/airflow/.local/lib/python3.12/site-packages/airflow/example_dags/example_branch_datetime_operator.py
[2025-12-31T21:18:39.165+0000] {logging_mixin.py:190} INFO - [2025-12-31T21:18:39.165+0000] {dag.py:3239} INFO - Sync 3 DAGs
[2025-12-31T21:18:39.200+0000] {logging_mixin.py:190} INFO - [2025-12-31T21:18:39.200+0000] {dag.py:4180} INFO - Setting next_dagrun for example_branch_datetime_operator to 2025-12-30 00:00:00+00:00, run_after=2025-12-31 00:00:00+00:00
[2025-12-31T21:18:39.207+0000] {logging_mixin.py:190} INFO - [2025-12-31T21:18:39.207+0000] {dag.py:4180} INFO - Setting next_dagrun for example_branch_datetime_operator_2 to 2025-12-30 00:00:00+00:00, run_after=2025-12-31 00:00:00+00:00
[2025-12-31T21:18:39.211+0000] {logging_mixin.py:190} INFO - [2025-12-31T21:18:39.211+0000] {dag.py:4180} INFO - Setting next_dagrun for example_branch_datetime_operator_3 to 2025-12-30 00:00:00+00:00, run_after=2025-12-31 00:00:00+00:00
[2025-12-31T21:18:39.239+0000] {processor.py:208} INFO - Processing /home/airflow/.local/lib/python3.12/site-packages/airflow/example_dags/example_branch_datetime_operator.py took 0.162 seconds
[2025-12-31T21:19:09.423+0000] {processor.py:186} INFO - Started process (PID=958) to work on /home/airflow/.local/lib/python3.12/site-packages/airflow/example_dags/example_branch_datetime_operator.py
[2025-12-31T21:19:09.424+0000] {processor.py:914} INFO - Processing file /home/airflow/.local/lib/python3.12/site-packages/airflow/example_dags/example_branch_datetime_operator.py for tasks to queue
[2025-12-31T21:19:09.427+0000] {logging_mixin.py:190} INFO - [2025-12-31T21:19:09.426+0000] {dagbag.py:588} INFO - Filling up the DagBag from /home/airflow/.local/lib/python3.12/site-packages/airflow/example_dags/example_branch_datetime_operator.py
[2025-12-31T21:19:09.441+0000] {processor.py:925} INFO - DAG(s) 'example_branch_datetime_operator', 'example_branch_datetime_operator_2', 'example_branch_datetime_operator_3' retrieved from /home/airflow/.local/lib/python3.12/site-packages/airflow/example_dags/example_branch_datetime_operator.py
[2025-12-31T21:19:09.470+0000] {logging_mixin.py:190} INFO - [2025-12-31T21:19:09.469+0000] {dag.py:3239} INFO - Sync 3 DAGs
[2025-12-31T21:19:09.498+0000] {logging_mixin.py:190} INFO - [2025-12-31T21:19:09.498+0000] {dag.py:4180} INFO - Setting next_dagrun for example_branch_datetime_operator to 2025-12-30 00:00:00+00:00, run_after=2025-12-31 00:00:00+00:00
[2025-12-31T21:19:09.504+0000] {logging_mixin.py:190} INFO - [2025-12-31T21:19:09.504+0000] {dag.py:4180} INFO - Setting next_dagrun for example_branch_datetime_operator_2 to 2025-12-30 00:00:00+00:00, run_after=2025-12-31 00:00:00+00:00
[2025-12-31T21:19:09.507+0000] {logging_mixin.py:190} INFO - [2025-12-31T21:19:09.507+0000] {dag.py:4180} INFO - Setting next_dagrun for example_branch_datetime_operator_3 to 2025-12-30 00:00:00+00:00, run_after=2025-12-31 00:00:00+00:00
[2025-12-31T21:19:09.528+0000] {processor.py:208} INFO - Processing /home/airflow/.local/lib/python3.12/site-packages/airflow/example_dags/example_branch_datetime_operator.py took 0.111 seconds
[2025-12-31T21:19:39.895+0000] {processor.py:186} INFO - Started process (PID=1021) to work on /home/airflow/.local/lib/python3.12/site-packages/airflow/example_dags/example_branch_datetime_operator.py
[2025-12-31T21:19:39.896+0000] {processor.py:914} INFO - Processing file /home/airflow/.local/lib/python3.12/site-packages/airflow/example_dags/example_branch_datetime_operator.py for tasks to queue
[2025-12-31T21:19:39.899+0000] {logging_mixin.py:190} INFO - [2025-12-31T21:19:39.898+0000] {dagbag.py:588} INFO - Filling up the DagBag from /home/airflow/.local/lib/python3.12/site-packages/airflow/example_dags/example_branch_datetime_operator.py
[2025-12-31T21:19:39.912+0000] {processor.py:925} INFO - DAG(s) 'example_branch_datetime_operator_3', 'example_branch_datetime_operator_2', 'example_branch_datetime_operator' retrieved from /home/airflow/.local/lib/python3.12/site-packages/airflow/example_dags/example_branch_datetime_operator.py
[2025-12-31T21:19:39.940+0000] {logging_mixin.py:190} INFO - [2025-12-31T21:19:39.940+0000] {dag.py:3239} INFO - Sync 3 DAGs
[2025-12-31T21:19:39.969+0000] {logging_mixin.py:190} INFO - [2025-12-31T21:19:39.968+0000] {dag.py:4180} INFO - Setting next_dagrun for example_branch_datetime_operator to 2025-12-30 00:00:00+00:00, run_after=2025-12-31 00:00:00+00:00
[2025-12-31T21:19:39.975+0000] {logging_mixin.py:190} INFO - [2025-12-31T21:19:39.974+0000] {dag.py:4180} INFO - Setting next_dagrun for example_branch_datetime_operator_2 to 2025-12-30 00:00:00+00:00, run_after=2025-12-31 00:00:00+00:00
[2025-12-31T21:19:39.978+0000] {logging_mixin.py:190} INFO - [2025-12-31T21:19:39.977+0000] {dag.py:4180} INFO - Setting next_dagrun for example_branch_datetime_operator_3 to 2025-12-30 00:00:00+00:00, run_after=2025-12-31 00:00:00+00:00
[2025-12-31T21:19:39.997+0000] {processor.py:208} INFO - Processing /home/airflow/.local/lib/python3.12/site-packages/airflow/example_dags/example_branch_datetime_operator.py took 0.109 seconds
[2025-12-31T21:20:10.081+0000] {processor.py:186} INFO - Started process (PID=1084) to work on /home/airflow/.local/lib/python3.12/site-packages/airflow/example_dags/example_branch_datetime_operator.py
[2025-12-31T21:20:10.083+0000] {processor.py:914} INFO - Processing file /home/airflow/.local/lib/python3.12/site-packages/airflow/example_dags/example_branch_datetime_operator.py for tasks to queue
[2025-12-31T21:20:10.085+0000] {logging_mixin.py:190} INFO - [2025-12-31T21:20:10.085+0000] {dagbag.py:588} INFO - Filling up the DagBag from /home/airflow/.local/lib/python3.12/site-packages/airflow/example_dags/example_branch_datetime_operator.py
[2025-12-31T21:20:10.100+0000] {processor.py:925} INFO - DAG(s) 'example_branch_datetime_operator_3', 'example_branch_datetime_operator', 'example_branch_datetime_operator_2' retrieved from /home/airflow/.local/lib/python3.12/site-packages/airflow/example_dags/example_branch_datetime_operator.py
[2025-12-31T21:20:10.132+0000] {logging_mixin.py:190} INFO - [2025-12-31T21:20:10.131+0000] {dag.py:3239} INFO - Sync 3 DAGs
[2025-12-31T21:20:10.171+0000] {logging_mixin.py:190} INFO - [2025-12-31T21:20:10.170+0000] {dag.py:4180} INFO - Setting next_dagrun for example_branch_datetime_operator to 2025-12-30 00:00:00+00:00, run_after=2025-12-31 00:00:00+00:00
[2025-12-31T21:20:10.177+0000] {logging_mixin.py:190} INFO - [2025-12-31T21:20:10.176+0000] {dag.py:4180} INFO - Setting next_dagrun for example_branch_datetime_operator_2 to 2025-12-30 00:00:00+00:00, run_after=2025-12-31 00:00:00+00:00
[2025-12-31T21:20:10.182+0000] {logging_mixin.py:190} INFO - [2025-12-31T21:20:10.181+0000] {dag.py:4180} INFO - Setting next_dagrun for example_branch_datetime_operator_3 to 2025-12-30 00:00:00+00:00, run_after=2025-12-31 00:00:00+00:00
[2025-12-31T21:20:10.209+0000] {processor.py:208} INFO - Processing /home/airflow/.local/lib/python3.12/site-packages/airflow/example_dags/example_branch_datetime_operator.py took 0.136 seconds
[2025-12-31T21:20:40.362+0000] {processor.py:186} INFO - Started process (PID=1147) to work on /home/airflow/.local/lib/python3.12/site-packages/airflow/example_dags/example_branch_datetime_operator.py
[2025-12-31T21:20:40.364+0000] {processor.py:914} INFO - Processing file /home/airflow/.local/lib/python3.12/site-packages/airflow/example_dags/example_branch_datetime_operator.py for tasks to queue
[2025-12-31T21:20:40.366+0000] {logging_mixin.py:190} INFO - [2025-12-31T21:20:40.366+0000] {dagbag.py:588} INFO - Filling up the DagBag from /home/airflow/.local/lib/python3.12/site-packages/airflow/example_dags/example_branch_datetime_operator.py
[2025-12-31T21:20:40.381+0000] {processor.py:925} INFO - DAG(s) 'example_branch_datetime_operator_2', 'example_branch_datetime_operator_3', 'example_branch_datetime_operator' retrieved from /home/airflow/.local/lib/python3.12/site-packages/airflow/example_dags/example_branch_datetime_operator.py
[2025-12-31T21:20:40.410+0000] {logging_mixin.py:190} INFO - [2025-12-31T21:20:40.410+0000] {dag.py:3239} INFO - Sync 3 DAGs
[2025-12-31T21:20:40.439+0000] {logging_mixin.py:190} INFO - [2025-12-31T21:20:40.439+0000] {dag.py:4180} INFO - Setting next_dagrun for example_branch_datetime_operator to 2025-12-30 00:00:00+00:00, run_after=2025-12-31 00:00:00+00:00
[2025-12-31T21:20:40.445+0000] {logging_mixin.py:190} INFO - [2025-12-31T21:20:40.445+0000] {dag.py:4180} INFO - Setting next_dagrun for example_branch_datetime_operator_2 to 2025-12-30 00:00:00+00:00, run_after=2025-12-31 00:00:00+00:00
[2025-12-31T21:20:40.448+0000] {logging_mixin.py:190} INFO - [2025-12-31T21:20:40.448+0000] {dag.py:4180} INFO - Setting next_dagrun for example_branch_datetime_operator_3 to 2025-12-30 00:00:00+00:00, run_after=2025-12-31 00:00:00+00:00
[2025-12-31T21:20:40.472+0000] {processor.py:208} INFO - Processing /home/airflow/.local/lib/python3.12/site-packages/airflow/example_dags/example_branch_datetime_operator.py took 0.116 seconds
[2025-12-31T21:21:10.789+0000] {processor.py:186} INFO - Started process (PID=1210) to work on /home/airflow/.local/lib/python3.12/site-packages/airflow/example_dags/example_branch_datetime_operator.py
[2025-12-31T21:21:10.790+0000] {processor.py:914} INFO - Processing file /home/airflow/.local/lib/python3.12/site-packages/airflow/example_dags/example_branch_datetime_operator.py for tasks to queue
[2025-12-31T21:21:10.793+0000] {logging_mixin.py:190} INFO - [2025-12-31T21:21:10.793+0000] {dagbag.py:588} INFO - Filling up the DagBag from /home/airflow/.local/lib/python3.12/site-packages/airflow/example_dags/example_branch_datetime_operator.py
[2025-12-31T21:21:10.810+0000] {processor.py:925} INFO - DAG(s) 'example_branch_datetime_operator_3', 'example_branch_datetime_operator', 'example_branch_datetime_operator_2' retrieved from /home/airflow/.local/lib/python3.12/site-packages/airflow/example_dags/example_branch_datetime_operator.py
[2025-12-31T21:21:10.841+0000] {logging_mixin.py:190} INFO - [2025-12-31T21:21:10.840+0000] {dag.py:3239} INFO - Sync 3 DAGs
[2025-12-31T21:21:10.870+0000] {logging_mixin.py:190} INFO - [2025-12-31T21:21:10.870+0000] {dag.py:4180} INFO - Setting next_dagrun for example_branch_datetime_operator to 2025-12-30 00:00:00+00:00, run_after=2025-12-31 00:00:00+00:00
[2025-12-31T21:21:10.876+0000] {logging_mixin.py:190} INFO - [2025-12-31T21:21:10.876+0000] {dag.py:4180} INFO - Setting next_dagrun for example_branch_datetime_operator_2 to 2025-12-30 00:00:00+00:00, run_after=2025-12-31 00:00:00+00:00
[2025-12-31T21:21:10.879+0000] {logging_mixin.py:190} INFO - [2025-12-31T21:21:10.879+0000] {dag.py:4180} INFO - Setting next_dagrun for example_branch_datetime_operator_3 to 2025-12-30 00:00:00+00:00, run_after=2025-12-31 00:00:00+00:00
[2025-12-31T21:21:10.902+0000] {processor.py:208} INFO - Processing /home/airflow/.local/lib/python3.12/site-packages/airflow/example_dags/example_branch_datetime_operator.py took 0.121 seconds
