[2025-12-31T21:12:16.622+0000] {processor.py:186} INFO - Started process (PID=120) to work on /home/airflow/.local/lib/python3.12/site-packages/airflow/example_dags/example_skip_dag.py
[2025-12-31T21:12:16.624+0000] {processor.py:914} INFO - Processing file /home/airflow/.local/lib/python3.12/site-packages/airflow/example_dags/example_skip_dag.py for tasks to queue
[2025-12-31T21:12:16.628+0000] {logging_mixin.py:190} INFO - [2025-12-31T21:12:16.628+0000] {dagbag.py:588} INFO - Filling up the DagBag from /home/airflow/.local/lib/python3.12/site-packages/airflow/example_dags/example_skip_dag.py
[2025-12-31T21:12:16.645+0000] {processor.py:925} INFO - DAG(s) 'example_skip_dag' retrieved from /home/airflow/.local/lib/python3.12/site-packages/airflow/example_dags/example_skip_dag.py
[2025-12-31T21:12:16.827+0000] {logging_mixin.py:190} INFO - [2025-12-31T21:12:16.826+0000] {override.py:1912} INFO - Created Permission View: can read on DAG:example_skip_dag
[2025-12-31T21:12:16.878+0000] {logging_mixin.py:190} INFO - [2025-12-31T21:12:16.877+0000] {override.py:1912} INFO - Created Permission View: can delete on DAG:example_skip_dag
[2025-12-31T21:12:16.948+0000] {logging_mixin.py:190} INFO - [2025-12-31T21:12:16.948+0000] {override.py:1912} INFO - Created Permission View: can edit on DAG:example_skip_dag
[2025-12-31T21:12:16.965+0000] {logging_mixin.py:190} INFO - [2025-12-31T21:12:16.964+0000] {override.py:1912} INFO - Created Permission View: can read on DAG Run:example_skip_dag
[2025-12-31T21:12:16.975+0000] {logging_mixin.py:190} INFO - [2025-12-31T21:12:16.975+0000] {override.py:1912} INFO - Created Permission View: can create on DAG Run:example_skip_dag
[2025-12-31T21:12:16.988+0000] {logging_mixin.py:190} INFO - [2025-12-31T21:12:16.987+0000] {override.py:1912} INFO - Created Permission View: can delete on DAG Run:example_skip_dag
[2025-12-31T21:12:17.002+0000] {logging_mixin.py:190} INFO - [2025-12-31T21:12:17.001+0000] {override.py:1912} INFO - Created Permission View: menu access on DAG Run:example_skip_dag
[2025-12-31T21:12:17.003+0000] {logging_mixin.py:190} INFO - [2025-12-31T21:12:17.003+0000] {dag.py:3239} INFO - Sync 1 DAGs
[2025-12-31T21:12:17.037+0000] {logging_mixin.py:190} INFO - [2025-12-31T21:12:17.037+0000] {dag.py:3262} INFO - Creating ORM DAG for example_skip_dag
[2025-12-31T21:12:17.065+0000] {logging_mixin.py:190} INFO - [2025-12-31T21:12:17.065+0000] {dag.py:4180} INFO - Setting next_dagrun for example_skip_dag to 2025-12-30 00:00:00+00:00, run_after=2025-12-31 00:00:00+00:00
[2025-12-31T21:12:17.109+0000] {processor.py:208} INFO - Processing /home/airflow/.local/lib/python3.12/site-packages/airflow/example_dags/example_skip_dag.py took 0.496 seconds
[2025-12-31T21:12:47.262+0000] {processor.py:186} INFO - Started process (PID=189) to work on /home/airflow/.local/lib/python3.12/site-packages/airflow/example_dags/example_skip_dag.py
[2025-12-31T21:12:47.264+0000] {processor.py:914} INFO - Processing file /home/airflow/.local/lib/python3.12/site-packages/airflow/example_dags/example_skip_dag.py for tasks to queue
[2025-12-31T21:12:47.266+0000] {logging_mixin.py:190} INFO - [2025-12-31T21:12:47.266+0000] {dagbag.py:588} INFO - Filling up the DagBag from /home/airflow/.local/lib/python3.12/site-packages/airflow/example_dags/example_skip_dag.py
[2025-12-31T21:12:47.276+0000] {processor.py:925} INFO - DAG(s) 'example_skip_dag' retrieved from /home/airflow/.local/lib/python3.12/site-packages/airflow/example_dags/example_skip_dag.py
[2025-12-31T21:12:47.301+0000] {logging_mixin.py:190} INFO - [2025-12-31T21:12:47.300+0000] {dag.py:3239} INFO - Sync 1 DAGs
[2025-12-31T21:12:47.334+0000] {logging_mixin.py:190} INFO - [2025-12-31T21:12:47.333+0000] {dag.py:4180} INFO - Setting next_dagrun for example_skip_dag to 2025-12-30 00:00:00+00:00, run_after=2025-12-31 00:00:00+00:00
[2025-12-31T21:12:47.365+0000] {processor.py:208} INFO - Processing /home/airflow/.local/lib/python3.12/site-packages/airflow/example_dags/example_skip_dag.py took 0.109 seconds
[2025-12-31T21:13:17.441+0000] {processor.py:186} INFO - Started process (PID=252) to work on /home/airflow/.local/lib/python3.12/site-packages/airflow/example_dags/example_skip_dag.py
[2025-12-31T21:13:17.443+0000] {processor.py:914} INFO - Processing file /home/airflow/.local/lib/python3.12/site-packages/airflow/example_dags/example_skip_dag.py for tasks to queue
[2025-12-31T21:13:17.446+0000] {logging_mixin.py:190} INFO - [2025-12-31T21:13:17.446+0000] {dagbag.py:588} INFO - Filling up the DagBag from /home/airflow/.local/lib/python3.12/site-packages/airflow/example_dags/example_skip_dag.py
[2025-12-31T21:13:17.459+0000] {processor.py:925} INFO - DAG(s) 'example_skip_dag' retrieved from /home/airflow/.local/lib/python3.12/site-packages/airflow/example_dags/example_skip_dag.py
[2025-12-31T21:13:17.486+0000] {logging_mixin.py:190} INFO - [2025-12-31T21:13:17.485+0000] {dag.py:3239} INFO - Sync 1 DAGs
[2025-12-31T21:13:17.512+0000] {logging_mixin.py:190} INFO - [2025-12-31T21:13:17.511+0000] {dag.py:4180} INFO - Setting next_dagrun for example_skip_dag to 2025-12-30 00:00:00+00:00, run_after=2025-12-31 00:00:00+00:00
[2025-12-31T21:13:17.537+0000] {processor.py:208} INFO - Processing /home/airflow/.local/lib/python3.12/site-packages/airflow/example_dags/example_skip_dag.py took 0.105 seconds
[2025-12-31T21:13:47.639+0000] {processor.py:186} INFO - Started process (PID=314) to work on /home/airflow/.local/lib/python3.12/site-packages/airflow/example_dags/example_skip_dag.py
[2025-12-31T21:13:47.640+0000] {processor.py:914} INFO - Processing file /home/airflow/.local/lib/python3.12/site-packages/airflow/example_dags/example_skip_dag.py for tasks to queue
[2025-12-31T21:13:47.643+0000] {logging_mixin.py:190} INFO - [2025-12-31T21:13:47.643+0000] {dagbag.py:588} INFO - Filling up the DagBag from /home/airflow/.local/lib/python3.12/site-packages/airflow/example_dags/example_skip_dag.py
[2025-12-31T21:13:47.654+0000] {processor.py:925} INFO - DAG(s) 'example_skip_dag' retrieved from /home/airflow/.local/lib/python3.12/site-packages/airflow/example_dags/example_skip_dag.py
[2025-12-31T21:13:47.681+0000] {logging_mixin.py:190} INFO - [2025-12-31T21:13:47.680+0000] {dag.py:3239} INFO - Sync 1 DAGs
[2025-12-31T21:13:47.721+0000] {logging_mixin.py:190} INFO - [2025-12-31T21:13:47.721+0000] {dag.py:4180} INFO - Setting next_dagrun for example_skip_dag to 2025-12-30 00:00:00+00:00, run_after=2025-12-31 00:00:00+00:00
[2025-12-31T21:13:47.749+0000] {processor.py:208} INFO - Processing /home/airflow/.local/lib/python3.12/site-packages/airflow/example_dags/example_skip_dag.py took 0.117 seconds
[2025-12-31T21:14:17.833+0000] {processor.py:186} INFO - Started process (PID=376) to work on /home/airflow/.local/lib/python3.12/site-packages/airflow/example_dags/example_skip_dag.py
[2025-12-31T21:14:17.834+0000] {processor.py:914} INFO - Processing file /home/airflow/.local/lib/python3.12/site-packages/airflow/example_dags/example_skip_dag.py for tasks to queue
[2025-12-31T21:14:17.837+0000] {logging_mixin.py:190} INFO - [2025-12-31T21:14:17.837+0000] {dagbag.py:588} INFO - Filling up the DagBag from /home/airflow/.local/lib/python3.12/site-packages/airflow/example_dags/example_skip_dag.py
[2025-12-31T21:14:17.847+0000] {processor.py:925} INFO - DAG(s) 'example_skip_dag' retrieved from /home/airflow/.local/lib/python3.12/site-packages/airflow/example_dags/example_skip_dag.py
[2025-12-31T21:14:17.873+0000] {logging_mixin.py:190} INFO - [2025-12-31T21:14:17.872+0000] {dag.py:3239} INFO - Sync 1 DAGs
[2025-12-31T21:14:17.901+0000] {logging_mixin.py:190} INFO - [2025-12-31T21:14:17.901+0000] {dag.py:4180} INFO - Setting next_dagrun for example_skip_dag to 2025-12-30 00:00:00+00:00, run_after=2025-12-31 00:00:00+00:00
[2025-12-31T21:14:17.929+0000] {processor.py:208} INFO - Processing /home/airflow/.local/lib/python3.12/site-packages/airflow/example_dags/example_skip_dag.py took 0.103 seconds
[2025-12-31T21:14:48.449+0000] {processor.py:186} INFO - Started process (PID=439) to work on /home/airflow/.local/lib/python3.12/site-packages/airflow/example_dags/example_skip_dag.py
[2025-12-31T21:14:48.450+0000] {processor.py:914} INFO - Processing file /home/airflow/.local/lib/python3.12/site-packages/airflow/example_dags/example_skip_dag.py for tasks to queue
[2025-12-31T21:14:48.455+0000] {logging_mixin.py:190} INFO - [2025-12-31T21:14:48.454+0000] {dagbag.py:588} INFO - Filling up the DagBag from /home/airflow/.local/lib/python3.12/site-packages/airflow/example_dags/example_skip_dag.py
[2025-12-31T21:14:48.467+0000] {processor.py:925} INFO - DAG(s) 'example_skip_dag' retrieved from /home/airflow/.local/lib/python3.12/site-packages/airflow/example_dags/example_skip_dag.py
[2025-12-31T21:14:48.495+0000] {logging_mixin.py:190} INFO - [2025-12-31T21:14:48.495+0000] {dag.py:3239} INFO - Sync 1 DAGs
[2025-12-31T21:14:48.525+0000] {logging_mixin.py:190} INFO - [2025-12-31T21:14:48.525+0000] {dag.py:4180} INFO - Setting next_dagrun for example_skip_dag to 2025-12-30 00:00:00+00:00, run_after=2025-12-31 00:00:00+00:00
[2025-12-31T21:14:48.550+0000] {processor.py:208} INFO - Processing /home/airflow/.local/lib/python3.12/site-packages/airflow/example_dags/example_skip_dag.py took 0.110 seconds
[2025-12-31T21:15:19.153+0000] {processor.py:186} INFO - Started process (PID=501) to work on /home/airflow/.local/lib/python3.12/site-packages/airflow/example_dags/example_skip_dag.py
[2025-12-31T21:15:19.155+0000] {processor.py:914} INFO - Processing file /home/airflow/.local/lib/python3.12/site-packages/airflow/example_dags/example_skip_dag.py for tasks to queue
[2025-12-31T21:15:19.158+0000] {logging_mixin.py:190} INFO - [2025-12-31T21:15:19.157+0000] {dagbag.py:588} INFO - Filling up the DagBag from /home/airflow/.local/lib/python3.12/site-packages/airflow/example_dags/example_skip_dag.py
[2025-12-31T21:15:19.168+0000] {processor.py:925} INFO - DAG(s) 'example_skip_dag' retrieved from /home/airflow/.local/lib/python3.12/site-packages/airflow/example_dags/example_skip_dag.py
[2025-12-31T21:15:19.194+0000] {logging_mixin.py:190} INFO - [2025-12-31T21:15:19.194+0000] {dag.py:3239} INFO - Sync 1 DAGs
[2025-12-31T21:15:19.221+0000] {logging_mixin.py:190} INFO - [2025-12-31T21:15:19.221+0000] {dag.py:4180} INFO - Setting next_dagrun for example_skip_dag to 2025-12-30 00:00:00+00:00, run_after=2025-12-31 00:00:00+00:00
[2025-12-31T21:15:19.251+0000] {processor.py:208} INFO - Processing /home/airflow/.local/lib/python3.12/site-packages/airflow/example_dags/example_skip_dag.py took 0.105 seconds
[2025-12-31T21:15:49.757+0000] {processor.py:186} INFO - Started process (PID=565) to work on /home/airflow/.local/lib/python3.12/site-packages/airflow/example_dags/example_skip_dag.py
[2025-12-31T21:15:49.758+0000] {processor.py:914} INFO - Processing file /home/airflow/.local/lib/python3.12/site-packages/airflow/example_dags/example_skip_dag.py for tasks to queue
[2025-12-31T21:15:49.761+0000] {logging_mixin.py:190} INFO - [2025-12-31T21:15:49.761+0000] {dagbag.py:588} INFO - Filling up the DagBag from /home/airflow/.local/lib/python3.12/site-packages/airflow/example_dags/example_skip_dag.py
[2025-12-31T21:15:49.773+0000] {processor.py:925} INFO - DAG(s) 'example_skip_dag' retrieved from /home/airflow/.local/lib/python3.12/site-packages/airflow/example_dags/example_skip_dag.py
[2025-12-31T21:15:49.808+0000] {logging_mixin.py:190} INFO - [2025-12-31T21:15:49.807+0000] {dag.py:3239} INFO - Sync 1 DAGs
[2025-12-31T21:15:49.860+0000] {logging_mixin.py:190} INFO - [2025-12-31T21:15:49.859+0000] {dag.py:4180} INFO - Setting next_dagrun for example_skip_dag to 2025-12-30 00:00:00+00:00, run_after=2025-12-31 00:00:00+00:00
[2025-12-31T21:15:49.949+0000] {processor.py:208} INFO - Processing /home/airflow/.local/lib/python3.12/site-packages/airflow/example_dags/example_skip_dag.py took 0.201 seconds
[2025-12-31T21:16:20.213+0000] {processor.py:186} INFO - Started process (PID=628) to work on /home/airflow/.local/lib/python3.12/site-packages/airflow/example_dags/example_skip_dag.py
[2025-12-31T21:16:20.214+0000] {processor.py:914} INFO - Processing file /home/airflow/.local/lib/python3.12/site-packages/airflow/example_dags/example_skip_dag.py for tasks to queue
[2025-12-31T21:16:20.217+0000] {logging_mixin.py:190} INFO - [2025-12-31T21:16:20.217+0000] {dagbag.py:588} INFO - Filling up the DagBag from /home/airflow/.local/lib/python3.12/site-packages/airflow/example_dags/example_skip_dag.py
[2025-12-31T21:16:20.228+0000] {processor.py:925} INFO - DAG(s) 'example_skip_dag' retrieved from /home/airflow/.local/lib/python3.12/site-packages/airflow/example_dags/example_skip_dag.py
[2025-12-31T21:16:20.251+0000] {logging_mixin.py:190} INFO - [2025-12-31T21:16:20.251+0000] {dag.py:3239} INFO - Sync 1 DAGs
[2025-12-31T21:16:20.275+0000] {logging_mixin.py:190} INFO - [2025-12-31T21:16:20.275+0000] {dag.py:4180} INFO - Setting next_dagrun for example_skip_dag to 2025-12-30 00:00:00+00:00, run_after=2025-12-31 00:00:00+00:00
[2025-12-31T21:16:20.300+0000] {processor.py:208} INFO - Processing /home/airflow/.local/lib/python3.12/site-packages/airflow/example_dags/example_skip_dag.py took 0.094 seconds
[2025-12-31T21:16:50.888+0000] {processor.py:186} INFO - Started process (PID=690) to work on /home/airflow/.local/lib/python3.12/site-packages/airflow/example_dags/example_skip_dag.py
[2025-12-31T21:16:50.890+0000] {processor.py:914} INFO - Processing file /home/airflow/.local/lib/python3.12/site-packages/airflow/example_dags/example_skip_dag.py for tasks to queue
[2025-12-31T21:16:50.893+0000] {logging_mixin.py:190} INFO - [2025-12-31T21:16:50.892+0000] {dagbag.py:588} INFO - Filling up the DagBag from /home/airflow/.local/lib/python3.12/site-packages/airflow/example_dags/example_skip_dag.py
[2025-12-31T21:16:50.904+0000] {processor.py:925} INFO - DAG(s) 'example_skip_dag' retrieved from /home/airflow/.local/lib/python3.12/site-packages/airflow/example_dags/example_skip_dag.py
[2025-12-31T21:16:50.928+0000] {logging_mixin.py:190} INFO - [2025-12-31T21:16:50.927+0000] {dag.py:3239} INFO - Sync 1 DAGs
[2025-12-31T21:16:50.954+0000] {logging_mixin.py:190} INFO - [2025-12-31T21:16:50.954+0000] {dag.py:4180} INFO - Setting next_dagrun for example_skip_dag to 2025-12-30 00:00:00+00:00, run_after=2025-12-31 00:00:00+00:00
[2025-12-31T21:16:50.983+0000] {processor.py:208} INFO - Processing /home/airflow/.local/lib/python3.12/site-packages/airflow/example_dags/example_skip_dag.py took 0.102 seconds
[2025-12-31T21:17:21.180+0000] {processor.py:186} INFO - Started process (PID=753) to work on /home/airflow/.local/lib/python3.12/site-packages/airflow/example_dags/example_skip_dag.py
[2025-12-31T21:17:21.182+0000] {processor.py:914} INFO - Processing file /home/airflow/.local/lib/python3.12/site-packages/airflow/example_dags/example_skip_dag.py for tasks to queue
[2025-12-31T21:17:21.186+0000] {logging_mixin.py:190} INFO - [2025-12-31T21:17:21.186+0000] {dagbag.py:588} INFO - Filling up the DagBag from /home/airflow/.local/lib/python3.12/site-packages/airflow/example_dags/example_skip_dag.py
[2025-12-31T21:17:21.204+0000] {processor.py:925} INFO - DAG(s) 'example_skip_dag' retrieved from /home/airflow/.local/lib/python3.12/site-packages/airflow/example_dags/example_skip_dag.py
[2025-12-31T21:17:21.237+0000] {logging_mixin.py:190} INFO - [2025-12-31T21:17:21.237+0000] {dag.py:3239} INFO - Sync 1 DAGs
[2025-12-31T21:17:21.282+0000] {logging_mixin.py:190} INFO - [2025-12-31T21:17:21.281+0000] {dag.py:4180} INFO - Setting next_dagrun for example_skip_dag to 2025-12-30 00:00:00+00:00, run_after=2025-12-31 00:00:00+00:00
[2025-12-31T21:17:21.307+0000] {processor.py:208} INFO - Processing /home/airflow/.local/lib/python3.12/site-packages/airflow/example_dags/example_skip_dag.py took 0.138 seconds
[2025-12-31T21:17:51.580+0000] {processor.py:186} INFO - Started process (PID=817) to work on /home/airflow/.local/lib/python3.12/site-packages/airflow/example_dags/example_skip_dag.py
[2025-12-31T21:17:51.581+0000] {processor.py:914} INFO - Processing file /home/airflow/.local/lib/python3.12/site-packages/airflow/example_dags/example_skip_dag.py for tasks to queue
[2025-12-31T21:17:51.584+0000] {logging_mixin.py:190} INFO - [2025-12-31T21:17:51.584+0000] {dagbag.py:588} INFO - Filling up the DagBag from /home/airflow/.local/lib/python3.12/site-packages/airflow/example_dags/example_skip_dag.py
[2025-12-31T21:17:51.595+0000] {processor.py:925} INFO - DAG(s) 'example_skip_dag' retrieved from /home/airflow/.local/lib/python3.12/site-packages/airflow/example_dags/example_skip_dag.py
[2025-12-31T21:17:51.619+0000] {logging_mixin.py:190} INFO - [2025-12-31T21:17:51.619+0000] {dag.py:3239} INFO - Sync 1 DAGs
[2025-12-31T21:17:51.647+0000] {logging_mixin.py:190} INFO - [2025-12-31T21:17:51.647+0000] {dag.py:4180} INFO - Setting next_dagrun for example_skip_dag to 2025-12-30 00:00:00+00:00, run_after=2025-12-31 00:00:00+00:00
[2025-12-31T21:17:51.670+0000] {processor.py:208} INFO - Processing /home/airflow/.local/lib/python3.12/site-packages/airflow/example_dags/example_skip_dag.py took 0.098 seconds
[2025-12-31T21:18:22.106+0000] {processor.py:186} INFO - Started process (PID=880) to work on /home/airflow/.local/lib/python3.12/site-packages/airflow/example_dags/example_skip_dag.py
[2025-12-31T21:18:22.107+0000] {processor.py:914} INFO - Processing file /home/airflow/.local/lib/python3.12/site-packages/airflow/example_dags/example_skip_dag.py for tasks to queue
[2025-12-31T21:18:22.110+0000] {logging_mixin.py:190} INFO - [2025-12-31T21:18:22.109+0000] {dagbag.py:588} INFO - Filling up the DagBag from /home/airflow/.local/lib/python3.12/site-packages/airflow/example_dags/example_skip_dag.py
[2025-12-31T21:18:22.120+0000] {processor.py:925} INFO - DAG(s) 'example_skip_dag' retrieved from /home/airflow/.local/lib/python3.12/site-packages/airflow/example_dags/example_skip_dag.py
[2025-12-31T21:18:22.144+0000] {logging_mixin.py:190} INFO - [2025-12-31T21:18:22.143+0000] {dag.py:3239} INFO - Sync 1 DAGs
[2025-12-31T21:18:22.173+0000] {logging_mixin.py:190} INFO - [2025-12-31T21:18:22.172+0000] {dag.py:4180} INFO - Setting next_dagrun for example_skip_dag to 2025-12-30 00:00:00+00:00, run_after=2025-12-31 00:00:00+00:00
[2025-12-31T21:18:22.195+0000] {processor.py:208} INFO - Processing /home/airflow/.local/lib/python3.12/site-packages/airflow/example_dags/example_skip_dag.py took 0.096 seconds
[2025-12-31T21:18:53.222+0000] {processor.py:186} INFO - Started process (PID=943) to work on /home/airflow/.local/lib/python3.12/site-packages/airflow/example_dags/example_skip_dag.py
[2025-12-31T21:18:53.223+0000] {processor.py:914} INFO - Processing file /home/airflow/.local/lib/python3.12/site-packages/airflow/example_dags/example_skip_dag.py for tasks to queue
[2025-12-31T21:18:53.226+0000] {logging_mixin.py:190} INFO - [2025-12-31T21:18:53.226+0000] {dagbag.py:588} INFO - Filling up the DagBag from /home/airflow/.local/lib/python3.12/site-packages/airflow/example_dags/example_skip_dag.py
[2025-12-31T21:18:53.236+0000] {processor.py:925} INFO - DAG(s) 'example_skip_dag' retrieved from /home/airflow/.local/lib/python3.12/site-packages/airflow/example_dags/example_skip_dag.py
[2025-12-31T21:18:53.282+0000] {logging_mixin.py:190} INFO - [2025-12-31T21:18:53.281+0000] {dag.py:3239} INFO - Sync 1 DAGs
[2025-12-31T21:18:53.319+0000] {logging_mixin.py:190} INFO - [2025-12-31T21:18:53.319+0000] {dag.py:4180} INFO - Setting next_dagrun for example_skip_dag to 2025-12-30 00:00:00+00:00, run_after=2025-12-31 00:00:00+00:00
[2025-12-31T21:18:53.348+0000] {processor.py:208} INFO - Processing /home/airflow/.local/lib/python3.12/site-packages/airflow/example_dags/example_skip_dag.py took 0.133 seconds
[2025-12-31T21:19:23.504+0000] {processor.py:186} INFO - Started process (PID=1006) to work on /home/airflow/.local/lib/python3.12/site-packages/airflow/example_dags/example_skip_dag.py
[2025-12-31T21:19:23.505+0000] {processor.py:914} INFO - Processing file /home/airflow/.local/lib/python3.12/site-packages/airflow/example_dags/example_skip_dag.py for tasks to queue
[2025-12-31T21:19:23.508+0000] {logging_mixin.py:190} INFO - [2025-12-31T21:19:23.508+0000] {dagbag.py:588} INFO - Filling up the DagBag from /home/airflow/.local/lib/python3.12/site-packages/airflow/example_dags/example_skip_dag.py
[2025-12-31T21:19:23.519+0000] {processor.py:925} INFO - DAG(s) 'example_skip_dag' retrieved from /home/airflow/.local/lib/python3.12/site-packages/airflow/example_dags/example_skip_dag.py
[2025-12-31T21:19:23.544+0000] {logging_mixin.py:190} INFO - [2025-12-31T21:19:23.544+0000] {dag.py:3239} INFO - Sync 1 DAGs
[2025-12-31T21:19:23.572+0000] {logging_mixin.py:190} INFO - [2025-12-31T21:19:23.572+0000] {dag.py:4180} INFO - Setting next_dagrun for example_skip_dag to 2025-12-30 00:00:00+00:00, run_after=2025-12-31 00:00:00+00:00
[2025-12-31T21:19:23.601+0000] {processor.py:208} INFO - Processing /home/airflow/.local/lib/python3.12/site-packages/airflow/example_dags/example_skip_dag.py took 0.104 seconds
[2025-12-31T21:19:53.975+0000] {processor.py:186} INFO - Started process (PID=1069) to work on /home/airflow/.local/lib/python3.12/site-packages/airflow/example_dags/example_skip_dag.py
[2025-12-31T21:19:53.977+0000] {processor.py:914} INFO - Processing file /home/airflow/.local/lib/python3.12/site-packages/airflow/example_dags/example_skip_dag.py for tasks to queue
[2025-12-31T21:19:53.981+0000] {logging_mixin.py:190} INFO - [2025-12-31T21:19:53.980+0000] {dagbag.py:588} INFO - Filling up the DagBag from /home/airflow/.local/lib/python3.12/site-packages/airflow/example_dags/example_skip_dag.py
[2025-12-31T21:19:53.995+0000] {processor.py:925} INFO - DAG(s) 'example_skip_dag' retrieved from /home/airflow/.local/lib/python3.12/site-packages/airflow/example_dags/example_skip_dag.py
[2025-12-31T21:19:54.032+0000] {logging_mixin.py:190} INFO - [2025-12-31T21:19:54.032+0000] {dag.py:3239} INFO - Sync 1 DAGs
[2025-12-31T21:19:54.069+0000] {logging_mixin.py:190} INFO - [2025-12-31T21:19:54.069+0000] {dag.py:4180} INFO - Setting next_dagrun for example_skip_dag to 2025-12-30 00:00:00+00:00, run_after=2025-12-31 00:00:00+00:00
[2025-12-31T21:19:54.095+0000] {processor.py:208} INFO - Processing /home/airflow/.local/lib/python3.12/site-packages/airflow/example_dags/example_skip_dag.py took 0.131 seconds
[2025-12-31T21:20:24.739+0000] {processor.py:186} INFO - Started process (PID=1132) to work on /home/airflow/.local/lib/python3.12/site-packages/airflow/example_dags/example_skip_dag.py
[2025-12-31T21:20:24.740+0000] {processor.py:914} INFO - Processing file /home/airflow/.local/lib/python3.12/site-packages/airflow/example_dags/example_skip_dag.py for tasks to queue
[2025-12-31T21:20:24.744+0000] {logging_mixin.py:190} INFO - [2025-12-31T21:20:24.744+0000] {dagbag.py:588} INFO - Filling up the DagBag from /home/airflow/.local/lib/python3.12/site-packages/airflow/example_dags/example_skip_dag.py
[2025-12-31T21:20:24.754+0000] {processor.py:925} INFO - DAG(s) 'example_skip_dag' retrieved from /home/airflow/.local/lib/python3.12/site-packages/airflow/example_dags/example_skip_dag.py
[2025-12-31T21:20:24.780+0000] {logging_mixin.py:190} INFO - [2025-12-31T21:20:24.779+0000] {dag.py:3239} INFO - Sync 1 DAGs
[2025-12-31T21:20:24.809+0000] {logging_mixin.py:190} INFO - [2025-12-31T21:20:24.809+0000] {dag.py:4180} INFO - Setting next_dagrun for example_skip_dag to 2025-12-30 00:00:00+00:00, run_after=2025-12-31 00:00:00+00:00
[2025-12-31T21:20:24.832+0000] {processor.py:208} INFO - Processing /home/airflow/.local/lib/python3.12/site-packages/airflow/example_dags/example_skip_dag.py took 0.101 seconds
[2025-12-31T21:20:55.424+0000] {processor.py:186} INFO - Started process (PID=1195) to work on /home/airflow/.local/lib/python3.12/site-packages/airflow/example_dags/example_skip_dag.py
[2025-12-31T21:20:55.425+0000] {processor.py:914} INFO - Processing file /home/airflow/.local/lib/python3.12/site-packages/airflow/example_dags/example_skip_dag.py for tasks to queue
[2025-12-31T21:20:55.428+0000] {logging_mixin.py:190} INFO - [2025-12-31T21:20:55.428+0000] {dagbag.py:588} INFO - Filling up the DagBag from /home/airflow/.local/lib/python3.12/site-packages/airflow/example_dags/example_skip_dag.py
[2025-12-31T21:20:55.438+0000] {processor.py:925} INFO - DAG(s) 'example_skip_dag' retrieved from /home/airflow/.local/lib/python3.12/site-packages/airflow/example_dags/example_skip_dag.py
[2025-12-31T21:20:55.462+0000] {logging_mixin.py:190} INFO - [2025-12-31T21:20:55.461+0000] {dag.py:3239} INFO - Sync 1 DAGs
[2025-12-31T21:20:55.490+0000] {logging_mixin.py:190} INFO - [2025-12-31T21:20:55.490+0000] {dag.py:4180} INFO - Setting next_dagrun for example_skip_dag to 2025-12-30 00:00:00+00:00, run_after=2025-12-31 00:00:00+00:00
[2025-12-31T21:20:55.515+0000] {processor.py:208} INFO - Processing /home/airflow/.local/lib/python3.12/site-packages/airflow/example_dags/example_skip_dag.py took 0.097 seconds
[2025-12-31T21:21:26.267+0000] {processor.py:186} INFO - Started process (PID=1259) to work on /home/airflow/.local/lib/python3.12/site-packages/airflow/example_dags/example_skip_dag.py
[2025-12-31T21:21:26.268+0000] {processor.py:914} INFO - Processing file /home/airflow/.local/lib/python3.12/site-packages/airflow/example_dags/example_skip_dag.py for tasks to queue
[2025-12-31T21:21:26.271+0000] {logging_mixin.py:190} INFO - [2025-12-31T21:21:26.270+0000] {dagbag.py:588} INFO - Filling up the DagBag from /home/airflow/.local/lib/python3.12/site-packages/airflow/example_dags/example_skip_dag.py
[2025-12-31T21:21:26.280+0000] {processor.py:925} INFO - DAG(s) 'example_skip_dag' retrieved from /home/airflow/.local/lib/python3.12/site-packages/airflow/example_dags/example_skip_dag.py
[2025-12-31T21:21:26.307+0000] {logging_mixin.py:190} INFO - [2025-12-31T21:21:26.307+0000] {dag.py:3239} INFO - Sync 1 DAGs
[2025-12-31T21:21:26.332+0000] {logging_mixin.py:190} INFO - [2025-12-31T21:21:26.332+0000] {dag.py:4180} INFO - Setting next_dagrun for example_skip_dag to 2025-12-30 00:00:00+00:00, run_after=2025-12-31 00:00:00+00:00
[2025-12-31T21:21:26.362+0000] {processor.py:208} INFO - Processing /home/airflow/.local/lib/python3.12/site-packages/airflow/example_dags/example_skip_dag.py took 0.101 seconds
