[2025-12-31T21:12:12.766+0000] {processor.py:186} INFO - Started process (PID=110) to work on /home/airflow/.local/lib/python3.12/site-packages/airflow/example_dags/example_setup_teardown_taskflow.py
[2025-12-31T21:12:12.768+0000] {processor.py:914} INFO - Processing file /home/airflow/.local/lib/python3.12/site-packages/airflow/example_dags/example_setup_teardown_taskflow.py for tasks to queue
[2025-12-31T21:12:12.772+0000] {logging_mixin.py:190} INFO - [2025-12-31T21:12:12.771+0000] {dagbag.py:588} INFO - Filling up the DagBag from /home/airflow/.local/lib/python3.12/site-packages/airflow/example_dags/example_setup_teardown_taskflow.py
[2025-12-31T21:12:12.790+0000] {processor.py:925} INFO - DAG(s) 'example_setup_teardown_taskflow' retrieved from /home/airflow/.local/lib/python3.12/site-packages/airflow/example_dags/example_setup_teardown_taskflow.py
[2025-12-31T21:12:12.959+0000] {logging_mixin.py:190} INFO - [2025-12-31T21:12:12.958+0000] {override.py:1912} INFO - Created Permission View: can read on DAG:example_setup_teardown_taskflow
[2025-12-31T21:12:12.975+0000] {logging_mixin.py:190} INFO - [2025-12-31T21:12:12.974+0000] {override.py:1912} INFO - Created Permission View: can delete on DAG:example_setup_teardown_taskflow
[2025-12-31T21:12:12.984+0000] {logging_mixin.py:190} INFO - [2025-12-31T21:12:12.984+0000] {override.py:1912} INFO - Created Permission View: can edit on DAG:example_setup_teardown_taskflow
[2025-12-31T21:12:12.995+0000] {logging_mixin.py:190} INFO - [2025-12-31T21:12:12.995+0000] {override.py:1912} INFO - Created Permission View: can read on DAG Run:example_setup_teardown_taskflow
[2025-12-31T21:12:13.007+0000] {logging_mixin.py:190} INFO - [2025-12-31T21:12:13.006+0000] {override.py:1912} INFO - Created Permission View: can create on DAG Run:example_setup_teardown_taskflow
[2025-12-31T21:12:13.019+0000] {logging_mixin.py:190} INFO - [2025-12-31T21:12:13.019+0000] {override.py:1912} INFO - Created Permission View: can delete on DAG Run:example_setup_teardown_taskflow
[2025-12-31T21:12:13.034+0000] {logging_mixin.py:190} INFO - [2025-12-31T21:12:13.033+0000] {override.py:1912} INFO - Created Permission View: menu access on DAG Run:example_setup_teardown_taskflow
[2025-12-31T21:12:13.035+0000] {logging_mixin.py:190} INFO - [2025-12-31T21:12:13.035+0000] {dag.py:3239} INFO - Sync 1 DAGs
[2025-12-31T21:12:13.053+0000] {logging_mixin.py:190} INFO - [2025-12-31T21:12:13.052+0000] {dag.py:3262} INFO - Creating ORM DAG for example_setup_teardown_taskflow
[2025-12-31T21:12:13.054+0000] {logging_mixin.py:190} INFO - [2025-12-31T21:12:13.054+0000] {dag.py:4180} INFO - Setting next_dagrun for example_setup_teardown_taskflow to None, run_after=None
[2025-12-31T21:12:13.077+0000] {processor.py:208} INFO - Processing /home/airflow/.local/lib/python3.12/site-packages/airflow/example_dags/example_setup_teardown_taskflow.py took 0.320 seconds
[2025-12-31T21:12:43.308+0000] {processor.py:186} INFO - Started process (PID=172) to work on /home/airflow/.local/lib/python3.12/site-packages/airflow/example_dags/example_setup_teardown_taskflow.py
[2025-12-31T21:12:43.310+0000] {processor.py:914} INFO - Processing file /home/airflow/.local/lib/python3.12/site-packages/airflow/example_dags/example_setup_teardown_taskflow.py for tasks to queue
[2025-12-31T21:12:43.313+0000] {logging_mixin.py:190} INFO - [2025-12-31T21:12:43.312+0000] {dagbag.py:588} INFO - Filling up the DagBag from /home/airflow/.local/lib/python3.12/site-packages/airflow/example_dags/example_setup_teardown_taskflow.py
[2025-12-31T21:12:43.326+0000] {processor.py:925} INFO - DAG(s) 'example_setup_teardown_taskflow' retrieved from /home/airflow/.local/lib/python3.12/site-packages/airflow/example_dags/example_setup_teardown_taskflow.py
[2025-12-31T21:12:43.351+0000] {logging_mixin.py:190} INFO - [2025-12-31T21:12:43.351+0000] {dag.py:3239} INFO - Sync 1 DAGs
[2025-12-31T21:12:43.368+0000] {logging_mixin.py:190} INFO - [2025-12-31T21:12:43.368+0000] {dag.py:4180} INFO - Setting next_dagrun for example_setup_teardown_taskflow to None, run_after=None
[2025-12-31T21:12:43.398+0000] {processor.py:208} INFO - Processing /home/airflow/.local/lib/python3.12/site-packages/airflow/example_dags/example_setup_teardown_taskflow.py took 0.097 seconds
[2025-12-31T21:13:14.443+0000] {processor.py:186} INFO - Started process (PID=235) to work on /home/airflow/.local/lib/python3.12/site-packages/airflow/example_dags/example_setup_teardown_taskflow.py
[2025-12-31T21:13:14.444+0000] {processor.py:914} INFO - Processing file /home/airflow/.local/lib/python3.12/site-packages/airflow/example_dags/example_setup_teardown_taskflow.py for tasks to queue
[2025-12-31T21:13:14.447+0000] {logging_mixin.py:190} INFO - [2025-12-31T21:13:14.447+0000] {dagbag.py:588} INFO - Filling up the DagBag from /home/airflow/.local/lib/python3.12/site-packages/airflow/example_dags/example_setup_teardown_taskflow.py
[2025-12-31T21:13:14.459+0000] {processor.py:925} INFO - DAG(s) 'example_setup_teardown_taskflow' retrieved from /home/airflow/.local/lib/python3.12/site-packages/airflow/example_dags/example_setup_teardown_taskflow.py
[2025-12-31T21:13:14.483+0000] {logging_mixin.py:190} INFO - [2025-12-31T21:13:14.483+0000] {dag.py:3239} INFO - Sync 1 DAGs
[2025-12-31T21:13:14.499+0000] {logging_mixin.py:190} INFO - [2025-12-31T21:13:14.499+0000] {dag.py:4180} INFO - Setting next_dagrun for example_setup_teardown_taskflow to None, run_after=None
[2025-12-31T21:13:14.524+0000] {processor.py:208} INFO - Processing /home/airflow/.local/lib/python3.12/site-packages/airflow/example_dags/example_setup_teardown_taskflow.py took 0.088 seconds
[2025-12-31T21:13:44.650+0000] {processor.py:186} INFO - Started process (PID=298) to work on /home/airflow/.local/lib/python3.12/site-packages/airflow/example_dags/example_setup_teardown_taskflow.py
[2025-12-31T21:13:44.652+0000] {processor.py:914} INFO - Processing file /home/airflow/.local/lib/python3.12/site-packages/airflow/example_dags/example_setup_teardown_taskflow.py for tasks to queue
[2025-12-31T21:13:44.656+0000] {logging_mixin.py:190} INFO - [2025-12-31T21:13:44.656+0000] {dagbag.py:588} INFO - Filling up the DagBag from /home/airflow/.local/lib/python3.12/site-packages/airflow/example_dags/example_setup_teardown_taskflow.py
[2025-12-31T21:13:44.672+0000] {processor.py:925} INFO - DAG(s) 'example_setup_teardown_taskflow' retrieved from /home/airflow/.local/lib/python3.12/site-packages/airflow/example_dags/example_setup_teardown_taskflow.py
[2025-12-31T21:13:44.707+0000] {logging_mixin.py:190} INFO - [2025-12-31T21:13:44.707+0000] {dag.py:3239} INFO - Sync 1 DAGs
[2025-12-31T21:13:44.729+0000] {logging_mixin.py:190} INFO - [2025-12-31T21:13:44.729+0000] {dag.py:4180} INFO - Setting next_dagrun for example_setup_teardown_taskflow to None, run_after=None
[2025-12-31T21:13:44.758+0000] {processor.py:208} INFO - Processing /home/airflow/.local/lib/python3.12/site-packages/airflow/example_dags/example_setup_teardown_taskflow.py took 0.120 seconds
[2025-12-31T21:14:15.276+0000] {processor.py:186} INFO - Started process (PID=361) to work on /home/airflow/.local/lib/python3.12/site-packages/airflow/example_dags/example_setup_teardown_taskflow.py
[2025-12-31T21:14:15.278+0000] {processor.py:914} INFO - Processing file /home/airflow/.local/lib/python3.12/site-packages/airflow/example_dags/example_setup_teardown_taskflow.py for tasks to queue
[2025-12-31T21:14:15.281+0000] {logging_mixin.py:190} INFO - [2025-12-31T21:14:15.280+0000] {dagbag.py:588} INFO - Filling up the DagBag from /home/airflow/.local/lib/python3.12/site-packages/airflow/example_dags/example_setup_teardown_taskflow.py
[2025-12-31T21:14:15.294+0000] {processor.py:925} INFO - DAG(s) 'example_setup_teardown_taskflow' retrieved from /home/airflow/.local/lib/python3.12/site-packages/airflow/example_dags/example_setup_teardown_taskflow.py
[2025-12-31T21:14:15.318+0000] {logging_mixin.py:190} INFO - [2025-12-31T21:14:15.318+0000] {dag.py:3239} INFO - Sync 1 DAGs
[2025-12-31T21:14:15.339+0000] {logging_mixin.py:190} INFO - [2025-12-31T21:14:15.338+0000] {dag.py:4180} INFO - Setting next_dagrun for example_setup_teardown_taskflow to None, run_after=None
[2025-12-31T21:14:15.368+0000] {processor.py:208} INFO - Processing /home/airflow/.local/lib/python3.12/site-packages/airflow/example_dags/example_setup_teardown_taskflow.py took 0.099 seconds
[2025-12-31T21:14:45.518+0000] {processor.py:186} INFO - Started process (PID=423) to work on /home/airflow/.local/lib/python3.12/site-packages/airflow/example_dags/example_setup_teardown_taskflow.py
[2025-12-31T21:14:45.520+0000] {processor.py:914} INFO - Processing file /home/airflow/.local/lib/python3.12/site-packages/airflow/example_dags/example_setup_teardown_taskflow.py for tasks to queue
[2025-12-31T21:14:45.523+0000] {logging_mixin.py:190} INFO - [2025-12-31T21:14:45.523+0000] {dagbag.py:588} INFO - Filling up the DagBag from /home/airflow/.local/lib/python3.12/site-packages/airflow/example_dags/example_setup_teardown_taskflow.py
[2025-12-31T21:14:45.546+0000] {processor.py:925} INFO - DAG(s) 'example_setup_teardown_taskflow' retrieved from /home/airflow/.local/lib/python3.12/site-packages/airflow/example_dags/example_setup_teardown_taskflow.py
[2025-12-31T21:14:45.580+0000] {logging_mixin.py:190} INFO - [2025-12-31T21:14:45.580+0000] {dag.py:3239} INFO - Sync 1 DAGs
[2025-12-31T21:14:45.602+0000] {logging_mixin.py:190} INFO - [2025-12-31T21:14:45.602+0000] {dag.py:4180} INFO - Setting next_dagrun for example_setup_teardown_taskflow to None, run_after=None
[2025-12-31T21:14:45.636+0000] {processor.py:208} INFO - Processing /home/airflow/.local/lib/python3.12/site-packages/airflow/example_dags/example_setup_teardown_taskflow.py took 0.130 seconds
[2025-12-31T21:15:15.694+0000] {processor.py:186} INFO - Started process (PID=486) to work on /home/airflow/.local/lib/python3.12/site-packages/airflow/example_dags/example_setup_teardown_taskflow.py
[2025-12-31T21:15:15.695+0000] {processor.py:914} INFO - Processing file /home/airflow/.local/lib/python3.12/site-packages/airflow/example_dags/example_setup_teardown_taskflow.py for tasks to queue
[2025-12-31T21:15:15.699+0000] {logging_mixin.py:190} INFO - [2025-12-31T21:15:15.698+0000] {dagbag.py:588} INFO - Filling up the DagBag from /home/airflow/.local/lib/python3.12/site-packages/airflow/example_dags/example_setup_teardown_taskflow.py
[2025-12-31T21:15:15.714+0000] {processor.py:925} INFO - DAG(s) 'example_setup_teardown_taskflow' retrieved from /home/airflow/.local/lib/python3.12/site-packages/airflow/example_dags/example_setup_teardown_taskflow.py
[2025-12-31T21:15:15.737+0000] {logging_mixin.py:190} INFO - [2025-12-31T21:15:15.737+0000] {dag.py:3239} INFO - Sync 1 DAGs
[2025-12-31T21:15:15.753+0000] {logging_mixin.py:190} INFO - [2025-12-31T21:15:15.753+0000] {dag.py:4180} INFO - Setting next_dagrun for example_setup_teardown_taskflow to None, run_after=None
[2025-12-31T21:15:15.776+0000] {processor.py:208} INFO - Processing /home/airflow/.local/lib/python3.12/site-packages/airflow/example_dags/example_setup_teardown_taskflow.py took 0.089 seconds
[2025-12-31T21:15:46.070+0000] {processor.py:186} INFO - Started process (PID=549) to work on /home/airflow/.local/lib/python3.12/site-packages/airflow/example_dags/example_setup_teardown_taskflow.py
[2025-12-31T21:15:46.078+0000] {processor.py:914} INFO - Processing file /home/airflow/.local/lib/python3.12/site-packages/airflow/example_dags/example_setup_teardown_taskflow.py for tasks to queue
[2025-12-31T21:15:46.081+0000] {logging_mixin.py:190} INFO - [2025-12-31T21:15:46.080+0000] {dagbag.py:588} INFO - Filling up the DagBag from /home/airflow/.local/lib/python3.12/site-packages/airflow/example_dags/example_setup_teardown_taskflow.py
[2025-12-31T21:15:46.097+0000] {processor.py:925} INFO - DAG(s) 'example_setup_teardown_taskflow' retrieved from /home/airflow/.local/lib/python3.12/site-packages/airflow/example_dags/example_setup_teardown_taskflow.py
[2025-12-31T21:15:46.125+0000] {logging_mixin.py:190} INFO - [2025-12-31T21:15:46.125+0000] {dag.py:3239} INFO - Sync 1 DAGs
[2025-12-31T21:15:46.158+0000] {logging_mixin.py:190} INFO - [2025-12-31T21:15:46.156+0000] {dag.py:4180} INFO - Setting next_dagrun for example_setup_teardown_taskflow to None, run_after=None
[2025-12-31T21:15:46.214+0000] {processor.py:208} INFO - Processing /home/airflow/.local/lib/python3.12/site-packages/airflow/example_dags/example_setup_teardown_taskflow.py took 0.152 seconds
[2025-12-31T21:16:16.605+0000] {processor.py:186} INFO - Started process (PID=613) to work on /home/airflow/.local/lib/python3.12/site-packages/airflow/example_dags/example_setup_teardown_taskflow.py
[2025-12-31T21:16:16.606+0000] {processor.py:914} INFO - Processing file /home/airflow/.local/lib/python3.12/site-packages/airflow/example_dags/example_setup_teardown_taskflow.py for tasks to queue
[2025-12-31T21:16:16.609+0000] {logging_mixin.py:190} INFO - [2025-12-31T21:16:16.609+0000] {dagbag.py:588} INFO - Filling up the DagBag from /home/airflow/.local/lib/python3.12/site-packages/airflow/example_dags/example_setup_teardown_taskflow.py
[2025-12-31T21:16:16.621+0000] {processor.py:925} INFO - DAG(s) 'example_setup_teardown_taskflow' retrieved from /home/airflow/.local/lib/python3.12/site-packages/airflow/example_dags/example_setup_teardown_taskflow.py
[2025-12-31T21:16:16.646+0000] {logging_mixin.py:190} INFO - [2025-12-31T21:16:16.646+0000] {dag.py:3239} INFO - Sync 1 DAGs
[2025-12-31T21:16:16.662+0000] {logging_mixin.py:190} INFO - [2025-12-31T21:16:16.662+0000] {dag.py:4180} INFO - Setting next_dagrun for example_setup_teardown_taskflow to None, run_after=None
[2025-12-31T21:16:16.684+0000] {processor.py:208} INFO - Processing /home/airflow/.local/lib/python3.12/site-packages/airflow/example_dags/example_setup_teardown_taskflow.py took 0.086 seconds
[2025-12-31T21:16:47.311+0000] {processor.py:186} INFO - Started process (PID=676) to work on /home/airflow/.local/lib/python3.12/site-packages/airflow/example_dags/example_setup_teardown_taskflow.py
[2025-12-31T21:16:47.318+0000] {processor.py:914} INFO - Processing file /home/airflow/.local/lib/python3.12/site-packages/airflow/example_dags/example_setup_teardown_taskflow.py for tasks to queue
[2025-12-31T21:16:47.324+0000] {logging_mixin.py:190} INFO - [2025-12-31T21:16:47.323+0000] {dagbag.py:588} INFO - Filling up the DagBag from /home/airflow/.local/lib/python3.12/site-packages/airflow/example_dags/example_setup_teardown_taskflow.py
[2025-12-31T21:16:47.360+0000] {processor.py:925} INFO - DAG(s) 'example_setup_teardown_taskflow' retrieved from /home/airflow/.local/lib/python3.12/site-packages/airflow/example_dags/example_setup_teardown_taskflow.py
[2025-12-31T21:16:47.403+0000] {logging_mixin.py:190} INFO - [2025-12-31T21:16:47.403+0000] {dag.py:3239} INFO - Sync 1 DAGs
[2025-12-31T21:16:47.427+0000] {logging_mixin.py:190} INFO - [2025-12-31T21:16:47.426+0000] {dag.py:4180} INFO - Setting next_dagrun for example_setup_teardown_taskflow to None, run_after=None
[2025-12-31T21:16:47.465+0000] {processor.py:208} INFO - Processing /home/airflow/.local/lib/python3.12/site-packages/airflow/example_dags/example_setup_teardown_taskflow.py took 0.165 seconds
[2025-12-31T21:17:18.433+0000] {processor.py:186} INFO - Started process (PID=745) to work on /home/airflow/.local/lib/python3.12/site-packages/airflow/example_dags/example_setup_teardown_taskflow.py
[2025-12-31T21:17:18.434+0000] {processor.py:914} INFO - Processing file /home/airflow/.local/lib/python3.12/site-packages/airflow/example_dags/example_setup_teardown_taskflow.py for tasks to queue
[2025-12-31T21:17:18.437+0000] {logging_mixin.py:190} INFO - [2025-12-31T21:17:18.436+0000] {dagbag.py:588} INFO - Filling up the DagBag from /home/airflow/.local/lib/python3.12/site-packages/airflow/example_dags/example_setup_teardown_taskflow.py
[2025-12-31T21:17:18.452+0000] {processor.py:925} INFO - DAG(s) 'example_setup_teardown_taskflow' retrieved from /home/airflow/.local/lib/python3.12/site-packages/airflow/example_dags/example_setup_teardown_taskflow.py
[2025-12-31T21:17:18.486+0000] {logging_mixin.py:190} INFO - [2025-12-31T21:17:18.485+0000] {dag.py:3239} INFO - Sync 1 DAGs
[2025-12-31T21:17:18.505+0000] {logging_mixin.py:190} INFO - [2025-12-31T21:17:18.504+0000] {dag.py:4180} INFO - Setting next_dagrun for example_setup_teardown_taskflow to None, run_after=None
[2025-12-31T21:17:18.535+0000] {processor.py:208} INFO - Processing /home/airflow/.local/lib/python3.12/site-packages/airflow/example_dags/example_setup_teardown_taskflow.py took 0.111 seconds
[2025-12-31T21:17:48.913+0000] {processor.py:186} INFO - Started process (PID=809) to work on /home/airflow/.local/lib/python3.12/site-packages/airflow/example_dags/example_setup_teardown_taskflow.py
[2025-12-31T21:17:48.914+0000] {processor.py:914} INFO - Processing file /home/airflow/.local/lib/python3.12/site-packages/airflow/example_dags/example_setup_teardown_taskflow.py for tasks to queue
[2025-12-31T21:17:48.918+0000] {logging_mixin.py:190} INFO - [2025-12-31T21:17:48.918+0000] {dagbag.py:588} INFO - Filling up the DagBag from /home/airflow/.local/lib/python3.12/site-packages/airflow/example_dags/example_setup_teardown_taskflow.py
[2025-12-31T21:17:48.937+0000] {processor.py:925} INFO - DAG(s) 'example_setup_teardown_taskflow' retrieved from /home/airflow/.local/lib/python3.12/site-packages/airflow/example_dags/example_setup_teardown_taskflow.py
[2025-12-31T21:17:48.971+0000] {logging_mixin.py:190} INFO - [2025-12-31T21:17:48.970+0000] {dag.py:3239} INFO - Sync 1 DAGs
[2025-12-31T21:17:48.998+0000] {logging_mixin.py:190} INFO - [2025-12-31T21:17:48.997+0000] {dag.py:4180} INFO - Setting next_dagrun for example_setup_teardown_taskflow to None, run_after=None
[2025-12-31T21:17:49.026+0000] {processor.py:208} INFO - Processing /home/airflow/.local/lib/python3.12/site-packages/airflow/example_dags/example_setup_teardown_taskflow.py took 0.124 seconds
[2025-12-31T21:18:19.657+0000] {processor.py:186} INFO - Started process (PID=872) to work on /home/airflow/.local/lib/python3.12/site-packages/airflow/example_dags/example_setup_teardown_taskflow.py
[2025-12-31T21:18:19.658+0000] {processor.py:914} INFO - Processing file /home/airflow/.local/lib/python3.12/site-packages/airflow/example_dags/example_setup_teardown_taskflow.py for tasks to queue
[2025-12-31T21:18:19.662+0000] {logging_mixin.py:190} INFO - [2025-12-31T21:18:19.661+0000] {dagbag.py:588} INFO - Filling up the DagBag from /home/airflow/.local/lib/python3.12/site-packages/airflow/example_dags/example_setup_teardown_taskflow.py
[2025-12-31T21:18:19.674+0000] {processor.py:925} INFO - DAG(s) 'example_setup_teardown_taskflow' retrieved from /home/airflow/.local/lib/python3.12/site-packages/airflow/example_dags/example_setup_teardown_taskflow.py
[2025-12-31T21:18:19.699+0000] {logging_mixin.py:190} INFO - [2025-12-31T21:18:19.698+0000] {dag.py:3239} INFO - Sync 1 DAGs
[2025-12-31T21:18:19.714+0000] {logging_mixin.py:190} INFO - [2025-12-31T21:18:19.714+0000] {dag.py:4180} INFO - Setting next_dagrun for example_setup_teardown_taskflow to None, run_after=None
[2025-12-31T21:18:19.736+0000] {processor.py:208} INFO - Processing /home/airflow/.local/lib/python3.12/site-packages/airflow/example_dags/example_setup_teardown_taskflow.py took 0.085 seconds
[2025-12-31T21:18:50.619+0000] {processor.py:186} INFO - Started process (PID=935) to work on /home/airflow/.local/lib/python3.12/site-packages/airflow/example_dags/example_setup_teardown_taskflow.py
[2025-12-31T21:18:50.620+0000] {processor.py:914} INFO - Processing file /home/airflow/.local/lib/python3.12/site-packages/airflow/example_dags/example_setup_teardown_taskflow.py for tasks to queue
[2025-12-31T21:18:50.623+0000] {logging_mixin.py:190} INFO - [2025-12-31T21:18:50.623+0000] {dagbag.py:588} INFO - Filling up the DagBag from /home/airflow/.local/lib/python3.12/site-packages/airflow/example_dags/example_setup_teardown_taskflow.py
[2025-12-31T21:18:50.636+0000] {processor.py:925} INFO - DAG(s) 'example_setup_teardown_taskflow' retrieved from /home/airflow/.local/lib/python3.12/site-packages/airflow/example_dags/example_setup_teardown_taskflow.py
[2025-12-31T21:18:50.661+0000] {logging_mixin.py:190} INFO - [2025-12-31T21:18:50.661+0000] {dag.py:3239} INFO - Sync 1 DAGs
[2025-12-31T21:18:50.677+0000] {logging_mixin.py:190} INFO - [2025-12-31T21:18:50.677+0000] {dag.py:4180} INFO - Setting next_dagrun for example_setup_teardown_taskflow to None, run_after=None
[2025-12-31T21:18:50.704+0000] {processor.py:208} INFO - Processing /home/airflow/.local/lib/python3.12/site-packages/airflow/example_dags/example_setup_teardown_taskflow.py took 0.091 seconds
[2025-12-31T21:19:20.916+0000] {processor.py:186} INFO - Started process (PID=998) to work on /home/airflow/.local/lib/python3.12/site-packages/airflow/example_dags/example_setup_teardown_taskflow.py
[2025-12-31T21:19:20.917+0000] {processor.py:914} INFO - Processing file /home/airflow/.local/lib/python3.12/site-packages/airflow/example_dags/example_setup_teardown_taskflow.py for tasks to queue
[2025-12-31T21:19:20.920+0000] {logging_mixin.py:190} INFO - [2025-12-31T21:19:20.919+0000] {dagbag.py:588} INFO - Filling up the DagBag from /home/airflow/.local/lib/python3.12/site-packages/airflow/example_dags/example_setup_teardown_taskflow.py
[2025-12-31T21:19:20.933+0000] {processor.py:925} INFO - DAG(s) 'example_setup_teardown_taskflow' retrieved from /home/airflow/.local/lib/python3.12/site-packages/airflow/example_dags/example_setup_teardown_taskflow.py
[2025-12-31T21:19:20.958+0000] {logging_mixin.py:190} INFO - [2025-12-31T21:19:20.957+0000] {dag.py:3239} INFO - Sync 1 DAGs
[2025-12-31T21:19:20.973+0000] {logging_mixin.py:190} INFO - [2025-12-31T21:19:20.973+0000] {dag.py:4180} INFO - Setting next_dagrun for example_setup_teardown_taskflow to None, run_after=None
[2025-12-31T21:19:21.000+0000] {processor.py:208} INFO - Processing /home/airflow/.local/lib/python3.12/site-packages/airflow/example_dags/example_setup_teardown_taskflow.py took 0.092 seconds
[2025-12-31T21:19:51.190+0000] {processor.py:186} INFO - Started process (PID=1061) to work on /home/airflow/.local/lib/python3.12/site-packages/airflow/example_dags/example_setup_teardown_taskflow.py
[2025-12-31T21:19:51.192+0000] {processor.py:914} INFO - Processing file /home/airflow/.local/lib/python3.12/site-packages/airflow/example_dags/example_setup_teardown_taskflow.py for tasks to queue
[2025-12-31T21:19:51.195+0000] {logging_mixin.py:190} INFO - [2025-12-31T21:19:51.195+0000] {dagbag.py:588} INFO - Filling up the DagBag from /home/airflow/.local/lib/python3.12/site-packages/airflow/example_dags/example_setup_teardown_taskflow.py
[2025-12-31T21:19:51.212+0000] {processor.py:925} INFO - DAG(s) 'example_setup_teardown_taskflow' retrieved from /home/airflow/.local/lib/python3.12/site-packages/airflow/example_dags/example_setup_teardown_taskflow.py
[2025-12-31T21:19:51.250+0000] {logging_mixin.py:190} INFO - [2025-12-31T21:19:51.250+0000] {dag.py:3239} INFO - Sync 1 DAGs
[2025-12-31T21:19:51.273+0000] {logging_mixin.py:190} INFO - [2025-12-31T21:19:51.273+0000] {dag.py:4180} INFO - Setting next_dagrun for example_setup_teardown_taskflow to None, run_after=None
[2025-12-31T21:19:51.310+0000] {processor.py:208} INFO - Processing /home/airflow/.local/lib/python3.12/site-packages/airflow/example_dags/example_setup_teardown_taskflow.py took 0.129 seconds
[2025-12-31T21:20:22.150+0000] {processor.py:186} INFO - Started process (PID=1124) to work on /home/airflow/.local/lib/python3.12/site-packages/airflow/example_dags/example_setup_teardown_taskflow.py
[2025-12-31T21:20:22.151+0000] {processor.py:914} INFO - Processing file /home/airflow/.local/lib/python3.12/site-packages/airflow/example_dags/example_setup_teardown_taskflow.py for tasks to queue
[2025-12-31T21:20:22.154+0000] {logging_mixin.py:190} INFO - [2025-12-31T21:20:22.153+0000] {dagbag.py:588} INFO - Filling up the DagBag from /home/airflow/.local/lib/python3.12/site-packages/airflow/example_dags/example_setup_teardown_taskflow.py
[2025-12-31T21:20:22.169+0000] {processor.py:925} INFO - DAG(s) 'example_setup_teardown_taskflow' retrieved from /home/airflow/.local/lib/python3.12/site-packages/airflow/example_dags/example_setup_teardown_taskflow.py
[2025-12-31T21:20:22.195+0000] {logging_mixin.py:190} INFO - [2025-12-31T21:20:22.195+0000] {dag.py:3239} INFO - Sync 1 DAGs
[2025-12-31T21:20:22.212+0000] {logging_mixin.py:190} INFO - [2025-12-31T21:20:22.212+0000] {dag.py:4180} INFO - Setting next_dagrun for example_setup_teardown_taskflow to None, run_after=None
[2025-12-31T21:20:22.235+0000] {processor.py:208} INFO - Processing /home/airflow/.local/lib/python3.12/site-packages/airflow/example_dags/example_setup_teardown_taskflow.py took 0.092 seconds
[2025-12-31T21:20:52.805+0000] {processor.py:186} INFO - Started process (PID=1187) to work on /home/airflow/.local/lib/python3.12/site-packages/airflow/example_dags/example_setup_teardown_taskflow.py
[2025-12-31T21:20:52.807+0000] {processor.py:914} INFO - Processing file /home/airflow/.local/lib/python3.12/site-packages/airflow/example_dags/example_setup_teardown_taskflow.py for tasks to queue
[2025-12-31T21:20:52.810+0000] {logging_mixin.py:190} INFO - [2025-12-31T21:20:52.810+0000] {dagbag.py:588} INFO - Filling up the DagBag from /home/airflow/.local/lib/python3.12/site-packages/airflow/example_dags/example_setup_teardown_taskflow.py
[2025-12-31T21:20:52.829+0000] {processor.py:925} INFO - DAG(s) 'example_setup_teardown_taskflow' retrieved from /home/airflow/.local/lib/python3.12/site-packages/airflow/example_dags/example_setup_teardown_taskflow.py
[2025-12-31T21:20:52.859+0000] {logging_mixin.py:190} INFO - [2025-12-31T21:20:52.859+0000] {dag.py:3239} INFO - Sync 1 DAGs
[2025-12-31T21:20:52.874+0000] {logging_mixin.py:190} INFO - [2025-12-31T21:20:52.874+0000] {dag.py:4180} INFO - Setting next_dagrun for example_setup_teardown_taskflow to None, run_after=None
[2025-12-31T21:20:52.901+0000] {processor.py:208} INFO - Processing /home/airflow/.local/lib/python3.12/site-packages/airflow/example_dags/example_setup_teardown_taskflow.py took 0.103 seconds
[2025-12-31T21:21:23.375+0000] {processor.py:186} INFO - Started process (PID=1251) to work on /home/airflow/.local/lib/python3.12/site-packages/airflow/example_dags/example_setup_teardown_taskflow.py
[2025-12-31T21:21:23.377+0000] {processor.py:914} INFO - Processing file /home/airflow/.local/lib/python3.12/site-packages/airflow/example_dags/example_setup_teardown_taskflow.py for tasks to queue
[2025-12-31T21:21:23.379+0000] {logging_mixin.py:190} INFO - [2025-12-31T21:21:23.379+0000] {dagbag.py:588} INFO - Filling up the DagBag from /home/airflow/.local/lib/python3.12/site-packages/airflow/example_dags/example_setup_teardown_taskflow.py
[2025-12-31T21:21:23.392+0000] {processor.py:925} INFO - DAG(s) 'example_setup_teardown_taskflow' retrieved from /home/airflow/.local/lib/python3.12/site-packages/airflow/example_dags/example_setup_teardown_taskflow.py
[2025-12-31T21:21:23.418+0000] {logging_mixin.py:190} INFO - [2025-12-31T21:21:23.418+0000] {dag.py:3239} INFO - Sync 1 DAGs
[2025-12-31T21:21:23.437+0000] {logging_mixin.py:190} INFO - [2025-12-31T21:21:23.436+0000] {dag.py:4180} INFO - Setting next_dagrun for example_setup_teardown_taskflow to None, run_after=None
[2025-12-31T21:21:23.463+0000] {processor.py:208} INFO - Processing /home/airflow/.local/lib/python3.12/site-packages/airflow/example_dags/example_setup_teardown_taskflow.py took 0.094 seconds
