[2025-12-31T21:12:04.038+0000] {processor.py:186} INFO - Started process (PID=81) to work on /home/airflow/.local/lib/python3.12/site-packages/airflow/example_dags/example_trigger_controller_dag.py
[2025-12-31T21:12:04.043+0000] {processor.py:914} INFO - Processing file /home/airflow/.local/lib/python3.12/site-packages/airflow/example_dags/example_trigger_controller_dag.py for tasks to queue
[2025-12-31T21:12:04.054+0000] {logging_mixin.py:190} INFO - [2025-12-31T21:12:04.049+0000] {dagbag.py:588} INFO - Filling up the DagBag from /home/airflow/.local/lib/python3.12/site-packages/airflow/example_dags/example_trigger_controller_dag.py
[2025-12-31T21:12:04.082+0000] {processor.py:925} INFO - DAG(s) 'example_trigger_controller_dag' retrieved from /home/airflow/.local/lib/python3.12/site-packages/airflow/example_dags/example_trigger_controller_dag.py
[2025-12-31T21:12:04.259+0000] {logging_mixin.py:190} INFO - [2025-12-31T21:12:04.259+0000] {override.py:1912} INFO - Created Permission View: can read on DAG:example_trigger_controller_dag
[2025-12-31T21:12:04.274+0000] {logging_mixin.py:190} INFO - [2025-12-31T21:12:04.273+0000] {override.py:1912} INFO - Created Permission View: can delete on DAG:example_trigger_controller_dag
[2025-12-31T21:12:04.284+0000] {logging_mixin.py:190} INFO - [2025-12-31T21:12:04.283+0000] {override.py:1912} INFO - Created Permission View: can edit on DAG:example_trigger_controller_dag
[2025-12-31T21:12:04.296+0000] {logging_mixin.py:190} INFO - [2025-12-31T21:12:04.295+0000] {override.py:1912} INFO - Created Permission View: can read on DAG Run:example_trigger_controller_dag
[2025-12-31T21:12:04.307+0000] {logging_mixin.py:190} INFO - [2025-12-31T21:12:04.307+0000] {override.py:1912} INFO - Created Permission View: can create on DAG Run:example_trigger_controller_dag
[2025-12-31T21:12:04.319+0000] {logging_mixin.py:190} INFO - [2025-12-31T21:12:04.319+0000] {override.py:1912} INFO - Created Permission View: can delete on DAG Run:example_trigger_controller_dag
[2025-12-31T21:12:04.330+0000] {logging_mixin.py:190} INFO - [2025-12-31T21:12:04.329+0000] {override.py:1912} INFO - Created Permission View: menu access on DAG Run:example_trigger_controller_dag
[2025-12-31T21:12:04.330+0000] {logging_mixin.py:190} INFO - [2025-12-31T21:12:04.330+0000] {dag.py:3239} INFO - Sync 1 DAGs
[2025-12-31T21:12:04.348+0000] {logging_mixin.py:190} INFO - [2025-12-31T21:12:04.348+0000] {dag.py:3262} INFO - Creating ORM DAG for example_trigger_controller_dag
[2025-12-31T21:12:04.363+0000] {logging_mixin.py:190} INFO - [2025-12-31T21:12:04.363+0000] {dag.py:4180} INFO - Setting next_dagrun for example_trigger_controller_dag to 2021-01-01 00:00:00+00:00, run_after=2021-01-01 00:00:00+00:00
[2025-12-31T21:12:04.387+0000] {processor.py:208} INFO - Processing /home/airflow/.local/lib/python3.12/site-packages/airflow/example_dags/example_trigger_controller_dag.py took 0.370 seconds
[2025-12-31T21:12:35.014+0000] {processor.py:186} INFO - Started process (PID=144) to work on /home/airflow/.local/lib/python3.12/site-packages/airflow/example_dags/example_trigger_controller_dag.py
[2025-12-31T21:12:35.015+0000] {processor.py:914} INFO - Processing file /home/airflow/.local/lib/python3.12/site-packages/airflow/example_dags/example_trigger_controller_dag.py for tasks to queue
[2025-12-31T21:12:35.018+0000] {logging_mixin.py:190} INFO - [2025-12-31T21:12:35.018+0000] {dagbag.py:588} INFO - Filling up the DagBag from /home/airflow/.local/lib/python3.12/site-packages/airflow/example_dags/example_trigger_controller_dag.py
[2025-12-31T21:12:35.027+0000] {processor.py:925} INFO - DAG(s) 'example_trigger_controller_dag' retrieved from /home/airflow/.local/lib/python3.12/site-packages/airflow/example_dags/example_trigger_controller_dag.py
[2025-12-31T21:12:35.049+0000] {logging_mixin.py:190} INFO - [2025-12-31T21:12:35.049+0000] {dag.py:3239} INFO - Sync 1 DAGs
[2025-12-31T21:12:35.076+0000] {logging_mixin.py:190} INFO - [2025-12-31T21:12:35.075+0000] {dag.py:4180} INFO - Setting next_dagrun for example_trigger_controller_dag to 2021-01-01 00:00:00+00:00, run_after=2021-01-01 00:00:00+00:00
[2025-12-31T21:12:35.098+0000] {processor.py:208} INFO - Processing /home/airflow/.local/lib/python3.12/site-packages/airflow/example_dags/example_trigger_controller_dag.py took 0.091 seconds
[2025-12-31T21:13:05.158+0000] {processor.py:186} INFO - Started process (PID=207) to work on /home/airflow/.local/lib/python3.12/site-packages/airflow/example_dags/example_trigger_controller_dag.py
[2025-12-31T21:13:05.160+0000] {processor.py:914} INFO - Processing file /home/airflow/.local/lib/python3.12/site-packages/airflow/example_dags/example_trigger_controller_dag.py for tasks to queue
[2025-12-31T21:13:05.163+0000] {logging_mixin.py:190} INFO - [2025-12-31T21:13:05.162+0000] {dagbag.py:588} INFO - Filling up the DagBag from /home/airflow/.local/lib/python3.12/site-packages/airflow/example_dags/example_trigger_controller_dag.py
[2025-12-31T21:13:05.172+0000] {processor.py:925} INFO - DAG(s) 'example_trigger_controller_dag' retrieved from /home/airflow/.local/lib/python3.12/site-packages/airflow/example_dags/example_trigger_controller_dag.py
[2025-12-31T21:13:05.194+0000] {logging_mixin.py:190} INFO - [2025-12-31T21:13:05.194+0000] {dag.py:3239} INFO - Sync 1 DAGs
[2025-12-31T21:13:05.220+0000] {logging_mixin.py:190} INFO - [2025-12-31T21:13:05.220+0000] {dag.py:4180} INFO - Setting next_dagrun for example_trigger_controller_dag to 2021-01-01 00:00:00+00:00, run_after=2021-01-01 00:00:00+00:00
[2025-12-31T21:13:05.244+0000] {processor.py:208} INFO - Processing /home/airflow/.local/lib/python3.12/site-packages/airflow/example_dags/example_trigger_controller_dag.py took 0.093 seconds
[2025-12-31T21:13:35.745+0000] {processor.py:186} INFO - Started process (PID=271) to work on /home/airflow/.local/lib/python3.12/site-packages/airflow/example_dags/example_trigger_controller_dag.py
[2025-12-31T21:13:35.746+0000] {processor.py:914} INFO - Processing file /home/airflow/.local/lib/python3.12/site-packages/airflow/example_dags/example_trigger_controller_dag.py for tasks to queue
[2025-12-31T21:13:35.750+0000] {logging_mixin.py:190} INFO - [2025-12-31T21:13:35.749+0000] {dagbag.py:588} INFO - Filling up the DagBag from /home/airflow/.local/lib/python3.12/site-packages/airflow/example_dags/example_trigger_controller_dag.py
[2025-12-31T21:13:35.758+0000] {processor.py:925} INFO - DAG(s) 'example_trigger_controller_dag' retrieved from /home/airflow/.local/lib/python3.12/site-packages/airflow/example_dags/example_trigger_controller_dag.py
[2025-12-31T21:13:35.781+0000] {logging_mixin.py:190} INFO - [2025-12-31T21:13:35.780+0000] {dag.py:3239} INFO - Sync 1 DAGs
[2025-12-31T21:13:35.808+0000] {logging_mixin.py:190} INFO - [2025-12-31T21:13:35.808+0000] {dag.py:4180} INFO - Setting next_dagrun for example_trigger_controller_dag to 2021-01-01 00:00:00+00:00, run_after=2021-01-01 00:00:00+00:00
[2025-12-31T21:13:35.836+0000] {processor.py:208} INFO - Processing /home/airflow/.local/lib/python3.12/site-packages/airflow/example_dags/example_trigger_controller_dag.py took 0.099 seconds
[2025-12-31T21:14:06.079+0000] {processor.py:186} INFO - Started process (PID=334) to work on /home/airflow/.local/lib/python3.12/site-packages/airflow/example_dags/example_trigger_controller_dag.py
[2025-12-31T21:14:06.080+0000] {processor.py:914} INFO - Processing file /home/airflow/.local/lib/python3.12/site-packages/airflow/example_dags/example_trigger_controller_dag.py for tasks to queue
[2025-12-31T21:14:06.085+0000] {logging_mixin.py:190} INFO - [2025-12-31T21:14:06.084+0000] {dagbag.py:588} INFO - Filling up the DagBag from /home/airflow/.local/lib/python3.12/site-packages/airflow/example_dags/example_trigger_controller_dag.py
[2025-12-31T21:14:06.095+0000] {processor.py:925} INFO - DAG(s) 'example_trigger_controller_dag' retrieved from /home/airflow/.local/lib/python3.12/site-packages/airflow/example_dags/example_trigger_controller_dag.py
[2025-12-31T21:14:06.120+0000] {logging_mixin.py:190} INFO - [2025-12-31T21:14:06.119+0000] {dag.py:3239} INFO - Sync 1 DAGs
[2025-12-31T21:14:06.146+0000] {logging_mixin.py:190} INFO - [2025-12-31T21:14:06.146+0000] {dag.py:4180} INFO - Setting next_dagrun for example_trigger_controller_dag to 2021-01-01 00:00:00+00:00, run_after=2021-01-01 00:00:00+00:00
[2025-12-31T21:14:06.174+0000] {processor.py:208} INFO - Processing /home/airflow/.local/lib/python3.12/site-packages/airflow/example_dags/example_trigger_controller_dag.py took 0.102 seconds
[2025-12-31T21:14:36.318+0000] {processor.py:186} INFO - Started process (PID=397) to work on /home/airflow/.local/lib/python3.12/site-packages/airflow/example_dags/example_trigger_controller_dag.py
[2025-12-31T21:14:36.320+0000] {processor.py:914} INFO - Processing file /home/airflow/.local/lib/python3.12/site-packages/airflow/example_dags/example_trigger_controller_dag.py for tasks to queue
[2025-12-31T21:14:36.323+0000] {logging_mixin.py:190} INFO - [2025-12-31T21:14:36.323+0000] {dagbag.py:588} INFO - Filling up the DagBag from /home/airflow/.local/lib/python3.12/site-packages/airflow/example_dags/example_trigger_controller_dag.py
[2025-12-31T21:14:36.332+0000] {processor.py:925} INFO - DAG(s) 'example_trigger_controller_dag' retrieved from /home/airflow/.local/lib/python3.12/site-packages/airflow/example_dags/example_trigger_controller_dag.py
[2025-12-31T21:14:36.355+0000] {logging_mixin.py:190} INFO - [2025-12-31T21:14:36.355+0000] {dag.py:3239} INFO - Sync 1 DAGs
[2025-12-31T21:14:36.381+0000] {logging_mixin.py:190} INFO - [2025-12-31T21:14:36.381+0000] {dag.py:4180} INFO - Setting next_dagrun for example_trigger_controller_dag to 2021-01-01 00:00:00+00:00, run_after=2021-01-01 00:00:00+00:00
[2025-12-31T21:14:36.403+0000] {processor.py:208} INFO - Processing /home/airflow/.local/lib/python3.12/site-packages/airflow/example_dags/example_trigger_controller_dag.py took 0.093 seconds
[2025-12-31T21:15:06.921+0000] {processor.py:186} INFO - Started process (PID=460) to work on /home/airflow/.local/lib/python3.12/site-packages/airflow/example_dags/example_trigger_controller_dag.py
[2025-12-31T21:15:06.922+0000] {processor.py:914} INFO - Processing file /home/airflow/.local/lib/python3.12/site-packages/airflow/example_dags/example_trigger_controller_dag.py for tasks to queue
[2025-12-31T21:15:06.925+0000] {logging_mixin.py:190} INFO - [2025-12-31T21:15:06.925+0000] {dagbag.py:588} INFO - Filling up the DagBag from /home/airflow/.local/lib/python3.12/site-packages/airflow/example_dags/example_trigger_controller_dag.py
[2025-12-31T21:15:06.935+0000] {processor.py:925} INFO - DAG(s) 'example_trigger_controller_dag' retrieved from /home/airflow/.local/lib/python3.12/site-packages/airflow/example_dags/example_trigger_controller_dag.py
[2025-12-31T21:15:06.959+0000] {logging_mixin.py:190} INFO - [2025-12-31T21:15:06.959+0000] {dag.py:3239} INFO - Sync 1 DAGs
[2025-12-31T21:15:06.994+0000] {logging_mixin.py:190} INFO - [2025-12-31T21:15:06.993+0000] {dag.py:4180} INFO - Setting next_dagrun for example_trigger_controller_dag to 2021-01-01 00:00:00+00:00, run_after=2021-01-01 00:00:00+00:00
[2025-12-31T21:15:07.017+0000] {processor.py:208} INFO - Processing /home/airflow/.local/lib/python3.12/site-packages/airflow/example_dags/example_trigger_controller_dag.py took 0.103 seconds
[2025-12-31T21:15:38.053+0000] {processor.py:186} INFO - Started process (PID=523) to work on /home/airflow/.local/lib/python3.12/site-packages/airflow/example_dags/example_trigger_controller_dag.py
[2025-12-31T21:15:38.054+0000] {processor.py:914} INFO - Processing file /home/airflow/.local/lib/python3.12/site-packages/airflow/example_dags/example_trigger_controller_dag.py for tasks to queue
[2025-12-31T21:15:38.060+0000] {logging_mixin.py:190} INFO - [2025-12-31T21:15:38.059+0000] {dagbag.py:588} INFO - Filling up the DagBag from /home/airflow/.local/lib/python3.12/site-packages/airflow/example_dags/example_trigger_controller_dag.py
[2025-12-31T21:15:38.073+0000] {processor.py:925} INFO - DAG(s) 'example_trigger_controller_dag' retrieved from /home/airflow/.local/lib/python3.12/site-packages/airflow/example_dags/example_trigger_controller_dag.py
[2025-12-31T21:15:38.099+0000] {logging_mixin.py:190} INFO - [2025-12-31T21:15:38.098+0000] {dag.py:3239} INFO - Sync 1 DAGs
[2025-12-31T21:15:38.128+0000] {logging_mixin.py:190} INFO - [2025-12-31T21:15:38.128+0000] {dag.py:4180} INFO - Setting next_dagrun for example_trigger_controller_dag to 2021-01-01 00:00:00+00:00, run_after=2021-01-01 00:00:00+00:00
[2025-12-31T21:15:38.149+0000] {processor.py:208} INFO - Processing /home/airflow/.local/lib/python3.12/site-packages/airflow/example_dags/example_trigger_controller_dag.py took 0.108 seconds
[2025-12-31T21:16:08.862+0000] {processor.py:186} INFO - Started process (PID=587) to work on /home/airflow/.local/lib/python3.12/site-packages/airflow/example_dags/example_trigger_controller_dag.py
[2025-12-31T21:16:08.864+0000] {processor.py:914} INFO - Processing file /home/airflow/.local/lib/python3.12/site-packages/airflow/example_dags/example_trigger_controller_dag.py for tasks to queue
[2025-12-31T21:16:08.867+0000] {logging_mixin.py:190} INFO - [2025-12-31T21:16:08.867+0000] {dagbag.py:588} INFO - Filling up the DagBag from /home/airflow/.local/lib/python3.12/site-packages/airflow/example_dags/example_trigger_controller_dag.py
[2025-12-31T21:16:08.877+0000] {processor.py:925} INFO - DAG(s) 'example_trigger_controller_dag' retrieved from /home/airflow/.local/lib/python3.12/site-packages/airflow/example_dags/example_trigger_controller_dag.py
[2025-12-31T21:16:08.899+0000] {logging_mixin.py:190} INFO - [2025-12-31T21:16:08.899+0000] {dag.py:3239} INFO - Sync 1 DAGs
[2025-12-31T21:16:08.931+0000] {logging_mixin.py:190} INFO - [2025-12-31T21:16:08.931+0000] {dag.py:4180} INFO - Setting next_dagrun for example_trigger_controller_dag to 2021-01-01 00:00:00+00:00, run_after=2021-01-01 00:00:00+00:00
[2025-12-31T21:16:08.953+0000] {processor.py:208} INFO - Processing /home/airflow/.local/lib/python3.12/site-packages/airflow/example_dags/example_trigger_controller_dag.py took 0.100 seconds
[2025-12-31T21:16:39.252+0000] {processor.py:186} INFO - Started process (PID=650) to work on /home/airflow/.local/lib/python3.12/site-packages/airflow/example_dags/example_trigger_controller_dag.py
[2025-12-31T21:16:39.253+0000] {processor.py:914} INFO - Processing file /home/airflow/.local/lib/python3.12/site-packages/airflow/example_dags/example_trigger_controller_dag.py for tasks to queue
[2025-12-31T21:16:39.256+0000] {logging_mixin.py:190} INFO - [2025-12-31T21:16:39.256+0000] {dagbag.py:588} INFO - Filling up the DagBag from /home/airflow/.local/lib/python3.12/site-packages/airflow/example_dags/example_trigger_controller_dag.py
[2025-12-31T21:16:39.265+0000] {processor.py:925} INFO - DAG(s) 'example_trigger_controller_dag' retrieved from /home/airflow/.local/lib/python3.12/site-packages/airflow/example_dags/example_trigger_controller_dag.py
[2025-12-31T21:16:39.285+0000] {logging_mixin.py:190} INFO - [2025-12-31T21:16:39.285+0000] {dag.py:3239} INFO - Sync 1 DAGs
[2025-12-31T21:16:39.310+0000] {logging_mixin.py:190} INFO - [2025-12-31T21:16:39.310+0000] {dag.py:4180} INFO - Setting next_dagrun for example_trigger_controller_dag to 2021-01-01 00:00:00+00:00, run_after=2021-01-01 00:00:00+00:00
[2025-12-31T21:16:39.337+0000] {processor.py:208} INFO - Processing /home/airflow/.local/lib/python3.12/site-packages/airflow/example_dags/example_trigger_controller_dag.py took 0.091 seconds
[2025-12-31T21:17:09.664+0000] {processor.py:186} INFO - Started process (PID=713) to work on /home/airflow/.local/lib/python3.12/site-packages/airflow/example_dags/example_trigger_controller_dag.py
[2025-12-31T21:17:09.666+0000] {processor.py:914} INFO - Processing file /home/airflow/.local/lib/python3.12/site-packages/airflow/example_dags/example_trigger_controller_dag.py for tasks to queue
[2025-12-31T21:17:09.669+0000] {logging_mixin.py:190} INFO - [2025-12-31T21:17:09.669+0000] {dagbag.py:588} INFO - Filling up the DagBag from /home/airflow/.local/lib/python3.12/site-packages/airflow/example_dags/example_trigger_controller_dag.py
[2025-12-31T21:17:09.679+0000] {processor.py:925} INFO - DAG(s) 'example_trigger_controller_dag' retrieved from /home/airflow/.local/lib/python3.12/site-packages/airflow/example_dags/example_trigger_controller_dag.py
[2025-12-31T21:17:09.707+0000] {logging_mixin.py:190} INFO - [2025-12-31T21:17:09.707+0000] {dag.py:3239} INFO - Sync 1 DAGs
[2025-12-31T21:17:09.741+0000] {logging_mixin.py:190} INFO - [2025-12-31T21:17:09.741+0000] {dag.py:4180} INFO - Setting next_dagrun for example_trigger_controller_dag to 2021-01-01 00:00:00+00:00, run_after=2021-01-01 00:00:00+00:00
[2025-12-31T21:17:09.773+0000] {processor.py:208} INFO - Processing /home/airflow/.local/lib/python3.12/site-packages/airflow/example_dags/example_trigger_controller_dag.py took 0.119 seconds
[2025-12-31T21:17:40.177+0000] {processor.py:186} INFO - Started process (PID=776) to work on /home/airflow/.local/lib/python3.12/site-packages/airflow/example_dags/example_trigger_controller_dag.py
[2025-12-31T21:17:40.179+0000] {processor.py:914} INFO - Processing file /home/airflow/.local/lib/python3.12/site-packages/airflow/example_dags/example_trigger_controller_dag.py for tasks to queue
[2025-12-31T21:17:40.182+0000] {logging_mixin.py:190} INFO - [2025-12-31T21:17:40.181+0000] {dagbag.py:588} INFO - Filling up the DagBag from /home/airflow/.local/lib/python3.12/site-packages/airflow/example_dags/example_trigger_controller_dag.py
[2025-12-31T21:17:40.192+0000] {processor.py:925} INFO - DAG(s) 'example_trigger_controller_dag' retrieved from /home/airflow/.local/lib/python3.12/site-packages/airflow/example_dags/example_trigger_controller_dag.py
[2025-12-31T21:17:40.216+0000] {logging_mixin.py:190} INFO - [2025-12-31T21:17:40.216+0000] {dag.py:3239} INFO - Sync 1 DAGs
[2025-12-31T21:17:40.243+0000] {logging_mixin.py:190} INFO - [2025-12-31T21:17:40.243+0000] {dag.py:4180} INFO - Setting next_dagrun for example_trigger_controller_dag to 2021-01-01 00:00:00+00:00, run_after=2021-01-01 00:00:00+00:00
[2025-12-31T21:17:40.268+0000] {processor.py:208} INFO - Processing /home/airflow/.local/lib/python3.12/site-packages/airflow/example_dags/example_trigger_controller_dag.py took 0.098 seconds
[2025-12-31T21:18:10.645+0000] {processor.py:186} INFO - Started process (PID=840) to work on /home/airflow/.local/lib/python3.12/site-packages/airflow/example_dags/example_trigger_controller_dag.py
[2025-12-31T21:18:10.646+0000] {processor.py:914} INFO - Processing file /home/airflow/.local/lib/python3.12/site-packages/airflow/example_dags/example_trigger_controller_dag.py for tasks to queue
[2025-12-31T21:18:10.649+0000] {logging_mixin.py:190} INFO - [2025-12-31T21:18:10.648+0000] {dagbag.py:588} INFO - Filling up the DagBag from /home/airflow/.local/lib/python3.12/site-packages/airflow/example_dags/example_trigger_controller_dag.py
[2025-12-31T21:18:10.658+0000] {processor.py:925} INFO - DAG(s) 'example_trigger_controller_dag' retrieved from /home/airflow/.local/lib/python3.12/site-packages/airflow/example_dags/example_trigger_controller_dag.py
[2025-12-31T21:18:10.681+0000] {logging_mixin.py:190} INFO - [2025-12-31T21:18:10.681+0000] {dag.py:3239} INFO - Sync 1 DAGs
[2025-12-31T21:18:10.708+0000] {logging_mixin.py:190} INFO - [2025-12-31T21:18:10.707+0000] {dag.py:4180} INFO - Setting next_dagrun for example_trigger_controller_dag to 2021-01-01 00:00:00+00:00, run_after=2021-01-01 00:00:00+00:00
[2025-12-31T21:18:10.736+0000] {processor.py:208} INFO - Processing /home/airflow/.local/lib/python3.12/site-packages/airflow/example_dags/example_trigger_controller_dag.py took 0.098 seconds
[2025-12-31T21:18:41.757+0000] {processor.py:186} INFO - Started process (PID=903) to work on /home/airflow/.local/lib/python3.12/site-packages/airflow/example_dags/example_trigger_controller_dag.py
[2025-12-31T21:18:41.758+0000] {processor.py:914} INFO - Processing file /home/airflow/.local/lib/python3.12/site-packages/airflow/example_dags/example_trigger_controller_dag.py for tasks to queue
[2025-12-31T21:18:41.762+0000] {logging_mixin.py:190} INFO - [2025-12-31T21:18:41.761+0000] {dagbag.py:588} INFO - Filling up the DagBag from /home/airflow/.local/lib/python3.12/site-packages/airflow/example_dags/example_trigger_controller_dag.py
[2025-12-31T21:18:41.771+0000] {processor.py:925} INFO - DAG(s) 'example_trigger_controller_dag' retrieved from /home/airflow/.local/lib/python3.12/site-packages/airflow/example_dags/example_trigger_controller_dag.py
[2025-12-31T21:18:41.798+0000] {logging_mixin.py:190} INFO - [2025-12-31T21:18:41.797+0000] {dag.py:3239} INFO - Sync 1 DAGs
[2025-12-31T21:18:41.824+0000] {logging_mixin.py:190} INFO - [2025-12-31T21:18:41.823+0000] {dag.py:4180} INFO - Setting next_dagrun for example_trigger_controller_dag to 2021-01-01 00:00:00+00:00, run_after=2021-01-01 00:00:00+00:00
[2025-12-31T21:18:41.850+0000] {processor.py:208} INFO - Processing /home/airflow/.local/lib/python3.12/site-packages/airflow/example_dags/example_trigger_controller_dag.py took 0.100 seconds
[2025-12-31T21:19:11.945+0000] {processor.py:186} INFO - Started process (PID=965) to work on /home/airflow/.local/lib/python3.12/site-packages/airflow/example_dags/example_trigger_controller_dag.py
[2025-12-31T21:19:11.946+0000] {processor.py:914} INFO - Processing file /home/airflow/.local/lib/python3.12/site-packages/airflow/example_dags/example_trigger_controller_dag.py for tasks to queue
[2025-12-31T21:19:11.949+0000] {logging_mixin.py:190} INFO - [2025-12-31T21:19:11.949+0000] {dagbag.py:588} INFO - Filling up the DagBag from /home/airflow/.local/lib/python3.12/site-packages/airflow/example_dags/example_trigger_controller_dag.py
[2025-12-31T21:19:11.957+0000] {processor.py:925} INFO - DAG(s) 'example_trigger_controller_dag' retrieved from /home/airflow/.local/lib/python3.12/site-packages/airflow/example_dags/example_trigger_controller_dag.py
[2025-12-31T21:19:11.978+0000] {logging_mixin.py:190} INFO - [2025-12-31T21:19:11.978+0000] {dag.py:3239} INFO - Sync 1 DAGs
[2025-12-31T21:19:12.002+0000] {logging_mixin.py:190} INFO - [2025-12-31T21:19:12.002+0000] {dag.py:4180} INFO - Setting next_dagrun for example_trigger_controller_dag to 2021-01-01 00:00:00+00:00, run_after=2021-01-01 00:00:00+00:00
[2025-12-31T21:19:12.030+0000] {processor.py:208} INFO - Processing /home/airflow/.local/lib/python3.12/site-packages/airflow/example_dags/example_trigger_controller_dag.py took 0.091 seconds
[2025-12-31T21:19:42.290+0000] {processor.py:186} INFO - Started process (PID=1028) to work on /home/airflow/.local/lib/python3.12/site-packages/airflow/example_dags/example_trigger_controller_dag.py
[2025-12-31T21:19:42.292+0000] {processor.py:914} INFO - Processing file /home/airflow/.local/lib/python3.12/site-packages/airflow/example_dags/example_trigger_controller_dag.py for tasks to queue
[2025-12-31T21:19:42.295+0000] {logging_mixin.py:190} INFO - [2025-12-31T21:19:42.295+0000] {dagbag.py:588} INFO - Filling up the DagBag from /home/airflow/.local/lib/python3.12/site-packages/airflow/example_dags/example_trigger_controller_dag.py
[2025-12-31T21:19:42.303+0000] {processor.py:925} INFO - DAG(s) 'example_trigger_controller_dag' retrieved from /home/airflow/.local/lib/python3.12/site-packages/airflow/example_dags/example_trigger_controller_dag.py
[2025-12-31T21:19:42.328+0000] {logging_mixin.py:190} INFO - [2025-12-31T21:19:42.328+0000] {dag.py:3239} INFO - Sync 1 DAGs
[2025-12-31T21:19:42.358+0000] {logging_mixin.py:190} INFO - [2025-12-31T21:19:42.358+0000] {dag.py:4180} INFO - Setting next_dagrun for example_trigger_controller_dag to 2021-01-01 00:00:00+00:00, run_after=2021-01-01 00:00:00+00:00
[2025-12-31T21:19:42.391+0000] {processor.py:208} INFO - Processing /home/airflow/.local/lib/python3.12/site-packages/airflow/example_dags/example_trigger_controller_dag.py took 0.108 seconds
[2025-12-31T21:20:12.560+0000] {processor.py:186} INFO - Started process (PID=1091) to work on /home/airflow/.local/lib/python3.12/site-packages/airflow/example_dags/example_trigger_controller_dag.py
[2025-12-31T21:20:12.561+0000] {processor.py:914} INFO - Processing file /home/airflow/.local/lib/python3.12/site-packages/airflow/example_dags/example_trigger_controller_dag.py for tasks to queue
[2025-12-31T21:20:12.563+0000] {logging_mixin.py:190} INFO - [2025-12-31T21:20:12.563+0000] {dagbag.py:588} INFO - Filling up the DagBag from /home/airflow/.local/lib/python3.12/site-packages/airflow/example_dags/example_trigger_controller_dag.py
[2025-12-31T21:20:12.571+0000] {processor.py:925} INFO - DAG(s) 'example_trigger_controller_dag' retrieved from /home/airflow/.local/lib/python3.12/site-packages/airflow/example_dags/example_trigger_controller_dag.py
[2025-12-31T21:20:12.593+0000] {logging_mixin.py:190} INFO - [2025-12-31T21:20:12.592+0000] {dag.py:3239} INFO - Sync 1 DAGs
[2025-12-31T21:20:12.619+0000] {logging_mixin.py:190} INFO - [2025-12-31T21:20:12.618+0000] {dag.py:4180} INFO - Setting next_dagrun for example_trigger_controller_dag to 2021-01-01 00:00:00+00:00, run_after=2021-01-01 00:00:00+00:00
[2025-12-31T21:20:12.646+0000] {processor.py:208} INFO - Processing /home/airflow/.local/lib/python3.12/site-packages/airflow/example_dags/example_trigger_controller_dag.py took 0.092 seconds
[2025-12-31T21:20:42.805+0000] {processor.py:186} INFO - Started process (PID=1154) to work on /home/airflow/.local/lib/python3.12/site-packages/airflow/example_dags/example_trigger_controller_dag.py
[2025-12-31T21:20:42.806+0000] {processor.py:914} INFO - Processing file /home/airflow/.local/lib/python3.12/site-packages/airflow/example_dags/example_trigger_controller_dag.py for tasks to queue
[2025-12-31T21:20:42.810+0000] {logging_mixin.py:190} INFO - [2025-12-31T21:20:42.809+0000] {dagbag.py:588} INFO - Filling up the DagBag from /home/airflow/.local/lib/python3.12/site-packages/airflow/example_dags/example_trigger_controller_dag.py
[2025-12-31T21:20:42.818+0000] {processor.py:925} INFO - DAG(s) 'example_trigger_controller_dag' retrieved from /home/airflow/.local/lib/python3.12/site-packages/airflow/example_dags/example_trigger_controller_dag.py
[2025-12-31T21:20:42.842+0000] {logging_mixin.py:190} INFO - [2025-12-31T21:20:42.842+0000] {dag.py:3239} INFO - Sync 1 DAGs
[2025-12-31T21:20:42.872+0000] {logging_mixin.py:190} INFO - [2025-12-31T21:20:42.872+0000] {dag.py:4180} INFO - Setting next_dagrun for example_trigger_controller_dag to 2021-01-01 00:00:00+00:00, run_after=2021-01-01 00:00:00+00:00
[2025-12-31T21:20:42.897+0000] {processor.py:208} INFO - Processing /home/airflow/.local/lib/python3.12/site-packages/airflow/example_dags/example_trigger_controller_dag.py took 0.100 seconds
[2025-12-31T21:21:13.256+0000] {processor.py:186} INFO - Started process (PID=1217) to work on /home/airflow/.local/lib/python3.12/site-packages/airflow/example_dags/example_trigger_controller_dag.py
[2025-12-31T21:21:13.258+0000] {processor.py:914} INFO - Processing file /home/airflow/.local/lib/python3.12/site-packages/airflow/example_dags/example_trigger_controller_dag.py for tasks to queue
[2025-12-31T21:21:13.261+0000] {logging_mixin.py:190} INFO - [2025-12-31T21:21:13.260+0000] {dagbag.py:588} INFO - Filling up the DagBag from /home/airflow/.local/lib/python3.12/site-packages/airflow/example_dags/example_trigger_controller_dag.py
[2025-12-31T21:21:13.270+0000] {processor.py:925} INFO - DAG(s) 'example_trigger_controller_dag' retrieved from /home/airflow/.local/lib/python3.12/site-packages/airflow/example_dags/example_trigger_controller_dag.py
[2025-12-31T21:21:13.298+0000] {logging_mixin.py:190} INFO - [2025-12-31T21:21:13.298+0000] {dag.py:3239} INFO - Sync 1 DAGs
[2025-12-31T21:21:13.330+0000] {logging_mixin.py:190} INFO - [2025-12-31T21:21:13.329+0000] {dag.py:4180} INFO - Setting next_dagrun for example_trigger_controller_dag to 2021-01-01 00:00:00+00:00, run_after=2021-01-01 00:00:00+00:00
[2025-12-31T21:21:13.354+0000] {processor.py:208} INFO - Processing /home/airflow/.local/lib/python3.12/site-packages/airflow/example_dags/example_trigger_controller_dag.py took 0.104 seconds
