[2025-12-31T21:12:04.733+0000] {processor.py:186} INFO - Started process (PID=84) to work on /home/airflow/.local/lib/python3.12/site-packages/airflow/example_dags/example_setup_teardown.py
[2025-12-31T21:12:04.735+0000] {processor.py:914} INFO - Processing file /home/airflow/.local/lib/python3.12/site-packages/airflow/example_dags/example_setup_teardown.py for tasks to queue
[2025-12-31T21:12:04.738+0000] {logging_mixin.py:190} INFO - [2025-12-31T21:12:04.738+0000] {dagbag.py:588} INFO - Filling up the DagBag from /home/airflow/.local/lib/python3.12/site-packages/airflow/example_dags/example_setup_teardown.py
[2025-12-31T21:12:04.752+0000] {processor.py:925} INFO - DAG(s) 'example_setup_teardown' retrieved from /home/airflow/.local/lib/python3.12/site-packages/airflow/example_dags/example_setup_teardown.py
[2025-12-31T21:12:04.921+0000] {logging_mixin.py:190} INFO - [2025-12-31T21:12:04.921+0000] {override.py:1912} INFO - Created Permission View: can read on DAG:example_setup_teardown
[2025-12-31T21:12:04.936+0000] {logging_mixin.py:190} INFO - [2025-12-31T21:12:04.935+0000] {override.py:1912} INFO - Created Permission View: can delete on DAG:example_setup_teardown
[2025-12-31T21:12:04.949+0000] {logging_mixin.py:190} INFO - [2025-12-31T21:12:04.949+0000] {override.py:1912} INFO - Created Permission View: can edit on DAG:example_setup_teardown
[2025-12-31T21:12:04.961+0000] {logging_mixin.py:190} INFO - [2025-12-31T21:12:04.961+0000] {override.py:1912} INFO - Created Permission View: can read on DAG Run:example_setup_teardown
[2025-12-31T21:12:04.972+0000] {logging_mixin.py:190} INFO - [2025-12-31T21:12:04.971+0000] {override.py:1912} INFO - Created Permission View: can create on DAG Run:example_setup_teardown
[2025-12-31T21:12:04.983+0000] {logging_mixin.py:190} INFO - [2025-12-31T21:12:04.983+0000] {override.py:1912} INFO - Created Permission View: can delete on DAG Run:example_setup_teardown
[2025-12-31T21:12:04.994+0000] {logging_mixin.py:190} INFO - [2025-12-31T21:12:04.994+0000] {override.py:1912} INFO - Created Permission View: menu access on DAG Run:example_setup_teardown
[2025-12-31T21:12:04.995+0000] {logging_mixin.py:190} INFO - [2025-12-31T21:12:04.995+0000] {dag.py:3239} INFO - Sync 1 DAGs
[2025-12-31T21:12:05.015+0000] {logging_mixin.py:190} INFO - [2025-12-31T21:12:05.015+0000] {dag.py:3262} INFO - Creating ORM DAG for example_setup_teardown
[2025-12-31T21:12:05.016+0000] {logging_mixin.py:190} INFO - [2025-12-31T21:12:05.016+0000] {dag.py:4180} INFO - Setting next_dagrun for example_setup_teardown to None, run_after=None
[2025-12-31T21:12:05.040+0000] {processor.py:208} INFO - Processing /home/airflow/.local/lib/python3.12/site-packages/airflow/example_dags/example_setup_teardown.py took 0.316 seconds
[2025-12-31T21:12:35.282+0000] {processor.py:186} INFO - Started process (PID=147) to work on /home/airflow/.local/lib/python3.12/site-packages/airflow/example_dags/example_setup_teardown.py
[2025-12-31T21:12:35.283+0000] {processor.py:914} INFO - Processing file /home/airflow/.local/lib/python3.12/site-packages/airflow/example_dags/example_setup_teardown.py for tasks to queue
[2025-12-31T21:12:35.286+0000] {logging_mixin.py:190} INFO - [2025-12-31T21:12:35.286+0000] {dagbag.py:588} INFO - Filling up the DagBag from /home/airflow/.local/lib/python3.12/site-packages/airflow/example_dags/example_setup_teardown.py
[2025-12-31T21:12:35.297+0000] {processor.py:925} INFO - DAG(s) 'example_setup_teardown' retrieved from /home/airflow/.local/lib/python3.12/site-packages/airflow/example_dags/example_setup_teardown.py
[2025-12-31T21:12:35.323+0000] {logging_mixin.py:190} INFO - [2025-12-31T21:12:35.323+0000] {dag.py:3239} INFO - Sync 1 DAGs
[2025-12-31T21:12:35.341+0000] {logging_mixin.py:190} INFO - [2025-12-31T21:12:35.341+0000] {dag.py:4180} INFO - Setting next_dagrun for example_setup_teardown to None, run_after=None
[2025-12-31T21:12:35.368+0000] {processor.py:208} INFO - Processing /home/airflow/.local/lib/python3.12/site-packages/airflow/example_dags/example_setup_teardown.py took 0.094 seconds
[2025-12-31T21:13:05.422+0000] {processor.py:186} INFO - Started process (PID=210) to work on /home/airflow/.local/lib/python3.12/site-packages/airflow/example_dags/example_setup_teardown.py
[2025-12-31T21:13:05.423+0000] {processor.py:914} INFO - Processing file /home/airflow/.local/lib/python3.12/site-packages/airflow/example_dags/example_setup_teardown.py for tasks to queue
[2025-12-31T21:13:05.426+0000] {logging_mixin.py:190} INFO - [2025-12-31T21:13:05.425+0000] {dagbag.py:588} INFO - Filling up the DagBag from /home/airflow/.local/lib/python3.12/site-packages/airflow/example_dags/example_setup_teardown.py
[2025-12-31T21:13:05.436+0000] {processor.py:925} INFO - DAG(s) 'example_setup_teardown' retrieved from /home/airflow/.local/lib/python3.12/site-packages/airflow/example_dags/example_setup_teardown.py
[2025-12-31T21:13:05.462+0000] {logging_mixin.py:190} INFO - [2025-12-31T21:13:05.461+0000] {dag.py:3239} INFO - Sync 1 DAGs
[2025-12-31T21:13:05.478+0000] {logging_mixin.py:190} INFO - [2025-12-31T21:13:05.478+0000] {dag.py:4180} INFO - Setting next_dagrun for example_setup_teardown to None, run_after=None
[2025-12-31T21:13:05.505+0000] {processor.py:208} INFO - Processing /home/airflow/.local/lib/python3.12/site-packages/airflow/example_dags/example_setup_teardown.py took 0.090 seconds
[2025-12-31T21:13:36.028+0000] {processor.py:186} INFO - Started process (PID=274) to work on /home/airflow/.local/lib/python3.12/site-packages/airflow/example_dags/example_setup_teardown.py
[2025-12-31T21:13:36.029+0000] {processor.py:914} INFO - Processing file /home/airflow/.local/lib/python3.12/site-packages/airflow/example_dags/example_setup_teardown.py for tasks to queue
[2025-12-31T21:13:36.033+0000] {logging_mixin.py:190} INFO - [2025-12-31T21:13:36.033+0000] {dagbag.py:588} INFO - Filling up the DagBag from /home/airflow/.local/lib/python3.12/site-packages/airflow/example_dags/example_setup_teardown.py
[2025-12-31T21:13:36.045+0000] {processor.py:925} INFO - DAG(s) 'example_setup_teardown' retrieved from /home/airflow/.local/lib/python3.12/site-packages/airflow/example_dags/example_setup_teardown.py
[2025-12-31T21:13:36.070+0000] {logging_mixin.py:190} INFO - [2025-12-31T21:13:36.070+0000] {dag.py:3239} INFO - Sync 1 DAGs
[2025-12-31T21:13:36.088+0000] {logging_mixin.py:190} INFO - [2025-12-31T21:13:36.088+0000] {dag.py:4180} INFO - Setting next_dagrun for example_setup_teardown to None, run_after=None
[2025-12-31T21:13:36.109+0000] {processor.py:208} INFO - Processing /home/airflow/.local/lib/python3.12/site-packages/airflow/example_dags/example_setup_teardown.py took 0.089 seconds
[2025-12-31T21:14:06.282+0000] {processor.py:186} INFO - Started process (PID=337) to work on /home/airflow/.local/lib/python3.12/site-packages/airflow/example_dags/example_setup_teardown.py
[2025-12-31T21:14:06.284+0000] {processor.py:914} INFO - Processing file /home/airflow/.local/lib/python3.12/site-packages/airflow/example_dags/example_setup_teardown.py for tasks to queue
[2025-12-31T21:14:06.287+0000] {logging_mixin.py:190} INFO - [2025-12-31T21:14:06.286+0000] {dagbag.py:588} INFO - Filling up the DagBag from /home/airflow/.local/lib/python3.12/site-packages/airflow/example_dags/example_setup_teardown.py
[2025-12-31T21:14:06.298+0000] {processor.py:925} INFO - DAG(s) 'example_setup_teardown' retrieved from /home/airflow/.local/lib/python3.12/site-packages/airflow/example_dags/example_setup_teardown.py
[2025-12-31T21:14:06.325+0000] {logging_mixin.py:190} INFO - [2025-12-31T21:14:06.324+0000] {dag.py:3239} INFO - Sync 1 DAGs
[2025-12-31T21:14:06.343+0000] {logging_mixin.py:190} INFO - [2025-12-31T21:14:06.342+0000] {dag.py:4180} INFO - Setting next_dagrun for example_setup_teardown to None, run_after=None
[2025-12-31T21:14:06.371+0000] {processor.py:208} INFO - Processing /home/airflow/.local/lib/python3.12/site-packages/airflow/example_dags/example_setup_teardown.py took 0.096 seconds
[2025-12-31T21:14:36.573+0000] {processor.py:186} INFO - Started process (PID=400) to work on /home/airflow/.local/lib/python3.12/site-packages/airflow/example_dags/example_setup_teardown.py
[2025-12-31T21:14:36.574+0000] {processor.py:914} INFO - Processing file /home/airflow/.local/lib/python3.12/site-packages/airflow/example_dags/example_setup_teardown.py for tasks to queue
[2025-12-31T21:14:36.577+0000] {logging_mixin.py:190} INFO - [2025-12-31T21:14:36.577+0000] {dagbag.py:588} INFO - Filling up the DagBag from /home/airflow/.local/lib/python3.12/site-packages/airflow/example_dags/example_setup_teardown.py
[2025-12-31T21:14:36.589+0000] {processor.py:925} INFO - DAG(s) 'example_setup_teardown' retrieved from /home/airflow/.local/lib/python3.12/site-packages/airflow/example_dags/example_setup_teardown.py
[2025-12-31T21:14:36.611+0000] {logging_mixin.py:190} INFO - [2025-12-31T21:14:36.611+0000] {dag.py:3239} INFO - Sync 1 DAGs
[2025-12-31T21:14:36.629+0000] {logging_mixin.py:190} INFO - [2025-12-31T21:14:36.628+0000] {dag.py:4180} INFO - Setting next_dagrun for example_setup_teardown to None, run_after=None
[2025-12-31T21:14:36.652+0000] {processor.py:208} INFO - Processing /home/airflow/.local/lib/python3.12/site-packages/airflow/example_dags/example_setup_teardown.py took 0.087 seconds
[2025-12-31T21:15:07.128+0000] {processor.py:186} INFO - Started process (PID=463) to work on /home/airflow/.local/lib/python3.12/site-packages/airflow/example_dags/example_setup_teardown.py
[2025-12-31T21:15:07.129+0000] {processor.py:914} INFO - Processing file /home/airflow/.local/lib/python3.12/site-packages/airflow/example_dags/example_setup_teardown.py for tasks to queue
[2025-12-31T21:15:07.132+0000] {logging_mixin.py:190} INFO - [2025-12-31T21:15:07.132+0000] {dagbag.py:588} INFO - Filling up the DagBag from /home/airflow/.local/lib/python3.12/site-packages/airflow/example_dags/example_setup_teardown.py
[2025-12-31T21:15:07.143+0000] {processor.py:925} INFO - DAG(s) 'example_setup_teardown' retrieved from /home/airflow/.local/lib/python3.12/site-packages/airflow/example_dags/example_setup_teardown.py
[2025-12-31T21:15:07.165+0000] {logging_mixin.py:190} INFO - [2025-12-31T21:15:07.165+0000] {dag.py:3239} INFO - Sync 1 DAGs
[2025-12-31T21:15:07.183+0000] {logging_mixin.py:190} INFO - [2025-12-31T21:15:07.182+0000] {dag.py:4180} INFO - Setting next_dagrun for example_setup_teardown to None, run_after=None
[2025-12-31T21:15:07.215+0000] {processor.py:208} INFO - Processing /home/airflow/.local/lib/python3.12/site-packages/airflow/example_dags/example_setup_teardown.py took 0.093 seconds
[2025-12-31T21:15:38.246+0000] {processor.py:186} INFO - Started process (PID=526) to work on /home/airflow/.local/lib/python3.12/site-packages/airflow/example_dags/example_setup_teardown.py
[2025-12-31T21:15:38.247+0000] {processor.py:914} INFO - Processing file /home/airflow/.local/lib/python3.12/site-packages/airflow/example_dags/example_setup_teardown.py for tasks to queue
[2025-12-31T21:15:38.251+0000] {logging_mixin.py:190} INFO - [2025-12-31T21:15:38.250+0000] {dagbag.py:588} INFO - Filling up the DagBag from /home/airflow/.local/lib/python3.12/site-packages/airflow/example_dags/example_setup_teardown.py
[2025-12-31T21:15:38.262+0000] {processor.py:925} INFO - DAG(s) 'example_setup_teardown' retrieved from /home/airflow/.local/lib/python3.12/site-packages/airflow/example_dags/example_setup_teardown.py
[2025-12-31T21:15:38.291+0000] {logging_mixin.py:190} INFO - [2025-12-31T21:15:38.290+0000] {dag.py:3239} INFO - Sync 1 DAGs
[2025-12-31T21:15:38.311+0000] {logging_mixin.py:190} INFO - [2025-12-31T21:15:38.311+0000] {dag.py:4180} INFO - Setting next_dagrun for example_setup_teardown to None, run_after=None
[2025-12-31T21:15:38.341+0000] {processor.py:208} INFO - Processing /home/airflow/.local/lib/python3.12/site-packages/airflow/example_dags/example_setup_teardown.py took 0.103 seconds
[2025-12-31T21:16:09.040+0000] {processor.py:186} INFO - Started process (PID=590) to work on /home/airflow/.local/lib/python3.12/site-packages/airflow/example_dags/example_setup_teardown.py
[2025-12-31T21:16:09.041+0000] {processor.py:914} INFO - Processing file /home/airflow/.local/lib/python3.12/site-packages/airflow/example_dags/example_setup_teardown.py for tasks to queue
[2025-12-31T21:16:09.044+0000] {logging_mixin.py:190} INFO - [2025-12-31T21:16:09.043+0000] {dagbag.py:588} INFO - Filling up the DagBag from /home/airflow/.local/lib/python3.12/site-packages/airflow/example_dags/example_setup_teardown.py
[2025-12-31T21:16:09.054+0000] {processor.py:925} INFO - DAG(s) 'example_setup_teardown' retrieved from /home/airflow/.local/lib/python3.12/site-packages/airflow/example_dags/example_setup_teardown.py
[2025-12-31T21:16:09.077+0000] {logging_mixin.py:190} INFO - [2025-12-31T21:16:09.077+0000] {dag.py:3239} INFO - Sync 1 DAGs
[2025-12-31T21:16:09.093+0000] {logging_mixin.py:190} INFO - [2025-12-31T21:16:09.093+0000] {dag.py:4180} INFO - Setting next_dagrun for example_setup_teardown to None, run_after=None
[2025-12-31T21:16:09.119+0000] {processor.py:208} INFO - Processing /home/airflow/.local/lib/python3.12/site-packages/airflow/example_dags/example_setup_teardown.py took 0.087 seconds
[2025-12-31T21:16:39.527+0000] {processor.py:186} INFO - Started process (PID=653) to work on /home/airflow/.local/lib/python3.12/site-packages/airflow/example_dags/example_setup_teardown.py
[2025-12-31T21:16:39.528+0000] {processor.py:914} INFO - Processing file /home/airflow/.local/lib/python3.12/site-packages/airflow/example_dags/example_setup_teardown.py for tasks to queue
[2025-12-31T21:16:39.531+0000] {logging_mixin.py:190} INFO - [2025-12-31T21:16:39.530+0000] {dagbag.py:588} INFO - Filling up the DagBag from /home/airflow/.local/lib/python3.12/site-packages/airflow/example_dags/example_setup_teardown.py
[2025-12-31T21:16:39.541+0000] {processor.py:925} INFO - DAG(s) 'example_setup_teardown' retrieved from /home/airflow/.local/lib/python3.12/site-packages/airflow/example_dags/example_setup_teardown.py
[2025-12-31T21:16:39.564+0000] {logging_mixin.py:190} INFO - [2025-12-31T21:16:39.564+0000] {dag.py:3239} INFO - Sync 1 DAGs
[2025-12-31T21:16:39.580+0000] {logging_mixin.py:190} INFO - [2025-12-31T21:16:39.580+0000] {dag.py:4180} INFO - Setting next_dagrun for example_setup_teardown to None, run_after=None
[2025-12-31T21:16:39.607+0000] {processor.py:208} INFO - Processing /home/airflow/.local/lib/python3.12/site-packages/airflow/example_dags/example_setup_teardown.py took 0.087 seconds
[2025-12-31T21:17:09.823+0000] {processor.py:186} INFO - Started process (PID=715) to work on /home/airflow/.local/lib/python3.12/site-packages/airflow/example_dags/example_setup_teardown.py
[2025-12-31T21:17:09.824+0000] {processor.py:914} INFO - Processing file /home/airflow/.local/lib/python3.12/site-packages/airflow/example_dags/example_setup_teardown.py for tasks to queue
[2025-12-31T21:17:09.827+0000] {logging_mixin.py:190} INFO - [2025-12-31T21:17:09.827+0000] {dagbag.py:588} INFO - Filling up the DagBag from /home/airflow/.local/lib/python3.12/site-packages/airflow/example_dags/example_setup_teardown.py
[2025-12-31T21:17:09.838+0000] {processor.py:925} INFO - DAG(s) 'example_setup_teardown' retrieved from /home/airflow/.local/lib/python3.12/site-packages/airflow/example_dags/example_setup_teardown.py
[2025-12-31T21:17:09.862+0000] {logging_mixin.py:190} INFO - [2025-12-31T21:17:09.862+0000] {dag.py:3239} INFO - Sync 1 DAGs
[2025-12-31T21:17:09.879+0000] {logging_mixin.py:190} INFO - [2025-12-31T21:17:09.879+0000] {dag.py:4180} INFO - Setting next_dagrun for example_setup_teardown to None, run_after=None
[2025-12-31T21:17:09.908+0000] {processor.py:208} INFO - Processing /home/airflow/.local/lib/python3.12/site-packages/airflow/example_dags/example_setup_teardown.py took 0.092 seconds
[2025-12-31T21:17:40.385+0000] {processor.py:186} INFO - Started process (PID=779) to work on /home/airflow/.local/lib/python3.12/site-packages/airflow/example_dags/example_setup_teardown.py
[2025-12-31T21:17:40.386+0000] {processor.py:914} INFO - Processing file /home/airflow/.local/lib/python3.12/site-packages/airflow/example_dags/example_setup_teardown.py for tasks to queue
[2025-12-31T21:17:40.389+0000] {logging_mixin.py:190} INFO - [2025-12-31T21:17:40.389+0000] {dagbag.py:588} INFO - Filling up the DagBag from /home/airflow/.local/lib/python3.12/site-packages/airflow/example_dags/example_setup_teardown.py
[2025-12-31T21:17:40.400+0000] {processor.py:925} INFO - DAG(s) 'example_setup_teardown' retrieved from /home/airflow/.local/lib/python3.12/site-packages/airflow/example_dags/example_setup_teardown.py
[2025-12-31T21:17:40.423+0000] {logging_mixin.py:190} INFO - [2025-12-31T21:17:40.423+0000] {dag.py:3239} INFO - Sync 1 DAGs
[2025-12-31T21:17:40.440+0000] {logging_mixin.py:190} INFO - [2025-12-31T21:17:40.440+0000] {dag.py:4180} INFO - Setting next_dagrun for example_setup_teardown to None, run_after=None
[2025-12-31T21:17:40.463+0000] {processor.py:208} INFO - Processing /home/airflow/.local/lib/python3.12/site-packages/airflow/example_dags/example_setup_teardown.py took 0.086 seconds
[2025-12-31T21:18:10.978+0000] {processor.py:186} INFO - Started process (PID=843) to work on /home/airflow/.local/lib/python3.12/site-packages/airflow/example_dags/example_setup_teardown.py
[2025-12-31T21:18:10.979+0000] {processor.py:914} INFO - Processing file /home/airflow/.local/lib/python3.12/site-packages/airflow/example_dags/example_setup_teardown.py for tasks to queue
[2025-12-31T21:18:10.982+0000] {logging_mixin.py:190} INFO - [2025-12-31T21:18:10.981+0000] {dagbag.py:588} INFO - Filling up the DagBag from /home/airflow/.local/lib/python3.12/site-packages/airflow/example_dags/example_setup_teardown.py
[2025-12-31T21:18:10.994+0000] {processor.py:925} INFO - DAG(s) 'example_setup_teardown' retrieved from /home/airflow/.local/lib/python3.12/site-packages/airflow/example_dags/example_setup_teardown.py
[2025-12-31T21:18:11.018+0000] {logging_mixin.py:190} INFO - [2025-12-31T21:18:11.018+0000] {dag.py:3239} INFO - Sync 1 DAGs
[2025-12-31T21:18:11.034+0000] {logging_mixin.py:190} INFO - [2025-12-31T21:18:11.034+0000] {dag.py:4180} INFO - Setting next_dagrun for example_setup_teardown to None, run_after=None
[2025-12-31T21:18:11.062+0000] {processor.py:208} INFO - Processing /home/airflow/.local/lib/python3.12/site-packages/airflow/example_dags/example_setup_teardown.py took 0.093 seconds
[2025-12-31T21:18:42.039+0000] {processor.py:186} INFO - Started process (PID=906) to work on /home/airflow/.local/lib/python3.12/site-packages/airflow/example_dags/example_setup_teardown.py
[2025-12-31T21:18:42.040+0000] {processor.py:914} INFO - Processing file /home/airflow/.local/lib/python3.12/site-packages/airflow/example_dags/example_setup_teardown.py for tasks to queue
[2025-12-31T21:18:42.043+0000] {logging_mixin.py:190} INFO - [2025-12-31T21:18:42.042+0000] {dagbag.py:588} INFO - Filling up the DagBag from /home/airflow/.local/lib/python3.12/site-packages/airflow/example_dags/example_setup_teardown.py
[2025-12-31T21:18:42.054+0000] {processor.py:925} INFO - DAG(s) 'example_setup_teardown' retrieved from /home/airflow/.local/lib/python3.12/site-packages/airflow/example_dags/example_setup_teardown.py
[2025-12-31T21:18:42.079+0000] {logging_mixin.py:190} INFO - [2025-12-31T21:18:42.078+0000] {dag.py:3239} INFO - Sync 1 DAGs
[2025-12-31T21:18:42.098+0000] {logging_mixin.py:190} INFO - [2025-12-31T21:18:42.098+0000] {dag.py:4180} INFO - Setting next_dagrun for example_setup_teardown to None, run_after=None
[2025-12-31T21:18:42.122+0000] {processor.py:208} INFO - Processing /home/airflow/.local/lib/python3.12/site-packages/airflow/example_dags/example_setup_teardown.py took 0.091 seconds
[2025-12-31T21:19:12.340+0000] {processor.py:186} INFO - Started process (PID=969) to work on /home/airflow/.local/lib/python3.12/site-packages/airflow/example_dags/example_setup_teardown.py
[2025-12-31T21:19:12.341+0000] {processor.py:914} INFO - Processing file /home/airflow/.local/lib/python3.12/site-packages/airflow/example_dags/example_setup_teardown.py for tasks to queue
[2025-12-31T21:19:12.344+0000] {logging_mixin.py:190} INFO - [2025-12-31T21:19:12.344+0000] {dagbag.py:588} INFO - Filling up the DagBag from /home/airflow/.local/lib/python3.12/site-packages/airflow/example_dags/example_setup_teardown.py
[2025-12-31T21:19:12.356+0000] {processor.py:925} INFO - DAG(s) 'example_setup_teardown' retrieved from /home/airflow/.local/lib/python3.12/site-packages/airflow/example_dags/example_setup_teardown.py
[2025-12-31T21:19:12.378+0000] {logging_mixin.py:190} INFO - [2025-12-31T21:19:12.377+0000] {dag.py:3239} INFO - Sync 1 DAGs
[2025-12-31T21:19:12.395+0000] {logging_mixin.py:190} INFO - [2025-12-31T21:19:12.395+0000] {dag.py:4180} INFO - Setting next_dagrun for example_setup_teardown to None, run_after=None
[2025-12-31T21:19:12.417+0000] {processor.py:208} INFO - Processing /home/airflow/.local/lib/python3.12/site-packages/airflow/example_dags/example_setup_teardown.py took 0.083 seconds
[2025-12-31T21:19:42.734+0000] {processor.py:186} INFO - Started process (PID=1032) to work on /home/airflow/.local/lib/python3.12/site-packages/airflow/example_dags/example_setup_teardown.py
[2025-12-31T21:19:42.735+0000] {processor.py:914} INFO - Processing file /home/airflow/.local/lib/python3.12/site-packages/airflow/example_dags/example_setup_teardown.py for tasks to queue
[2025-12-31T21:19:42.737+0000] {logging_mixin.py:190} INFO - [2025-12-31T21:19:42.737+0000] {dagbag.py:588} INFO - Filling up the DagBag from /home/airflow/.local/lib/python3.12/site-packages/airflow/example_dags/example_setup_teardown.py
[2025-12-31T21:19:42.748+0000] {processor.py:925} INFO - DAG(s) 'example_setup_teardown' retrieved from /home/airflow/.local/lib/python3.12/site-packages/airflow/example_dags/example_setup_teardown.py
[2025-12-31T21:19:42.769+0000] {logging_mixin.py:190} INFO - [2025-12-31T21:19:42.768+0000] {dag.py:3239} INFO - Sync 1 DAGs
[2025-12-31T21:19:42.783+0000] {logging_mixin.py:190} INFO - [2025-12-31T21:19:42.783+0000] {dag.py:4180} INFO - Setting next_dagrun for example_setup_teardown to None, run_after=None
[2025-12-31T21:19:42.803+0000] {processor.py:208} INFO - Processing /home/airflow/.local/lib/python3.12/site-packages/airflow/example_dags/example_setup_teardown.py took 0.077 seconds
[2025-12-31T21:20:12.848+0000] {processor.py:186} INFO - Started process (PID=1094) to work on /home/airflow/.local/lib/python3.12/site-packages/airflow/example_dags/example_setup_teardown.py
[2025-12-31T21:20:12.849+0000] {processor.py:914} INFO - Processing file /home/airflow/.local/lib/python3.12/site-packages/airflow/example_dags/example_setup_teardown.py for tasks to queue
[2025-12-31T21:20:12.852+0000] {logging_mixin.py:190} INFO - [2025-12-31T21:20:12.852+0000] {dagbag.py:588} INFO - Filling up the DagBag from /home/airflow/.local/lib/python3.12/site-packages/airflow/example_dags/example_setup_teardown.py
[2025-12-31T21:20:12.864+0000] {processor.py:925} INFO - DAG(s) 'example_setup_teardown' retrieved from /home/airflow/.local/lib/python3.12/site-packages/airflow/example_dags/example_setup_teardown.py
[2025-12-31T21:20:12.888+0000] {logging_mixin.py:190} INFO - [2025-12-31T21:20:12.888+0000] {dag.py:3239} INFO - Sync 1 DAGs
[2025-12-31T21:20:12.906+0000] {logging_mixin.py:190} INFO - [2025-12-31T21:20:12.906+0000] {dag.py:4180} INFO - Setting next_dagrun for example_setup_teardown to None, run_after=None
[2025-12-31T21:20:12.935+0000] {processor.py:208} INFO - Processing /home/airflow/.local/lib/python3.12/site-packages/airflow/example_dags/example_setup_teardown.py took 0.094 seconds
[2025-12-31T21:20:43.100+0000] {processor.py:186} INFO - Started process (PID=1157) to work on /home/airflow/.local/lib/python3.12/site-packages/airflow/example_dags/example_setup_teardown.py
[2025-12-31T21:20:43.101+0000] {processor.py:914} INFO - Processing file /home/airflow/.local/lib/python3.12/site-packages/airflow/example_dags/example_setup_teardown.py for tasks to queue
[2025-12-31T21:20:43.104+0000] {logging_mixin.py:190} INFO - [2025-12-31T21:20:43.104+0000] {dagbag.py:588} INFO - Filling up the DagBag from /home/airflow/.local/lib/python3.12/site-packages/airflow/example_dags/example_setup_teardown.py
[2025-12-31T21:20:43.116+0000] {processor.py:925} INFO - DAG(s) 'example_setup_teardown' retrieved from /home/airflow/.local/lib/python3.12/site-packages/airflow/example_dags/example_setup_teardown.py
[2025-12-31T21:20:43.141+0000] {logging_mixin.py:190} INFO - [2025-12-31T21:20:43.141+0000] {dag.py:3239} INFO - Sync 1 DAGs
[2025-12-31T21:20:43.160+0000] {logging_mixin.py:190} INFO - [2025-12-31T21:20:43.160+0000] {dag.py:4180} INFO - Setting next_dagrun for example_setup_teardown to None, run_after=None
[2025-12-31T21:20:43.188+0000] {processor.py:208} INFO - Processing /home/airflow/.local/lib/python3.12/site-packages/airflow/example_dags/example_setup_teardown.py took 0.097 seconds
[2025-12-31T21:21:13.552+0000] {processor.py:186} INFO - Started process (PID=1220) to work on /home/airflow/.local/lib/python3.12/site-packages/airflow/example_dags/example_setup_teardown.py
[2025-12-31T21:21:13.553+0000] {processor.py:914} INFO - Processing file /home/airflow/.local/lib/python3.12/site-packages/airflow/example_dags/example_setup_teardown.py for tasks to queue
[2025-12-31T21:21:13.557+0000] {logging_mixin.py:190} INFO - [2025-12-31T21:21:13.556+0000] {dagbag.py:588} INFO - Filling up the DagBag from /home/airflow/.local/lib/python3.12/site-packages/airflow/example_dags/example_setup_teardown.py
[2025-12-31T21:21:13.568+0000] {processor.py:925} INFO - DAG(s) 'example_setup_teardown' retrieved from /home/airflow/.local/lib/python3.12/site-packages/airflow/example_dags/example_setup_teardown.py
[2025-12-31T21:21:13.595+0000] {logging_mixin.py:190} INFO - [2025-12-31T21:21:13.594+0000] {dag.py:3239} INFO - Sync 1 DAGs
[2025-12-31T21:21:13.614+0000] {logging_mixin.py:190} INFO - [2025-12-31T21:21:13.613+0000] {dag.py:4180} INFO - Setting next_dagrun for example_setup_teardown to None, run_after=None
[2025-12-31T21:21:13.641+0000] {processor.py:208} INFO - Processing /home/airflow/.local/lib/python3.12/site-packages/airflow/example_dags/example_setup_teardown.py took 0.097 seconds
