[2025-12-31T21:12:05.930+0000] {processor.py:186} INFO - Started process (PID=91) to work on /home/airflow/.local/lib/python3.12/site-packages/airflow/example_dags/example_workday_timetable.py
[2025-12-31T21:12:05.931+0000] {processor.py:914} INFO - Processing file /home/airflow/.local/lib/python3.12/site-packages/airflow/example_dags/example_workday_timetable.py for tasks to queue
[2025-12-31T21:12:05.935+0000] {logging_mixin.py:190} INFO - [2025-12-31T21:12:05.934+0000] {dagbag.py:588} INFO - Filling up the DagBag from /home/airflow/.local/lib/python3.12/site-packages/airflow/example_dags/example_workday_timetable.py
[2025-12-31T21:12:05.945+0000] {processor.py:925} INFO - DAG(s) 'example_workday_timetable' retrieved from /home/airflow/.local/lib/python3.12/site-packages/airflow/example_dags/example_workday_timetable.py
[2025-12-31T21:12:06.150+0000] {logging_mixin.py:190} INFO - [2025-12-31T21:12:06.149+0000] {override.py:1912} INFO - Created Permission View: can read on DAG:example_workday_timetable
[2025-12-31T21:12:06.180+0000] {logging_mixin.py:190} INFO - [2025-12-31T21:12:06.179+0000] {override.py:1912} INFO - Created Permission View: can delete on DAG:example_workday_timetable
[2025-12-31T21:12:06.195+0000] {logging_mixin.py:190} INFO - [2025-12-31T21:12:06.194+0000] {override.py:1912} INFO - Created Permission View: can edit on DAG:example_workday_timetable
[2025-12-31T21:12:06.209+0000] {logging_mixin.py:190} INFO - [2025-12-31T21:12:06.208+0000] {override.py:1912} INFO - Created Permission View: can read on DAG Run:example_workday_timetable
[2025-12-31T21:12:06.223+0000] {logging_mixin.py:190} INFO - [2025-12-31T21:12:06.223+0000] {override.py:1912} INFO - Created Permission View: can create on DAG Run:example_workday_timetable
[2025-12-31T21:12:06.240+0000] {logging_mixin.py:190} INFO - [2025-12-31T21:12:06.239+0000] {override.py:1912} INFO - Created Permission View: can delete on DAG Run:example_workday_timetable
[2025-12-31T21:12:06.257+0000] {logging_mixin.py:190} INFO - [2025-12-31T21:12:06.256+0000] {override.py:1912} INFO - Created Permission View: menu access on DAG Run:example_workday_timetable
[2025-12-31T21:12:06.258+0000] {logging_mixin.py:190} INFO - [2025-12-31T21:12:06.258+0000] {dag.py:3239} INFO - Sync 1 DAGs
[2025-12-31T21:12:06.284+0000] {logging_mixin.py:190} INFO - [2025-12-31T21:12:06.284+0000] {dag.py:3262} INFO - Creating ORM DAG for example_workday_timetable
[2025-12-31T21:12:06.373+0000] {logging_mixin.py:190} INFO - [2025-12-31T21:12:06.373+0000] {dag.py:4180} INFO - Setting next_dagrun for example_workday_timetable to 2021-01-04 00:00:00+00:00, run_after=2021-01-05 00:00:00+00:00
[2025-12-31T21:12:06.400+0000] {processor.py:208} INFO - Processing /home/airflow/.local/lib/python3.12/site-packages/airflow/example_dags/example_workday_timetable.py took 0.479 seconds
[2025-12-31T21:12:37.060+0000] {processor.py:186} INFO - Started process (PID=154) to work on /home/airflow/.local/lib/python3.12/site-packages/airflow/example_dags/example_workday_timetable.py
[2025-12-31T21:12:37.062+0000] {processor.py:914} INFO - Processing file /home/airflow/.local/lib/python3.12/site-packages/airflow/example_dags/example_workday_timetable.py for tasks to queue
[2025-12-31T21:12:37.065+0000] {logging_mixin.py:190} INFO - [2025-12-31T21:12:37.065+0000] {dagbag.py:588} INFO - Filling up the DagBag from /home/airflow/.local/lib/python3.12/site-packages/airflow/example_dags/example_workday_timetable.py
[2025-12-31T21:12:37.074+0000] {processor.py:925} INFO - DAG(s) 'example_workday_timetable' retrieved from /home/airflow/.local/lib/python3.12/site-packages/airflow/example_dags/example_workday_timetable.py
[2025-12-31T21:12:37.095+0000] {logging_mixin.py:190} INFO - [2025-12-31T21:12:37.094+0000] {dag.py:3239} INFO - Sync 1 DAGs
[2025-12-31T21:12:37.164+0000] {logging_mixin.py:190} INFO - [2025-12-31T21:12:37.164+0000] {dag.py:4180} INFO - Setting next_dagrun for example_workday_timetable to 2021-01-04 00:00:00+00:00, run_after=2021-01-05 00:00:00+00:00
[2025-12-31T21:12:37.190+0000] {processor.py:208} INFO - Processing /home/airflow/.local/lib/python3.12/site-packages/airflow/example_dags/example_workday_timetable.py took 0.139 seconds
[2025-12-31T21:13:07.955+0000] {processor.py:186} INFO - Started process (PID=217) to work on /home/airflow/.local/lib/python3.12/site-packages/airflow/example_dags/example_workday_timetable.py
[2025-12-31T21:13:07.957+0000] {processor.py:914} INFO - Processing file /home/airflow/.local/lib/python3.12/site-packages/airflow/example_dags/example_workday_timetable.py for tasks to queue
[2025-12-31T21:13:07.960+0000] {logging_mixin.py:190} INFO - [2025-12-31T21:13:07.959+0000] {dagbag.py:588} INFO - Filling up the DagBag from /home/airflow/.local/lib/python3.12/site-packages/airflow/example_dags/example_workday_timetable.py
[2025-12-31T21:13:07.968+0000] {processor.py:925} INFO - DAG(s) 'example_workday_timetable' retrieved from /home/airflow/.local/lib/python3.12/site-packages/airflow/example_dags/example_workday_timetable.py
[2025-12-31T21:13:07.991+0000] {logging_mixin.py:190} INFO - [2025-12-31T21:13:07.991+0000] {dag.py:3239} INFO - Sync 1 DAGs
[2025-12-31T21:13:08.067+0000] {logging_mixin.py:190} INFO - [2025-12-31T21:13:08.067+0000] {dag.py:4180} INFO - Setting next_dagrun for example_workday_timetable to 2021-01-04 00:00:00+00:00, run_after=2021-01-05 00:00:00+00:00
[2025-12-31T21:13:08.095+0000] {processor.py:208} INFO - Processing /home/airflow/.local/lib/python3.12/site-packages/airflow/example_dags/example_workday_timetable.py took 0.146 seconds
[2025-12-31T21:13:38.524+0000] {processor.py:186} INFO - Started process (PID=281) to work on /home/airflow/.local/lib/python3.12/site-packages/airflow/example_dags/example_workday_timetable.py
[2025-12-31T21:13:38.525+0000] {processor.py:914} INFO - Processing file /home/airflow/.local/lib/python3.12/site-packages/airflow/example_dags/example_workday_timetable.py for tasks to queue
[2025-12-31T21:13:38.528+0000] {logging_mixin.py:190} INFO - [2025-12-31T21:13:38.528+0000] {dagbag.py:588} INFO - Filling up the DagBag from /home/airflow/.local/lib/python3.12/site-packages/airflow/example_dags/example_workday_timetable.py
[2025-12-31T21:13:38.536+0000] {processor.py:925} INFO - DAG(s) 'example_workday_timetable' retrieved from /home/airflow/.local/lib/python3.12/site-packages/airflow/example_dags/example_workday_timetable.py
[2025-12-31T21:13:38.559+0000] {logging_mixin.py:190} INFO - [2025-12-31T21:13:38.559+0000] {dag.py:3239} INFO - Sync 1 DAGs
[2025-12-31T21:13:38.636+0000] {logging_mixin.py:190} INFO - [2025-12-31T21:13:38.636+0000] {dag.py:4180} INFO - Setting next_dagrun for example_workday_timetable to 2021-01-04 00:00:00+00:00, run_after=2021-01-05 00:00:00+00:00
[2025-12-31T21:13:38.675+0000] {processor.py:208} INFO - Processing /home/airflow/.local/lib/python3.12/site-packages/airflow/example_dags/example_workday_timetable.py took 0.157 seconds
[2025-12-31T21:14:08.808+0000] {processor.py:186} INFO - Started process (PID=344) to work on /home/airflow/.local/lib/python3.12/site-packages/airflow/example_dags/example_workday_timetable.py
[2025-12-31T21:14:08.810+0000] {processor.py:914} INFO - Processing file /home/airflow/.local/lib/python3.12/site-packages/airflow/example_dags/example_workday_timetable.py for tasks to queue
[2025-12-31T21:14:08.812+0000] {logging_mixin.py:190} INFO - [2025-12-31T21:14:08.812+0000] {dagbag.py:588} INFO - Filling up the DagBag from /home/airflow/.local/lib/python3.12/site-packages/airflow/example_dags/example_workday_timetable.py
[2025-12-31T21:14:08.819+0000] {processor.py:925} INFO - DAG(s) 'example_workday_timetable' retrieved from /home/airflow/.local/lib/python3.12/site-packages/airflow/example_dags/example_workday_timetable.py
[2025-12-31T21:14:08.839+0000] {logging_mixin.py:190} INFO - [2025-12-31T21:14:08.839+0000] {dag.py:3239} INFO - Sync 1 DAGs
[2025-12-31T21:14:08.907+0000] {logging_mixin.py:190} INFO - [2025-12-31T21:14:08.906+0000] {dag.py:4180} INFO - Setting next_dagrun for example_workday_timetable to 2021-01-04 00:00:00+00:00, run_after=2021-01-05 00:00:00+00:00
[2025-12-31T21:14:08.933+0000] {processor.py:208} INFO - Processing /home/airflow/.local/lib/python3.12/site-packages/airflow/example_dags/example_workday_timetable.py took 0.132 seconds
[2025-12-31T21:14:39.019+0000] {processor.py:186} INFO - Started process (PID=407) to work on /home/airflow/.local/lib/python3.12/site-packages/airflow/example_dags/example_workday_timetable.py
[2025-12-31T21:14:39.021+0000] {processor.py:914} INFO - Processing file /home/airflow/.local/lib/python3.12/site-packages/airflow/example_dags/example_workday_timetable.py for tasks to queue
[2025-12-31T21:14:39.023+0000] {logging_mixin.py:190} INFO - [2025-12-31T21:14:39.023+0000] {dagbag.py:588} INFO - Filling up the DagBag from /home/airflow/.local/lib/python3.12/site-packages/airflow/example_dags/example_workday_timetable.py
[2025-12-31T21:14:39.031+0000] {processor.py:925} INFO - DAG(s) 'example_workday_timetable' retrieved from /home/airflow/.local/lib/python3.12/site-packages/airflow/example_dags/example_workday_timetable.py
[2025-12-31T21:14:39.050+0000] {logging_mixin.py:190} INFO - [2025-12-31T21:14:39.050+0000] {dag.py:3239} INFO - Sync 1 DAGs
[2025-12-31T21:14:39.123+0000] {logging_mixin.py:190} INFO - [2025-12-31T21:14:39.122+0000] {dag.py:4180} INFO - Setting next_dagrun for example_workday_timetable to 2021-01-04 00:00:00+00:00, run_after=2021-01-05 00:00:00+00:00
[2025-12-31T21:14:39.144+0000] {processor.py:208} INFO - Processing /home/airflow/.local/lib/python3.12/site-packages/airflow/example_dags/example_workday_timetable.py took 0.140 seconds
[2025-12-31T21:15:09.552+0000] {processor.py:186} INFO - Started process (PID=470) to work on /home/airflow/.local/lib/python3.12/site-packages/airflow/example_dags/example_workday_timetable.py
[2025-12-31T21:15:09.554+0000] {processor.py:914} INFO - Processing file /home/airflow/.local/lib/python3.12/site-packages/airflow/example_dags/example_workday_timetable.py for tasks to queue
[2025-12-31T21:15:09.557+0000] {logging_mixin.py:190} INFO - [2025-12-31T21:15:09.557+0000] {dagbag.py:588} INFO - Filling up the DagBag from /home/airflow/.local/lib/python3.12/site-packages/airflow/example_dags/example_workday_timetable.py
[2025-12-31T21:15:09.566+0000] {processor.py:925} INFO - DAG(s) 'example_workday_timetable' retrieved from /home/airflow/.local/lib/python3.12/site-packages/airflow/example_dags/example_workday_timetable.py
[2025-12-31T21:15:09.589+0000] {logging_mixin.py:190} INFO - [2025-12-31T21:15:09.589+0000] {dag.py:3239} INFO - Sync 1 DAGs
[2025-12-31T21:15:09.662+0000] {logging_mixin.py:190} INFO - [2025-12-31T21:15:09.662+0000] {dag.py:4180} INFO - Setting next_dagrun for example_workday_timetable to 2021-01-04 00:00:00+00:00, run_after=2021-01-05 00:00:00+00:00
[2025-12-31T21:15:09.684+0000] {processor.py:208} INFO - Processing /home/airflow/.local/lib/python3.12/site-packages/airflow/example_dags/example_workday_timetable.py took 0.139 seconds
[2025-12-31T21:15:39.771+0000] {processor.py:186} INFO - Started process (PID=533) to work on /home/airflow/.local/lib/python3.12/site-packages/airflow/example_dags/example_workday_timetable.py
[2025-12-31T21:15:39.772+0000] {processor.py:914} INFO - Processing file /home/airflow/.local/lib/python3.12/site-packages/airflow/example_dags/example_workday_timetable.py for tasks to queue
[2025-12-31T21:15:39.776+0000] {logging_mixin.py:190} INFO - [2025-12-31T21:15:39.776+0000] {dagbag.py:588} INFO - Filling up the DagBag from /home/airflow/.local/lib/python3.12/site-packages/airflow/example_dags/example_workday_timetable.py
[2025-12-31T21:15:39.787+0000] {processor.py:925} INFO - DAG(s) 'example_workday_timetable' retrieved from /home/airflow/.local/lib/python3.12/site-packages/airflow/example_dags/example_workday_timetable.py
[2025-12-31T21:15:39.809+0000] {logging_mixin.py:190} INFO - [2025-12-31T21:15:39.809+0000] {dag.py:3239} INFO - Sync 1 DAGs
[2025-12-31T21:15:39.904+0000] {logging_mixin.py:190} INFO - [2025-12-31T21:15:39.904+0000] {dag.py:4180} INFO - Setting next_dagrun for example_workday_timetable to 2021-01-04 00:00:00+00:00, run_after=2021-01-05 00:00:00+00:00
[2025-12-31T21:15:39.940+0000] {processor.py:208} INFO - Processing /home/airflow/.local/lib/python3.12/site-packages/airflow/example_dags/example_workday_timetable.py took 0.177 seconds
[2025-12-31T21:16:10.465+0000] {processor.py:186} INFO - Started process (PID=597) to work on /home/airflow/.local/lib/python3.12/site-packages/airflow/example_dags/example_workday_timetable.py
[2025-12-31T21:16:10.466+0000] {processor.py:914} INFO - Processing file /home/airflow/.local/lib/python3.12/site-packages/airflow/example_dags/example_workday_timetable.py for tasks to queue
[2025-12-31T21:16:10.469+0000] {logging_mixin.py:190} INFO - [2025-12-31T21:16:10.469+0000] {dagbag.py:588} INFO - Filling up the DagBag from /home/airflow/.local/lib/python3.12/site-packages/airflow/example_dags/example_workday_timetable.py
[2025-12-31T21:16:10.477+0000] {processor.py:925} INFO - DAG(s) 'example_workday_timetable' retrieved from /home/airflow/.local/lib/python3.12/site-packages/airflow/example_dags/example_workday_timetable.py
[2025-12-31T21:16:10.499+0000] {logging_mixin.py:190} INFO - [2025-12-31T21:16:10.499+0000] {dag.py:3239} INFO - Sync 1 DAGs
[2025-12-31T21:16:10.580+0000] {logging_mixin.py:190} INFO - [2025-12-31T21:16:10.580+0000] {dag.py:4180} INFO - Setting next_dagrun for example_workday_timetable to 2021-01-04 00:00:00+00:00, run_after=2021-01-05 00:00:00+00:00
[2025-12-31T21:16:10.602+0000] {processor.py:208} INFO - Processing /home/airflow/.local/lib/python3.12/site-packages/airflow/example_dags/example_workday_timetable.py took 0.143 seconds
[2025-12-31T21:16:41.099+0000] {processor.py:186} INFO - Started process (PID=660) to work on /home/airflow/.local/lib/python3.12/site-packages/airflow/example_dags/example_workday_timetable.py
[2025-12-31T21:16:41.100+0000] {processor.py:914} INFO - Processing file /home/airflow/.local/lib/python3.12/site-packages/airflow/example_dags/example_workday_timetable.py for tasks to queue
[2025-12-31T21:16:41.103+0000] {logging_mixin.py:190} INFO - [2025-12-31T21:16:41.102+0000] {dagbag.py:588} INFO - Filling up the DagBag from /home/airflow/.local/lib/python3.12/site-packages/airflow/example_dags/example_workday_timetable.py
[2025-12-31T21:16:41.110+0000] {processor.py:925} INFO - DAG(s) 'example_workday_timetable' retrieved from /home/airflow/.local/lib/python3.12/site-packages/airflow/example_dags/example_workday_timetable.py
[2025-12-31T21:16:41.132+0000] {logging_mixin.py:190} INFO - [2025-12-31T21:16:41.132+0000] {dag.py:3239} INFO - Sync 1 DAGs
[2025-12-31T21:16:41.201+0000] {logging_mixin.py:190} INFO - [2025-12-31T21:16:41.200+0000] {dag.py:4180} INFO - Setting next_dagrun for example_workday_timetable to 2021-01-04 00:00:00+00:00, run_after=2021-01-05 00:00:00+00:00
[2025-12-31T21:16:41.223+0000] {processor.py:208} INFO - Processing /home/airflow/.local/lib/python3.12/site-packages/airflow/example_dags/example_workday_timetable.py took 0.131 seconds
[2025-12-31T21:17:11.464+0000] {processor.py:186} INFO - Started process (PID=723) to work on /home/airflow/.local/lib/python3.12/site-packages/airflow/example_dags/example_workday_timetable.py
[2025-12-31T21:17:11.465+0000] {processor.py:914} INFO - Processing file /home/airflow/.local/lib/python3.12/site-packages/airflow/example_dags/example_workday_timetable.py for tasks to queue
[2025-12-31T21:17:11.468+0000] {logging_mixin.py:190} INFO - [2025-12-31T21:17:11.468+0000] {dagbag.py:588} INFO - Filling up the DagBag from /home/airflow/.local/lib/python3.12/site-packages/airflow/example_dags/example_workday_timetable.py
[2025-12-31T21:17:11.476+0000] {processor.py:925} INFO - DAG(s) 'example_workday_timetable' retrieved from /home/airflow/.local/lib/python3.12/site-packages/airflow/example_dags/example_workday_timetable.py
[2025-12-31T21:17:11.497+0000] {logging_mixin.py:190} INFO - [2025-12-31T21:17:11.497+0000] {dag.py:3239} INFO - Sync 1 DAGs
[2025-12-31T21:17:11.570+0000] {logging_mixin.py:190} INFO - [2025-12-31T21:17:11.570+0000] {dag.py:4180} INFO - Setting next_dagrun for example_workday_timetable to 2021-01-04 00:00:00+00:00, run_after=2021-01-05 00:00:00+00:00
[2025-12-31T21:17:11.592+0000] {processor.py:208} INFO - Processing /home/airflow/.local/lib/python3.12/site-packages/airflow/example_dags/example_workday_timetable.py took 0.135 seconds
[2025-12-31T21:17:41.787+0000] {processor.py:186} INFO - Started process (PID=786) to work on /home/airflow/.local/lib/python3.12/site-packages/airflow/example_dags/example_workday_timetable.py
[2025-12-31T21:17:41.788+0000] {processor.py:914} INFO - Processing file /home/airflow/.local/lib/python3.12/site-packages/airflow/example_dags/example_workday_timetable.py for tasks to queue
[2025-12-31T21:17:41.791+0000] {logging_mixin.py:190} INFO - [2025-12-31T21:17:41.791+0000] {dagbag.py:588} INFO - Filling up the DagBag from /home/airflow/.local/lib/python3.12/site-packages/airflow/example_dags/example_workday_timetable.py
[2025-12-31T21:17:41.799+0000] {processor.py:925} INFO - DAG(s) 'example_workday_timetable' retrieved from /home/airflow/.local/lib/python3.12/site-packages/airflow/example_dags/example_workday_timetable.py
[2025-12-31T21:17:41.819+0000] {logging_mixin.py:190} INFO - [2025-12-31T21:17:41.819+0000] {dag.py:3239} INFO - Sync 1 DAGs
[2025-12-31T21:17:41.885+0000] {logging_mixin.py:190} INFO - [2025-12-31T21:17:41.884+0000] {dag.py:4180} INFO - Setting next_dagrun for example_workday_timetable to 2021-01-04 00:00:00+00:00, run_after=2021-01-05 00:00:00+00:00
[2025-12-31T21:17:41.907+0000] {processor.py:208} INFO - Processing /home/airflow/.local/lib/python3.12/site-packages/airflow/example_dags/example_workday_timetable.py took 0.127 seconds
[2025-12-31T21:18:12.556+0000] {processor.py:186} INFO - Started process (PID=850) to work on /home/airflow/.local/lib/python3.12/site-packages/airflow/example_dags/example_workday_timetable.py
[2025-12-31T21:18:12.557+0000] {processor.py:914} INFO - Processing file /home/airflow/.local/lib/python3.12/site-packages/airflow/example_dags/example_workday_timetable.py for tasks to queue
[2025-12-31T21:18:12.559+0000] {logging_mixin.py:190} INFO - [2025-12-31T21:18:12.559+0000] {dagbag.py:588} INFO - Filling up the DagBag from /home/airflow/.local/lib/python3.12/site-packages/airflow/example_dags/example_workday_timetable.py
[2025-12-31T21:18:12.567+0000] {processor.py:925} INFO - DAG(s) 'example_workday_timetable' retrieved from /home/airflow/.local/lib/python3.12/site-packages/airflow/example_dags/example_workday_timetable.py
[2025-12-31T21:18:12.588+0000] {logging_mixin.py:190} INFO - [2025-12-31T21:18:12.588+0000] {dag.py:3239} INFO - Sync 1 DAGs
[2025-12-31T21:18:12.659+0000] {logging_mixin.py:190} INFO - [2025-12-31T21:18:12.659+0000] {dag.py:4180} INFO - Setting next_dagrun for example_workday_timetable to 2021-01-04 00:00:00+00:00, run_after=2021-01-05 00:00:00+00:00
[2025-12-31T21:18:12.685+0000] {processor.py:208} INFO - Processing /home/airflow/.local/lib/python3.12/site-packages/airflow/example_dags/example_workday_timetable.py took 0.136 seconds
[2025-12-31T21:18:43.452+0000] {processor.py:186} INFO - Started process (PID=913) to work on /home/airflow/.local/lib/python3.12/site-packages/airflow/example_dags/example_workday_timetable.py
[2025-12-31T21:18:43.454+0000] {processor.py:914} INFO - Processing file /home/airflow/.local/lib/python3.12/site-packages/airflow/example_dags/example_workday_timetable.py for tasks to queue
[2025-12-31T21:18:43.456+0000] {logging_mixin.py:190} INFO - [2025-12-31T21:18:43.456+0000] {dagbag.py:588} INFO - Filling up the DagBag from /home/airflow/.local/lib/python3.12/site-packages/airflow/example_dags/example_workday_timetable.py
[2025-12-31T21:18:43.464+0000] {processor.py:925} INFO - DAG(s) 'example_workday_timetable' retrieved from /home/airflow/.local/lib/python3.12/site-packages/airflow/example_dags/example_workday_timetable.py
[2025-12-31T21:18:43.487+0000] {logging_mixin.py:190} INFO - [2025-12-31T21:18:43.486+0000] {dag.py:3239} INFO - Sync 1 DAGs
[2025-12-31T21:18:43.562+0000] {logging_mixin.py:190} INFO - [2025-12-31T21:18:43.562+0000] {dag.py:4180} INFO - Setting next_dagrun for example_workday_timetable to 2021-01-04 00:00:00+00:00, run_after=2021-01-05 00:00:00+00:00
[2025-12-31T21:18:43.586+0000] {processor.py:208} INFO - Processing /home/airflow/.local/lib/python3.12/site-packages/airflow/example_dags/example_workday_timetable.py took 0.141 seconds
[2025-12-31T21:19:13.744+0000] {processor.py:186} INFO - Started process (PID=976) to work on /home/airflow/.local/lib/python3.12/site-packages/airflow/example_dags/example_workday_timetable.py
[2025-12-31T21:19:13.745+0000] {processor.py:914} INFO - Processing file /home/airflow/.local/lib/python3.12/site-packages/airflow/example_dags/example_workday_timetable.py for tasks to queue
[2025-12-31T21:19:13.747+0000] {logging_mixin.py:190} INFO - [2025-12-31T21:19:13.747+0000] {dagbag.py:588} INFO - Filling up the DagBag from /home/airflow/.local/lib/python3.12/site-packages/airflow/example_dags/example_workday_timetable.py
[2025-12-31T21:19:13.756+0000] {processor.py:925} INFO - DAG(s) 'example_workday_timetable' retrieved from /home/airflow/.local/lib/python3.12/site-packages/airflow/example_dags/example_workday_timetable.py
[2025-12-31T21:19:13.776+0000] {logging_mixin.py:190} INFO - [2025-12-31T21:19:13.776+0000] {dag.py:3239} INFO - Sync 1 DAGs
[2025-12-31T21:19:13.850+0000] {logging_mixin.py:190} INFO - [2025-12-31T21:19:13.850+0000] {dag.py:4180} INFO - Setting next_dagrun for example_workday_timetable to 2021-01-04 00:00:00+00:00, run_after=2021-01-05 00:00:00+00:00
[2025-12-31T21:19:13.871+0000] {processor.py:208} INFO - Processing /home/airflow/.local/lib/python3.12/site-packages/airflow/example_dags/example_workday_timetable.py took 0.133 seconds
[2025-12-31T21:19:44.195+0000] {processor.py:186} INFO - Started process (PID=1039) to work on /home/airflow/.local/lib/python3.12/site-packages/airflow/example_dags/example_workday_timetable.py
[2025-12-31T21:19:44.197+0000] {processor.py:914} INFO - Processing file /home/airflow/.local/lib/python3.12/site-packages/airflow/example_dags/example_workday_timetable.py for tasks to queue
[2025-12-31T21:19:44.200+0000] {logging_mixin.py:190} INFO - [2025-12-31T21:19:44.200+0000] {dagbag.py:588} INFO - Filling up the DagBag from /home/airflow/.local/lib/python3.12/site-packages/airflow/example_dags/example_workday_timetable.py
[2025-12-31T21:19:44.209+0000] {processor.py:925} INFO - DAG(s) 'example_workday_timetable' retrieved from /home/airflow/.local/lib/python3.12/site-packages/airflow/example_dags/example_workday_timetable.py
[2025-12-31T21:19:44.241+0000] {logging_mixin.py:190} INFO - [2025-12-31T21:19:44.240+0000] {dag.py:3239} INFO - Sync 1 DAGs
[2025-12-31T21:19:44.374+0000] {logging_mixin.py:190} INFO - [2025-12-31T21:19:44.374+0000] {dag.py:4180} INFO - Setting next_dagrun for example_workday_timetable to 2021-01-04 00:00:00+00:00, run_after=2021-01-05 00:00:00+00:00
[2025-12-31T21:19:44.919+0000] {processor.py:208} INFO - Processing /home/airflow/.local/lib/python3.12/site-packages/airflow/example_dags/example_workday_timetable.py took 0.730 seconds
[2025-12-31T21:20:15.785+0000] {processor.py:186} INFO - Started process (PID=1102) to work on /home/airflow/.local/lib/python3.12/site-packages/airflow/example_dags/example_workday_timetable.py
[2025-12-31T21:20:15.786+0000] {processor.py:914} INFO - Processing file /home/airflow/.local/lib/python3.12/site-packages/airflow/example_dags/example_workday_timetable.py for tasks to queue
[2025-12-31T21:20:15.789+0000] {logging_mixin.py:190} INFO - [2025-12-31T21:20:15.789+0000] {dagbag.py:588} INFO - Filling up the DagBag from /home/airflow/.local/lib/python3.12/site-packages/airflow/example_dags/example_workday_timetable.py
[2025-12-31T21:20:15.797+0000] {processor.py:925} INFO - DAG(s) 'example_workday_timetable' retrieved from /home/airflow/.local/lib/python3.12/site-packages/airflow/example_dags/example_workday_timetable.py
[2025-12-31T21:20:15.821+0000] {logging_mixin.py:190} INFO - [2025-12-31T21:20:15.821+0000] {dag.py:3239} INFO - Sync 1 DAGs
[2025-12-31T21:20:15.927+0000] {logging_mixin.py:190} INFO - [2025-12-31T21:20:15.926+0000] {dag.py:4180} INFO - Setting next_dagrun for example_workday_timetable to 2021-01-04 00:00:00+00:00, run_after=2021-01-05 00:00:00+00:00
[2025-12-31T21:20:15.956+0000] {processor.py:208} INFO - Processing /home/airflow/.local/lib/python3.12/site-packages/airflow/example_dags/example_workday_timetable.py took 0.178 seconds
[2025-12-31T21:20:46.781+0000] {processor.py:186} INFO - Started process (PID=1165) to work on /home/airflow/.local/lib/python3.12/site-packages/airflow/example_dags/example_workday_timetable.py
[2025-12-31T21:20:46.782+0000] {processor.py:914} INFO - Processing file /home/airflow/.local/lib/python3.12/site-packages/airflow/example_dags/example_workday_timetable.py for tasks to queue
[2025-12-31T21:20:46.785+0000] {logging_mixin.py:190} INFO - [2025-12-31T21:20:46.785+0000] {dagbag.py:588} INFO - Filling up the DagBag from /home/airflow/.local/lib/python3.12/site-packages/airflow/example_dags/example_workday_timetable.py
[2025-12-31T21:20:46.795+0000] {processor.py:925} INFO - DAG(s) 'example_workday_timetable' retrieved from /home/airflow/.local/lib/python3.12/site-packages/airflow/example_dags/example_workday_timetable.py
[2025-12-31T21:20:46.817+0000] {logging_mixin.py:190} INFO - [2025-12-31T21:20:46.817+0000] {dag.py:3239} INFO - Sync 1 DAGs
[2025-12-31T21:20:46.891+0000] {logging_mixin.py:190} INFO - [2025-12-31T21:20:46.891+0000] {dag.py:4180} INFO - Setting next_dagrun for example_workday_timetable to 2021-01-04 00:00:00+00:00, run_after=2021-01-05 00:00:00+00:00
[2025-12-31T21:20:46.915+0000] {processor.py:208} INFO - Processing /home/airflow/.local/lib/python3.12/site-packages/airflow/example_dags/example_workday_timetable.py took 0.145 seconds
[2025-12-31T21:21:17.162+0000] {processor.py:186} INFO - Started process (PID=1228) to work on /home/airflow/.local/lib/python3.12/site-packages/airflow/example_dags/example_workday_timetable.py
[2025-12-31T21:21:17.167+0000] {processor.py:914} INFO - Processing file /home/airflow/.local/lib/python3.12/site-packages/airflow/example_dags/example_workday_timetable.py for tasks to queue
[2025-12-31T21:21:17.173+0000] {logging_mixin.py:190} INFO - [2025-12-31T21:21:17.172+0000] {dagbag.py:588} INFO - Filling up the DagBag from /home/airflow/.local/lib/python3.12/site-packages/airflow/example_dags/example_workday_timetable.py
[2025-12-31T21:21:17.186+0000] {processor.py:925} INFO - DAG(s) 'example_workday_timetable' retrieved from /home/airflow/.local/lib/python3.12/site-packages/airflow/example_dags/example_workday_timetable.py
[2025-12-31T21:21:17.223+0000] {logging_mixin.py:190} INFO - [2025-12-31T21:21:17.223+0000] {dag.py:3239} INFO - Sync 1 DAGs
[2025-12-31T21:21:17.335+0000] {logging_mixin.py:190} INFO - [2025-12-31T21:21:17.334+0000] {dag.py:4180} INFO - Setting next_dagrun for example_workday_timetable to 2021-01-04 00:00:00+00:00, run_after=2021-01-05 00:00:00+00:00
[2025-12-31T21:21:17.365+0000] {processor.py:208} INFO - Processing /home/airflow/.local/lib/python3.12/site-packages/airflow/example_dags/example_workday_timetable.py took 0.224 seconds
