[2025-12-31T21:12:13.125+0000] {processor.py:186} INFO - Started process (PID=111) to work on /home/airflow/.local/lib/python3.12/site-packages/airflow/example_dags/example_branch_labels.py
[2025-12-31T21:12:13.126+0000] {processor.py:914} INFO - Processing file /home/airflow/.local/lib/python3.12/site-packages/airflow/example_dags/example_branch_labels.py for tasks to queue
[2025-12-31T21:12:13.130+0000] {logging_mixin.py:190} INFO - [2025-12-31T21:12:13.129+0000] {dagbag.py:588} INFO - Filling up the DagBag from /home/airflow/.local/lib/python3.12/site-packages/airflow/example_dags/example_branch_labels.py
[2025-12-31T21:12:13.146+0000] {processor.py:925} INFO - DAG(s) 'example_branch_labels' retrieved from /home/airflow/.local/lib/python3.12/site-packages/airflow/example_dags/example_branch_labels.py
[2025-12-31T21:12:13.302+0000] {logging_mixin.py:190} INFO - [2025-12-31T21:12:13.301+0000] {override.py:1912} INFO - Created Permission View: can read on DAG:example_branch_labels
[2025-12-31T21:12:13.318+0000] {logging_mixin.py:190} INFO - [2025-12-31T21:12:13.317+0000] {override.py:1912} INFO - Created Permission View: can delete on DAG:example_branch_labels
[2025-12-31T21:12:13.329+0000] {logging_mixin.py:190} INFO - [2025-12-31T21:12:13.329+0000] {override.py:1912} INFO - Created Permission View: can edit on DAG:example_branch_labels
[2025-12-31T21:12:13.341+0000] {logging_mixin.py:190} INFO - [2025-12-31T21:12:13.341+0000] {override.py:1912} INFO - Created Permission View: can read on DAG Run:example_branch_labels
[2025-12-31T21:12:13.351+0000] {logging_mixin.py:190} INFO - [2025-12-31T21:12:13.351+0000] {override.py:1912} INFO - Created Permission View: can create on DAG Run:example_branch_labels
[2025-12-31T21:12:13.361+0000] {logging_mixin.py:190} INFO - [2025-12-31T21:12:13.361+0000] {override.py:1912} INFO - Created Permission View: can delete on DAG Run:example_branch_labels
[2025-12-31T21:12:13.371+0000] {logging_mixin.py:190} INFO - [2025-12-31T21:12:13.370+0000] {override.py:1912} INFO - Created Permission View: menu access on DAG Run:example_branch_labels
[2025-12-31T21:12:13.371+0000] {logging_mixin.py:190} INFO - [2025-12-31T21:12:13.371+0000] {dag.py:3239} INFO - Sync 1 DAGs
[2025-12-31T21:12:13.388+0000] {logging_mixin.py:190} INFO - [2025-12-31T21:12:13.388+0000] {dag.py:3262} INFO - Creating ORM DAG for example_branch_labels
[2025-12-31T21:12:13.403+0000] {logging_mixin.py:190} INFO - [2025-12-31T21:12:13.402+0000] {dag.py:4180} INFO - Setting next_dagrun for example_branch_labels to 2025-12-30 00:00:00+00:00, run_after=2025-12-31 00:00:00+00:00
[2025-12-31T21:12:13.422+0000] {processor.py:208} INFO - Processing /home/airflow/.local/lib/python3.12/site-packages/airflow/example_dags/example_branch_labels.py took 0.306 seconds
[2025-12-31T21:12:43.475+0000] {processor.py:186} INFO - Started process (PID=173) to work on /home/airflow/.local/lib/python3.12/site-packages/airflow/example_dags/example_branch_labels.py
[2025-12-31T21:12:43.477+0000] {processor.py:914} INFO - Processing file /home/airflow/.local/lib/python3.12/site-packages/airflow/example_dags/example_branch_labels.py for tasks to queue
[2025-12-31T21:12:43.481+0000] {logging_mixin.py:190} INFO - [2025-12-31T21:12:43.480+0000] {dagbag.py:588} INFO - Filling up the DagBag from /home/airflow/.local/lib/python3.12/site-packages/airflow/example_dags/example_branch_labels.py
[2025-12-31T21:12:43.497+0000] {processor.py:925} INFO - DAG(s) 'example_branch_labels' retrieved from /home/airflow/.local/lib/python3.12/site-packages/airflow/example_dags/example_branch_labels.py
[2025-12-31T21:12:43.525+0000] {logging_mixin.py:190} INFO - [2025-12-31T21:12:43.524+0000] {dag.py:3239} INFO - Sync 1 DAGs
[2025-12-31T21:12:43.556+0000] {logging_mixin.py:190} INFO - [2025-12-31T21:12:43.555+0000] {dag.py:4180} INFO - Setting next_dagrun for example_branch_labels to 2025-12-30 00:00:00+00:00, run_after=2025-12-31 00:00:00+00:00
[2025-12-31T21:12:43.585+0000] {processor.py:208} INFO - Processing /home/airflow/.local/lib/python3.12/site-packages/airflow/example_dags/example_branch_labels.py took 0.119 seconds
[2025-12-31T21:13:14.560+0000] {processor.py:186} INFO - Started process (PID=236) to work on /home/airflow/.local/lib/python3.12/site-packages/airflow/example_dags/example_branch_labels.py
[2025-12-31T21:13:14.561+0000] {processor.py:914} INFO - Processing file /home/airflow/.local/lib/python3.12/site-packages/airflow/example_dags/example_branch_labels.py for tasks to queue
[2025-12-31T21:13:14.564+0000] {logging_mixin.py:190} INFO - [2025-12-31T21:13:14.564+0000] {dagbag.py:588} INFO - Filling up the DagBag from /home/airflow/.local/lib/python3.12/site-packages/airflow/example_dags/example_branch_labels.py
[2025-12-31T21:13:14.575+0000] {processor.py:925} INFO - DAG(s) 'example_branch_labels' retrieved from /home/airflow/.local/lib/python3.12/site-packages/airflow/example_dags/example_branch_labels.py
[2025-12-31T21:13:14.597+0000] {logging_mixin.py:190} INFO - [2025-12-31T21:13:14.597+0000] {dag.py:3239} INFO - Sync 1 DAGs
[2025-12-31T21:13:14.626+0000] {logging_mixin.py:190} INFO - [2025-12-31T21:13:14.626+0000] {dag.py:4180} INFO - Setting next_dagrun for example_branch_labels to 2025-12-30 00:00:00+00:00, run_after=2025-12-31 00:00:00+00:00
[2025-12-31T21:13:14.648+0000] {processor.py:208} INFO - Processing /home/airflow/.local/lib/python3.12/site-packages/airflow/example_dags/example_branch_labels.py took 0.095 seconds
[2025-12-31T21:13:44.807+0000] {processor.py:186} INFO - Started process (PID=299) to work on /home/airflow/.local/lib/python3.12/site-packages/airflow/example_dags/example_branch_labels.py
[2025-12-31T21:13:44.808+0000] {processor.py:914} INFO - Processing file /home/airflow/.local/lib/python3.12/site-packages/airflow/example_dags/example_branch_labels.py for tasks to queue
[2025-12-31T21:13:44.811+0000] {logging_mixin.py:190} INFO - [2025-12-31T21:13:44.811+0000] {dagbag.py:588} INFO - Filling up the DagBag from /home/airflow/.local/lib/python3.12/site-packages/airflow/example_dags/example_branch_labels.py
[2025-12-31T21:13:44.825+0000] {processor.py:925} INFO - DAG(s) 'example_branch_labels' retrieved from /home/airflow/.local/lib/python3.12/site-packages/airflow/example_dags/example_branch_labels.py
[2025-12-31T21:13:44.853+0000] {logging_mixin.py:190} INFO - [2025-12-31T21:13:44.853+0000] {dag.py:3239} INFO - Sync 1 DAGs
[2025-12-31T21:13:44.886+0000] {logging_mixin.py:190} INFO - [2025-12-31T21:13:44.886+0000] {dag.py:4180} INFO - Setting next_dagrun for example_branch_labels to 2025-12-30 00:00:00+00:00, run_after=2025-12-31 00:00:00+00:00
[2025-12-31T21:13:44.915+0000] {processor.py:208} INFO - Processing /home/airflow/.local/lib/python3.12/site-packages/airflow/example_dags/example_branch_labels.py took 0.116 seconds
[2025-12-31T21:14:15.406+0000] {processor.py:186} INFO - Started process (PID=362) to work on /home/airflow/.local/lib/python3.12/site-packages/airflow/example_dags/example_branch_labels.py
[2025-12-31T21:14:15.408+0000] {processor.py:914} INFO - Processing file /home/airflow/.local/lib/python3.12/site-packages/airflow/example_dags/example_branch_labels.py for tasks to queue
[2025-12-31T21:14:15.412+0000] {logging_mixin.py:190} INFO - [2025-12-31T21:14:15.411+0000] {dagbag.py:588} INFO - Filling up the DagBag from /home/airflow/.local/lib/python3.12/site-packages/airflow/example_dags/example_branch_labels.py
[2025-12-31T21:14:15.427+0000] {processor.py:925} INFO - DAG(s) 'example_branch_labels' retrieved from /home/airflow/.local/lib/python3.12/site-packages/airflow/example_dags/example_branch_labels.py
[2025-12-31T21:14:15.455+0000] {logging_mixin.py:190} INFO - [2025-12-31T21:14:15.454+0000] {dag.py:3239} INFO - Sync 1 DAGs
[2025-12-31T21:14:15.487+0000] {logging_mixin.py:190} INFO - [2025-12-31T21:14:15.486+0000] {dag.py:4180} INFO - Setting next_dagrun for example_branch_labels to 2025-12-30 00:00:00+00:00, run_after=2025-12-31 00:00:00+00:00
[2025-12-31T21:14:15.516+0000] {processor.py:208} INFO - Processing /home/airflow/.local/lib/python3.12/site-packages/airflow/example_dags/example_branch_labels.py took 0.117 seconds
[2025-12-31T21:14:45.576+0000] {processor.py:186} INFO - Started process (PID=424) to work on /home/airflow/.local/lib/python3.12/site-packages/airflow/example_dags/example_branch_labels.py
[2025-12-31T21:14:45.578+0000] {processor.py:914} INFO - Processing file /home/airflow/.local/lib/python3.12/site-packages/airflow/example_dags/example_branch_labels.py for tasks to queue
[2025-12-31T21:14:45.581+0000] {logging_mixin.py:190} INFO - [2025-12-31T21:14:45.581+0000] {dagbag.py:588} INFO - Filling up the DagBag from /home/airflow/.local/lib/python3.12/site-packages/airflow/example_dags/example_branch_labels.py
[2025-12-31T21:14:45.598+0000] {processor.py:925} INFO - DAG(s) 'example_branch_labels' retrieved from /home/airflow/.local/lib/python3.12/site-packages/airflow/example_dags/example_branch_labels.py
[2025-12-31T21:14:45.632+0000] {logging_mixin.py:190} INFO - [2025-12-31T21:14:45.632+0000] {dag.py:3239} INFO - Sync 1 DAGs
[2025-12-31T21:14:45.680+0000] {logging_mixin.py:190} INFO - [2025-12-31T21:14:45.680+0000] {dag.py:4180} INFO - Setting next_dagrun for example_branch_labels to 2025-12-30 00:00:00+00:00, run_after=2025-12-31 00:00:00+00:00
[2025-12-31T21:14:45.721+0000] {processor.py:208} INFO - Processing /home/airflow/.local/lib/python3.12/site-packages/airflow/example_dags/example_branch_labels.py took 0.154 seconds
[2025-12-31T21:15:15.825+0000] {processor.py:186} INFO - Started process (PID=487) to work on /home/airflow/.local/lib/python3.12/site-packages/airflow/example_dags/example_branch_labels.py
[2025-12-31T21:15:15.826+0000] {processor.py:914} INFO - Processing file /home/airflow/.local/lib/python3.12/site-packages/airflow/example_dags/example_branch_labels.py for tasks to queue
[2025-12-31T21:15:15.828+0000] {logging_mixin.py:190} INFO - [2025-12-31T21:15:15.828+0000] {dagbag.py:588} INFO - Filling up the DagBag from /home/airflow/.local/lib/python3.12/site-packages/airflow/example_dags/example_branch_labels.py
[2025-12-31T21:15:15.840+0000] {processor.py:925} INFO - DAG(s) 'example_branch_labels' retrieved from /home/airflow/.local/lib/python3.12/site-packages/airflow/example_dags/example_branch_labels.py
[2025-12-31T21:15:15.862+0000] {logging_mixin.py:190} INFO - [2025-12-31T21:15:15.862+0000] {dag.py:3239} INFO - Sync 1 DAGs
[2025-12-31T21:15:15.889+0000] {logging_mixin.py:190} INFO - [2025-12-31T21:15:15.888+0000] {dag.py:4180} INFO - Setting next_dagrun for example_branch_labels to 2025-12-30 00:00:00+00:00, run_after=2025-12-31 00:00:00+00:00
[2025-12-31T21:15:15.909+0000] {processor.py:208} INFO - Processing /home/airflow/.local/lib/python3.12/site-packages/airflow/example_dags/example_branch_labels.py took 0.091 seconds
[2025-12-31T21:15:46.237+0000] {processor.py:186} INFO - Started process (PID=550) to work on /home/airflow/.local/lib/python3.12/site-packages/airflow/example_dags/example_branch_labels.py
[2025-12-31T21:15:46.239+0000] {processor.py:914} INFO - Processing file /home/airflow/.local/lib/python3.12/site-packages/airflow/example_dags/example_branch_labels.py for tasks to queue
[2025-12-31T21:15:46.246+0000] {logging_mixin.py:190} INFO - [2025-12-31T21:15:46.246+0000] {dagbag.py:588} INFO - Filling up the DagBag from /home/airflow/.local/lib/python3.12/site-packages/airflow/example_dags/example_branch_labels.py
[2025-12-31T21:15:46.264+0000] {processor.py:925} INFO - DAG(s) 'example_branch_labels' retrieved from /home/airflow/.local/lib/python3.12/site-packages/airflow/example_dags/example_branch_labels.py
[2025-12-31T21:15:46.297+0000] {logging_mixin.py:190} INFO - [2025-12-31T21:15:46.297+0000] {dag.py:3239} INFO - Sync 1 DAGs
[2025-12-31T21:15:46.335+0000] {logging_mixin.py:190} INFO - [2025-12-31T21:15:46.334+0000] {dag.py:4180} INFO - Setting next_dagrun for example_branch_labels to 2025-12-30 00:00:00+00:00, run_after=2025-12-31 00:00:00+00:00
[2025-12-31T21:15:46.375+0000] {processor.py:208} INFO - Processing /home/airflow/.local/lib/python3.12/site-packages/airflow/example_dags/example_branch_labels.py took 0.149 seconds
[2025-12-31T21:16:16.725+0000] {processor.py:186} INFO - Started process (PID=614) to work on /home/airflow/.local/lib/python3.12/site-packages/airflow/example_dags/example_branch_labels.py
[2025-12-31T21:16:16.726+0000] {processor.py:914} INFO - Processing file /home/airflow/.local/lib/python3.12/site-packages/airflow/example_dags/example_branch_labels.py for tasks to queue
[2025-12-31T21:16:16.729+0000] {logging_mixin.py:190} INFO - [2025-12-31T21:16:16.729+0000] {dagbag.py:588} INFO - Filling up the DagBag from /home/airflow/.local/lib/python3.12/site-packages/airflow/example_dags/example_branch_labels.py
[2025-12-31T21:16:16.742+0000] {processor.py:925} INFO - DAG(s) 'example_branch_labels' retrieved from /home/airflow/.local/lib/python3.12/site-packages/airflow/example_dags/example_branch_labels.py
[2025-12-31T21:16:16.769+0000] {logging_mixin.py:190} INFO - [2025-12-31T21:16:16.768+0000] {dag.py:3239} INFO - Sync 1 DAGs
[2025-12-31T21:16:16.797+0000] {logging_mixin.py:190} INFO - [2025-12-31T21:16:16.797+0000] {dag.py:4180} INFO - Setting next_dagrun for example_branch_labels to 2025-12-30 00:00:00+00:00, run_after=2025-12-31 00:00:00+00:00
[2025-12-31T21:16:16.825+0000] {processor.py:208} INFO - Processing /home/airflow/.local/lib/python3.12/site-packages/airflow/example_dags/example_branch_labels.py took 0.107 seconds
[2025-12-31T21:16:47.526+0000] {processor.py:186} INFO - Started process (PID=677) to work on /home/airflow/.local/lib/python3.12/site-packages/airflow/example_dags/example_branch_labels.py
[2025-12-31T21:16:47.527+0000] {processor.py:914} INFO - Processing file /home/airflow/.local/lib/python3.12/site-packages/airflow/example_dags/example_branch_labels.py for tasks to queue
[2025-12-31T21:16:47.530+0000] {logging_mixin.py:190} INFO - [2025-12-31T21:16:47.530+0000] {dagbag.py:588} INFO - Filling up the DagBag from /home/airflow/.local/lib/python3.12/site-packages/airflow/example_dags/example_branch_labels.py
[2025-12-31T21:16:47.542+0000] {processor.py:925} INFO - DAG(s) 'example_branch_labels' retrieved from /home/airflow/.local/lib/python3.12/site-packages/airflow/example_dags/example_branch_labels.py
[2025-12-31T21:16:47.566+0000] {logging_mixin.py:190} INFO - [2025-12-31T21:16:47.565+0000] {dag.py:3239} INFO - Sync 1 DAGs
[2025-12-31T21:16:47.592+0000] {logging_mixin.py:190} INFO - [2025-12-31T21:16:47.591+0000] {dag.py:4180} INFO - Setting next_dagrun for example_branch_labels to 2025-12-30 00:00:00+00:00, run_after=2025-12-31 00:00:00+00:00
[2025-12-31T21:16:47.617+0000] {processor.py:208} INFO - Processing /home/airflow/.local/lib/python3.12/site-packages/airflow/example_dags/example_branch_labels.py took 0.099 seconds
[2025-12-31T21:17:18.580+0000] {processor.py:186} INFO - Started process (PID=746) to work on /home/airflow/.local/lib/python3.12/site-packages/airflow/example_dags/example_branch_labels.py
[2025-12-31T21:17:18.581+0000] {processor.py:914} INFO - Processing file /home/airflow/.local/lib/python3.12/site-packages/airflow/example_dags/example_branch_labels.py for tasks to queue
[2025-12-31T21:17:18.585+0000] {logging_mixin.py:190} INFO - [2025-12-31T21:17:18.584+0000] {dagbag.py:588} INFO - Filling up the DagBag from /home/airflow/.local/lib/python3.12/site-packages/airflow/example_dags/example_branch_labels.py
[2025-12-31T21:17:18.602+0000] {processor.py:925} INFO - DAG(s) 'example_branch_labels' retrieved from /home/airflow/.local/lib/python3.12/site-packages/airflow/example_dags/example_branch_labels.py
[2025-12-31T21:17:18.632+0000] {logging_mixin.py:190} INFO - [2025-12-31T21:17:18.631+0000] {dag.py:3239} INFO - Sync 1 DAGs
[2025-12-31T21:17:18.669+0000] {logging_mixin.py:190} INFO - [2025-12-31T21:17:18.668+0000] {dag.py:4180} INFO - Setting next_dagrun for example_branch_labels to 2025-12-30 00:00:00+00:00, run_after=2025-12-31 00:00:00+00:00
[2025-12-31T21:17:18.701+0000] {processor.py:208} INFO - Processing /home/airflow/.local/lib/python3.12/site-packages/airflow/example_dags/example_branch_labels.py took 0.130 seconds
[2025-12-31T21:17:49.077+0000] {processor.py:186} INFO - Started process (PID=810) to work on /home/airflow/.local/lib/python3.12/site-packages/airflow/example_dags/example_branch_labels.py
[2025-12-31T21:17:49.079+0000] {processor.py:914} INFO - Processing file /home/airflow/.local/lib/python3.12/site-packages/airflow/example_dags/example_branch_labels.py for tasks to queue
[2025-12-31T21:17:49.083+0000] {logging_mixin.py:190} INFO - [2025-12-31T21:17:49.082+0000] {dagbag.py:588} INFO - Filling up the DagBag from /home/airflow/.local/lib/python3.12/site-packages/airflow/example_dags/example_branch_labels.py
[2025-12-31T21:17:49.100+0000] {processor.py:925} INFO - DAG(s) 'example_branch_labels' retrieved from /home/airflow/.local/lib/python3.12/site-packages/airflow/example_dags/example_branch_labels.py
[2025-12-31T21:17:49.129+0000] {logging_mixin.py:190} INFO - [2025-12-31T21:17:49.129+0000] {dag.py:3239} INFO - Sync 1 DAGs
[2025-12-31T21:17:49.166+0000] {logging_mixin.py:190} INFO - [2025-12-31T21:17:49.166+0000] {dag.py:4180} INFO - Setting next_dagrun for example_branch_labels to 2025-12-30 00:00:00+00:00, run_after=2025-12-31 00:00:00+00:00
[2025-12-31T21:17:49.198+0000] {processor.py:208} INFO - Processing /home/airflow/.local/lib/python3.12/site-packages/airflow/example_dags/example_branch_labels.py took 0.132 seconds
[2025-12-31T21:18:19.775+0000] {processor.py:186} INFO - Started process (PID=873) to work on /home/airflow/.local/lib/python3.12/site-packages/airflow/example_dags/example_branch_labels.py
[2025-12-31T21:18:19.776+0000] {processor.py:914} INFO - Processing file /home/airflow/.local/lib/python3.12/site-packages/airflow/example_dags/example_branch_labels.py for tasks to queue
[2025-12-31T21:18:19.779+0000] {logging_mixin.py:190} INFO - [2025-12-31T21:18:19.779+0000] {dagbag.py:588} INFO - Filling up the DagBag from /home/airflow/.local/lib/python3.12/site-packages/airflow/example_dags/example_branch_labels.py
[2025-12-31T21:18:19.793+0000] {processor.py:925} INFO - DAG(s) 'example_branch_labels' retrieved from /home/airflow/.local/lib/python3.12/site-packages/airflow/example_dags/example_branch_labels.py
[2025-12-31T21:18:19.815+0000] {logging_mixin.py:190} INFO - [2025-12-31T21:18:19.815+0000] {dag.py:3239} INFO - Sync 1 DAGs
[2025-12-31T21:18:19.842+0000] {logging_mixin.py:190} INFO - [2025-12-31T21:18:19.841+0000] {dag.py:4180} INFO - Setting next_dagrun for example_branch_labels to 2025-12-30 00:00:00+00:00, run_after=2025-12-31 00:00:00+00:00
[2025-12-31T21:18:19.866+0000] {processor.py:208} INFO - Processing /home/airflow/.local/lib/python3.12/site-packages/airflow/example_dags/example_branch_labels.py took 0.099 seconds
[2025-12-31T21:18:50.741+0000] {processor.py:186} INFO - Started process (PID=936) to work on /home/airflow/.local/lib/python3.12/site-packages/airflow/example_dags/example_branch_labels.py
[2025-12-31T21:18:50.742+0000] {processor.py:914} INFO - Processing file /home/airflow/.local/lib/python3.12/site-packages/airflow/example_dags/example_branch_labels.py for tasks to queue
[2025-12-31T21:18:50.746+0000] {logging_mixin.py:190} INFO - [2025-12-31T21:18:50.745+0000] {dagbag.py:588} INFO - Filling up the DagBag from /home/airflow/.local/lib/python3.12/site-packages/airflow/example_dags/example_branch_labels.py
[2025-12-31T21:18:50.759+0000] {processor.py:925} INFO - DAG(s) 'example_branch_labels' retrieved from /home/airflow/.local/lib/python3.12/site-packages/airflow/example_dags/example_branch_labels.py
[2025-12-31T21:18:50.783+0000] {logging_mixin.py:190} INFO - [2025-12-31T21:18:50.783+0000] {dag.py:3239} INFO - Sync 1 DAGs
[2025-12-31T21:18:50.812+0000] {logging_mixin.py:190} INFO - [2025-12-31T21:18:50.811+0000] {dag.py:4180} INFO - Setting next_dagrun for example_branch_labels to 2025-12-30 00:00:00+00:00, run_after=2025-12-31 00:00:00+00:00
[2025-12-31T21:18:50.837+0000] {processor.py:208} INFO - Processing /home/airflow/.local/lib/python3.12/site-packages/airflow/example_dags/example_branch_labels.py took 0.104 seconds
[2025-12-31T21:19:21.037+0000] {processor.py:186} INFO - Started process (PID=999) to work on /home/airflow/.local/lib/python3.12/site-packages/airflow/example_dags/example_branch_labels.py
[2025-12-31T21:19:21.039+0000] {processor.py:914} INFO - Processing file /home/airflow/.local/lib/python3.12/site-packages/airflow/example_dags/example_branch_labels.py for tasks to queue
[2025-12-31T21:19:21.042+0000] {logging_mixin.py:190} INFO - [2025-12-31T21:19:21.042+0000] {dagbag.py:588} INFO - Filling up the DagBag from /home/airflow/.local/lib/python3.12/site-packages/airflow/example_dags/example_branch_labels.py
[2025-12-31T21:19:21.055+0000] {processor.py:925} INFO - DAG(s) 'example_branch_labels' retrieved from /home/airflow/.local/lib/python3.12/site-packages/airflow/example_dags/example_branch_labels.py
[2025-12-31T21:19:21.078+0000] {logging_mixin.py:190} INFO - [2025-12-31T21:19:21.078+0000] {dag.py:3239} INFO - Sync 1 DAGs
[2025-12-31T21:19:21.105+0000] {logging_mixin.py:190} INFO - [2025-12-31T21:19:21.105+0000] {dag.py:4180} INFO - Setting next_dagrun for example_branch_labels to 2025-12-30 00:00:00+00:00, run_after=2025-12-31 00:00:00+00:00
[2025-12-31T21:19:21.130+0000] {processor.py:208} INFO - Processing /home/airflow/.local/lib/python3.12/site-packages/airflow/example_dags/example_branch_labels.py took 0.101 seconds
[2025-12-31T21:19:51.365+0000] {processor.py:186} INFO - Started process (PID=1062) to work on /home/airflow/.local/lib/python3.12/site-packages/airflow/example_dags/example_branch_labels.py
[2025-12-31T21:19:51.367+0000] {processor.py:914} INFO - Processing file /home/airflow/.local/lib/python3.12/site-packages/airflow/example_dags/example_branch_labels.py for tasks to queue
[2025-12-31T21:19:51.379+0000] {logging_mixin.py:190} INFO - [2025-12-31T21:19:51.378+0000] {dagbag.py:588} INFO - Filling up the DagBag from /home/airflow/.local/lib/python3.12/site-packages/airflow/example_dags/example_branch_labels.py
[2025-12-31T21:19:51.397+0000] {processor.py:925} INFO - DAG(s) 'example_branch_labels' retrieved from /home/airflow/.local/lib/python3.12/site-packages/airflow/example_dags/example_branch_labels.py
[2025-12-31T21:19:51.427+0000] {logging_mixin.py:190} INFO - [2025-12-31T21:19:51.427+0000] {dag.py:3239} INFO - Sync 1 DAGs
[2025-12-31T21:19:51.467+0000] {logging_mixin.py:190} INFO - [2025-12-31T21:19:51.466+0000] {dag.py:4180} INFO - Setting next_dagrun for example_branch_labels to 2025-12-30 00:00:00+00:00, run_after=2025-12-31 00:00:00+00:00
[2025-12-31T21:19:51.503+0000] {processor.py:208} INFO - Processing /home/airflow/.local/lib/python3.12/site-packages/airflow/example_dags/example_branch_labels.py took 0.148 seconds
[2025-12-31T21:20:22.274+0000] {processor.py:186} INFO - Started process (PID=1125) to work on /home/airflow/.local/lib/python3.12/site-packages/airflow/example_dags/example_branch_labels.py
[2025-12-31T21:20:22.275+0000] {processor.py:914} INFO - Processing file /home/airflow/.local/lib/python3.12/site-packages/airflow/example_dags/example_branch_labels.py for tasks to queue
[2025-12-31T21:20:22.279+0000] {logging_mixin.py:190} INFO - [2025-12-31T21:20:22.278+0000] {dagbag.py:588} INFO - Filling up the DagBag from /home/airflow/.local/lib/python3.12/site-packages/airflow/example_dags/example_branch_labels.py
[2025-12-31T21:20:22.292+0000] {processor.py:925} INFO - DAG(s) 'example_branch_labels' retrieved from /home/airflow/.local/lib/python3.12/site-packages/airflow/example_dags/example_branch_labels.py
[2025-12-31T21:20:22.314+0000] {logging_mixin.py:190} INFO - [2025-12-31T21:20:22.314+0000] {dag.py:3239} INFO - Sync 1 DAGs
[2025-12-31T21:20:22.343+0000] {logging_mixin.py:190} INFO - [2025-12-31T21:20:22.342+0000] {dag.py:4180} INFO - Setting next_dagrun for example_branch_labels to 2025-12-30 00:00:00+00:00, run_after=2025-12-31 00:00:00+00:00
[2025-12-31T21:20:22.369+0000] {processor.py:208} INFO - Processing /home/airflow/.local/lib/python3.12/site-packages/airflow/example_dags/example_branch_labels.py took 0.102 seconds
[2025-12-31T21:20:52.943+0000] {processor.py:186} INFO - Started process (PID=1188) to work on /home/airflow/.local/lib/python3.12/site-packages/airflow/example_dags/example_branch_labels.py
[2025-12-31T21:20:52.945+0000] {processor.py:914} INFO - Processing file /home/airflow/.local/lib/python3.12/site-packages/airflow/example_dags/example_branch_labels.py for tasks to queue
[2025-12-31T21:20:52.949+0000] {logging_mixin.py:190} INFO - [2025-12-31T21:20:52.948+0000] {dagbag.py:588} INFO - Filling up the DagBag from /home/airflow/.local/lib/python3.12/site-packages/airflow/example_dags/example_branch_labels.py
[2025-12-31T21:20:52.961+0000] {processor.py:925} INFO - DAG(s) 'example_branch_labels' retrieved from /home/airflow/.local/lib/python3.12/site-packages/airflow/example_dags/example_branch_labels.py
[2025-12-31T21:20:52.983+0000] {logging_mixin.py:190} INFO - [2025-12-31T21:20:52.982+0000] {dag.py:3239} INFO - Sync 1 DAGs
[2025-12-31T21:20:53.011+0000] {logging_mixin.py:190} INFO - [2025-12-31T21:20:53.011+0000] {dag.py:4180} INFO - Setting next_dagrun for example_branch_labels to 2025-12-30 00:00:00+00:00, run_after=2025-12-31 00:00:00+00:00
[2025-12-31T21:20:53.036+0000] {processor.py:208} INFO - Processing /home/airflow/.local/lib/python3.12/site-packages/airflow/example_dags/example_branch_labels.py took 0.100 seconds
[2025-12-31T21:21:23.514+0000] {processor.py:186} INFO - Started process (PID=1252) to work on /home/airflow/.local/lib/python3.12/site-packages/airflow/example_dags/example_branch_labels.py
[2025-12-31T21:21:23.515+0000] {processor.py:914} INFO - Processing file /home/airflow/.local/lib/python3.12/site-packages/airflow/example_dags/example_branch_labels.py for tasks to queue
[2025-12-31T21:21:23.519+0000] {logging_mixin.py:190} INFO - [2025-12-31T21:21:23.518+0000] {dagbag.py:588} INFO - Filling up the DagBag from /home/airflow/.local/lib/python3.12/site-packages/airflow/example_dags/example_branch_labels.py
[2025-12-31T21:21:23.535+0000] {processor.py:925} INFO - DAG(s) 'example_branch_labels' retrieved from /home/airflow/.local/lib/python3.12/site-packages/airflow/example_dags/example_branch_labels.py
[2025-12-31T21:21:23.560+0000] {logging_mixin.py:190} INFO - [2025-12-31T21:21:23.560+0000] {dag.py:3239} INFO - Sync 1 DAGs
[2025-12-31T21:21:23.587+0000] {logging_mixin.py:190} INFO - [2025-12-31T21:21:23.587+0000] {dag.py:4180} INFO - Setting next_dagrun for example_branch_labels to 2025-12-30 00:00:00+00:00, run_after=2025-12-31 00:00:00+00:00
[2025-12-31T21:21:23.613+0000] {processor.py:208} INFO - Processing /home/airflow/.local/lib/python3.12/site-packages/airflow/example_dags/example_branch_labels.py took 0.110 seconds
