[2025-12-31T21:12:12.221+0000] {processor.py:186} INFO - Started process (PID=107) to work on /home/airflow/.local/lib/python3.12/site-packages/airflow/example_dags/tutorial_objectstorage.py
[2025-12-31T21:12:12.223+0000] {processor.py:914} INFO - Processing file /home/airflow/.local/lib/python3.12/site-packages/airflow/example_dags/tutorial_objectstorage.py for tasks to queue
[2025-12-31T21:12:12.227+0000] {logging_mixin.py:190} INFO - [2025-12-31T21:12:12.227+0000] {dagbag.py:588} INFO - Filling up the DagBag from /home/airflow/.local/lib/python3.12/site-packages/airflow/example_dags/tutorial_objectstorage.py
[2025-12-31T21:12:12.244+0000] {processor.py:925} INFO - DAG(s) 'tutorial_objectstorage' retrieved from /home/airflow/.local/lib/python3.12/site-packages/airflow/example_dags/tutorial_objectstorage.py
[2025-12-31T21:12:12.410+0000] {logging_mixin.py:190} INFO - [2025-12-31T21:12:12.410+0000] {override.py:1912} INFO - Created Permission View: can read on DAG:tutorial_objectstorage
[2025-12-31T21:12:12.424+0000] {logging_mixin.py:190} INFO - [2025-12-31T21:12:12.424+0000] {override.py:1912} INFO - Created Permission View: can delete on DAG:tutorial_objectstorage
[2025-12-31T21:12:12.434+0000] {logging_mixin.py:190} INFO - [2025-12-31T21:12:12.434+0000] {override.py:1912} INFO - Created Permission View: can edit on DAG:tutorial_objectstorage
[2025-12-31T21:12:12.445+0000] {logging_mixin.py:190} INFO - [2025-12-31T21:12:12.445+0000] {override.py:1912} INFO - Created Permission View: can read on DAG Run:tutorial_objectstorage
[2025-12-31T21:12:12.455+0000] {logging_mixin.py:190} INFO - [2025-12-31T21:12:12.454+0000] {override.py:1912} INFO - Created Permission View: can create on DAG Run:tutorial_objectstorage
[2025-12-31T21:12:12.464+0000] {logging_mixin.py:190} INFO - [2025-12-31T21:12:12.464+0000] {override.py:1912} INFO - Created Permission View: can delete on DAG Run:tutorial_objectstorage
[2025-12-31T21:12:12.473+0000] {logging_mixin.py:190} INFO - [2025-12-31T21:12:12.473+0000] {override.py:1912} INFO - Created Permission View: menu access on DAG Run:tutorial_objectstorage
[2025-12-31T21:12:12.474+0000] {logging_mixin.py:190} INFO - [2025-12-31T21:12:12.474+0000] {dag.py:3239} INFO - Sync 1 DAGs
[2025-12-31T21:12:12.490+0000] {logging_mixin.py:190} INFO - [2025-12-31T21:12:12.490+0000] {dag.py:3262} INFO - Creating ORM DAG for tutorial_objectstorage
[2025-12-31T21:12:12.492+0000] {logging_mixin.py:190} INFO - [2025-12-31T21:12:12.491+0000] {dag.py:4180} INFO - Setting next_dagrun for tutorial_objectstorage to None, run_after=None
[2025-12-31T21:12:12.518+0000] {processor.py:208} INFO - Processing /home/airflow/.local/lib/python3.12/site-packages/airflow/example_dags/tutorial_objectstorage.py took 0.306 seconds
[2025-12-31T21:12:43.023+0000] {processor.py:186} INFO - Started process (PID=170) to work on /home/airflow/.local/lib/python3.12/site-packages/airflow/example_dags/tutorial_objectstorage.py
[2025-12-31T21:12:43.024+0000] {processor.py:914} INFO - Processing file /home/airflow/.local/lib/python3.12/site-packages/airflow/example_dags/tutorial_objectstorage.py for tasks to queue
[2025-12-31T21:12:43.027+0000] {logging_mixin.py:190} INFO - [2025-12-31T21:12:43.027+0000] {dagbag.py:588} INFO - Filling up the DagBag from /home/airflow/.local/lib/python3.12/site-packages/airflow/example_dags/tutorial_objectstorage.py
[2025-12-31T21:12:43.039+0000] {processor.py:925} INFO - DAG(s) 'tutorial_objectstorage' retrieved from /home/airflow/.local/lib/python3.12/site-packages/airflow/example_dags/tutorial_objectstorage.py
[2025-12-31T21:12:43.061+0000] {logging_mixin.py:190} INFO - [2025-12-31T21:12:43.061+0000] {dag.py:3239} INFO - Sync 1 DAGs
[2025-12-31T21:12:43.077+0000] {logging_mixin.py:190} INFO - [2025-12-31T21:12:43.077+0000] {dag.py:4180} INFO - Setting next_dagrun for tutorial_objectstorage to None, run_after=None
[2025-12-31T21:12:43.104+0000] {processor.py:208} INFO - Processing /home/airflow/.local/lib/python3.12/site-packages/airflow/example_dags/tutorial_objectstorage.py took 0.089 seconds
[2025-12-31T21:13:13.164+0000] {processor.py:186} INFO - Started process (PID=232) to work on /home/airflow/.local/lib/python3.12/site-packages/airflow/example_dags/tutorial_objectstorage.py
[2025-12-31T21:13:13.165+0000] {processor.py:914} INFO - Processing file /home/airflow/.local/lib/python3.12/site-packages/airflow/example_dags/tutorial_objectstorage.py for tasks to queue
[2025-12-31T21:13:13.169+0000] {logging_mixin.py:190} INFO - [2025-12-31T21:13:13.168+0000] {dagbag.py:588} INFO - Filling up the DagBag from /home/airflow/.local/lib/python3.12/site-packages/airflow/example_dags/tutorial_objectstorage.py
[2025-12-31T21:13:13.184+0000] {processor.py:925} INFO - DAG(s) 'tutorial_objectstorage' retrieved from /home/airflow/.local/lib/python3.12/site-packages/airflow/example_dags/tutorial_objectstorage.py
[2025-12-31T21:13:13.206+0000] {logging_mixin.py:190} INFO - [2025-12-31T21:13:13.205+0000] {dag.py:3239} INFO - Sync 1 DAGs
[2025-12-31T21:13:13.223+0000] {logging_mixin.py:190} INFO - [2025-12-31T21:13:13.222+0000] {dag.py:4180} INFO - Setting next_dagrun for tutorial_objectstorage to None, run_after=None
[2025-12-31T21:13:13.246+0000] {processor.py:208} INFO - Processing /home/airflow/.local/lib/python3.12/site-packages/airflow/example_dags/tutorial_objectstorage.py took 0.090 seconds
[2025-12-31T21:13:43.948+0000] {processor.py:186} INFO - Started process (PID=296) to work on /home/airflow/.local/lib/python3.12/site-packages/airflow/example_dags/tutorial_objectstorage.py
[2025-12-31T21:13:43.949+0000] {processor.py:914} INFO - Processing file /home/airflow/.local/lib/python3.12/site-packages/airflow/example_dags/tutorial_objectstorage.py for tasks to queue
[2025-12-31T21:13:43.956+0000] {logging_mixin.py:190} INFO - [2025-12-31T21:13:43.956+0000] {dagbag.py:588} INFO - Filling up the DagBag from /home/airflow/.local/lib/python3.12/site-packages/airflow/example_dags/tutorial_objectstorage.py
[2025-12-31T21:13:43.981+0000] {processor.py:925} INFO - DAG(s) 'tutorial_objectstorage' retrieved from /home/airflow/.local/lib/python3.12/site-packages/airflow/example_dags/tutorial_objectstorage.py
[2025-12-31T21:13:44.018+0000] {logging_mixin.py:190} INFO - [2025-12-31T21:13:44.018+0000] {dag.py:3239} INFO - Sync 1 DAGs
[2025-12-31T21:13:44.049+0000] {logging_mixin.py:190} INFO - [2025-12-31T21:13:44.048+0000] {dag.py:4180} INFO - Setting next_dagrun for tutorial_objectstorage to None, run_after=None
[2025-12-31T21:13:44.096+0000] {processor.py:208} INFO - Processing /home/airflow/.local/lib/python3.12/site-packages/airflow/example_dags/tutorial_objectstorage.py took 0.159 seconds
[2025-12-31T21:14:14.992+0000] {processor.py:186} INFO - Started process (PID=359) to work on /home/airflow/.local/lib/python3.12/site-packages/airflow/example_dags/tutorial_objectstorage.py
[2025-12-31T21:14:14.994+0000] {processor.py:914} INFO - Processing file /home/airflow/.local/lib/python3.12/site-packages/airflow/example_dags/tutorial_objectstorage.py for tasks to queue
[2025-12-31T21:14:14.997+0000] {logging_mixin.py:190} INFO - [2025-12-31T21:14:14.997+0000] {dagbag.py:588} INFO - Filling up the DagBag from /home/airflow/.local/lib/python3.12/site-packages/airflow/example_dags/tutorial_objectstorage.py
[2025-12-31T21:14:15.009+0000] {processor.py:925} INFO - DAG(s) 'tutorial_objectstorage' retrieved from /home/airflow/.local/lib/python3.12/site-packages/airflow/example_dags/tutorial_objectstorage.py
[2025-12-31T21:14:15.032+0000] {logging_mixin.py:190} INFO - [2025-12-31T21:14:15.031+0000] {dag.py:3239} INFO - Sync 1 DAGs
[2025-12-31T21:14:15.049+0000] {logging_mixin.py:190} INFO - [2025-12-31T21:14:15.049+0000] {dag.py:4180} INFO - Setting next_dagrun for tutorial_objectstorage to None, run_after=None
[2025-12-31T21:14:15.078+0000] {processor.py:208} INFO - Processing /home/airflow/.local/lib/python3.12/site-packages/airflow/example_dags/tutorial_objectstorage.py took 0.094 seconds
[2025-12-31T21:14:45.331+0000] {processor.py:186} INFO - Started process (PID=421) to work on /home/airflow/.local/lib/python3.12/site-packages/airflow/example_dags/tutorial_objectstorage.py
[2025-12-31T21:14:45.332+0000] {processor.py:914} INFO - Processing file /home/airflow/.local/lib/python3.12/site-packages/airflow/example_dags/tutorial_objectstorage.py for tasks to queue
[2025-12-31T21:14:45.336+0000] {logging_mixin.py:190} INFO - [2025-12-31T21:14:45.335+0000] {dagbag.py:588} INFO - Filling up the DagBag from /home/airflow/.local/lib/python3.12/site-packages/airflow/example_dags/tutorial_objectstorage.py
[2025-12-31T21:14:45.350+0000] {processor.py:925} INFO - DAG(s) 'tutorial_objectstorage' retrieved from /home/airflow/.local/lib/python3.12/site-packages/airflow/example_dags/tutorial_objectstorage.py
[2025-12-31T21:14:45.378+0000] {logging_mixin.py:190} INFO - [2025-12-31T21:14:45.378+0000] {dag.py:3239} INFO - Sync 1 DAGs
[2025-12-31T21:14:45.411+0000] {logging_mixin.py:190} INFO - [2025-12-31T21:14:45.411+0000] {dag.py:4180} INFO - Setting next_dagrun for tutorial_objectstorage to None, run_after=None
[2025-12-31T21:14:45.456+0000] {processor.py:208} INFO - Processing /home/airflow/.local/lib/python3.12/site-packages/airflow/example_dags/tutorial_objectstorage.py took 0.133 seconds
[2025-12-31T21:15:15.513+0000] {processor.py:186} INFO - Started process (PID=484) to work on /home/airflow/.local/lib/python3.12/site-packages/airflow/example_dags/tutorial_objectstorage.py
[2025-12-31T21:15:15.515+0000] {processor.py:914} INFO - Processing file /home/airflow/.local/lib/python3.12/site-packages/airflow/example_dags/tutorial_objectstorage.py for tasks to queue
[2025-12-31T21:15:15.518+0000] {logging_mixin.py:190} INFO - [2025-12-31T21:15:15.517+0000] {dagbag.py:588} INFO - Filling up the DagBag from /home/airflow/.local/lib/python3.12/site-packages/airflow/example_dags/tutorial_objectstorage.py
[2025-12-31T21:15:15.534+0000] {processor.py:925} INFO - DAG(s) 'tutorial_objectstorage' retrieved from /home/airflow/.local/lib/python3.12/site-packages/airflow/example_dags/tutorial_objectstorage.py
[2025-12-31T21:15:15.565+0000] {logging_mixin.py:190} INFO - [2025-12-31T21:15:15.565+0000] {dag.py:3239} INFO - Sync 1 DAGs
[2025-12-31T21:15:15.583+0000] {logging_mixin.py:190} INFO - [2025-12-31T21:15:15.583+0000] {dag.py:4180} INFO - Setting next_dagrun for tutorial_objectstorage to None, run_after=None
[2025-12-31T21:15:15.618+0000] {processor.py:208} INFO - Processing /home/airflow/.local/lib/python3.12/site-packages/airflow/example_dags/tutorial_objectstorage.py took 0.114 seconds
[2025-12-31T21:15:45.847+0000] {processor.py:186} INFO - Started process (PID=547) to work on /home/airflow/.local/lib/python3.12/site-packages/airflow/example_dags/tutorial_objectstorage.py
[2025-12-31T21:15:45.848+0000] {processor.py:914} INFO - Processing file /home/airflow/.local/lib/python3.12/site-packages/airflow/example_dags/tutorial_objectstorage.py for tasks to queue
[2025-12-31T21:15:45.851+0000] {logging_mixin.py:190} INFO - [2025-12-31T21:15:45.851+0000] {dagbag.py:588} INFO - Filling up the DagBag from /home/airflow/.local/lib/python3.12/site-packages/airflow/example_dags/tutorial_objectstorage.py
[2025-12-31T21:15:45.870+0000] {processor.py:925} INFO - DAG(s) 'tutorial_objectstorage' retrieved from /home/airflow/.local/lib/python3.12/site-packages/airflow/example_dags/tutorial_objectstorage.py
[2025-12-31T21:15:45.896+0000] {logging_mixin.py:190} INFO - [2025-12-31T21:15:45.895+0000] {dag.py:3239} INFO - Sync 1 DAGs
[2025-12-31T21:15:45.918+0000] {logging_mixin.py:190} INFO - [2025-12-31T21:15:45.917+0000] {dag.py:4180} INFO - Setting next_dagrun for tutorial_objectstorage to None, run_after=None
[2025-12-31T21:15:45.961+0000] {processor.py:208} INFO - Processing /home/airflow/.local/lib/python3.12/site-packages/airflow/example_dags/tutorial_objectstorage.py took 0.121 seconds
[2025-12-31T21:16:16.450+0000] {processor.py:186} INFO - Started process (PID=611) to work on /home/airflow/.local/lib/python3.12/site-packages/airflow/example_dags/tutorial_objectstorage.py
[2025-12-31T21:16:16.451+0000] {processor.py:914} INFO - Processing file /home/airflow/.local/lib/python3.12/site-packages/airflow/example_dags/tutorial_objectstorage.py for tasks to queue
[2025-12-31T21:16:16.454+0000] {logging_mixin.py:190} INFO - [2025-12-31T21:16:16.454+0000] {dagbag.py:588} INFO - Filling up the DagBag from /home/airflow/.local/lib/python3.12/site-packages/airflow/example_dags/tutorial_objectstorage.py
[2025-12-31T21:16:16.466+0000] {processor.py:925} INFO - DAG(s) 'tutorial_objectstorage' retrieved from /home/airflow/.local/lib/python3.12/site-packages/airflow/example_dags/tutorial_objectstorage.py
[2025-12-31T21:16:16.489+0000] {logging_mixin.py:190} INFO - [2025-12-31T21:16:16.489+0000] {dag.py:3239} INFO - Sync 1 DAGs
[2025-12-31T21:16:16.504+0000] {logging_mixin.py:190} INFO - [2025-12-31T21:16:16.504+0000] {dag.py:4180} INFO - Setting next_dagrun for tutorial_objectstorage to None, run_after=None
[2025-12-31T21:16:16.527+0000] {processor.py:208} INFO - Processing /home/airflow/.local/lib/python3.12/site-packages/airflow/example_dags/tutorial_objectstorage.py took 0.083 seconds
[2025-12-31T21:16:47.066+0000] {processor.py:186} INFO - Started process (PID=674) to work on /home/airflow/.local/lib/python3.12/site-packages/airflow/example_dags/tutorial_objectstorage.py
[2025-12-31T21:16:47.067+0000] {processor.py:914} INFO - Processing file /home/airflow/.local/lib/python3.12/site-packages/airflow/example_dags/tutorial_objectstorage.py for tasks to queue
[2025-12-31T21:16:47.070+0000] {logging_mixin.py:190} INFO - [2025-12-31T21:16:47.070+0000] {dagbag.py:588} INFO - Filling up the DagBag from /home/airflow/.local/lib/python3.12/site-packages/airflow/example_dags/tutorial_objectstorage.py
[2025-12-31T21:16:47.082+0000] {processor.py:925} INFO - DAG(s) 'tutorial_objectstorage' retrieved from /home/airflow/.local/lib/python3.12/site-packages/airflow/example_dags/tutorial_objectstorage.py
[2025-12-31T21:16:47.107+0000] {logging_mixin.py:190} INFO - [2025-12-31T21:16:47.107+0000] {dag.py:3239} INFO - Sync 1 DAGs
[2025-12-31T21:16:47.124+0000] {logging_mixin.py:190} INFO - [2025-12-31T21:16:47.124+0000] {dag.py:4180} INFO - Setting next_dagrun for tutorial_objectstorage to None, run_after=None
[2025-12-31T21:16:47.153+0000] {processor.py:208} INFO - Processing /home/airflow/.local/lib/python3.12/site-packages/airflow/example_dags/tutorial_objectstorage.py took 0.094 seconds
[2025-12-31T21:17:17.276+0000] {processor.py:186} INFO - Started process (PID=736) to work on /home/airflow/.local/lib/python3.12/site-packages/airflow/example_dags/tutorial_objectstorage.py
[2025-12-31T21:17:17.278+0000] {processor.py:914} INFO - Processing file /home/airflow/.local/lib/python3.12/site-packages/airflow/example_dags/tutorial_objectstorage.py for tasks to queue
[2025-12-31T21:17:17.282+0000] {logging_mixin.py:190} INFO - [2025-12-31T21:17:17.281+0000] {dagbag.py:588} INFO - Filling up the DagBag from /home/airflow/.local/lib/python3.12/site-packages/airflow/example_dags/tutorial_objectstorage.py
[2025-12-31T21:17:17.298+0000] {processor.py:925} INFO - DAG(s) 'tutorial_objectstorage' retrieved from /home/airflow/.local/lib/python3.12/site-packages/airflow/example_dags/tutorial_objectstorage.py
[2025-12-31T21:17:17.321+0000] {logging_mixin.py:190} INFO - [2025-12-31T21:17:17.321+0000] {dag.py:3239} INFO - Sync 1 DAGs
[2025-12-31T21:17:17.344+0000] {logging_mixin.py:190} INFO - [2025-12-31T21:17:17.343+0000] {dag.py:4180} INFO - Setting next_dagrun for tutorial_objectstorage to None, run_after=None
[2025-12-31T21:17:17.372+0000] {processor.py:208} INFO - Processing /home/airflow/.local/lib/python3.12/site-packages/airflow/example_dags/tutorial_objectstorage.py took 0.104 seconds
[2025-12-31T21:17:47.746+0000] {processor.py:186} INFO - Started process (PID=800) to work on /home/airflow/.local/lib/python3.12/site-packages/airflow/example_dags/tutorial_objectstorage.py
[2025-12-31T21:17:47.748+0000] {processor.py:914} INFO - Processing file /home/airflow/.local/lib/python3.12/site-packages/airflow/example_dags/tutorial_objectstorage.py for tasks to queue
[2025-12-31T21:17:47.752+0000] {logging_mixin.py:190} INFO - [2025-12-31T21:17:47.752+0000] {dagbag.py:588} INFO - Filling up the DagBag from /home/airflow/.local/lib/python3.12/site-packages/airflow/example_dags/tutorial_objectstorage.py
[2025-12-31T21:17:47.767+0000] {processor.py:925} INFO - DAG(s) 'tutorial_objectstorage' retrieved from /home/airflow/.local/lib/python3.12/site-packages/airflow/example_dags/tutorial_objectstorage.py
[2025-12-31T21:17:47.801+0000] {logging_mixin.py:190} INFO - [2025-12-31T21:17:47.800+0000] {dag.py:3239} INFO - Sync 1 DAGs
[2025-12-31T21:17:47.824+0000] {logging_mixin.py:190} INFO - [2025-12-31T21:17:47.824+0000] {dag.py:4180} INFO - Setting next_dagrun for tutorial_objectstorage to None, run_after=None
[2025-12-31T21:17:47.851+0000] {processor.py:208} INFO - Processing /home/airflow/.local/lib/python3.12/site-packages/airflow/example_dags/tutorial_objectstorage.py took 0.115 seconds
[2025-12-31T21:18:18.504+0000] {processor.py:186} INFO - Started process (PID=870) to work on /home/airflow/.local/lib/python3.12/site-packages/airflow/example_dags/tutorial_objectstorage.py
[2025-12-31T21:18:18.505+0000] {processor.py:914} INFO - Processing file /home/airflow/.local/lib/python3.12/site-packages/airflow/example_dags/tutorial_objectstorage.py for tasks to queue
[2025-12-31T21:18:18.508+0000] {logging_mixin.py:190} INFO - [2025-12-31T21:18:18.508+0000] {dagbag.py:588} INFO - Filling up the DagBag from /home/airflow/.local/lib/python3.12/site-packages/airflow/example_dags/tutorial_objectstorage.py
[2025-12-31T21:18:18.519+0000] {processor.py:925} INFO - DAG(s) 'tutorial_objectstorage' retrieved from /home/airflow/.local/lib/python3.12/site-packages/airflow/example_dags/tutorial_objectstorage.py
[2025-12-31T21:18:18.541+0000] {logging_mixin.py:190} INFO - [2025-12-31T21:18:18.541+0000] {dag.py:3239} INFO - Sync 1 DAGs
[2025-12-31T21:18:18.557+0000] {logging_mixin.py:190} INFO - [2025-12-31T21:18:18.557+0000] {dag.py:4180} INFO - Setting next_dagrun for tutorial_objectstorage to None, run_after=None
[2025-12-31T21:18:18.584+0000] {processor.py:208} INFO - Processing /home/airflow/.local/lib/python3.12/site-packages/airflow/example_dags/tutorial_objectstorage.py took 0.086 seconds
[2025-12-31T21:18:49.476+0000] {processor.py:186} INFO - Started process (PID=933) to work on /home/airflow/.local/lib/python3.12/site-packages/airflow/example_dags/tutorial_objectstorage.py
[2025-12-31T21:18:49.477+0000] {processor.py:914} INFO - Processing file /home/airflow/.local/lib/python3.12/site-packages/airflow/example_dags/tutorial_objectstorage.py for tasks to queue
[2025-12-31T21:18:49.480+0000] {logging_mixin.py:190} INFO - [2025-12-31T21:18:49.480+0000] {dagbag.py:588} INFO - Filling up the DagBag from /home/airflow/.local/lib/python3.12/site-packages/airflow/example_dags/tutorial_objectstorage.py
[2025-12-31T21:18:49.492+0000] {processor.py:925} INFO - DAG(s) 'tutorial_objectstorage' retrieved from /home/airflow/.local/lib/python3.12/site-packages/airflow/example_dags/tutorial_objectstorage.py
[2025-12-31T21:18:49.515+0000] {logging_mixin.py:190} INFO - [2025-12-31T21:18:49.515+0000] {dag.py:3239} INFO - Sync 1 DAGs
[2025-12-31T21:18:49.534+0000] {logging_mixin.py:190} INFO - [2025-12-31T21:18:49.533+0000] {dag.py:4180} INFO - Setting next_dagrun for tutorial_objectstorage to None, run_after=None
[2025-12-31T21:18:49.560+0000] {processor.py:208} INFO - Processing /home/airflow/.local/lib/python3.12/site-packages/airflow/example_dags/tutorial_objectstorage.py took 0.090 seconds
[2025-12-31T21:19:19.764+0000] {processor.py:186} INFO - Started process (PID=996) to work on /home/airflow/.local/lib/python3.12/site-packages/airflow/example_dags/tutorial_objectstorage.py
[2025-12-31T21:19:19.765+0000] {processor.py:914} INFO - Processing file /home/airflow/.local/lib/python3.12/site-packages/airflow/example_dags/tutorial_objectstorage.py for tasks to queue
[2025-12-31T21:19:19.767+0000] {logging_mixin.py:190} INFO - [2025-12-31T21:19:19.767+0000] {dagbag.py:588} INFO - Filling up the DagBag from /home/airflow/.local/lib/python3.12/site-packages/airflow/example_dags/tutorial_objectstorage.py
[2025-12-31T21:19:19.779+0000] {processor.py:925} INFO - DAG(s) 'tutorial_objectstorage' retrieved from /home/airflow/.local/lib/python3.12/site-packages/airflow/example_dags/tutorial_objectstorage.py
[2025-12-31T21:19:19.801+0000] {logging_mixin.py:190} INFO - [2025-12-31T21:19:19.801+0000] {dag.py:3239} INFO - Sync 1 DAGs
[2025-12-31T21:19:19.816+0000] {logging_mixin.py:190} INFO - [2025-12-31T21:19:19.816+0000] {dag.py:4180} INFO - Setting next_dagrun for tutorial_objectstorage to None, run_after=None
[2025-12-31T21:19:19.840+0000] {processor.py:208} INFO - Processing /home/airflow/.local/lib/python3.12/site-packages/airflow/example_dags/tutorial_objectstorage.py took 0.083 seconds
[2025-12-31T21:19:50.032+0000] {processor.py:186} INFO - Started process (PID=1059) to work on /home/airflow/.local/lib/python3.12/site-packages/airflow/example_dags/tutorial_objectstorage.py
[2025-12-31T21:19:50.033+0000] {processor.py:914} INFO - Processing file /home/airflow/.local/lib/python3.12/site-packages/airflow/example_dags/tutorial_objectstorage.py for tasks to queue
[2025-12-31T21:19:50.036+0000] {logging_mixin.py:190} INFO - [2025-12-31T21:19:50.036+0000] {dagbag.py:588} INFO - Filling up the DagBag from /home/airflow/.local/lib/python3.12/site-packages/airflow/example_dags/tutorial_objectstorage.py
[2025-12-31T21:19:50.048+0000] {processor.py:925} INFO - DAG(s) 'tutorial_objectstorage' retrieved from /home/airflow/.local/lib/python3.12/site-packages/airflow/example_dags/tutorial_objectstorage.py
[2025-12-31T21:19:50.074+0000] {logging_mixin.py:190} INFO - [2025-12-31T21:19:50.074+0000] {dag.py:3239} INFO - Sync 1 DAGs
[2025-12-31T21:19:50.092+0000] {logging_mixin.py:190} INFO - [2025-12-31T21:19:50.092+0000] {dag.py:4180} INFO - Setting next_dagrun for tutorial_objectstorage to None, run_after=None
[2025-12-31T21:19:50.120+0000] {processor.py:208} INFO - Processing /home/airflow/.local/lib/python3.12/site-packages/airflow/example_dags/tutorial_objectstorage.py took 0.095 seconds
[2025-12-31T21:20:20.995+0000] {processor.py:186} INFO - Started process (PID=1122) to work on /home/airflow/.local/lib/python3.12/site-packages/airflow/example_dags/tutorial_objectstorage.py
[2025-12-31T21:20:20.997+0000] {processor.py:914} INFO - Processing file /home/airflow/.local/lib/python3.12/site-packages/airflow/example_dags/tutorial_objectstorage.py for tasks to queue
[2025-12-31T21:20:21.000+0000] {logging_mixin.py:190} INFO - [2025-12-31T21:20:20.999+0000] {dagbag.py:588} INFO - Filling up the DagBag from /home/airflow/.local/lib/python3.12/site-packages/airflow/example_dags/tutorial_objectstorage.py
[2025-12-31T21:20:21.011+0000] {processor.py:925} INFO - DAG(s) 'tutorial_objectstorage' retrieved from /home/airflow/.local/lib/python3.12/site-packages/airflow/example_dags/tutorial_objectstorage.py
[2025-12-31T21:20:21.041+0000] {logging_mixin.py:190} INFO - [2025-12-31T21:20:21.041+0000] {dag.py:3239} INFO - Sync 1 DAGs
[2025-12-31T21:20:21.064+0000] {logging_mixin.py:190} INFO - [2025-12-31T21:20:21.064+0000] {dag.py:4180} INFO - Setting next_dagrun for tutorial_objectstorage to None, run_after=None
[2025-12-31T21:20:21.091+0000] {processor.py:208} INFO - Processing /home/airflow/.local/lib/python3.12/site-packages/airflow/example_dags/tutorial_objectstorage.py took 0.102 seconds
[2025-12-31T21:20:51.678+0000] {processor.py:186} INFO - Started process (PID=1185) to work on /home/airflow/.local/lib/python3.12/site-packages/airflow/example_dags/tutorial_objectstorage.py
[2025-12-31T21:20:51.679+0000] {processor.py:914} INFO - Processing file /home/airflow/.local/lib/python3.12/site-packages/airflow/example_dags/tutorial_objectstorage.py for tasks to queue
[2025-12-31T21:20:51.682+0000] {logging_mixin.py:190} INFO - [2025-12-31T21:20:51.681+0000] {dagbag.py:588} INFO - Filling up the DagBag from /home/airflow/.local/lib/python3.12/site-packages/airflow/example_dags/tutorial_objectstorage.py
[2025-12-31T21:20:51.692+0000] {processor.py:925} INFO - DAG(s) 'tutorial_objectstorage' retrieved from /home/airflow/.local/lib/python3.12/site-packages/airflow/example_dags/tutorial_objectstorage.py
[2025-12-31T21:20:51.714+0000] {logging_mixin.py:190} INFO - [2025-12-31T21:20:51.714+0000] {dag.py:3239} INFO - Sync 1 DAGs
[2025-12-31T21:20:51.730+0000] {logging_mixin.py:190} INFO - [2025-12-31T21:20:51.730+0000] {dag.py:4180} INFO - Setting next_dagrun for tutorial_objectstorage to None, run_after=None
[2025-12-31T21:20:51.755+0000] {processor.py:208} INFO - Processing /home/airflow/.local/lib/python3.12/site-packages/airflow/example_dags/tutorial_objectstorage.py took 0.083 seconds
[2025-12-31T21:21:22.215+0000] {processor.py:186} INFO - Started process (PID=1249) to work on /home/airflow/.local/lib/python3.12/site-packages/airflow/example_dags/tutorial_objectstorage.py
[2025-12-31T21:21:22.216+0000] {processor.py:914} INFO - Processing file /home/airflow/.local/lib/python3.12/site-packages/airflow/example_dags/tutorial_objectstorage.py for tasks to queue
[2025-12-31T21:21:22.219+0000] {logging_mixin.py:190} INFO - [2025-12-31T21:21:22.218+0000] {dagbag.py:588} INFO - Filling up the DagBag from /home/airflow/.local/lib/python3.12/site-packages/airflow/example_dags/tutorial_objectstorage.py
[2025-12-31T21:21:22.230+0000] {processor.py:925} INFO - DAG(s) 'tutorial_objectstorage' retrieved from /home/airflow/.local/lib/python3.12/site-packages/airflow/example_dags/tutorial_objectstorage.py
[2025-12-31T21:21:22.253+0000] {logging_mixin.py:190} INFO - [2025-12-31T21:21:22.252+0000] {dag.py:3239} INFO - Sync 1 DAGs
[2025-12-31T21:21:22.269+0000] {logging_mixin.py:190} INFO - [2025-12-31T21:21:22.269+0000] {dag.py:4180} INFO - Setting next_dagrun for tutorial_objectstorage to None, run_after=None
[2025-12-31T21:21:22.296+0000] {processor.py:208} INFO - Processing /home/airflow/.local/lib/python3.12/site-packages/airflow/example_dags/tutorial_objectstorage.py took 0.087 seconds
