[2025-12-31T21:12:14.349+0000] {processor.py:186} INFO - Started process (PID=115) to work on /home/airflow/.local/lib/python3.12/site-packages/airflow/example_dags/tutorial_taskflow_api.py
[2025-12-31T21:12:14.350+0000] {processor.py:914} INFO - Processing file /home/airflow/.local/lib/python3.12/site-packages/airflow/example_dags/tutorial_taskflow_api.py for tasks to queue
[2025-12-31T21:12:14.354+0000] {logging_mixin.py:190} INFO - [2025-12-31T21:12:14.354+0000] {dagbag.py:588} INFO - Filling up the DagBag from /home/airflow/.local/lib/python3.12/site-packages/airflow/example_dags/tutorial_taskflow_api.py
[2025-12-31T21:12:14.367+0000] {processor.py:925} INFO - DAG(s) 'tutorial_taskflow_api' retrieved from /home/airflow/.local/lib/python3.12/site-packages/airflow/example_dags/tutorial_taskflow_api.py
[2025-12-31T21:12:14.528+0000] {logging_mixin.py:190} INFO - [2025-12-31T21:12:14.527+0000] {override.py:1912} INFO - Created Permission View: can read on DAG:tutorial_taskflow_api
[2025-12-31T21:12:14.542+0000] {logging_mixin.py:190} INFO - [2025-12-31T21:12:14.541+0000] {override.py:1912} INFO - Created Permission View: can delete on DAG:tutorial_taskflow_api
[2025-12-31T21:12:14.552+0000] {logging_mixin.py:190} INFO - [2025-12-31T21:12:14.552+0000] {override.py:1912} INFO - Created Permission View: can edit on DAG:tutorial_taskflow_api
[2025-12-31T21:12:14.564+0000] {logging_mixin.py:190} INFO - [2025-12-31T21:12:14.564+0000] {override.py:1912} INFO - Created Permission View: can read on DAG Run:tutorial_taskflow_api
[2025-12-31T21:12:14.575+0000] {logging_mixin.py:190} INFO - [2025-12-31T21:12:14.574+0000] {override.py:1912} INFO - Created Permission View: can create on DAG Run:tutorial_taskflow_api
[2025-12-31T21:12:14.585+0000] {logging_mixin.py:190} INFO - [2025-12-31T21:12:14.585+0000] {override.py:1912} INFO - Created Permission View: can delete on DAG Run:tutorial_taskflow_api
[2025-12-31T21:12:14.595+0000] {logging_mixin.py:190} INFO - [2025-12-31T21:12:14.595+0000] {override.py:1912} INFO - Created Permission View: menu access on DAG Run:tutorial_taskflow_api
[2025-12-31T21:12:14.597+0000] {logging_mixin.py:190} INFO - [2025-12-31T21:12:14.597+0000] {dag.py:3239} INFO - Sync 1 DAGs
[2025-12-31T21:12:14.618+0000] {logging_mixin.py:190} INFO - [2025-12-31T21:12:14.618+0000] {dag.py:3262} INFO - Creating ORM DAG for tutorial_taskflow_api
[2025-12-31T21:12:14.620+0000] {logging_mixin.py:190} INFO - [2025-12-31T21:12:14.620+0000] {dag.py:4180} INFO - Setting next_dagrun for tutorial_taskflow_api to None, run_after=None
[2025-12-31T21:12:14.653+0000] {processor.py:208} INFO - Processing /home/airflow/.local/lib/python3.12/site-packages/airflow/example_dags/tutorial_taskflow_api.py took 0.315 seconds
[2025-12-31T21:12:44.744+0000] {processor.py:186} INFO - Started process (PID=177) to work on /home/airflow/.local/lib/python3.12/site-packages/airflow/example_dags/tutorial_taskflow_api.py
[2025-12-31T21:12:44.746+0000] {processor.py:914} INFO - Processing file /home/airflow/.local/lib/python3.12/site-packages/airflow/example_dags/tutorial_taskflow_api.py for tasks to queue
[2025-12-31T21:12:44.749+0000] {logging_mixin.py:190} INFO - [2025-12-31T21:12:44.749+0000] {dagbag.py:588} INFO - Filling up the DagBag from /home/airflow/.local/lib/python3.12/site-packages/airflow/example_dags/tutorial_taskflow_api.py
[2025-12-31T21:12:44.765+0000] {processor.py:925} INFO - DAG(s) 'tutorial_taskflow_api' retrieved from /home/airflow/.local/lib/python3.12/site-packages/airflow/example_dags/tutorial_taskflow_api.py
[2025-12-31T21:12:44.787+0000] {logging_mixin.py:190} INFO - [2025-12-31T21:12:44.787+0000] {dag.py:3239} INFO - Sync 1 DAGs
[2025-12-31T21:12:44.803+0000] {logging_mixin.py:190} INFO - [2025-12-31T21:12:44.802+0000] {dag.py:4180} INFO - Setting next_dagrun for tutorial_taskflow_api to None, run_after=None
[2025-12-31T21:12:44.829+0000] {processor.py:208} INFO - Processing /home/airflow/.local/lib/python3.12/site-packages/airflow/example_dags/tutorial_taskflow_api.py took 0.091 seconds
[2025-12-31T21:13:14.964+0000] {processor.py:186} INFO - Started process (PID=239) to work on /home/airflow/.local/lib/python3.12/site-packages/airflow/example_dags/tutorial_taskflow_api.py
[2025-12-31T21:13:14.966+0000] {processor.py:914} INFO - Processing file /home/airflow/.local/lib/python3.12/site-packages/airflow/example_dags/tutorial_taskflow_api.py for tasks to queue
[2025-12-31T21:13:14.969+0000] {logging_mixin.py:190} INFO - [2025-12-31T21:13:14.968+0000] {dagbag.py:588} INFO - Filling up the DagBag from /home/airflow/.local/lib/python3.12/site-packages/airflow/example_dags/tutorial_taskflow_api.py
[2025-12-31T21:13:14.980+0000] {processor.py:925} INFO - DAG(s) 'tutorial_taskflow_api' retrieved from /home/airflow/.local/lib/python3.12/site-packages/airflow/example_dags/tutorial_taskflow_api.py
[2025-12-31T21:13:15.003+0000] {logging_mixin.py:190} INFO - [2025-12-31T21:13:15.002+0000] {dag.py:3239} INFO - Sync 1 DAGs
[2025-12-31T21:13:15.020+0000] {logging_mixin.py:190} INFO - [2025-12-31T21:13:15.020+0000] {dag.py:4180} INFO - Setting next_dagrun for tutorial_taskflow_api to None, run_after=None
[2025-12-31T21:13:15.045+0000] {processor.py:208} INFO - Processing /home/airflow/.local/lib/python3.12/site-packages/airflow/example_dags/tutorial_taskflow_api.py took 0.089 seconds
[2025-12-31T21:13:45.110+0000] {processor.py:186} INFO - Started process (PID=302) to work on /home/airflow/.local/lib/python3.12/site-packages/airflow/example_dags/tutorial_taskflow_api.py
[2025-12-31T21:13:45.111+0000] {processor.py:914} INFO - Processing file /home/airflow/.local/lib/python3.12/site-packages/airflow/example_dags/tutorial_taskflow_api.py for tasks to queue
[2025-12-31T21:13:45.115+0000] {logging_mixin.py:190} INFO - [2025-12-31T21:13:45.114+0000] {dagbag.py:588} INFO - Filling up the DagBag from /home/airflow/.local/lib/python3.12/site-packages/airflow/example_dags/tutorial_taskflow_api.py
[2025-12-31T21:13:45.126+0000] {processor.py:925} INFO - DAG(s) 'tutorial_taskflow_api' retrieved from /home/airflow/.local/lib/python3.12/site-packages/airflow/example_dags/tutorial_taskflow_api.py
[2025-12-31T21:13:45.150+0000] {logging_mixin.py:190} INFO - [2025-12-31T21:13:45.150+0000] {dag.py:3239} INFO - Sync 1 DAGs
[2025-12-31T21:13:45.167+0000] {logging_mixin.py:190} INFO - [2025-12-31T21:13:45.167+0000] {dag.py:4180} INFO - Setting next_dagrun for tutorial_taskflow_api to None, run_after=None
[2025-12-31T21:13:45.198+0000] {processor.py:208} INFO - Processing /home/airflow/.local/lib/python3.12/site-packages/airflow/example_dags/tutorial_taskflow_api.py took 0.094 seconds
[2025-12-31T21:14:15.852+0000] {processor.py:186} INFO - Started process (PID=365) to work on /home/airflow/.local/lib/python3.12/site-packages/airflow/example_dags/tutorial_taskflow_api.py
[2025-12-31T21:14:15.853+0000] {processor.py:914} INFO - Processing file /home/airflow/.local/lib/python3.12/site-packages/airflow/example_dags/tutorial_taskflow_api.py for tasks to queue
[2025-12-31T21:14:15.857+0000] {logging_mixin.py:190} INFO - [2025-12-31T21:14:15.856+0000] {dagbag.py:588} INFO - Filling up the DagBag from /home/airflow/.local/lib/python3.12/site-packages/airflow/example_dags/tutorial_taskflow_api.py
[2025-12-31T21:14:15.868+0000] {processor.py:925} INFO - DAG(s) 'tutorial_taskflow_api' retrieved from /home/airflow/.local/lib/python3.12/site-packages/airflow/example_dags/tutorial_taskflow_api.py
[2025-12-31T21:14:15.896+0000] {logging_mixin.py:190} INFO - [2025-12-31T21:14:15.895+0000] {dag.py:3239} INFO - Sync 1 DAGs
[2025-12-31T21:14:15.914+0000] {logging_mixin.py:190} INFO - [2025-12-31T21:14:15.914+0000] {dag.py:4180} INFO - Setting next_dagrun for tutorial_taskflow_api to None, run_after=None
[2025-12-31T21:14:15.939+0000] {processor.py:208} INFO - Processing /home/airflow/.local/lib/python3.12/site-packages/airflow/example_dags/tutorial_taskflow_api.py took 0.093 seconds
[2025-12-31T21:14:46.063+0000] {processor.py:186} INFO - Started process (PID=428) to work on /home/airflow/.local/lib/python3.12/site-packages/airflow/example_dags/tutorial_taskflow_api.py
[2025-12-31T21:14:46.064+0000] {processor.py:914} INFO - Processing file /home/airflow/.local/lib/python3.12/site-packages/airflow/example_dags/tutorial_taskflow_api.py for tasks to queue
[2025-12-31T21:14:46.068+0000] {logging_mixin.py:190} INFO - [2025-12-31T21:14:46.067+0000] {dagbag.py:588} INFO - Filling up the DagBag from /home/airflow/.local/lib/python3.12/site-packages/airflow/example_dags/tutorial_taskflow_api.py
[2025-12-31T21:14:46.084+0000] {processor.py:925} INFO - DAG(s) 'tutorial_taskflow_api' retrieved from /home/airflow/.local/lib/python3.12/site-packages/airflow/example_dags/tutorial_taskflow_api.py
[2025-12-31T21:14:46.119+0000] {logging_mixin.py:190} INFO - [2025-12-31T21:14:46.118+0000] {dag.py:3239} INFO - Sync 1 DAGs
[2025-12-31T21:14:46.171+0000] {logging_mixin.py:190} INFO - [2025-12-31T21:14:46.170+0000] {dag.py:4180} INFO - Setting next_dagrun for tutorial_taskflow_api to None, run_after=None
[2025-12-31T21:14:46.244+0000] {processor.py:208} INFO - Processing /home/airflow/.local/lib/python3.12/site-packages/airflow/example_dags/tutorial_taskflow_api.py took 0.190 seconds
[2025-12-31T21:15:17.107+0000] {processor.py:186} INFO - Started process (PID=490) to work on /home/airflow/.local/lib/python3.12/site-packages/airflow/example_dags/tutorial_taskflow_api.py
[2025-12-31T21:15:17.109+0000] {processor.py:914} INFO - Processing file /home/airflow/.local/lib/python3.12/site-packages/airflow/example_dags/tutorial_taskflow_api.py for tasks to queue
[2025-12-31T21:15:17.113+0000] {logging_mixin.py:190} INFO - [2025-12-31T21:15:17.112+0000] {dagbag.py:588} INFO - Filling up the DagBag from /home/airflow/.local/lib/python3.12/site-packages/airflow/example_dags/tutorial_taskflow_api.py
[2025-12-31T21:15:17.128+0000] {processor.py:925} INFO - DAG(s) 'tutorial_taskflow_api' retrieved from /home/airflow/.local/lib/python3.12/site-packages/airflow/example_dags/tutorial_taskflow_api.py
[2025-12-31T21:15:17.162+0000] {logging_mixin.py:190} INFO - [2025-12-31T21:15:17.161+0000] {dag.py:3239} INFO - Sync 1 DAGs
[2025-12-31T21:15:17.179+0000] {logging_mixin.py:190} INFO - [2025-12-31T21:15:17.179+0000] {dag.py:4180} INFO - Setting next_dagrun for tutorial_taskflow_api to None, run_after=None
[2025-12-31T21:15:17.202+0000] {processor.py:208} INFO - Processing /home/airflow/.local/lib/python3.12/site-packages/airflow/example_dags/tutorial_taskflow_api.py took 0.105 seconds
[2025-12-31T21:15:47.495+0000] {processor.py:186} INFO - Started process (PID=553) to work on /home/airflow/.local/lib/python3.12/site-packages/airflow/example_dags/tutorial_taskflow_api.py
[2025-12-31T21:15:47.497+0000] {processor.py:914} INFO - Processing file /home/airflow/.local/lib/python3.12/site-packages/airflow/example_dags/tutorial_taskflow_api.py for tasks to queue
[2025-12-31T21:15:47.501+0000] {logging_mixin.py:190} INFO - [2025-12-31T21:15:47.500+0000] {dagbag.py:588} INFO - Filling up the DagBag from /home/airflow/.local/lib/python3.12/site-packages/airflow/example_dags/tutorial_taskflow_api.py
[2025-12-31T21:15:47.516+0000] {processor.py:925} INFO - DAG(s) 'tutorial_taskflow_api' retrieved from /home/airflow/.local/lib/python3.12/site-packages/airflow/example_dags/tutorial_taskflow_api.py
[2025-12-31T21:15:47.558+0000] {logging_mixin.py:190} INFO - [2025-12-31T21:15:47.558+0000] {dag.py:3239} INFO - Sync 1 DAGs
[2025-12-31T21:15:47.583+0000] {logging_mixin.py:190} INFO - [2025-12-31T21:15:47.582+0000] {dag.py:4180} INFO - Setting next_dagrun for tutorial_taskflow_api to None, run_after=None
[2025-12-31T21:15:47.635+0000] {processor.py:208} INFO - Processing /home/airflow/.local/lib/python3.12/site-packages/airflow/example_dags/tutorial_taskflow_api.py took 0.151 seconds
[2025-12-31T21:16:17.912+0000] {processor.py:186} INFO - Started process (PID=623) to work on /home/airflow/.local/lib/python3.12/site-packages/airflow/example_dags/tutorial_taskflow_api.py
[2025-12-31T21:16:17.914+0000] {processor.py:914} INFO - Processing file /home/airflow/.local/lib/python3.12/site-packages/airflow/example_dags/tutorial_taskflow_api.py for tasks to queue
[2025-12-31T21:16:17.917+0000] {logging_mixin.py:190} INFO - [2025-12-31T21:16:17.916+0000] {dagbag.py:588} INFO - Filling up the DagBag from /home/airflow/.local/lib/python3.12/site-packages/airflow/example_dags/tutorial_taskflow_api.py
[2025-12-31T21:16:17.928+0000] {processor.py:925} INFO - DAG(s) 'tutorial_taskflow_api' retrieved from /home/airflow/.local/lib/python3.12/site-packages/airflow/example_dags/tutorial_taskflow_api.py
[2025-12-31T21:16:17.953+0000] {logging_mixin.py:190} INFO - [2025-12-31T21:16:17.953+0000] {dag.py:3239} INFO - Sync 1 DAGs
[2025-12-31T21:16:17.970+0000] {logging_mixin.py:190} INFO - [2025-12-31T21:16:17.970+0000] {dag.py:4180} INFO - Setting next_dagrun for tutorial_taskflow_api to None, run_after=None
[2025-12-31T21:16:17.999+0000] {processor.py:208} INFO - Processing /home/airflow/.local/lib/python3.12/site-packages/airflow/example_dags/tutorial_taskflow_api.py took 0.094 seconds
[2025-12-31T21:16:48.691+0000] {processor.py:186} INFO - Started process (PID=686) to work on /home/airflow/.local/lib/python3.12/site-packages/airflow/example_dags/tutorial_taskflow_api.py
[2025-12-31T21:16:48.692+0000] {processor.py:914} INFO - Processing file /home/airflow/.local/lib/python3.12/site-packages/airflow/example_dags/tutorial_taskflow_api.py for tasks to queue
[2025-12-31T21:16:48.696+0000] {logging_mixin.py:190} INFO - [2025-12-31T21:16:48.695+0000] {dagbag.py:588} INFO - Filling up the DagBag from /home/airflow/.local/lib/python3.12/site-packages/airflow/example_dags/tutorial_taskflow_api.py
[2025-12-31T21:16:48.707+0000] {processor.py:925} INFO - DAG(s) 'tutorial_taskflow_api' retrieved from /home/airflow/.local/lib/python3.12/site-packages/airflow/example_dags/tutorial_taskflow_api.py
[2025-12-31T21:16:48.730+0000] {logging_mixin.py:190} INFO - [2025-12-31T21:16:48.730+0000] {dag.py:3239} INFO - Sync 1 DAGs
[2025-12-31T21:16:48.750+0000] {logging_mixin.py:190} INFO - [2025-12-31T21:16:48.750+0000] {dag.py:4180} INFO - Setting next_dagrun for tutorial_taskflow_api to None, run_after=None
[2025-12-31T21:16:48.783+0000] {processor.py:208} INFO - Processing /home/airflow/.local/lib/python3.12/site-packages/airflow/example_dags/tutorial_taskflow_api.py took 0.100 seconds
[2025-12-31T21:17:18.917+0000] {processor.py:186} INFO - Started process (PID=749) to work on /home/airflow/.local/lib/python3.12/site-packages/airflow/example_dags/tutorial_taskflow_api.py
[2025-12-31T21:17:18.919+0000] {processor.py:914} INFO - Processing file /home/airflow/.local/lib/python3.12/site-packages/airflow/example_dags/tutorial_taskflow_api.py for tasks to queue
[2025-12-31T21:17:18.922+0000] {logging_mixin.py:190} INFO - [2025-12-31T21:17:18.921+0000] {dagbag.py:588} INFO - Filling up the DagBag from /home/airflow/.local/lib/python3.12/site-packages/airflow/example_dags/tutorial_taskflow_api.py
[2025-12-31T21:17:18.936+0000] {processor.py:925} INFO - DAG(s) 'tutorial_taskflow_api' retrieved from /home/airflow/.local/lib/python3.12/site-packages/airflow/example_dags/tutorial_taskflow_api.py
[2025-12-31T21:17:18.962+0000] {logging_mixin.py:190} INFO - [2025-12-31T21:17:18.961+0000] {dag.py:3239} INFO - Sync 1 DAGs
[2025-12-31T21:17:18.980+0000] {logging_mixin.py:190} INFO - [2025-12-31T21:17:18.980+0000] {dag.py:4180} INFO - Setting next_dagrun for tutorial_taskflow_api to None, run_after=None
[2025-12-31T21:17:19.032+0000] {processor.py:208} INFO - Processing /home/airflow/.local/lib/python3.12/site-packages/airflow/example_dags/tutorial_taskflow_api.py took 0.121 seconds
[2025-12-31T21:17:49.271+0000] {processor.py:186} INFO - Started process (PID=813) to work on /home/airflow/.local/lib/python3.12/site-packages/airflow/example_dags/tutorial_taskflow_api.py
[2025-12-31T21:17:49.273+0000] {processor.py:914} INFO - Processing file /home/airflow/.local/lib/python3.12/site-packages/airflow/example_dags/tutorial_taskflow_api.py for tasks to queue
[2025-12-31T21:17:49.276+0000] {logging_mixin.py:190} INFO - [2025-12-31T21:17:49.276+0000] {dagbag.py:588} INFO - Filling up the DagBag from /home/airflow/.local/lib/python3.12/site-packages/airflow/example_dags/tutorial_taskflow_api.py
[2025-12-31T21:17:49.289+0000] {processor.py:925} INFO - DAG(s) 'tutorial_taskflow_api' retrieved from /home/airflow/.local/lib/python3.12/site-packages/airflow/example_dags/tutorial_taskflow_api.py
[2025-12-31T21:17:49.317+0000] {logging_mixin.py:190} INFO - [2025-12-31T21:17:49.316+0000] {dag.py:3239} INFO - Sync 1 DAGs
[2025-12-31T21:17:49.338+0000] {logging_mixin.py:190} INFO - [2025-12-31T21:17:49.338+0000] {dag.py:4180} INFO - Setting next_dagrun for tutorial_taskflow_api to None, run_after=None
[2025-12-31T21:17:49.366+0000] {processor.py:208} INFO - Processing /home/airflow/.local/lib/python3.12/site-packages/airflow/example_dags/tutorial_taskflow_api.py took 0.104 seconds
[2025-12-31T21:18:19.925+0000] {processor.py:186} INFO - Started process (PID=876) to work on /home/airflow/.local/lib/python3.12/site-packages/airflow/example_dags/tutorial_taskflow_api.py
[2025-12-31T21:18:19.926+0000] {processor.py:914} INFO - Processing file /home/airflow/.local/lib/python3.12/site-packages/airflow/example_dags/tutorial_taskflow_api.py for tasks to queue
[2025-12-31T21:18:19.930+0000] {logging_mixin.py:190} INFO - [2025-12-31T21:18:19.929+0000] {dagbag.py:588} INFO - Filling up the DagBag from /home/airflow/.local/lib/python3.12/site-packages/airflow/example_dags/tutorial_taskflow_api.py
[2025-12-31T21:18:19.941+0000] {processor.py:925} INFO - DAG(s) 'tutorial_taskflow_api' retrieved from /home/airflow/.local/lib/python3.12/site-packages/airflow/example_dags/tutorial_taskflow_api.py
[2025-12-31T21:18:19.964+0000] {logging_mixin.py:190} INFO - [2025-12-31T21:18:19.963+0000] {dag.py:3239} INFO - Sync 1 DAGs
[2025-12-31T21:18:19.980+0000] {logging_mixin.py:190} INFO - [2025-12-31T21:18:19.980+0000] {dag.py:4180} INFO - Setting next_dagrun for tutorial_taskflow_api to None, run_after=None
[2025-12-31T21:18:20.004+0000] {processor.py:208} INFO - Processing /home/airflow/.local/lib/python3.12/site-packages/airflow/example_dags/tutorial_taskflow_api.py took 0.085 seconds
[2025-12-31T21:18:50.895+0000] {processor.py:186} INFO - Started process (PID=939) to work on /home/airflow/.local/lib/python3.12/site-packages/airflow/example_dags/tutorial_taskflow_api.py
[2025-12-31T21:18:50.896+0000] {processor.py:914} INFO - Processing file /home/airflow/.local/lib/python3.12/site-packages/airflow/example_dags/tutorial_taskflow_api.py for tasks to queue
[2025-12-31T21:18:50.899+0000] {logging_mixin.py:190} INFO - [2025-12-31T21:18:50.899+0000] {dagbag.py:588} INFO - Filling up the DagBag from /home/airflow/.local/lib/python3.12/site-packages/airflow/example_dags/tutorial_taskflow_api.py
[2025-12-31T21:18:50.910+0000] {processor.py:925} INFO - DAG(s) 'tutorial_taskflow_api' retrieved from /home/airflow/.local/lib/python3.12/site-packages/airflow/example_dags/tutorial_taskflow_api.py
[2025-12-31T21:18:50.932+0000] {logging_mixin.py:190} INFO - [2025-12-31T21:18:50.932+0000] {dag.py:3239} INFO - Sync 1 DAGs
[2025-12-31T21:18:50.949+0000] {logging_mixin.py:190} INFO - [2025-12-31T21:18:50.948+0000] {dag.py:4180} INFO - Setting next_dagrun for tutorial_taskflow_api to None, run_after=None
[2025-12-31T21:18:50.972+0000] {processor.py:208} INFO - Processing /home/airflow/.local/lib/python3.12/site-packages/airflow/example_dags/tutorial_taskflow_api.py took 0.084 seconds
[2025-12-31T21:19:21.189+0000] {processor.py:186} INFO - Started process (PID=1002) to work on /home/airflow/.local/lib/python3.12/site-packages/airflow/example_dags/tutorial_taskflow_api.py
[2025-12-31T21:19:21.190+0000] {processor.py:914} INFO - Processing file /home/airflow/.local/lib/python3.12/site-packages/airflow/example_dags/tutorial_taskflow_api.py for tasks to queue
[2025-12-31T21:19:21.194+0000] {logging_mixin.py:190} INFO - [2025-12-31T21:19:21.193+0000] {dagbag.py:588} INFO - Filling up the DagBag from /home/airflow/.local/lib/python3.12/site-packages/airflow/example_dags/tutorial_taskflow_api.py
[2025-12-31T21:19:21.204+0000] {processor.py:925} INFO - DAG(s) 'tutorial_taskflow_api' retrieved from /home/airflow/.local/lib/python3.12/site-packages/airflow/example_dags/tutorial_taskflow_api.py
[2025-12-31T21:19:21.227+0000] {logging_mixin.py:190} INFO - [2025-12-31T21:19:21.226+0000] {dag.py:3239} INFO - Sync 1 DAGs
[2025-12-31T21:19:21.244+0000] {logging_mixin.py:190} INFO - [2025-12-31T21:19:21.244+0000] {dag.py:4180} INFO - Setting next_dagrun for tutorial_taskflow_api to None, run_after=None
[2025-12-31T21:19:21.269+0000] {processor.py:208} INFO - Processing /home/airflow/.local/lib/python3.12/site-packages/airflow/example_dags/tutorial_taskflow_api.py took 0.088 seconds
[2025-12-31T21:19:51.585+0000] {processor.py:186} INFO - Started process (PID=1065) to work on /home/airflow/.local/lib/python3.12/site-packages/airflow/example_dags/tutorial_taskflow_api.py
[2025-12-31T21:19:51.587+0000] {processor.py:914} INFO - Processing file /home/airflow/.local/lib/python3.12/site-packages/airflow/example_dags/tutorial_taskflow_api.py for tasks to queue
[2025-12-31T21:19:51.591+0000] {logging_mixin.py:190} INFO - [2025-12-31T21:19:51.590+0000] {dagbag.py:588} INFO - Filling up the DagBag from /home/airflow/.local/lib/python3.12/site-packages/airflow/example_dags/tutorial_taskflow_api.py
[2025-12-31T21:19:51.606+0000] {processor.py:925} INFO - DAG(s) 'tutorial_taskflow_api' retrieved from /home/airflow/.local/lib/python3.12/site-packages/airflow/example_dags/tutorial_taskflow_api.py
[2025-12-31T21:19:51.636+0000] {logging_mixin.py:190} INFO - [2025-12-31T21:19:51.635+0000] {dag.py:3239} INFO - Sync 1 DAGs
[2025-12-31T21:19:51.661+0000] {logging_mixin.py:190} INFO - [2025-12-31T21:19:51.660+0000] {dag.py:4180} INFO - Setting next_dagrun for tutorial_taskflow_api to None, run_after=None
[2025-12-31T21:19:51.695+0000] {processor.py:208} INFO - Processing /home/airflow/.local/lib/python3.12/site-packages/airflow/example_dags/tutorial_taskflow_api.py took 0.119 seconds
[2025-12-31T21:20:22.430+0000] {processor.py:186} INFO - Started process (PID=1128) to work on /home/airflow/.local/lib/python3.12/site-packages/airflow/example_dags/tutorial_taskflow_api.py
[2025-12-31T21:20:22.431+0000] {processor.py:914} INFO - Processing file /home/airflow/.local/lib/python3.12/site-packages/airflow/example_dags/tutorial_taskflow_api.py for tasks to queue
[2025-12-31T21:20:22.434+0000] {logging_mixin.py:190} INFO - [2025-12-31T21:20:22.433+0000] {dagbag.py:588} INFO - Filling up the DagBag from /home/airflow/.local/lib/python3.12/site-packages/airflow/example_dags/tutorial_taskflow_api.py
[2025-12-31T21:20:22.446+0000] {processor.py:925} INFO - DAG(s) 'tutorial_taskflow_api' retrieved from /home/airflow/.local/lib/python3.12/site-packages/airflow/example_dags/tutorial_taskflow_api.py
[2025-12-31T21:20:22.468+0000] {logging_mixin.py:190} INFO - [2025-12-31T21:20:22.468+0000] {dag.py:3239} INFO - Sync 1 DAGs
[2025-12-31T21:20:22.485+0000] {logging_mixin.py:190} INFO - [2025-12-31T21:20:22.485+0000] {dag.py:4180} INFO - Setting next_dagrun for tutorial_taskflow_api to None, run_after=None
[2025-12-31T21:20:22.507+0000] {processor.py:208} INFO - Processing /home/airflow/.local/lib/python3.12/site-packages/airflow/example_dags/tutorial_taskflow_api.py took 0.084 seconds
[2025-12-31T21:20:53.095+0000] {processor.py:186} INFO - Started process (PID=1191) to work on /home/airflow/.local/lib/python3.12/site-packages/airflow/example_dags/tutorial_taskflow_api.py
[2025-12-31T21:20:53.096+0000] {processor.py:914} INFO - Processing file /home/airflow/.local/lib/python3.12/site-packages/airflow/example_dags/tutorial_taskflow_api.py for tasks to queue
[2025-12-31T21:20:53.099+0000] {logging_mixin.py:190} INFO - [2025-12-31T21:20:53.099+0000] {dagbag.py:588} INFO - Filling up the DagBag from /home/airflow/.local/lib/python3.12/site-packages/airflow/example_dags/tutorial_taskflow_api.py
[2025-12-31T21:20:53.111+0000] {processor.py:925} INFO - DAG(s) 'tutorial_taskflow_api' retrieved from /home/airflow/.local/lib/python3.12/site-packages/airflow/example_dags/tutorial_taskflow_api.py
[2025-12-31T21:20:53.135+0000] {logging_mixin.py:190} INFO - [2025-12-31T21:20:53.135+0000] {dag.py:3239} INFO - Sync 1 DAGs
[2025-12-31T21:20:53.152+0000] {logging_mixin.py:190} INFO - [2025-12-31T21:20:53.151+0000] {dag.py:4180} INFO - Setting next_dagrun for tutorial_taskflow_api to None, run_after=None
[2025-12-31T21:20:53.176+0000] {processor.py:208} INFO - Processing /home/airflow/.local/lib/python3.12/site-packages/airflow/example_dags/tutorial_taskflow_api.py took 0.089 seconds
[2025-12-31T21:21:23.807+0000] {processor.py:186} INFO - Started process (PID=1255) to work on /home/airflow/.local/lib/python3.12/site-packages/airflow/example_dags/tutorial_taskflow_api.py
[2025-12-31T21:21:23.808+0000] {processor.py:914} INFO - Processing file /home/airflow/.local/lib/python3.12/site-packages/airflow/example_dags/tutorial_taskflow_api.py for tasks to queue
[2025-12-31T21:21:23.811+0000] {logging_mixin.py:190} INFO - [2025-12-31T21:21:23.811+0000] {dagbag.py:588} INFO - Filling up the DagBag from /home/airflow/.local/lib/python3.12/site-packages/airflow/example_dags/tutorial_taskflow_api.py
[2025-12-31T21:21:23.823+0000] {processor.py:925} INFO - DAG(s) 'tutorial_taskflow_api' retrieved from /home/airflow/.local/lib/python3.12/site-packages/airflow/example_dags/tutorial_taskflow_api.py
[2025-12-31T21:21:23.848+0000] {logging_mixin.py:190} INFO - [2025-12-31T21:21:23.847+0000] {dag.py:3239} INFO - Sync 1 DAGs
[2025-12-31T21:21:23.865+0000] {logging_mixin.py:190} INFO - [2025-12-31T21:21:23.864+0000] {dag.py:4180} INFO - Setting next_dagrun for tutorial_taskflow_api to None, run_after=None
[2025-12-31T21:21:23.892+0000] {processor.py:208} INFO - Processing /home/airflow/.local/lib/python3.12/site-packages/airflow/example_dags/tutorial_taskflow_api.py took 0.092 seconds
