[2025-12-31T21:12:06.762+0000] {processor.py:186} INFO - Started process (PID=94) to work on /home/airflow/.local/lib/python3.12/site-packages/airflow/example_dags/tutorial.py
[2025-12-31T21:12:06.764+0000] {processor.py:914} INFO - Processing file /home/airflow/.local/lib/python3.12/site-packages/airflow/example_dags/tutorial.py for tasks to queue
[2025-12-31T21:12:06.768+0000] {logging_mixin.py:190} INFO - [2025-12-31T21:12:06.767+0000] {dagbag.py:588} INFO - Filling up the DagBag from /home/airflow/.local/lib/python3.12/site-packages/airflow/example_dags/tutorial.py
[2025-12-31T21:12:06.781+0000] {processor.py:925} INFO - DAG(s) 'tutorial' retrieved from /home/airflow/.local/lib/python3.12/site-packages/airflow/example_dags/tutorial.py
[2025-12-31T21:12:06.977+0000] {logging_mixin.py:190} INFO - [2025-12-31T21:12:06.975+0000] {override.py:1912} INFO - Created Permission View: can read on DAG:tutorial
[2025-12-31T21:12:06.995+0000] {logging_mixin.py:190} INFO - [2025-12-31T21:12:06.995+0000] {override.py:1912} INFO - Created Permission View: can delete on DAG:tutorial
[2025-12-31T21:12:07.006+0000] {logging_mixin.py:190} INFO - [2025-12-31T21:12:07.006+0000] {override.py:1912} INFO - Created Permission View: can edit on DAG:tutorial
[2025-12-31T21:12:07.045+0000] {logging_mixin.py:190} INFO - [2025-12-31T21:12:07.044+0000] {override.py:1912} INFO - Created Permission View: can read on DAG Run:tutorial
[2025-12-31T21:12:07.056+0000] {logging_mixin.py:190} INFO - [2025-12-31T21:12:07.056+0000] {override.py:1912} INFO - Created Permission View: can create on DAG Run:tutorial
[2025-12-31T21:12:07.069+0000] {logging_mixin.py:190} INFO - [2025-12-31T21:12:07.069+0000] {override.py:1912} INFO - Created Permission View: can delete on DAG Run:tutorial
[2025-12-31T21:12:07.081+0000] {logging_mixin.py:190} INFO - [2025-12-31T21:12:07.081+0000] {override.py:1912} INFO - Created Permission View: menu access on DAG Run:tutorial
[2025-12-31T21:12:07.082+0000] {logging_mixin.py:190} INFO - [2025-12-31T21:12:07.082+0000] {dag.py:3239} INFO - Sync 1 DAGs
[2025-12-31T21:12:07.103+0000] {logging_mixin.py:190} INFO - [2025-12-31T21:12:07.102+0000] {dag.py:3262} INFO - Creating ORM DAG for tutorial
[2025-12-31T21:12:07.118+0000] {logging_mixin.py:190} INFO - [2025-12-31T21:12:07.117+0000] {dag.py:4180} INFO - Setting next_dagrun for tutorial to 2025-12-30 00:00:00+00:00, run_after=2025-12-31 00:00:00+00:00
[2025-12-31T21:12:07.158+0000] {processor.py:208} INFO - Processing /home/airflow/.local/lib/python3.12/site-packages/airflow/example_dags/tutorial.py took 0.404 seconds
[2025-12-31T21:12:37.331+0000] {processor.py:186} INFO - Started process (PID=157) to work on /home/airflow/.local/lib/python3.12/site-packages/airflow/example_dags/tutorial.py
[2025-12-31T21:12:37.332+0000] {processor.py:914} INFO - Processing file /home/airflow/.local/lib/python3.12/site-packages/airflow/example_dags/tutorial.py for tasks to queue
[2025-12-31T21:12:37.336+0000] {logging_mixin.py:190} INFO - [2025-12-31T21:12:37.336+0000] {dagbag.py:588} INFO - Filling up the DagBag from /home/airflow/.local/lib/python3.12/site-packages/airflow/example_dags/tutorial.py
[2025-12-31T21:12:37.346+0000] {processor.py:925} INFO - DAG(s) 'tutorial' retrieved from /home/airflow/.local/lib/python3.12/site-packages/airflow/example_dags/tutorial.py
[2025-12-31T21:12:37.367+0000] {logging_mixin.py:190} INFO - [2025-12-31T21:12:37.367+0000] {dag.py:3239} INFO - Sync 1 DAGs
[2025-12-31T21:12:37.394+0000] {logging_mixin.py:190} INFO - [2025-12-31T21:12:37.394+0000] {dag.py:4180} INFO - Setting next_dagrun for tutorial to 2025-12-30 00:00:00+00:00, run_after=2025-12-31 00:00:00+00:00
[2025-12-31T21:12:37.420+0000] {processor.py:208} INFO - Processing /home/airflow/.local/lib/python3.12/site-packages/airflow/example_dags/tutorial.py took 0.096 seconds
[2025-12-31T21:13:08.233+0000] {processor.py:186} INFO - Started process (PID=220) to work on /home/airflow/.local/lib/python3.12/site-packages/airflow/example_dags/tutorial.py
[2025-12-31T21:13:08.235+0000] {processor.py:914} INFO - Processing file /home/airflow/.local/lib/python3.12/site-packages/airflow/example_dags/tutorial.py for tasks to queue
[2025-12-31T21:13:08.238+0000] {logging_mixin.py:190} INFO - [2025-12-31T21:13:08.238+0000] {dagbag.py:588} INFO - Filling up the DagBag from /home/airflow/.local/lib/python3.12/site-packages/airflow/example_dags/tutorial.py
[2025-12-31T21:13:08.249+0000] {processor.py:925} INFO - DAG(s) 'tutorial' retrieved from /home/airflow/.local/lib/python3.12/site-packages/airflow/example_dags/tutorial.py
[2025-12-31T21:13:08.270+0000] {logging_mixin.py:190} INFO - [2025-12-31T21:13:08.270+0000] {dag.py:3239} INFO - Sync 1 DAGs
[2025-12-31T21:13:08.297+0000] {logging_mixin.py:190} INFO - [2025-12-31T21:13:08.297+0000] {dag.py:4180} INFO - Setting next_dagrun for tutorial to 2025-12-30 00:00:00+00:00, run_after=2025-12-31 00:00:00+00:00
[2025-12-31T21:13:08.327+0000] {processor.py:208} INFO - Processing /home/airflow/.local/lib/python3.12/site-packages/airflow/example_dags/tutorial.py took 0.101 seconds
[2025-12-31T21:13:38.809+0000] {processor.py:186} INFO - Started process (PID=284) to work on /home/airflow/.local/lib/python3.12/site-packages/airflow/example_dags/tutorial.py
[2025-12-31T21:13:38.815+0000] {processor.py:914} INFO - Processing file /home/airflow/.local/lib/python3.12/site-packages/airflow/example_dags/tutorial.py for tasks to queue
[2025-12-31T21:13:38.818+0000] {logging_mixin.py:190} INFO - [2025-12-31T21:13:38.818+0000] {dagbag.py:588} INFO - Filling up the DagBag from /home/airflow/.local/lib/python3.12/site-packages/airflow/example_dags/tutorial.py
[2025-12-31T21:13:38.831+0000] {processor.py:925} INFO - DAG(s) 'tutorial' retrieved from /home/airflow/.local/lib/python3.12/site-packages/airflow/example_dags/tutorial.py
[2025-12-31T21:13:38.854+0000] {logging_mixin.py:190} INFO - [2025-12-31T21:13:38.853+0000] {dag.py:3239} INFO - Sync 1 DAGs
[2025-12-31T21:13:38.882+0000] {logging_mixin.py:190} INFO - [2025-12-31T21:13:38.882+0000] {dag.py:4180} INFO - Setting next_dagrun for tutorial to 2025-12-30 00:00:00+00:00, run_after=2025-12-31 00:00:00+00:00
[2025-12-31T21:13:38.912+0000] {processor.py:208} INFO - Processing /home/airflow/.local/lib/python3.12/site-packages/airflow/example_dags/tutorial.py took 0.110 seconds
[2025-12-31T21:14:09.102+0000] {processor.py:186} INFO - Started process (PID=347) to work on /home/airflow/.local/lib/python3.12/site-packages/airflow/example_dags/tutorial.py
[2025-12-31T21:14:09.103+0000] {processor.py:914} INFO - Processing file /home/airflow/.local/lib/python3.12/site-packages/airflow/example_dags/tutorial.py for tasks to queue
[2025-12-31T21:14:09.106+0000] {logging_mixin.py:190} INFO - [2025-12-31T21:14:09.106+0000] {dagbag.py:588} INFO - Filling up the DagBag from /home/airflow/.local/lib/python3.12/site-packages/airflow/example_dags/tutorial.py
[2025-12-31T21:14:09.115+0000] {processor.py:925} INFO - DAG(s) 'tutorial' retrieved from /home/airflow/.local/lib/python3.12/site-packages/airflow/example_dags/tutorial.py
[2025-12-31T21:14:09.137+0000] {logging_mixin.py:190} INFO - [2025-12-31T21:14:09.137+0000] {dag.py:3239} INFO - Sync 1 DAGs
[2025-12-31T21:14:09.162+0000] {logging_mixin.py:190} INFO - [2025-12-31T21:14:09.162+0000] {dag.py:4180} INFO - Setting next_dagrun for tutorial to 2025-12-30 00:00:00+00:00, run_after=2025-12-31 00:00:00+00:00
[2025-12-31T21:14:09.186+0000] {processor.py:208} INFO - Processing /home/airflow/.local/lib/python3.12/site-packages/airflow/example_dags/tutorial.py took 0.092 seconds
[2025-12-31T21:14:39.277+0000] {processor.py:186} INFO - Started process (PID=410) to work on /home/airflow/.local/lib/python3.12/site-packages/airflow/example_dags/tutorial.py
[2025-12-31T21:14:39.280+0000] {processor.py:914} INFO - Processing file /home/airflow/.local/lib/python3.12/site-packages/airflow/example_dags/tutorial.py for tasks to queue
[2025-12-31T21:14:39.283+0000] {logging_mixin.py:190} INFO - [2025-12-31T21:14:39.283+0000] {dagbag.py:588} INFO - Filling up the DagBag from /home/airflow/.local/lib/python3.12/site-packages/airflow/example_dags/tutorial.py
[2025-12-31T21:14:39.294+0000] {processor.py:925} INFO - DAG(s) 'tutorial' retrieved from /home/airflow/.local/lib/python3.12/site-packages/airflow/example_dags/tutorial.py
[2025-12-31T21:14:39.316+0000] {logging_mixin.py:190} INFO - [2025-12-31T21:14:39.316+0000] {dag.py:3239} INFO - Sync 1 DAGs
[2025-12-31T21:14:39.344+0000] {logging_mixin.py:190} INFO - [2025-12-31T21:14:39.343+0000] {dag.py:4180} INFO - Setting next_dagrun for tutorial to 2025-12-30 00:00:00+00:00, run_after=2025-12-31 00:00:00+00:00
[2025-12-31T21:14:39.369+0000] {processor.py:208} INFO - Processing /home/airflow/.local/lib/python3.12/site-packages/airflow/example_dags/tutorial.py took 0.100 seconds
[2025-12-31T21:15:09.844+0000] {processor.py:186} INFO - Started process (PID=473) to work on /home/airflow/.local/lib/python3.12/site-packages/airflow/example_dags/tutorial.py
[2025-12-31T21:15:09.845+0000] {processor.py:914} INFO - Processing file /home/airflow/.local/lib/python3.12/site-packages/airflow/example_dags/tutorial.py for tasks to queue
[2025-12-31T21:15:09.849+0000] {logging_mixin.py:190} INFO - [2025-12-31T21:15:09.849+0000] {dagbag.py:588} INFO - Filling up the DagBag from /home/airflow/.local/lib/python3.12/site-packages/airflow/example_dags/tutorial.py
[2025-12-31T21:15:09.861+0000] {processor.py:925} INFO - DAG(s) 'tutorial' retrieved from /home/airflow/.local/lib/python3.12/site-packages/airflow/example_dags/tutorial.py
[2025-12-31T21:15:09.882+0000] {logging_mixin.py:190} INFO - [2025-12-31T21:15:09.881+0000] {dag.py:3239} INFO - Sync 1 DAGs
[2025-12-31T21:15:09.912+0000] {logging_mixin.py:190} INFO - [2025-12-31T21:15:09.911+0000] {dag.py:4180} INFO - Setting next_dagrun for tutorial to 2025-12-30 00:00:00+00:00, run_after=2025-12-31 00:00:00+00:00
[2025-12-31T21:15:09.941+0000] {processor.py:208} INFO - Processing /home/airflow/.local/lib/python3.12/site-packages/airflow/example_dags/tutorial.py took 0.106 seconds
[2025-12-31T21:15:40.144+0000] {processor.py:186} INFO - Started process (PID=536) to work on /home/airflow/.local/lib/python3.12/site-packages/airflow/example_dags/tutorial.py
[2025-12-31T21:15:40.145+0000] {processor.py:914} INFO - Processing file /home/airflow/.local/lib/python3.12/site-packages/airflow/example_dags/tutorial.py for tasks to queue
[2025-12-31T21:15:40.154+0000] {logging_mixin.py:190} INFO - [2025-12-31T21:15:40.153+0000] {dagbag.py:588} INFO - Filling up the DagBag from /home/airflow/.local/lib/python3.12/site-packages/airflow/example_dags/tutorial.py
[2025-12-31T21:15:40.173+0000] {processor.py:925} INFO - DAG(s) 'tutorial' retrieved from /home/airflow/.local/lib/python3.12/site-packages/airflow/example_dags/tutorial.py
[2025-12-31T21:15:40.202+0000] {logging_mixin.py:190} INFO - [2025-12-31T21:15:40.202+0000] {dag.py:3239} INFO - Sync 1 DAGs
[2025-12-31T21:15:40.238+0000] {logging_mixin.py:190} INFO - [2025-12-31T21:15:40.238+0000] {dag.py:4180} INFO - Setting next_dagrun for tutorial to 2025-12-30 00:00:00+00:00, run_after=2025-12-31 00:00:00+00:00
[2025-12-31T21:15:40.267+0000] {processor.py:208} INFO - Processing /home/airflow/.local/lib/python3.12/site-packages/airflow/example_dags/tutorial.py took 0.136 seconds
[2025-12-31T21:16:10.769+0000] {processor.py:186} INFO - Started process (PID=600) to work on /home/airflow/.local/lib/python3.12/site-packages/airflow/example_dags/tutorial.py
[2025-12-31T21:16:10.771+0000] {processor.py:914} INFO - Processing file /home/airflow/.local/lib/python3.12/site-packages/airflow/example_dags/tutorial.py for tasks to queue
[2025-12-31T21:16:10.774+0000] {logging_mixin.py:190} INFO - [2025-12-31T21:16:10.773+0000] {dagbag.py:588} INFO - Filling up the DagBag from /home/airflow/.local/lib/python3.12/site-packages/airflow/example_dags/tutorial.py
[2025-12-31T21:16:10.784+0000] {processor.py:925} INFO - DAG(s) 'tutorial' retrieved from /home/airflow/.local/lib/python3.12/site-packages/airflow/example_dags/tutorial.py
[2025-12-31T21:16:10.808+0000] {logging_mixin.py:190} INFO - [2025-12-31T21:16:10.808+0000] {dag.py:3239} INFO - Sync 1 DAGs
[2025-12-31T21:16:10.836+0000] {logging_mixin.py:190} INFO - [2025-12-31T21:16:10.836+0000] {dag.py:4180} INFO - Setting next_dagrun for tutorial to 2025-12-30 00:00:00+00:00, run_after=2025-12-31 00:00:00+00:00
[2025-12-31T21:16:10.864+0000] {processor.py:208} INFO - Processing /home/airflow/.local/lib/python3.12/site-packages/airflow/example_dags/tutorial.py took 0.102 seconds
[2025-12-31T21:16:41.392+0000] {processor.py:186} INFO - Started process (PID=663) to work on /home/airflow/.local/lib/python3.12/site-packages/airflow/example_dags/tutorial.py
[2025-12-31T21:16:41.393+0000] {processor.py:914} INFO - Processing file /home/airflow/.local/lib/python3.12/site-packages/airflow/example_dags/tutorial.py for tasks to queue
[2025-12-31T21:16:41.398+0000] {logging_mixin.py:190} INFO - [2025-12-31T21:16:41.397+0000] {dagbag.py:588} INFO - Filling up the DagBag from /home/airflow/.local/lib/python3.12/site-packages/airflow/example_dags/tutorial.py
[2025-12-31T21:16:41.410+0000] {processor.py:925} INFO - DAG(s) 'tutorial' retrieved from /home/airflow/.local/lib/python3.12/site-packages/airflow/example_dags/tutorial.py
[2025-12-31T21:16:41.439+0000] {logging_mixin.py:190} INFO - [2025-12-31T21:16:41.439+0000] {dag.py:3239} INFO - Sync 1 DAGs
[2025-12-31T21:16:41.470+0000] {logging_mixin.py:190} INFO - [2025-12-31T21:16:41.470+0000] {dag.py:4180} INFO - Setting next_dagrun for tutorial to 2025-12-30 00:00:00+00:00, run_after=2025-12-31 00:00:00+00:00
[2025-12-31T21:16:41.523+0000] {processor.py:208} INFO - Processing /home/airflow/.local/lib/python3.12/site-packages/airflow/example_dags/tutorial.py took 0.141 seconds
[2025-12-31T21:17:11.755+0000] {processor.py:186} INFO - Started process (PID=726) to work on /home/airflow/.local/lib/python3.12/site-packages/airflow/example_dags/tutorial.py
[2025-12-31T21:17:11.757+0000] {processor.py:914} INFO - Processing file /home/airflow/.local/lib/python3.12/site-packages/airflow/example_dags/tutorial.py for tasks to queue
[2025-12-31T21:17:11.760+0000] {logging_mixin.py:190} INFO - [2025-12-31T21:17:11.759+0000] {dagbag.py:588} INFO - Filling up the DagBag from /home/airflow/.local/lib/python3.12/site-packages/airflow/example_dags/tutorial.py
[2025-12-31T21:17:11.770+0000] {processor.py:925} INFO - DAG(s) 'tutorial' retrieved from /home/airflow/.local/lib/python3.12/site-packages/airflow/example_dags/tutorial.py
[2025-12-31T21:17:11.792+0000] {logging_mixin.py:190} INFO - [2025-12-31T21:17:11.792+0000] {dag.py:3239} INFO - Sync 1 DAGs
[2025-12-31T21:17:11.825+0000] {logging_mixin.py:190} INFO - [2025-12-31T21:17:11.825+0000] {dag.py:4180} INFO - Setting next_dagrun for tutorial to 2025-12-30 00:00:00+00:00, run_after=2025-12-31 00:00:00+00:00
[2025-12-31T21:17:11.849+0000] {processor.py:208} INFO - Processing /home/airflow/.local/lib/python3.12/site-packages/airflow/example_dags/tutorial.py took 0.100 seconds
[2025-12-31T21:17:42.073+0000] {processor.py:186} INFO - Started process (PID=789) to work on /home/airflow/.local/lib/python3.12/site-packages/airflow/example_dags/tutorial.py
[2025-12-31T21:17:42.074+0000] {processor.py:914} INFO - Processing file /home/airflow/.local/lib/python3.12/site-packages/airflow/example_dags/tutorial.py for tasks to queue
[2025-12-31T21:17:42.077+0000] {logging_mixin.py:190} INFO - [2025-12-31T21:17:42.077+0000] {dagbag.py:588} INFO - Filling up the DagBag from /home/airflow/.local/lib/python3.12/site-packages/airflow/example_dags/tutorial.py
[2025-12-31T21:17:42.089+0000] {processor.py:925} INFO - DAG(s) 'tutorial' retrieved from /home/airflow/.local/lib/python3.12/site-packages/airflow/example_dags/tutorial.py
[2025-12-31T21:17:42.112+0000] {logging_mixin.py:190} INFO - [2025-12-31T21:17:42.112+0000] {dag.py:3239} INFO - Sync 1 DAGs
[2025-12-31T21:17:42.139+0000] {logging_mixin.py:190} INFO - [2025-12-31T21:17:42.139+0000] {dag.py:4180} INFO - Setting next_dagrun for tutorial to 2025-12-30 00:00:00+00:00, run_after=2025-12-31 00:00:00+00:00
[2025-12-31T21:17:42.163+0000] {processor.py:208} INFO - Processing /home/airflow/.local/lib/python3.12/site-packages/airflow/example_dags/tutorial.py took 0.098 seconds
[2025-12-31T21:18:12.852+0000] {processor.py:186} INFO - Started process (PID=853) to work on /home/airflow/.local/lib/python3.12/site-packages/airflow/example_dags/tutorial.py
[2025-12-31T21:18:12.853+0000] {processor.py:914} INFO - Processing file /home/airflow/.local/lib/python3.12/site-packages/airflow/example_dags/tutorial.py for tasks to queue
[2025-12-31T21:18:12.857+0000] {logging_mixin.py:190} INFO - [2025-12-31T21:18:12.856+0000] {dagbag.py:588} INFO - Filling up the DagBag from /home/airflow/.local/lib/python3.12/site-packages/airflow/example_dags/tutorial.py
[2025-12-31T21:18:12.869+0000] {processor.py:925} INFO - DAG(s) 'tutorial' retrieved from /home/airflow/.local/lib/python3.12/site-packages/airflow/example_dags/tutorial.py
[2025-12-31T21:18:12.892+0000] {logging_mixin.py:190} INFO - [2025-12-31T21:18:12.891+0000] {dag.py:3239} INFO - Sync 1 DAGs
[2025-12-31T21:18:12.920+0000] {logging_mixin.py:190} INFO - [2025-12-31T21:18:12.919+0000] {dag.py:4180} INFO - Setting next_dagrun for tutorial to 2025-12-30 00:00:00+00:00, run_after=2025-12-31 00:00:00+00:00
[2025-12-31T21:18:12.944+0000] {processor.py:208} INFO - Processing /home/airflow/.local/lib/python3.12/site-packages/airflow/example_dags/tutorial.py took 0.100 seconds
[2025-12-31T21:18:43.742+0000] {processor.py:186} INFO - Started process (PID=916) to work on /home/airflow/.local/lib/python3.12/site-packages/airflow/example_dags/tutorial.py
[2025-12-31T21:18:43.743+0000] {processor.py:914} INFO - Processing file /home/airflow/.local/lib/python3.12/site-packages/airflow/example_dags/tutorial.py for tasks to queue
[2025-12-31T21:18:43.746+0000] {logging_mixin.py:190} INFO - [2025-12-31T21:18:43.746+0000] {dagbag.py:588} INFO - Filling up the DagBag from /home/airflow/.local/lib/python3.12/site-packages/airflow/example_dags/tutorial.py
[2025-12-31T21:18:43.775+0000] {processor.py:925} INFO - DAG(s) 'tutorial' retrieved from /home/airflow/.local/lib/python3.12/site-packages/airflow/example_dags/tutorial.py
[2025-12-31T21:18:43.812+0000] {logging_mixin.py:190} INFO - [2025-12-31T21:18:43.812+0000] {dag.py:3239} INFO - Sync 1 DAGs
[2025-12-31T21:18:43.847+0000] {logging_mixin.py:190} INFO - [2025-12-31T21:18:43.847+0000] {dag.py:4180} INFO - Setting next_dagrun for tutorial to 2025-12-30 00:00:00+00:00, run_after=2025-12-31 00:00:00+00:00
[2025-12-31T21:18:43.875+0000] {processor.py:208} INFO - Processing /home/airflow/.local/lib/python3.12/site-packages/airflow/example_dags/tutorial.py took 0.144 seconds
[2025-12-31T21:19:14.118+0000] {processor.py:186} INFO - Started process (PID=979) to work on /home/airflow/.local/lib/python3.12/site-packages/airflow/example_dags/tutorial.py
[2025-12-31T21:19:14.120+0000] {processor.py:914} INFO - Processing file /home/airflow/.local/lib/python3.12/site-packages/airflow/example_dags/tutorial.py for tasks to queue
[2025-12-31T21:19:14.124+0000] {logging_mixin.py:190} INFO - [2025-12-31T21:19:14.123+0000] {dagbag.py:588} INFO - Filling up the DagBag from /home/airflow/.local/lib/python3.12/site-packages/airflow/example_dags/tutorial.py
[2025-12-31T21:19:14.137+0000] {processor.py:925} INFO - DAG(s) 'tutorial' retrieved from /home/airflow/.local/lib/python3.12/site-packages/airflow/example_dags/tutorial.py
[2025-12-31T21:19:14.168+0000] {logging_mixin.py:190} INFO - [2025-12-31T21:19:14.167+0000] {dag.py:3239} INFO - Sync 1 DAGs
[2025-12-31T21:19:14.209+0000] {logging_mixin.py:190} INFO - [2025-12-31T21:19:14.208+0000] {dag.py:4180} INFO - Setting next_dagrun for tutorial to 2025-12-30 00:00:00+00:00, run_after=2025-12-31 00:00:00+00:00
[2025-12-31T21:19:14.240+0000] {processor.py:208} INFO - Processing /home/airflow/.local/lib/python3.12/site-packages/airflow/example_dags/tutorial.py took 0.131 seconds
[2025-12-31T21:19:45.211+0000] {processor.py:186} INFO - Started process (PID=1042) to work on /home/airflow/.local/lib/python3.12/site-packages/airflow/example_dags/tutorial.py
[2025-12-31T21:19:45.213+0000] {processor.py:914} INFO - Processing file /home/airflow/.local/lib/python3.12/site-packages/airflow/example_dags/tutorial.py for tasks to queue
[2025-12-31T21:19:45.218+0000] {logging_mixin.py:190} INFO - [2025-12-31T21:19:45.217+0000] {dagbag.py:588} INFO - Filling up the DagBag from /home/airflow/.local/lib/python3.12/site-packages/airflow/example_dags/tutorial.py
[2025-12-31T21:19:45.229+0000] {processor.py:925} INFO - DAG(s) 'tutorial' retrieved from /home/airflow/.local/lib/python3.12/site-packages/airflow/example_dags/tutorial.py
[2025-12-31T21:19:45.257+0000] {logging_mixin.py:190} INFO - [2025-12-31T21:19:45.256+0000] {dag.py:3239} INFO - Sync 1 DAGs
[2025-12-31T21:19:45.288+0000] {logging_mixin.py:190} INFO - [2025-12-31T21:19:45.287+0000] {dag.py:4180} INFO - Setting next_dagrun for tutorial to 2025-12-30 00:00:00+00:00, run_after=2025-12-31 00:00:00+00:00
[2025-12-31T21:19:45.315+0000] {processor.py:208} INFO - Processing /home/airflow/.local/lib/python3.12/site-packages/airflow/example_dags/tutorial.py took 0.113 seconds
[2025-12-31T21:20:16.212+0000] {processor.py:186} INFO - Started process (PID=1105) to work on /home/airflow/.local/lib/python3.12/site-packages/airflow/example_dags/tutorial.py
[2025-12-31T21:20:16.213+0000] {processor.py:914} INFO - Processing file /home/airflow/.local/lib/python3.12/site-packages/airflow/example_dags/tutorial.py for tasks to queue
[2025-12-31T21:20:16.218+0000] {logging_mixin.py:190} INFO - [2025-12-31T21:20:16.217+0000] {dagbag.py:588} INFO - Filling up the DagBag from /home/airflow/.local/lib/python3.12/site-packages/airflow/example_dags/tutorial.py
[2025-12-31T21:20:16.235+0000] {processor.py:925} INFO - DAG(s) 'tutorial' retrieved from /home/airflow/.local/lib/python3.12/site-packages/airflow/example_dags/tutorial.py
[2025-12-31T21:20:16.268+0000] {logging_mixin.py:190} INFO - [2025-12-31T21:20:16.268+0000] {dag.py:3239} INFO - Sync 1 DAGs
[2025-12-31T21:20:16.304+0000] {logging_mixin.py:190} INFO - [2025-12-31T21:20:16.304+0000] {dag.py:4180} INFO - Setting next_dagrun for tutorial to 2025-12-30 00:00:00+00:00, run_after=2025-12-31 00:00:00+00:00
[2025-12-31T21:20:16.331+0000] {processor.py:208} INFO - Processing /home/airflow/.local/lib/python3.12/site-packages/airflow/example_dags/tutorial.py took 0.133 seconds
[2025-12-31T21:20:47.080+0000] {processor.py:186} INFO - Started process (PID=1168) to work on /home/airflow/.local/lib/python3.12/site-packages/airflow/example_dags/tutorial.py
[2025-12-31T21:20:47.081+0000] {processor.py:914} INFO - Processing file /home/airflow/.local/lib/python3.12/site-packages/airflow/example_dags/tutorial.py for tasks to queue
[2025-12-31T21:20:47.084+0000] {logging_mixin.py:190} INFO - [2025-12-31T21:20:47.084+0000] {dagbag.py:588} INFO - Filling up the DagBag from /home/airflow/.local/lib/python3.12/site-packages/airflow/example_dags/tutorial.py
[2025-12-31T21:20:47.095+0000] {processor.py:925} INFO - DAG(s) 'tutorial' retrieved from /home/airflow/.local/lib/python3.12/site-packages/airflow/example_dags/tutorial.py
[2025-12-31T21:20:47.118+0000] {logging_mixin.py:190} INFO - [2025-12-31T21:20:47.117+0000] {dag.py:3239} INFO - Sync 1 DAGs
[2025-12-31T21:20:47.144+0000] {logging_mixin.py:190} INFO - [2025-12-31T21:20:47.144+0000] {dag.py:4180} INFO - Setting next_dagrun for tutorial to 2025-12-30 00:00:00+00:00, run_after=2025-12-31 00:00:00+00:00
[2025-12-31T21:20:47.169+0000] {processor.py:208} INFO - Processing /home/airflow/.local/lib/python3.12/site-packages/airflow/example_dags/tutorial.py took 0.096 seconds
[2025-12-31T21:21:17.412+0000] {processor.py:186} INFO - Started process (PID=1231) to work on /home/airflow/.local/lib/python3.12/site-packages/airflow/example_dags/tutorial.py
[2025-12-31T21:21:17.414+0000] {processor.py:914} INFO - Processing file /home/airflow/.local/lib/python3.12/site-packages/airflow/example_dags/tutorial.py for tasks to queue
[2025-12-31T21:21:17.418+0000] {logging_mixin.py:190} INFO - [2025-12-31T21:21:17.418+0000] {dagbag.py:588} INFO - Filling up the DagBag from /home/airflow/.local/lib/python3.12/site-packages/airflow/example_dags/tutorial.py
[2025-12-31T21:21:17.431+0000] {processor.py:925} INFO - DAG(s) 'tutorial' retrieved from /home/airflow/.local/lib/python3.12/site-packages/airflow/example_dags/tutorial.py
[2025-12-31T21:21:17.459+0000] {logging_mixin.py:190} INFO - [2025-12-31T21:21:17.459+0000] {dag.py:3239} INFO - Sync 1 DAGs
[2025-12-31T21:21:17.490+0000] {logging_mixin.py:190} INFO - [2025-12-31T21:21:17.490+0000] {dag.py:4180} INFO - Setting next_dagrun for tutorial to 2025-12-30 00:00:00+00:00, run_after=2025-12-31 00:00:00+00:00
[2025-12-31T21:21:17.520+0000] {processor.py:208} INFO - Processing /home/airflow/.local/lib/python3.12/site-packages/airflow/example_dags/tutorial.py took 0.116 seconds
