[2025-12-31T21:12:10.612+0000] {processor.py:186} INFO - Started process (PID=103) to work on /home/airflow/.local/lib/python3.12/site-packages/airflow/example_dags/tutorial_dag.py
[2025-12-31T21:12:10.614+0000] {processor.py:914} INFO - Processing file /home/airflow/.local/lib/python3.12/site-packages/airflow/example_dags/tutorial_dag.py for tasks to queue
[2025-12-31T21:12:10.619+0000] {logging_mixin.py:190} INFO - [2025-12-31T21:12:10.618+0000] {dagbag.py:588} INFO - Filling up the DagBag from /home/airflow/.local/lib/python3.12/site-packages/airflow/example_dags/tutorial_dag.py
[2025-12-31T21:12:10.634+0000] {processor.py:925} INFO - DAG(s) 'tutorial_dag' retrieved from /home/airflow/.local/lib/python3.12/site-packages/airflow/example_dags/tutorial_dag.py
[2025-12-31T21:12:10.967+0000] {logging_mixin.py:190} INFO - [2025-12-31T21:12:10.966+0000] {override.py:1912} INFO - Created Permission View: can read on DAG:tutorial_dag
[2025-12-31T21:12:10.984+0000] {logging_mixin.py:190} INFO - [2025-12-31T21:12:10.983+0000] {override.py:1912} INFO - Created Permission View: can delete on DAG:tutorial_dag
[2025-12-31T21:12:10.994+0000] {logging_mixin.py:190} INFO - [2025-12-31T21:12:10.993+0000] {override.py:1912} INFO - Created Permission View: can edit on DAG:tutorial_dag
[2025-12-31T21:12:11.005+0000] {logging_mixin.py:190} INFO - [2025-12-31T21:12:11.004+0000] {override.py:1912} INFO - Created Permission View: can read on DAG Run:tutorial_dag
[2025-12-31T21:12:11.015+0000] {logging_mixin.py:190} INFO - [2025-12-31T21:12:11.015+0000] {override.py:1912} INFO - Created Permission View: can create on DAG Run:tutorial_dag
[2025-12-31T21:12:11.025+0000] {logging_mixin.py:190} INFO - [2025-12-31T21:12:11.025+0000] {override.py:1912} INFO - Created Permission View: can delete on DAG Run:tutorial_dag
[2025-12-31T21:12:11.035+0000] {logging_mixin.py:190} INFO - [2025-12-31T21:12:11.034+0000] {override.py:1912} INFO - Created Permission View: menu access on DAG Run:tutorial_dag
[2025-12-31T21:12:11.036+0000] {logging_mixin.py:190} INFO - [2025-12-31T21:12:11.035+0000] {dag.py:3239} INFO - Sync 1 DAGs
[2025-12-31T21:12:11.055+0000] {logging_mixin.py:190} INFO - [2025-12-31T21:12:11.055+0000] {dag.py:3262} INFO - Creating ORM DAG for tutorial_dag
[2025-12-31T21:12:11.057+0000] {logging_mixin.py:190} INFO - [2025-12-31T21:12:11.057+0000] {dag.py:4180} INFO - Setting next_dagrun for tutorial_dag to None, run_after=None
[2025-12-31T21:12:11.085+0000] {processor.py:208} INFO - Processing /home/airflow/.local/lib/python3.12/site-packages/airflow/example_dags/tutorial_dag.py took 0.484 seconds
[2025-12-31T21:12:41.591+0000] {processor.py:186} INFO - Started process (PID=165) to work on /home/airflow/.local/lib/python3.12/site-packages/airflow/example_dags/tutorial_dag.py
[2025-12-31T21:12:41.592+0000] {processor.py:914} INFO - Processing file /home/airflow/.local/lib/python3.12/site-packages/airflow/example_dags/tutorial_dag.py for tasks to queue
[2025-12-31T21:12:41.596+0000] {logging_mixin.py:190} INFO - [2025-12-31T21:12:41.596+0000] {dagbag.py:588} INFO - Filling up the DagBag from /home/airflow/.local/lib/python3.12/site-packages/airflow/example_dags/tutorial_dag.py
[2025-12-31T21:12:41.608+0000] {processor.py:925} INFO - DAG(s) 'tutorial_dag' retrieved from /home/airflow/.local/lib/python3.12/site-packages/airflow/example_dags/tutorial_dag.py
[2025-12-31T21:12:41.635+0000] {logging_mixin.py:190} INFO - [2025-12-31T21:12:41.635+0000] {dag.py:3239} INFO - Sync 1 DAGs
[2025-12-31T21:12:41.653+0000] {logging_mixin.py:190} INFO - [2025-12-31T21:12:41.652+0000] {dag.py:4180} INFO - Setting next_dagrun for tutorial_dag to None, run_after=None
[2025-12-31T21:12:41.676+0000] {processor.py:208} INFO - Processing /home/airflow/.local/lib/python3.12/site-packages/airflow/example_dags/tutorial_dag.py took 0.092 seconds
[2025-12-31T21:13:11.741+0000] {processor.py:186} INFO - Started process (PID=228) to work on /home/airflow/.local/lib/python3.12/site-packages/airflow/example_dags/tutorial_dag.py
[2025-12-31T21:13:11.743+0000] {processor.py:914} INFO - Processing file /home/airflow/.local/lib/python3.12/site-packages/airflow/example_dags/tutorial_dag.py for tasks to queue
[2025-12-31T21:13:11.745+0000] {logging_mixin.py:190} INFO - [2025-12-31T21:13:11.745+0000] {dagbag.py:588} INFO - Filling up the DagBag from /home/airflow/.local/lib/python3.12/site-packages/airflow/example_dags/tutorial_dag.py
[2025-12-31T21:13:11.755+0000] {processor.py:925} INFO - DAG(s) 'tutorial_dag' retrieved from /home/airflow/.local/lib/python3.12/site-packages/airflow/example_dags/tutorial_dag.py
[2025-12-31T21:13:11.776+0000] {logging_mixin.py:190} INFO - [2025-12-31T21:13:11.776+0000] {dag.py:3239} INFO - Sync 1 DAGs
[2025-12-31T21:13:11.792+0000] {logging_mixin.py:190} INFO - [2025-12-31T21:13:11.792+0000] {dag.py:4180} INFO - Setting next_dagrun for tutorial_dag to None, run_after=None
[2025-12-31T21:13:11.818+0000] {processor.py:208} INFO - Processing /home/airflow/.local/lib/python3.12/site-packages/airflow/example_dags/tutorial_dag.py took 0.083 seconds
[2025-12-31T21:13:42.255+0000] {processor.py:186} INFO - Started process (PID=291) to work on /home/airflow/.local/lib/python3.12/site-packages/airflow/example_dags/tutorial_dag.py
[2025-12-31T21:13:42.256+0000] {processor.py:914} INFO - Processing file /home/airflow/.local/lib/python3.12/site-packages/airflow/example_dags/tutorial_dag.py for tasks to queue
[2025-12-31T21:13:42.259+0000] {logging_mixin.py:190} INFO - [2025-12-31T21:13:42.259+0000] {dagbag.py:588} INFO - Filling up the DagBag from /home/airflow/.local/lib/python3.12/site-packages/airflow/example_dags/tutorial_dag.py
[2025-12-31T21:13:42.269+0000] {processor.py:925} INFO - DAG(s) 'tutorial_dag' retrieved from /home/airflow/.local/lib/python3.12/site-packages/airflow/example_dags/tutorial_dag.py
[2025-12-31T21:13:42.298+0000] {logging_mixin.py:190} INFO - [2025-12-31T21:13:42.298+0000] {dag.py:3239} INFO - Sync 1 DAGs
[2025-12-31T21:13:42.316+0000] {logging_mixin.py:190} INFO - [2025-12-31T21:13:42.316+0000] {dag.py:4180} INFO - Setting next_dagrun for tutorial_dag to None, run_after=None
[2025-12-31T21:13:42.342+0000] {processor.py:208} INFO - Processing /home/airflow/.local/lib/python3.12/site-packages/airflow/example_dags/tutorial_dag.py took 0.095 seconds
[2025-12-31T21:14:12.597+0000] {processor.py:186} INFO - Started process (PID=354) to work on /home/airflow/.local/lib/python3.12/site-packages/airflow/example_dags/tutorial_dag.py
[2025-12-31T21:14:12.598+0000] {processor.py:914} INFO - Processing file /home/airflow/.local/lib/python3.12/site-packages/airflow/example_dags/tutorial_dag.py for tasks to queue
[2025-12-31T21:14:12.601+0000] {logging_mixin.py:190} INFO - [2025-12-31T21:14:12.601+0000] {dagbag.py:588} INFO - Filling up the DagBag from /home/airflow/.local/lib/python3.12/site-packages/airflow/example_dags/tutorial_dag.py
[2025-12-31T21:14:12.611+0000] {processor.py:925} INFO - DAG(s) 'tutorial_dag' retrieved from /home/airflow/.local/lib/python3.12/site-packages/airflow/example_dags/tutorial_dag.py
[2025-12-31T21:14:12.635+0000] {logging_mixin.py:190} INFO - [2025-12-31T21:14:12.635+0000] {dag.py:3239} INFO - Sync 1 DAGs
[2025-12-31T21:14:12.653+0000] {logging_mixin.py:190} INFO - [2025-12-31T21:14:12.652+0000] {dag.py:4180} INFO - Setting next_dagrun for tutorial_dag to None, run_after=None
[2025-12-31T21:14:12.681+0000] {processor.py:208} INFO - Processing /home/airflow/.local/lib/python3.12/site-packages/airflow/example_dags/tutorial_dag.py took 0.091 seconds
[2025-12-31T21:14:42.849+0000] {processor.py:186} INFO - Started process (PID=417) to work on /home/airflow/.local/lib/python3.12/site-packages/airflow/example_dags/tutorial_dag.py
[2025-12-31T21:14:42.851+0000] {processor.py:914} INFO - Processing file /home/airflow/.local/lib/python3.12/site-packages/airflow/example_dags/tutorial_dag.py for tasks to queue
[2025-12-31T21:14:42.854+0000] {logging_mixin.py:190} INFO - [2025-12-31T21:14:42.853+0000] {dagbag.py:588} INFO - Filling up the DagBag from /home/airflow/.local/lib/python3.12/site-packages/airflow/example_dags/tutorial_dag.py
[2025-12-31T21:14:42.865+0000] {processor.py:925} INFO - DAG(s) 'tutorial_dag' retrieved from /home/airflow/.local/lib/python3.12/site-packages/airflow/example_dags/tutorial_dag.py
[2025-12-31T21:14:42.894+0000] {logging_mixin.py:190} INFO - [2025-12-31T21:14:42.894+0000] {dag.py:3239} INFO - Sync 1 DAGs
[2025-12-31T21:14:42.912+0000] {logging_mixin.py:190} INFO - [2025-12-31T21:14:42.911+0000] {dag.py:4180} INFO - Setting next_dagrun for tutorial_dag to None, run_after=None
[2025-12-31T21:14:42.933+0000] {processor.py:208} INFO - Processing /home/airflow/.local/lib/python3.12/site-packages/airflow/example_dags/tutorial_dag.py took 0.092 seconds
[2025-12-31T21:15:13.347+0000] {processor.py:186} INFO - Started process (PID=480) to work on /home/airflow/.local/lib/python3.12/site-packages/airflow/example_dags/tutorial_dag.py
[2025-12-31T21:15:13.348+0000] {processor.py:914} INFO - Processing file /home/airflow/.local/lib/python3.12/site-packages/airflow/example_dags/tutorial_dag.py for tasks to queue
[2025-12-31T21:15:13.351+0000] {logging_mixin.py:190} INFO - [2025-12-31T21:15:13.351+0000] {dagbag.py:588} INFO - Filling up the DagBag from /home/airflow/.local/lib/python3.12/site-packages/airflow/example_dags/tutorial_dag.py
[2025-12-31T21:15:13.361+0000] {processor.py:925} INFO - DAG(s) 'tutorial_dag' retrieved from /home/airflow/.local/lib/python3.12/site-packages/airflow/example_dags/tutorial_dag.py
[2025-12-31T21:15:13.385+0000] {logging_mixin.py:190} INFO - [2025-12-31T21:15:13.385+0000] {dag.py:3239} INFO - Sync 1 DAGs
[2025-12-31T21:15:13.403+0000] {logging_mixin.py:190} INFO - [2025-12-31T21:15:13.402+0000] {dag.py:4180} INFO - Setting next_dagrun for tutorial_dag to None, run_after=None
[2025-12-31T21:15:13.431+0000] {processor.py:208} INFO - Processing /home/airflow/.local/lib/python3.12/site-packages/airflow/example_dags/tutorial_dag.py took 0.091 seconds
[2025-12-31T21:15:43.655+0000] {processor.py:186} INFO - Started process (PID=543) to work on /home/airflow/.local/lib/python3.12/site-packages/airflow/example_dags/tutorial_dag.py
[2025-12-31T21:15:43.657+0000] {processor.py:914} INFO - Processing file /home/airflow/.local/lib/python3.12/site-packages/airflow/example_dags/tutorial_dag.py for tasks to queue
[2025-12-31T21:15:43.661+0000] {logging_mixin.py:190} INFO - [2025-12-31T21:15:43.660+0000] {dagbag.py:588} INFO - Filling up the DagBag from /home/airflow/.local/lib/python3.12/site-packages/airflow/example_dags/tutorial_dag.py
[2025-12-31T21:15:43.671+0000] {processor.py:925} INFO - DAG(s) 'tutorial_dag' retrieved from /home/airflow/.local/lib/python3.12/site-packages/airflow/example_dags/tutorial_dag.py
[2025-12-31T21:15:43.696+0000] {logging_mixin.py:190} INFO - [2025-12-31T21:15:43.696+0000] {dag.py:3239} INFO - Sync 1 DAGs
[2025-12-31T21:15:43.715+0000] {logging_mixin.py:190} INFO - [2025-12-31T21:15:43.715+0000] {dag.py:4180} INFO - Setting next_dagrun for tutorial_dag to None, run_after=None
[2025-12-31T21:15:43.759+0000] {processor.py:208} INFO - Processing /home/airflow/.local/lib/python3.12/site-packages/airflow/example_dags/tutorial_dag.py took 0.112 seconds
[2025-12-31T21:16:14.248+0000] {processor.py:186} INFO - Started process (PID=607) to work on /home/airflow/.local/lib/python3.12/site-packages/airflow/example_dags/tutorial_dag.py
[2025-12-31T21:16:14.250+0000] {processor.py:914} INFO - Processing file /home/airflow/.local/lib/python3.12/site-packages/airflow/example_dags/tutorial_dag.py for tasks to queue
[2025-12-31T21:16:14.256+0000] {logging_mixin.py:190} INFO - [2025-12-31T21:16:14.256+0000] {dagbag.py:588} INFO - Filling up the DagBag from /home/airflow/.local/lib/python3.12/site-packages/airflow/example_dags/tutorial_dag.py
[2025-12-31T21:16:14.269+0000] {processor.py:925} INFO - DAG(s) 'tutorial_dag' retrieved from /home/airflow/.local/lib/python3.12/site-packages/airflow/example_dags/tutorial_dag.py
[2025-12-31T21:16:14.296+0000] {logging_mixin.py:190} INFO - [2025-12-31T21:16:14.296+0000] {dag.py:3239} INFO - Sync 1 DAGs
[2025-12-31T21:16:14.325+0000] {logging_mixin.py:190} INFO - [2025-12-31T21:16:14.325+0000] {dag.py:4180} INFO - Setting next_dagrun for tutorial_dag to None, run_after=None
[2025-12-31T21:16:14.349+0000] {processor.py:208} INFO - Processing /home/airflow/.local/lib/python3.12/site-packages/airflow/example_dags/tutorial_dag.py took 0.112 seconds
[2025-12-31T21:16:44.913+0000] {processor.py:186} INFO - Started process (PID=670) to work on /home/airflow/.local/lib/python3.12/site-packages/airflow/example_dags/tutorial_dag.py
[2025-12-31T21:16:44.915+0000] {processor.py:914} INFO - Processing file /home/airflow/.local/lib/python3.12/site-packages/airflow/example_dags/tutorial_dag.py for tasks to queue
[2025-12-31T21:16:44.920+0000] {logging_mixin.py:190} INFO - [2025-12-31T21:16:44.920+0000] {dagbag.py:588} INFO - Filling up the DagBag from /home/airflow/.local/lib/python3.12/site-packages/airflow/example_dags/tutorial_dag.py
[2025-12-31T21:16:44.931+0000] {processor.py:925} INFO - DAG(s) 'tutorial_dag' retrieved from /home/airflow/.local/lib/python3.12/site-packages/airflow/example_dags/tutorial_dag.py
[2025-12-31T21:16:44.956+0000] {logging_mixin.py:190} INFO - [2025-12-31T21:16:44.956+0000] {dag.py:3239} INFO - Sync 1 DAGs
[2025-12-31T21:16:44.975+0000] {logging_mixin.py:190} INFO - [2025-12-31T21:16:44.974+0000] {dag.py:4180} INFO - Setting next_dagrun for tutorial_dag to None, run_after=None
[2025-12-31T21:16:45.005+0000] {processor.py:208} INFO - Processing /home/airflow/.local/lib/python3.12/site-packages/airflow/example_dags/tutorial_dag.py took 0.101 seconds
[2025-12-31T21:17:15.111+0000] {processor.py:186} INFO - Started process (PID=733) to work on /home/airflow/.local/lib/python3.12/site-packages/airflow/example_dags/tutorial_dag.py
[2025-12-31T21:17:15.113+0000] {processor.py:914} INFO - Processing file /home/airflow/.local/lib/python3.12/site-packages/airflow/example_dags/tutorial_dag.py for tasks to queue
[2025-12-31T21:17:15.115+0000] {logging_mixin.py:190} INFO - [2025-12-31T21:17:15.115+0000] {dagbag.py:588} INFO - Filling up the DagBag from /home/airflow/.local/lib/python3.12/site-packages/airflow/example_dags/tutorial_dag.py
[2025-12-31T21:17:15.125+0000] {processor.py:925} INFO - DAG(s) 'tutorial_dag' retrieved from /home/airflow/.local/lib/python3.12/site-packages/airflow/example_dags/tutorial_dag.py
[2025-12-31T21:17:15.147+0000] {logging_mixin.py:190} INFO - [2025-12-31T21:17:15.147+0000] {dag.py:3239} INFO - Sync 1 DAGs
[2025-12-31T21:17:15.164+0000] {logging_mixin.py:190} INFO - [2025-12-31T21:17:15.164+0000] {dag.py:4180} INFO - Setting next_dagrun for tutorial_dag to None, run_after=None
[2025-12-31T21:17:15.189+0000] {processor.py:208} INFO - Processing /home/airflow/.local/lib/python3.12/site-packages/airflow/example_dags/tutorial_dag.py took 0.084 seconds
[2025-12-31T21:17:45.528+0000] {processor.py:186} INFO - Started process (PID=796) to work on /home/airflow/.local/lib/python3.12/site-packages/airflow/example_dags/tutorial_dag.py
[2025-12-31T21:17:45.529+0000] {processor.py:914} INFO - Processing file /home/airflow/.local/lib/python3.12/site-packages/airflow/example_dags/tutorial_dag.py for tasks to queue
[2025-12-31T21:17:45.532+0000] {logging_mixin.py:190} INFO - [2025-12-31T21:17:45.532+0000] {dagbag.py:588} INFO - Filling up the DagBag from /home/airflow/.local/lib/python3.12/site-packages/airflow/example_dags/tutorial_dag.py
[2025-12-31T21:17:45.542+0000] {processor.py:925} INFO - DAG(s) 'tutorial_dag' retrieved from /home/airflow/.local/lib/python3.12/site-packages/airflow/example_dags/tutorial_dag.py
[2025-12-31T21:17:45.565+0000] {logging_mixin.py:190} INFO - [2025-12-31T21:17:45.564+0000] {dag.py:3239} INFO - Sync 1 DAGs
[2025-12-31T21:17:45.582+0000] {logging_mixin.py:190} INFO - [2025-12-31T21:17:45.582+0000] {dag.py:4180} INFO - Setting next_dagrun for tutorial_dag to None, run_after=None
[2025-12-31T21:17:45.609+0000] {processor.py:208} INFO - Processing /home/airflow/.local/lib/python3.12/site-packages/airflow/example_dags/tutorial_dag.py took 0.087 seconds
[2025-12-31T21:18:16.317+0000] {processor.py:186} INFO - Started process (PID=860) to work on /home/airflow/.local/lib/python3.12/site-packages/airflow/example_dags/tutorial_dag.py
[2025-12-31T21:18:16.318+0000] {processor.py:914} INFO - Processing file /home/airflow/.local/lib/python3.12/site-packages/airflow/example_dags/tutorial_dag.py for tasks to queue
[2025-12-31T21:18:16.322+0000] {logging_mixin.py:190} INFO - [2025-12-31T21:18:16.321+0000] {dagbag.py:588} INFO - Filling up the DagBag from /home/airflow/.local/lib/python3.12/site-packages/airflow/example_dags/tutorial_dag.py
[2025-12-31T21:18:16.334+0000] {processor.py:925} INFO - DAG(s) 'tutorial_dag' retrieved from /home/airflow/.local/lib/python3.12/site-packages/airflow/example_dags/tutorial_dag.py
[2025-12-31T21:18:16.357+0000] {logging_mixin.py:190} INFO - [2025-12-31T21:18:16.356+0000] {dag.py:3239} INFO - Sync 1 DAGs
[2025-12-31T21:18:16.373+0000] {logging_mixin.py:190} INFO - [2025-12-31T21:18:16.373+0000] {dag.py:4180} INFO - Setting next_dagrun for tutorial_dag to None, run_after=None
[2025-12-31T21:18:16.399+0000] {processor.py:208} INFO - Processing /home/airflow/.local/lib/python3.12/site-packages/airflow/example_dags/tutorial_dag.py took 0.090 seconds
[2025-12-31T21:18:47.299+0000] {processor.py:186} INFO - Started process (PID=923) to work on /home/airflow/.local/lib/python3.12/site-packages/airflow/example_dags/tutorial_dag.py
[2025-12-31T21:18:47.300+0000] {processor.py:914} INFO - Processing file /home/airflow/.local/lib/python3.12/site-packages/airflow/example_dags/tutorial_dag.py for tasks to queue
[2025-12-31T21:18:47.303+0000] {logging_mixin.py:190} INFO - [2025-12-31T21:18:47.302+0000] {dagbag.py:588} INFO - Filling up the DagBag from /home/airflow/.local/lib/python3.12/site-packages/airflow/example_dags/tutorial_dag.py
[2025-12-31T21:18:47.313+0000] {processor.py:925} INFO - DAG(s) 'tutorial_dag' retrieved from /home/airflow/.local/lib/python3.12/site-packages/airflow/example_dags/tutorial_dag.py
[2025-12-31T21:18:47.336+0000] {logging_mixin.py:190} INFO - [2025-12-31T21:18:47.335+0000] {dag.py:3239} INFO - Sync 1 DAGs
[2025-12-31T21:18:47.357+0000] {logging_mixin.py:190} INFO - [2025-12-31T21:18:47.357+0000] {dag.py:4180} INFO - Setting next_dagrun for tutorial_dag to None, run_after=None
[2025-12-31T21:18:47.392+0000] {processor.py:208} INFO - Processing /home/airflow/.local/lib/python3.12/site-packages/airflow/example_dags/tutorial_dag.py took 0.100 seconds
[2025-12-31T21:19:17.601+0000] {processor.py:186} INFO - Started process (PID=986) to work on /home/airflow/.local/lib/python3.12/site-packages/airflow/example_dags/tutorial_dag.py
[2025-12-31T21:19:17.602+0000] {processor.py:914} INFO - Processing file /home/airflow/.local/lib/python3.12/site-packages/airflow/example_dags/tutorial_dag.py for tasks to queue
[2025-12-31T21:19:17.605+0000] {logging_mixin.py:190} INFO - [2025-12-31T21:19:17.604+0000] {dagbag.py:588} INFO - Filling up the DagBag from /home/airflow/.local/lib/python3.12/site-packages/airflow/example_dags/tutorial_dag.py
[2025-12-31T21:19:17.614+0000] {processor.py:925} INFO - DAG(s) 'tutorial_dag' retrieved from /home/airflow/.local/lib/python3.12/site-packages/airflow/example_dags/tutorial_dag.py
[2025-12-31T21:19:17.636+0000] {logging_mixin.py:190} INFO - [2025-12-31T21:19:17.635+0000] {dag.py:3239} INFO - Sync 1 DAGs
[2025-12-31T21:19:17.653+0000] {logging_mixin.py:190} INFO - [2025-12-31T21:19:17.653+0000] {dag.py:4180} INFO - Setting next_dagrun for tutorial_dag to None, run_after=None
[2025-12-31T21:19:17.680+0000] {processor.py:208} INFO - Processing /home/airflow/.local/lib/python3.12/site-packages/airflow/example_dags/tutorial_dag.py took 0.084 seconds
[2025-12-31T21:19:47.832+0000] {processor.py:186} INFO - Started process (PID=1049) to work on /home/airflow/.local/lib/python3.12/site-packages/airflow/example_dags/tutorial_dag.py
[2025-12-31T21:19:47.833+0000] {processor.py:914} INFO - Processing file /home/airflow/.local/lib/python3.12/site-packages/airflow/example_dags/tutorial_dag.py for tasks to queue
[2025-12-31T21:19:47.836+0000] {logging_mixin.py:190} INFO - [2025-12-31T21:19:47.836+0000] {dagbag.py:588} INFO - Filling up the DagBag from /home/airflow/.local/lib/python3.12/site-packages/airflow/example_dags/tutorial_dag.py
[2025-12-31T21:19:47.848+0000] {processor.py:925} INFO - DAG(s) 'tutorial_dag' retrieved from /home/airflow/.local/lib/python3.12/site-packages/airflow/example_dags/tutorial_dag.py
[2025-12-31T21:19:47.878+0000] {logging_mixin.py:190} INFO - [2025-12-31T21:19:47.877+0000] {dag.py:3239} INFO - Sync 1 DAGs
[2025-12-31T21:19:47.907+0000] {logging_mixin.py:190} INFO - [2025-12-31T21:19:47.906+0000] {dag.py:4180} INFO - Setting next_dagrun for tutorial_dag to None, run_after=None
[2025-12-31T21:19:47.933+0000] {processor.py:208} INFO - Processing /home/airflow/.local/lib/python3.12/site-packages/airflow/example_dags/tutorial_dag.py took 0.111 seconds
[2025-12-31T21:20:18.843+0000] {processor.py:186} INFO - Started process (PID=1118) to work on /home/airflow/.local/lib/python3.12/site-packages/airflow/example_dags/tutorial_dag.py
[2025-12-31T21:20:18.846+0000] {processor.py:914} INFO - Processing file /home/airflow/.local/lib/python3.12/site-packages/airflow/example_dags/tutorial_dag.py for tasks to queue
[2025-12-31T21:20:18.851+0000] {logging_mixin.py:190} INFO - [2025-12-31T21:20:18.850+0000] {dagbag.py:588} INFO - Filling up the DagBag from /home/airflow/.local/lib/python3.12/site-packages/airflow/example_dags/tutorial_dag.py
[2025-12-31T21:20:18.863+0000] {processor.py:925} INFO - DAG(s) 'tutorial_dag' retrieved from /home/airflow/.local/lib/python3.12/site-packages/airflow/example_dags/tutorial_dag.py
[2025-12-31T21:20:18.894+0000] {logging_mixin.py:190} INFO - [2025-12-31T21:20:18.894+0000] {dag.py:3239} INFO - Sync 1 DAGs
[2025-12-31T21:20:18.918+0000] {logging_mixin.py:190} INFO - [2025-12-31T21:20:18.917+0000] {dag.py:4180} INFO - Setting next_dagrun for tutorial_dag to None, run_after=None
[2025-12-31T21:20:18.947+0000] {processor.py:208} INFO - Processing /home/airflow/.local/lib/python3.12/site-packages/airflow/example_dags/tutorial_dag.py took 0.112 seconds
[2025-12-31T21:20:49.416+0000] {processor.py:186} INFO - Started process (PID=1181) to work on /home/airflow/.local/lib/python3.12/site-packages/airflow/example_dags/tutorial_dag.py
[2025-12-31T21:20:49.418+0000] {processor.py:914} INFO - Processing file /home/airflow/.local/lib/python3.12/site-packages/airflow/example_dags/tutorial_dag.py for tasks to queue
[2025-12-31T21:20:49.421+0000] {logging_mixin.py:190} INFO - [2025-12-31T21:20:49.420+0000] {dagbag.py:588} INFO - Filling up the DagBag from /home/airflow/.local/lib/python3.12/site-packages/airflow/example_dags/tutorial_dag.py
[2025-12-31T21:20:49.431+0000] {processor.py:925} INFO - DAG(s) 'tutorial_dag' retrieved from /home/airflow/.local/lib/python3.12/site-packages/airflow/example_dags/tutorial_dag.py
[2025-12-31T21:20:49.454+0000] {logging_mixin.py:190} INFO - [2025-12-31T21:20:49.454+0000] {dag.py:3239} INFO - Sync 1 DAGs
[2025-12-31T21:20:49.472+0000] {logging_mixin.py:190} INFO - [2025-12-31T21:20:49.471+0000] {dag.py:4180} INFO - Setting next_dagrun for tutorial_dag to None, run_after=None
[2025-12-31T21:20:49.495+0000] {processor.py:208} INFO - Processing /home/airflow/.local/lib/python3.12/site-packages/airflow/example_dags/tutorial_dag.py took 0.087 seconds
[2025-12-31T21:21:19.930+0000] {processor.py:186} INFO - Started process (PID=1245) to work on /home/airflow/.local/lib/python3.12/site-packages/airflow/example_dags/tutorial_dag.py
[2025-12-31T21:21:19.931+0000] {processor.py:914} INFO - Processing file /home/airflow/.local/lib/python3.12/site-packages/airflow/example_dags/tutorial_dag.py for tasks to queue
[2025-12-31T21:21:19.934+0000] {logging_mixin.py:190} INFO - [2025-12-31T21:21:19.934+0000] {dagbag.py:588} INFO - Filling up the DagBag from /home/airflow/.local/lib/python3.12/site-packages/airflow/example_dags/tutorial_dag.py
[2025-12-31T21:21:19.944+0000] {processor.py:925} INFO - DAG(s) 'tutorial_dag' retrieved from /home/airflow/.local/lib/python3.12/site-packages/airflow/example_dags/tutorial_dag.py
[2025-12-31T21:21:19.967+0000] {logging_mixin.py:190} INFO - [2025-12-31T21:21:19.966+0000] {dag.py:3239} INFO - Sync 1 DAGs
[2025-12-31T21:21:19.984+0000] {logging_mixin.py:190} INFO - [2025-12-31T21:21:19.984+0000] {dag.py:4180} INFO - Setting next_dagrun for tutorial_dag to None, run_after=None
[2025-12-31T21:21:20.011+0000] {processor.py:208} INFO - Processing /home/airflow/.local/lib/python3.12/site-packages/airflow/example_dags/tutorial_dag.py took 0.089 seconds
